
> reckley@1.4.5 test:run
> vitest run


 RUN  v3.2.4 /Users/stevegreen/PROJECT_WEALTHTRACKER

 ✓ src/services/financialPlanningService.test.ts (39 tests) 43ms
 ✓ src/store/slices/recurringTransactionsSlice.test.ts (34 tests) 20ms
 ✓ src/services/themeSchedulingService.test.ts (40 tests | 2 skipped) 42ms
 ✓ src/contexts/TransactionContext.test.tsx (41 tests) 51ms
 ✓ src/contexts/NotificationContext.test.tsx (33 tests | 1 skipped) 40ms
 ✓ src/services/offlineService.test.ts (32 tests) 122ms
 ✓ src/components/widgets/CashFlowWidget.test.tsx (27 tests) 78ms
 ✓ src/components/ValidationTransactionModal.test.tsx (53 tests) 155ms
 ✓ src/components/OFXImportModal.test.tsx (35 tests) 271ms
 ✓ src/components/QIFImportModal.test.tsx (38 tests) 316ms
 ✓ src/services/searchService.test.ts (64 tests) 25ms
 ✓ src/services/cashFlowForecastService.test.ts (22 tests) 13ms
 ✓ src/services/stockPriceService.test.ts (36 tests) 15ms
 ✓ src/services/smartCategorizationService.test.ts (23 tests) 7ms
 ❯ src/components/ReconciliationModal.test.tsx (51 tests | 51 failed) 85ms
   × ReconciliationModal > Rendering > renders nothing when closed 17ms
     → usePreferences must be used within PreferencesProvider
   × ReconciliationModal > Rendering > renders modal when open 2ms
     → usePreferences must be used within PreferencesProvider
   × ReconciliationModal > Rendering > renders match review title when match provided 3ms
     → usePreferences must be used within PreferencesProvider
   × ReconciliationModal > Rendering > renders manual reconciliation title when no match 2ms
     → usePreferences must be used within PreferencesProvider
   × ReconciliationModal > Match Review Mode > displays matched transactions 3ms
     → usePreferences must be used within PreferencesProvider
   × ReconciliationModal > Match Review Mode > displays confidence score 1ms
     → usePreferences must be used within PreferencesProvider
   × ReconciliationModal > Match Review Mode > displays exact match message 1ms
     → usePreferences must be used within PreferencesProvider
   × ReconciliationModal > Match Review Mode > displays fuzzy match message 1ms
     → usePreferences must be used within PreferencesProvider
   × ReconciliationModal > Match Review Mode > displays amount-only match message 2ms
     → usePreferences must be used within PreferencesProvider
   × ReconciliationModal > Match Review Mode > enables reconcile button with match 1ms
     → usePreferences must be used within PreferencesProvider
   × ReconciliationModal > Match Review Mode > does not show manual selection section 4ms
     → usePreferences must be used within PreferencesProvider
   × ReconciliationModal > Manual Reconciliation Mode > shows manual selection section 1ms
     → usePreferences must be used within PreferencesProvider
   × ReconciliationModal > Manual Reconciliation Mode > displays search input 1ms
     → usePreferences must be used within PreferencesProvider
   × ReconciliationModal > Manual Reconciliation Mode > displays account filter 1ms
     → usePreferences must be used within PreferencesProvider
   × ReconciliationModal > Manual Reconciliation Mode > filters transactions by search term 1ms
     → usePreferences must be used within PreferencesProvider
   × ReconciliationModal > Manual Reconciliation Mode > filters transactions by account 1ms
     → usePreferences must be used within PreferencesProvider
   × ReconciliationModal > Manual Reconciliation Mode > shows opposite type transactions only 1ms
     → usePreferences must be used within PreferencesProvider
   × ReconciliationModal > Manual Reconciliation Mode > excludes already reconciled transactions 1ms
     → usePreferences must be used within PreferencesProvider
   × ReconciliationModal > Manual Reconciliation Mode > excludes the current transaction 1ms
     → usePreferences must be used within PreferencesProvider
   × ReconciliationModal > Manual Reconciliation Mode > shows no transactions message when filtered list is empty 1ms
     → usePreferences must be used within PreferencesProvider
   × ReconciliationModal > Transaction Selection > selects transaction when clicked 1ms
     → usePreferences must be used within PreferencesProvider
   × ReconciliationModal > Transaction Selection > selects transaction when radio button clicked 1ms
     → usePreferences must be used within PreferencesProvider
   × ReconciliationModal > Transaction Selection > updates selected transaction in target section 1ms
     → usePreferences must be used within PreferencesProvider
   × ReconciliationModal > Transaction Selection > enables reconcile button when transaction selected 7ms
     → usePreferences must be used within PreferencesProvider
   × ReconciliationModal > Transaction Details Display > displays source transaction details 1ms
     → usePreferences must be used within PreferencesProvider
   × ReconciliationModal > Transaction Details Display > displays expense amounts with minus sign 4ms
     → usePreferences must be used within PreferencesProvider
   × ReconciliationModal > Transaction Details Display > displays income amounts with plus sign 2ms
     → usePreferences must be used within PreferencesProvider
   × ReconciliationModal > Transaction Details Display > shows placeholder when no target selected 1ms
     → usePreferences must be used within PreferencesProvider
   × ReconciliationModal > Transaction Details Display > formats dates correctly 1ms
     → usePreferences must be used within PreferencesProvider
   × ReconciliationModal > Transaction Details Display > formats currency correctly 1ms
     → usePreferences must be used within PreferencesProvider
   × ReconciliationModal > Transaction Details Display > handles unknown account gracefully 1ms
     → usePreferences must be used within PreferencesProvider
   × ReconciliationModal > Notes Section > renders notes textarea 1ms
     → usePreferences must be used within PreferencesProvider
   × ReconciliationModal > Notes Section > updates notes value 1ms
     → usePreferences must be used within PreferencesProvider
   × ReconciliationModal > Reconciliation Functionality > reconciles matched transactions 1ms
     → usePreferences must be used within PreferencesProvider
   × ReconciliationModal > Reconciliation Functionality > reconciles manually selected transactions 1ms
     → usePreferences must be used within PreferencesProvider
   × ReconciliationModal > Reconciliation Functionality > reconciles with empty notes 1ms
     → usePreferences must be used within PreferencesProvider
   × ReconciliationModal > Reconciliation Functionality > calls onClose after successful reconciliation 1ms
     → usePreferences must be used within PreferencesProvider
   × ReconciliationModal > User Actions > calls onClose when X button clicked 1ms
     → usePreferences must be used within PreferencesProvider
   × ReconciliationModal > User Actions > calls onClose when Cancel button clicked 5ms
     → usePreferences must be used within PreferencesProvider
   × ReconciliationModal > User Actions > disables reconcile button when no selection 1ms
     → usePreferences must be used within PreferencesProvider
   × ReconciliationModal > User Actions > shows proper button styling when enabled 1ms
     → usePreferences must be used within PreferencesProvider
   × ReconciliationModal > Edge Cases > handles empty transactions array 1ms
     → usePreferences must be used within PreferencesProvider
   × ReconciliationModal > Edge Cases > handles empty accounts array 1ms
     → usePreferences must be used within PreferencesProvider
   × ReconciliationModal > Edge Cases > handles pre-selected transaction from match 1ms
     → usePreferences must be used within PreferencesProvider
   × ReconciliationModal > Edge Cases > handles invalid date objects 1ms
     → usePreferences must be used within PreferencesProvider
   × ReconciliationModal > Edge Cases > handles very long descriptions 1ms
     → usePreferences must be used within PreferencesProvider
   × ReconciliationModal > Edge Cases > handles zero amount transactions 1ms
     → usePreferences must be used within PreferencesProvider
   × ReconciliationModal > Edge Cases > handles negative amounts correctly 1ms
     → usePreferences must be used within PreferencesProvider
   × ReconciliationModal > Match Types > handles undefined match type 1ms
     → usePreferences must be used within PreferencesProvider
   × ReconciliationModal > Match Types > displays confidence percentage correctly 1ms
     → usePreferences must be used within PreferencesProvider
   × ReconciliationModal > Match Types > handles low confidence scores 1ms
     → usePreferences must be used within PreferencesProvider
 ✓ src/components/DashboardModal.test.tsx (36 tests) 105ms
 ✓ src/components/widgets/UpcomingBillsWidget.test.tsx (23 tests) 83ms
 ✓ src/components/common/AccessibleTable.test.tsx (31 tests) 292ms
 ✓ src/components/MnyMappingModal.test.tsx (42 tests) 483ms
 ✓ src/components/widgets/BudgetSummaryWidget.test.tsx (26 tests) 95ms
 ❯ src/components/BudgetModal.test.tsx (64 tests | 7 failed) 609ms
   ✓ BudgetModal > basic rendering > renders when open for new budget 29ms
   ✓ BudgetModal > basic rendering > renders when open for editing budget 5ms
   ✓ BudgetModal > basic rendering > does not render when closed 1ms
   ✓ BudgetModal > basic rendering > displays modal structure correctly 11ms
   ✓ BudgetModal > basic rendering > has proper modal ARIA attributes 28ms
   ✓ BudgetModal > basic rendering > includes close button in header 6ms
   ✓ BudgetModal > form structure > displays all required form fields 6ms
   ✓ BudgetModal > form structure > has proper form structure 4ms
   ✓ BudgetModal > form structure > applies proper body styling 4ms
   ✓ BudgetModal > form structure > displays form labels correctly 7ms
   ✓ BudgetModal > form structure > applies correct input styling 10ms
   ✓ BudgetModal > category selection > displays category dropdown 6ms
   ✓ BudgetModal > category selection > includes default option 3ms
   × BudgetModal > category selection > displays available categories with hierarchy 13ms
     → Unable to find an element with the text: Daily Expenses > Food. This could be because the text is broken up by multiple elements. In this case, you can provide a function for your text matcher to make your matcher more flexible.

Ignored nodes: comments, script, style
[36m<body>[39m
  [36m<div>[39m
    [36m<div[39m
      [33maria-label[39m=[32m"Add Budget"[39m
      [33mdata-testid[39m=[32m"modal"[39m
      [33mrole[39m=[32m"dialog"[39m
    [36m>[39m
      [36m<div[39m
        [33mdata-testid[39m=[32m"modal-title"[39m
      [36m>[39m
        [0mAdd Budget[0m
      [36m</div>[39m
      [36m<button[39m
        [33mdata-testid[39m=[32m"modal-close"[39m
      [36m>[39m
        [0m×[0m
      [36m</button>[39m
      [36m<form>[39m
        [36m<div[39m
          [33mclass[39m=[32m"space-y-4"[39m
          [33mdata-testid[39m=[32m"modal-body"[39m
        [36m>[39m
          [36m<div>[39m
            [36m<label[39m
              [33mclass[39m=[32m"block text-sm font-medium text-gray-700 dark:text-gray-300 mb-1"[39m
            [36m>[39m
              [0mCategory[0m
            [36m</label>[39m
            [36m<select[39m
              [33mclass[39m=[32m"w-full px-3 py-2 bg-white/70 dark:bg-gray-800/70 backdrop-blur-sm border border-gray-300/50 dark:border-gray-600/50 rounded-xl focus:outline-none focus:ring-2 focus:ring-primary focus:border-transparent dark:text-white"[39m
              [33mrequired[39m=[32m""[39m
            [36m>[39m
              [36m<option[39m
                [33mvalue[39m=[32m""[39m
              [36m>[39m
                [0mSelect category[0m
              [36m</option>[39m
              [36m<option[39m
                [33mvalue[39m=[32m"Rent"[39m
              [36m>[39m
                [0mHousing &gt; Rent[0m
              [36m</option>[39m
              [36m<option[39m
                [33mvalue[39m=[32m"Mortgage"[39m
              [36m>[39m
                [0mHousing &gt; Mortgage[0m
              [36m</option>[39m
              [36m<option[39m
                [33mvalue[39m=[32m"Property Tax"[39m
              [36m>[39m
                [0mHousing &gt; Property Tax[0m
              [36m</option>[39m
              [36m<option[39m
                [33mvalue[39m=[32m"Home Maintenance"[39m
              [36m>[39m
                [0mHousing &gt; Home Maintenance[0m
              [36m</option>[39m
              [36m<option[39m
                [33mvalue[39m=[32m"Home Insurance"[39m
              [36m>[39m
                [0mInsurance &gt; Home Insurance[0m
              [36m</option>[39m
              [36m<option[39m
                [33mvalue[39m=[32m"Fuel"[39m
              [36m>[39m
                [0mTransport &gt; Fuel[0m
              [36m</option>[39m
              [36m<option[39m
                [33mvalue[39m=[32m"Public Transport"[39m
              [36m>[39m
                [0mTransport &gt; Public Transport[0m
              [36m</option>[39m
              [36m<option[39m
                [33mvalue[39m=[32m"Car Maintenance"[39m
              [36m>[39m
                [0mTransport &gt; Car Maintenance[0m
              [36m</option>[39m
              [36m<option[39m
                [33mvalue[39m=[32m"Car Insurance"[39m
              [36m>[39m
                [0mInsurance &gt; Car Insurance[0m
              [36m</option>[39m
              [36m<option[39m
                [33mvalue[39m=[32m"Parking"[39m
              [36m>[39m
                [0mTransport &gt; Parking[0m
              [36m</option>[39m
              [36m<option[39m
                [33mvalue[39m=[32m"Tolls"[39m
              [36m>[39m
                [0mTransport &gt; Tolls[0m
              [36m</option>[39m
              [36m<option[39m
                [33mvalue[39m=[32m"Groceries"[39m
              [36m>[39m
                [0mFood & Dining &gt; Groceries[0m
              [36m</option>[39m
              [36m<option[39m
                [33mvalue[39m=[32m"Restaurants"[39m
              [36m>[39m
                [0mFood & Dining &gt; Restaurants[0m
              [36m</option>[39m
              [36m<option[39m
                [33mvalue[39m=[32m"Takeout/Delivery"[39m
              [36m>[39m
                [0mFood & Dining &gt; Takeout/Delivery[0m
              [36m</option>[39m
              [36m<option[39m
                [33mvalue[39m=[32m"Coffee Shops"[39m
              [36m>[39m
                [0mFood & Dining &gt; Coffee Shops[0m
              [36m</option>[39m
              [36m<option[39m
                [33mvalue[39m=[32m"Electricity"[39m
              [36m>[39m
                [0mUtilities &gt; Electricity[0m
              [36m</option>[39m
              [36m<option[39m
                [33mvalue[39m=[32m"Water"[39m
              [36m>[39m
                [0mUtilities &gt; Water[0m
              [36m</option>[39m
              [36m<option[39m
                [33mvalue[39m=[32m"Gas"[39m
              [36m>[39m
                [0mUtilities &gt; Gas[0m
              [36m</option>[39m
              [36m<option[39m
                [33mvalue[39m=[32m"Internet"[39m
              [36m>[39m
                [0mUtilities &gt; Internet[0m
              [36m</option>[39m
              [36m<option[39m
                [33mvalue[39m=[32m"Phone"[39m
              [36m>[39m
                [0mUtilities &gt; Phone[0m
              [36m</option>[39m
              [36m<option[39m
                [33mvalue[39m=[32m"TV/Streaming"[39m
              [36m>[39m
                [0mUtilities &gt; TV/Streaming[0m
              [36m</option>[39m
              [36m<option[39m
                [33mvalue[39m=[32m"Health Insurance"[39m
              [36m>[39m
                [0mInsurance &gt; Health Insurance[0m
              [36m</option>[39m
              [36m<option[39m
                [33mvalue[39m=[32m"Doctor Visits"[39m
              [36m>[39m
                [0mHealthcare &gt; Doctor Visits[0m
              [36m</option>[39m
              [36m<option[39m
                [33mvalue[39m=[32m"Dental Care"[39m
              [36m>[39m
                [0mHealthcare &gt; Dental Care[0m
              [36m</option>[39m
              [36m<option[39m
                [33mvalue[39m=[32m"Pharmacy"[39m
              [36m>[39m
                [0mHealthcare &gt; Pharmacy[0m
              [36m</option>[39m
              [36m<option[39m
                [33mvalue[39m=[32m"Vision Care"[39m
              [36m>[39m
                [0mHealthcare &gt; Vision Care[0m
              [36m</option>[39m
              [36m<option[39m
                [33mvalue[39m=[32m"Movies & Shows"[39m
              [36m>[39m
                [0mEntertainment &gt; Movies & Shows[0m
              [36m</option>[39m
              [36m<option[39m
                [33mvalue[39m=[32m"Concerts & Events"[39m
              [36m>[39m
                [0mEntertainment &gt; Concerts & Events[0m
              [36m</option>[39m
              [36m<option[39m
                [33mvalue[39m=[32m"Sports & Recreation"[39m
              [36m>[39m
                [0mEntertainment &gt; Sports & Recreation[0m
              [36m</option>[39m
              [36m<option[39m
                [33mvalue[39m=[32m"Hobbies"[39m
              [36m>[39m
                [0mEntertainment &gt; Hobbies[0m
              [36m</option>[39m
              [36m<option[39m
                [33mvalue[39m=[32m"Subscriptions"[39m
              [36m>[39m
                [0mEntertainment &gt; Subscriptions[0m
              [36m</option>[39m
              [36m<option[39m
                [33mvalue[39m=[32m"Clothing"[39m
              [36m>[39m
                [0mShopping &gt; Clothing[0m
              [36m</option>[39m
              [36m<option[39m
                [33mvalue[39m=[32m"Electronics"[39m
              [36m>[39m
                [0mShopping &gt; Electronics[0m
              [36m</option>[39m
              [36m<option[39m
                [33mvalue[39m=[32m"Household Items"[39m
              [36m>[39m
                [0mShopping &gt; Household Items[0m
              [36m</option>[39m
              [36m<option[39m
                [33mvalue[39m=[32m"Gifts"[39m
              [36m>[39m
                [0mShopping &gt; Gifts[0m
              [36m</option>[39m
              [36m<option[39m
                [33mvalue[39m=[32m"Account Adjustments"[39m
              [36m>[39m
                [0mAdjustments &gt; Account Adjustments[0m
              [36m</option>[39m
              [36m<option[39m
                [33mvalue[39m=[32m"Transfer In"[39m
              [36m>[39m
                [0mTransfer In[0m
              [36m</option>[39m
              [36m<option[39m
                [33mvalue[39m=[32m"Transfer Out"[39m
              [36m>[39m
                [0mTransfer Out[0m
              [36m</option>[39m
            [36m</select>[39m
          [36m</div>[39m
          [36m<div>[39m
            [36m<label[39m
              [33mclass[39m=[32m"block text-sm font-medium text-gray-700 dark:text-gray-300 mb-1"[39m
            [36m>[39m
              [0mAmount[0m
            [36m</label>[39m
            [36m<input[39m
              [33mclass[39m=[32m"w-full px-3 py-2 bg-white/70 dark:bg-gray-800/70 backdrop-blur-sm border border-gray-300/50 dark:border-gray-600/50 rounded-xl focus:outline-none focus:ring-2 focus:ring-primary focus:border-transparent dark:text-white"[39m
              [33mplaceholder[39m=[32m"0.00"[39m
              [33mrequired[39m=[32m""[39m
              [33mstep[39m=[32m"0.01"[39m
              [33mtype[39m=[32m"number"[39m
              [33mvalue[39m=[32m""[39m
            [36m/>[39m
          [36m</div>[39m
          [36m<div>[39m
            [36m<label[39m
              [33mclass[39m=[32m"block text-sm font-medium text-gray-700 dark:text-gray-300 mb-1"[39m
            [36m>[39m
              [0mPeriod[0m
            [36m</label>[39m
            [36m<select[39m
              [33mclass[39m=[32m"w-full px-3 py-2 bg-white/70 dark:bg-gray-800/70 backdrop-blur-sm border border-gray-300/50 dark:border-gray-600/50 rounded-xl focus:outline-none focus:ring-2 focus:ring-primary focus:border-transparent dark:text-white"[39m
            [36m>[39m
              [36m<option[39m
                [33mvalue[39m=[32m"monthly"[39m
              [36m>[39m
                [0mMonthly[0m
              [36m</option>[39m
              [36m<option[39m
                [33mvalue[39m=[32m"yearly"[39m
              [36m>[39m
                [0mYearly[0m
              [36m</option>[39m
            [36m</select>[39m
          [36m</div>[39m
          [36m<div[39m
            [33mclass[39m=[32m"flex items-center gap-2"[39m
          [36m>[39m
            [36m<input[39m
              [33mchecked[39m=[32m""[39m
              [33mclass[39m=[32m"rounded border-gray-300 dark:border-gray-600"[39m
              [33mid[39m=[32m"isActive"[39m
              [33mtype[39m=[32m"checkbox"[39m
            [36m/>[39m
            [36m<label[39m
              [33mclass[39m=[32m"text-sm text-gray-700 dark:text-gray-300"[39m
              [33mfor[39m=[32m"isActive"[39m
            [36m>[39m
              [0mBudget is active[0m
            [36m</label>[39m
          [36m</div>[39m
        [36m</div>[39m
        [36m<div[39m
          [33mdata-testid[39m=[32m"modal-footer"[39m
        [36m>[39m
          [36m<div[39m
            [33mclass[39m=[32m"flex gap-3 w-full"[39m
          [36m>[39m
            [36m<button[39m
              [33mclass[39m=[32m"flex-1 px-4 py-2 border border-gray-300 dark:border-gray-600 text-gray-700 dark:text-gray-300 rounded-lg hover:bg-gray-50 dark:hover:bg-gray-700"[39m
              [33mtype[39m=[32m"button"[39m
            [36m>[39m
              [0mCancel[0m
            [36m</button>[39m
            [36m<button[39m
              [33mclass[39m=[32m"flex-1 px-4 py-2 bg-primary text-white rounded-lg hover:bg-secondary"[39m
              [33mtype[39m=[32m"submit"[39m
            [36m>[39m
              [0mAdd Budget[0m
            [36m</button>[39m
          [36m</div>[39m
        [36m</div>[39m
      [36m</form>[39m
    [36m</div>[39m
  [36m</div>[39m
[36m</body>[39m
   ✓ BudgetModal > category selection > marks category as required 6ms
   ✓ BudgetModal > category selection > filters categories to only show expense detail categories 13ms
   × BudgetModal > category selection > allows category selection 15ms
     → Value "Food" not found in options

Ignored nodes: comments, script, style
[36m<select[39m
  [33mclass[39m=[32m"w-full px-3 py-2 bg-white/70 dark:bg-gray-800/70 backdrop-blur-sm border border-gray-300/50 dark:border-gray-600/50 rounded-xl focus:outline-none focus:ring-2 focus:ring-primary focus:border-transparent dark:text-white"[39m
  [33mrequired[39m=[32m""[39m
[36m>[39m
  [36m<option[39m
    [33mvalue[39m=[32m""[39m
  [36m>[39m
    [0mSelect category[0m
  [36m</option>[39m
  [36m<option[39m
    [33mvalue[39m=[32m"Rent"[39m
  [36m>[39m
    [0mHousing &gt; Rent[0m
  [36m</option>[39m
  [36m<option[39m
    [33mvalue[39m=[32m"Mortgage"[39m
  [36m>[39m
    [0mHousing &gt; Mortgage[0m
  [36m</option>[39m
  [36m<option[39m
    [33mvalue[39m=[32m"Property Tax"[39m
  [36m>[39m
    [0mHousing &gt; Property Tax[0m
  [36m</option>[39m
  [36m<option[39m
    [33mvalue[39m=[32m"Home Maintenance"[39m
  [36m>[39m
    [0mHousing &gt; Home Maintenance[0m
  [36m</option>[39m
  [36m<option[39m
    [33mvalue[39m=[32m"Home Insurance"[39m
  [36m>[39m
    [0mInsurance &gt; Home Insurance[0m
  [36m</option>[39m
  [36m<option[39m
    [33mvalue[39m=[32m"Fuel"[39m
  [36m>[39m
    [0mTransport &gt; Fuel[0m
  [36m</option>[39m
  [36m<option[39m
    [33mvalue[39m=[32m"Public Transport"[39m
  [36m>[39m
    [0mTransport &gt; Public Transport[0m
  [36m</option>[39m
  [36m<option[39m
    [33mvalue[39m=[32m"Car Maintenance"[39m
  [36m>[39m
    [0mTransport &gt; Car Maintenance[0m
  [36m</option>[39m
  [36m<option[39m
    [33mvalue[39m=[32m"Car Insurance"[39m
  [36m>[39m
    [0mInsurance &gt; Car Insurance[0m
  [36m</option>[39m
  [36m<option[39m
    [33mvalue[39m=[32m"Parking"[39m
  [36m>[39m
    [0mTransport &gt; Parking[0m
  [36m</option>[39m
  [36m<option[39m
    [33mvalue[39m=[32m"Tolls"[39m
  [36m>[39m
    [0mTransport &gt; Tolls[0m
  [36m</option>[39m
  [36m<option[39m
    [33mvalue[39m=[32m"Groceries"[39m
  [36m>[39m
    [0mFood & Dining &gt; Groceries[0m
  [36m</option>[39m
  [36m<option[39m
    [33mvalue[39m=[32m"Restaurants"[39m
  [36m>[39m
    [0mFood & Dining &gt; Restaurants[0m
  [36m</option>[39m
  [36m<option[39m
    [33mvalue[39m=[32m"Takeout/Delivery"[39m
  [36m>[39m
    [0mFood & Dining &gt; Takeout/Delivery[0m
  [36m</option>[39m
  [36m<option[39m
    [33mvalue[39m=[32m"Coffee Shops"[39m
  [36m>[39m
    [0mFood & Dining &gt; Coffee Shops[0m
  [36m</option>[39m
  [36m<option[39m
    [33mvalue[39m=[32m"Electricity"[39m
  [36m>[39m
    [0mUtilities &gt; Electricity[0m
  [36m</option>[39m
  [36m<option[39m
    [33mvalue[39m=[32m"Water"[39m
  [36m>[39m
    [0mUtilities &gt; Water[0m
  [36m</option>[39m
  [36m<option[39m
    [33mvalue[39m=[32m"Gas"[39m
  [36m>[39m
    [0mUtilities &gt; Gas[0m
  [36m</option>[39m
  [36m<option[39m
    [33mvalue[39m=[32m"Internet"[39m
  [36m>[39m
    [0mUtilities &gt; Internet[0m
  [36m</option>[39m
  [36m<option[39m
    [33mvalue[39m=[32m"Phone"[39m
  [36m>[39m
    [0mUtilities &gt; Phone[0m
  [36m</option>[39m
  [36m<option[39m
    [33mvalue[39m=[32m"TV/Streaming"[39m
  [36m>[39m
    [0mUtilities &gt; TV/Streaming[0m
  [36m</option>[39m
  [36m<option[39m
    [33mvalue[39m=[32m"Health Insurance"[39m
  [36m>[39m
    [0mInsurance &gt; Health Insurance[0m
  [36m</option>[39m
  [36m<option[39m
    [33mvalue[39m=[32m"Doctor Visits"[39m
  [36m>[39m
    [0mHealthcare &gt; Doctor Visits[0m
  [36m</option>[39m
  [36m<option[39m
    [33mvalue[39m=[32m"Dental Care"[39m
  [36m>[39m
    [0mHealthcare &gt; Dental Care[0m
  [36m</option>[39m
  [36m<option[39m
    [33mvalue[39m=[32m"Pharmacy"[39m
  [36m>[39m
    [0mHealthcare &gt; Pharmacy[0m
  [36m</option>[39m
  [36m<option[39m
    [33mvalue[39m=[32m"Vision Care"[39m
  [36m>[39m
    [0mHealthcare &gt; Vision Care[0m
  [36m</option>[39m
  [36m<option[39m
    [33mvalue[39m=[32m"Movies & Shows"[39m
  [36m>[39m
    [0mEntertainment &gt; Movies & Shows[0m
  [36m</option>[39m
  [36m<option[39m
    [33mvalue[39m=[32m"Concerts & Events"[39m
  [36m>[39m
    [0mEntertainment &gt; Concerts & Events[0m
  [36m</option>[39m
  [36m<option[39m
    [33mvalue[39m=[32m"Sports & Recreation"[39m
  [36m>[39m
    [0mEntertainment &gt; Sports & Recreation[0m
  [36m</option>[39m
  [36m<option[39m
    [33mvalue[39m=[32m"Hobbies"[39m
  [36m>[39m
    [0mEntertainment &gt; Hobbies[0m
  [36m</option>[39m
  [36m<option[39m
    [33mvalue[39m=[32m"Subscriptions"[39m
  [36m>[39m
    [0mEntertainment &gt; Subscriptions[0m
  [36m</option>[39m
  [36m<option[39m
    [33mvalue[39m=[32m"Clothing"[39m
  [36m>[39m
    [0mShopping &gt; Clothing[0m
  [36m</option>[39m
  [36m<option[39m
    [33mvalue[39m=[32m"Electronics"[39m
  [36m>[39m
    [0mShopping &gt; Electronics[0m
  [36m</option>[39m
  [36m<option[39m
    [33mvalue[39m=[32m"Household Items"[39m
  [36m>[39m
    [0mShopping &gt; Household Items[0m
  [36m</option>[39m
  [36m<option[39m
    [33mvalue[39m=[32m"Gifts"[39m
  [36m>[39m
    [0mShopping &gt; Gifts[0m
  [36m</option>[39m
  [36m<option[39m
    [33mvalue[39m=[32m"Account Adjustments"[39m
  [36m>[39m
    [0mAdjustments &gt; Account Adjustments[0m
  [36m</option>[39m
  [36m<option[39m
    [33mvalue[39m=[32m"Transfer In"[39m
  [36m>[39m
    [0mTransfer In[0m
  [36m</option>[39m
  [36m<option[39m
    [33mvalue[39m=[32m"Transfer Out"[39m
  [36m>[39m
    [0mTransfer Out[0m
  [36m</option>[39m
[36m</select>[39m
   ✓ BudgetModal > amount field > displays amount input 5ms
   ✓ BudgetModal > amount field > marks amount as required 6ms
   ✓ BudgetModal > amount field > sets proper input type and attributes 4ms
   ✓ BudgetModal > amount field > handles amount input changes 40ms
   ✓ BudgetModal > amount field > accepts decimal values 36ms
   ✓ BudgetModal > period selection > displays period dropdown 5ms
   ✓ BudgetModal > period selection > includes period options 5ms
   ✓ BudgetModal > period selection > defaults to monthly 5ms
   ✓ BudgetModal > period selection > allows period selection 20ms
   ✓ BudgetModal > active status > displays active checkbox 6ms
   ✓ BudgetModal > active status > has proper label association 5ms
   ✓ BudgetModal > active status > defaults to active (checked) 4ms
   ✓ BudgetModal > active status > allows toggling active status 13ms
   ✓ BudgetModal > active status > applies proper checkbox styling 4ms
   ✓ BudgetModal > form submission > displays submit button with correct text for new budget 7ms
   ✓ BudgetModal > form submission > displays submit button with correct text for editing 7ms
   ✓ BudgetModal > form submission > displays cancel button 6ms
   ✓ BudgetModal > form submission > handles form submission 18ms
   ✓ BudgetModal > form submission > handles cancel action 12ms
   ✓ BudgetModal > form submission > submits form on Enter key 5ms
   ✓ BudgetModal > editing existing budget > pre-populates form with budget data 3ms
   ✓ BudgetModal > editing existing budget > handles budget prop changes 4ms
   ✓ BudgetModal > editing existing budget > handles switching from edit to create mode 3ms
   ✓ BudgetModal > user interactions > calls onClose when close button clicked 10ms
   ✓ BudgetModal > user interactions > handles multiple close button clicks 20ms
   ✓ BudgetModal > user interactions > supports keyboard navigation 6ms
   × BudgetModal > user interactions > handles complex form interactions 10ms
     → Value "Food" not found in options

Ignored nodes: comments, script, style
[36m<select[39m
  [33mclass[39m=[32m"w-full px-3 py-2 bg-white/70 dark:bg-gray-800/70 backdrop-blur-sm border border-gray-300/50 dark:border-gray-600/50 rounded-xl focus:outline-none focus:ring-2 focus:ring-primary focus:border-transparent dark:text-white"[39m
  [33mrequired[39m=[32m""[39m
[36m>[39m
  [36m<option[39m
    [33mvalue[39m=[32m""[39m
  [36m>[39m
    [0mSelect category[0m
  [36m</option>[39m
  [36m<option[39m
    [33mvalue[39m=[32m"Rent"[39m
  [36m>[39m
    [0mHousing &gt; Rent[0m
  [36m</option>[39m
  [36m<option[39m
    [33mvalue[39m=[32m"Mortgage"[39m
  [36m>[39m
    [0mHousing &gt; Mortgage[0m
  [36m</option>[39m
  [36m<option[39m
    [33mvalue[39m=[32m"Property Tax"[39m
  [36m>[39m
    [0mHousing &gt; Property Tax[0m
  [36m</option>[39m
  [36m<option[39m
    [33mvalue[39m=[32m"Home Maintenance"[39m
  [36m>[39m
    [0mHousing &gt; Home Maintenance[0m
  [36m</option>[39m
  [36m<option[39m
    [33mvalue[39m=[32m"Home Insurance"[39m
  [36m>[39m
    [0mInsurance &gt; Home Insurance[0m
  [36m</option>[39m
  [36m<option[39m
    [33mvalue[39m=[32m"Fuel"[39m
  [36m>[39m
    [0mTransport &gt; Fuel[0m
  [36m</option>[39m
  [36m<option[39m
    [33mvalue[39m=[32m"Public Transport"[39m
  [36m>[39m
    [0mTransport &gt; Public Transport[0m
  [36m</option>[39m
  [36m<option[39m
    [33mvalue[39m=[32m"Car Maintenance"[39m
  [36m>[39m
    [0mTransport &gt; Car Maintenance[0m
  [36m</option>[39m
  [36m<option[39m
    [33mvalue[39m=[32m"Car Insurance"[39m
  [36m>[39m
    [0mInsurance &gt; Car Insurance[0m
  [36m</option>[39m
  [36m<option[39m
    [33mvalue[39m=[32m"Parking"[39m
  [36m>[39m
    [0mTransport &gt; Parking[0m
  [36m</option>[39m
  [36m<option[39m
    [33mvalue[39m=[32m"Tolls"[39m
  [36m>[39m
    [0mTransport &gt; Tolls[0m
  [36m</option>[39m
  [36m<option[39m
    [33mvalue[39m=[32m"Groceries"[39m
  [36m>[39m
    [0mFood & Dining &gt; Groceries[0m
  [36m</option>[39m
  [36m<option[39m
    [33mvalue[39m=[32m"Restaurants"[39m
  [36m>[39m
    [0mFood & Dining &gt; Restaurants[0m
  [36m</option>[39m
  [36m<option[39m
    [33mvalue[39m=[32m"Takeout/Delivery"[39m
  [36m>[39m
    [0mFood & Dining &gt; Takeout/Delivery[0m
  [36m</option>[39m
  [36m<option[39m
    [33mvalue[39m=[32m"Coffee Shops"[39m
  [36m>[39m
    [0mFood & Dining &gt; Coffee Shops[0m
  [36m</option>[39m
  [36m<option[39m
    [33mvalue[39m=[32m"Electricity"[39m
  [36m>[39m
    [0mUtilities &gt; Electricity[0m
  [36m</option>[39m
  [36m<option[39m
    [33mvalue[39m=[32m"Water"[39m
  [36m>[39m
    [0mUtilities &gt; Water[0m
  [36m</option>[39m
  [36m<option[39m
    [33mvalue[39m=[32m"Gas"[39m
  [36m>[39m
    [0mUtilities &gt; Gas[0m
  [36m</option>[39m
  [36m<option[39m
    [33mvalue[39m=[32m"Internet"[39m
  [36m>[39m
    [0mUtilities &gt; Internet[0m
  [36m</option>[39m
  [36m<option[39m
    [33mvalue[39m=[32m"Phone"[39m
  [36m>[39m
    [0mUtilities &gt; Phone[0m
  [36m</option>[39m
  [36m<option[39m
    [33mvalue[39m=[32m"TV/Streaming"[39m
  [36m>[39m
    [0mUtilities &gt; TV/Streaming[0m
  [36m</option>[39m
  [36m<option[39m
    [33mvalue[39m=[32m"Health Insurance"[39m
  [36m>[39m
    [0mInsurance &gt; Health Insurance[0m
  [36m</option>[39m
  [36m<option[39m
    [33mvalue[39m=[32m"Doctor Visits"[39m
  [36m>[39m
    [0mHealthcare &gt; Doctor Visits[0m
  [36m</option>[39m
  [36m<option[39m
    [33mvalue[39m=[32m"Dental Care"[39m
  [36m>[39m
    [0mHealthcare &gt; Dental Care[0m
  [36m</option>[39m
  [36m<option[39m
    [33mvalue[39m=[32m"Pharmacy"[39m
  [36m>[39m
    [0mHealthcare &gt; Pharmacy[0m
  [36m</option>[39m
  [36m<option[39m
    [33mvalue[39m=[32m"Vision Care"[39m
  [36m>[39m
    [0mHealthcare &gt; Vision Care[0m
  [36m</option>[39m
  [36m<option[39m
    [33mvalue[39m=[32m"Movies & Shows"[39m
  [36m>[39m
    [0mEntertainment &gt; Movies & Shows[0m
  [36m</option>[39m
  [36m<option[39m
    [33mvalue[39m=[32m"Concerts & Events"[39m
  [36m>[39m
    [0mEntertainment &gt; Concerts & Events[0m
  [36m</option>[39m
  [36m<option[39m
    [33mvalue[39m=[32m"Sports & Recreation"[39m
  [36m>[39m
    [0mEntertainment &gt; Sports & Recreation[0m
  [36m</option>[39m
  [36m<option[39m
    [33mvalue[39m=[32m"Hobbies"[39m
  [36m>[39m
    [0mEntertainment &gt; Hobbies[0m
  [36m</option>[39m
  [36m<option[39m
    [33mvalue[39m=[32m"Subscriptions"[39m
  [36m>[39m
    [0mEntertainment &gt; Subscriptions[0m
  [36m</option>[39m
  [36m<option[39m
    [33mvalue[39m=[32m"Clothing"[39m
  [36m>[39m
    [0mShopping &gt; Clothing[0m
  [36m</option>[39m
  [36m<option[39m
    [33mvalue[39m=[32m"Electronics"[39m
  [36m>[39m
    [0mShopping &gt; Electronics[0m
  [36m</option>[39m
  [36m<option[39m
    [33mvalue[39m=[32m"Household Items"[39m
  [36m>[39m
    [0mShopping &gt; Household Items[0m
  [36m</option>[39m
  [36m<option[39m
    [33mvalue[39m=[32m"Gifts"[39m
  [36m>[39m
    [0mShopping &gt; Gifts[0m
  [36m</option>[39m
  [36m<option[39m
    [33mvalue[39m=[32m"Account Adjustments"[39m
  [36m>[39m
    [0mAdjustments &gt; Account Adjustments[0m
  [36m</option>[39m
  [36m<option[39m
    [33mvalue[39m=[32m"Transfer In"[39m
  [36m>[39m
    [0mTransfer In[0m
  [36m</option>[39m
  [36m<option[39m
    [33mvalue[39m=[32m"Transfer Out"[39m
  [36m>[39m
    [0mTransfer Out[0m
  [36m</option>[39m
[36m</select>[39m
   ✓ BudgetModal > styling and layout > applies proper button styling 6ms
   ✓ BudgetModal > styling and layout > has proper button layout 6ms
   ✓ BudgetModal > styling and layout > applies consistent label styling 3ms
   ✓ BudgetModal > styling and layout > has proper checkbox layout 3ms
   ✓ BudgetModal > accessibility > has proper form control associations 6ms
   ✓ BudgetModal > accessibility > supports keyboard navigation 4ms
   ✓ BudgetModal > accessibility > has proper button roles 6ms
   ✓ BudgetModal > accessibility > has proper modal dialog role 3ms
   ✓ BudgetModal > accessibility > has proper label associations 2ms
   ✓ BudgetModal > edge cases > handles modal state changes 2ms
   ✓ BudgetModal > edge cases > handles empty category list gracefully 2ms
   ✓ BudgetModal > edge cases > handles very large amounts 32ms
   ✓ BudgetModal > edge cases > handles zero amounts 19ms
   ✓ BudgetModal > edge cases > handles budget with undefined values 2ms
   × BudgetModal > real-world scenarios > handles creating a monthly food budget 6ms
     → Value "Food" not found in options

Ignored nodes: comments, script, style
[36m<select[39m
  [33mclass[39m=[32m"w-full px-3 py-2 bg-white/70 dark:bg-gray-800/70 backdrop-blur-sm border border-gray-300/50 dark:border-gray-600/50 rounded-xl focus:outline-none focus:ring-2 focus:ring-primary focus:border-transparent dark:text-white"[39m
  [33mrequired[39m=[32m""[39m
[36m>[39m
  [36m<option[39m
    [33mvalue[39m=[32m""[39m
  [36m>[39m
    [0mSelect category[0m
  [36m</option>[39m
  [36m<option[39m
    [33mvalue[39m=[32m"Rent"[39m
  [36m>[39m
    [0mHousing &gt; Rent[0m
  [36m</option>[39m
  [36m<option[39m
    [33mvalue[39m=[32m"Mortgage"[39m
  [36m>[39m
    [0mHousing &gt; Mortgage[0m
  [36m</option>[39m
  [36m<option[39m
    [33mvalue[39m=[32m"Property Tax"[39m
  [36m>[39m
    [0mHousing &gt; Property Tax[0m
  [36m</option>[39m
  [36m<option[39m
    [33mvalue[39m=[32m"Home Maintenance"[39m
  [36m>[39m
    [0mHousing &gt; Home Maintenance[0m
  [36m</option>[39m
  [36m<option[39m
    [33mvalue[39m=[32m"Home Insurance"[39m
  [36m>[39m
    [0mInsurance &gt; Home Insurance[0m
  [36m</option>[39m
  [36m<option[39m
    [33mvalue[39m=[32m"Fuel"[39m
  [36m>[39m
    [0mTransport &gt; Fuel[0m
  [36m</option>[39m
  [36m<option[39m
    [33mvalue[39m=[32m"Public Transport"[39m
  [36m>[39m
    [0mTransport &gt; Public Transport[0m
  [36m</option>[39m
  [36m<option[39m
    [33mvalue[39m=[32m"Car Maintenance"[39m
  [36m>[39m
    [0mTransport &gt; Car Maintenance[0m
  [36m</option>[39m
  [36m<option[39m
    [33mvalue[39m=[32m"Car Insurance"[39m
  [36m>[39m
    [0mInsurance &gt; Car Insurance[0m
  [36m</option>[39m
  [36m<option[39m
    [33mvalue[39m=[32m"Parking"[39m
  [36m>[39m
    [0mTransport &gt; Parking[0m
  [36m</option>[39m
  [36m<option[39m
    [33mvalue[39m=[32m"Tolls"[39m
  [36m>[39m
    [0mTransport &gt; Tolls[0m
  [36m</option>[39m
  [36m<option[39m
    [33mvalue[39m=[32m"Groceries"[39m
  [36m>[39m
    [0mFood & Dining &gt; Groceries[0m
  [36m</option>[39m
  [36m<option[39m
    [33mvalue[39m=[32m"Restaurants"[39m
  [36m>[39m
    [0mFood & Dining &gt; Restaurants[0m
  [36m</option>[39m
  [36m<option[39m
    [33mvalue[39m=[32m"Takeout/Delivery"[39m
  [36m>[39m
    [0mFood & Dining &gt; Takeout/Delivery[0m
  [36m</option>[39m
  [36m<option[39m
    [33mvalue[39m=[32m"Coffee Shops"[39m
  [36m>[39m
    [0mFood & Dining &gt; Coffee Shops[0m
  [36m</option>[39m
  [36m<option[39m
    [33mvalue[39m=[32m"Electricity"[39m
  [36m>[39m
    [0mUtilities &gt; Electricity[0m
  [36m</option>[39m
  [36m<option[39m
    [33mvalue[39m=[32m"Water"[39m
  [36m>[39m
    [0mUtilities &gt; Water[0m
  [36m</option>[39m
  [36m<option[39m
    [33mvalue[39m=[32m"Gas"[39m
  [36m>[39m
    [0mUtilities &gt; Gas[0m
  [36m</option>[39m
  [36m<option[39m
    [33mvalue[39m=[32m"Internet"[39m
  [36m>[39m
    [0mUtilities &gt; Internet[0m
  [36m</option>[39m
  [36m<option[39m
    [33mvalue[39m=[32m"Phone"[39m
  [36m>[39m
    [0mUtilities &gt; Phone[0m
  [36m</option>[39m
  [36m<option[39m
    [33mvalue[39m=[32m"TV/Streaming"[39m
  [36m>[39m
    [0mUtilities &gt; TV/Streaming[0m
  [36m</option>[39m
  [36m<option[39m
    [33mvalue[39m=[32m"Health Insurance"[39m
  [36m>[39m
    [0mInsurance &gt; Health Insurance[0m
  [36m</option>[39m
  [36m<option[39m
    [33mvalue[39m=[32m"Doctor Visits"[39m
  [36m>[39m
    [0mHealthcare &gt; Doctor Visits[0m
  [36m</option>[39m
  [36m<option[39m
    [33mvalue[39m=[32m"Dental Care"[39m
  [36m>[39m
    [0mHealthcare &gt; Dental Care[0m
  [36m</option>[39m
  [36m<option[39m
    [33mvalue[39m=[32m"Pharmacy"[39m
  [36m>[39m
    [0mHealthcare &gt; Pharmacy[0m
  [36m</option>[39m
  [36m<option[39m
    [33mvalue[39m=[32m"Vision Care"[39m
  [36m>[39m
    [0mHealthcare &gt; Vision Care[0m
  [36m</option>[39m
  [36m<option[39m
    [33mvalue[39m=[32m"Movies & Shows"[39m
  [36m>[39m
    [0mEntertainment &gt; Movies & Shows[0m
  [36m</option>[39m
  [36m<option[39m
    [33mvalue[39m=[32m"Concerts & Events"[39m
  [36m>[39m
    [0mEntertainment &gt; Concerts & Events[0m
  [36m</option>[39m
  [36m<option[39m
    [33mvalue[39m=[32m"Sports & Recreation"[39m
  [36m>[39m
    [0mEntertainment &gt; Sports & Recreation[0m
  [36m</option>[39m
  [36m<option[39m
    [33mvalue[39m=[32m"Hobbies"[39m
  [36m>[39m
    [0mEntertainment &gt; Hobbies[0m
  [36m</option>[39m
  [36m<option[39m
    [33mvalue[39m=[32m"Subscriptions"[39m
  [36m>[39m
    [0mEntertainment &gt; Subscriptions[0m
  [36m</option>[39m
  [36m<option[39m
    [33mvalue[39m=[32m"Clothing"[39m
  [36m>[39m
    [0mShopping &gt; Clothing[0m
  [36m</option>[39m
  [36m<option[39m
    [33mvalue[39m=[32m"Electronics"[39m
  [36m>[39m
    [0mShopping &gt; Electronics[0m
  [36m</option>[39m
  [36m<option[39m
    [33mvalue[39m=[32m"Household Items"[39m
  [36m>[39m
    [0mShopping &gt; Household Items[0m
  [36m</option>[39m
  [36m<option[39m
    [33mvalue[39m=[32m"Gifts"[39m
  [36m>[39m
    [0mShopping &gt; Gifts[0m
  [36m</option>[39m
  [36m<option[39m
    [33mvalue[39m=[32m"Account Adjustments"[39m
  [36m>[39m
    [0mAdjustments &gt; Account Adjustments[0m
  [36m</option>[39m
  [36m<option[39m
    [33mvalue[39m=[32m"Transfer In"[39m
  [36m>[39m
    [0mTransfer In[0m
  [36m</option>[39m
  [36m<option[39m
    [33mvalue[39m=[32m"Transfer Out"[39m
  [36m>[39m
    [0mTransfer Out[0m
  [36m</option>[39m
[36m</select>[39m
   × BudgetModal > real-world scenarios > handles creating a yearly transportation budget 6ms
     → Value "Transportation" not found in options

Ignored nodes: comments, script, style
[36m<select[39m
  [33mclass[39m=[32m"w-full px-3 py-2 bg-white/70 dark:bg-gray-800/70 backdrop-blur-sm border border-gray-300/50 dark:border-gray-600/50 rounded-xl focus:outline-none focus:ring-2 focus:ring-primary focus:border-transparent dark:text-white"[39m
  [33mrequired[39m=[32m""[39m
[36m>[39m
  [36m<option[39m
    [33mvalue[39m=[32m""[39m
  [36m>[39m
    [0mSelect category[0m
  [36m</option>[39m
  [36m<option[39m
    [33mvalue[39m=[32m"Rent"[39m
  [36m>[39m
    [0mHousing &gt; Rent[0m
  [36m</option>[39m
  [36m<option[39m
    [33mvalue[39m=[32m"Mortgage"[39m
  [36m>[39m
    [0mHousing &gt; Mortgage[0m
  [36m</option>[39m
  [36m<option[39m
    [33mvalue[39m=[32m"Property Tax"[39m
  [36m>[39m
    [0mHousing &gt; Property Tax[0m
  [36m</option>[39m
  [36m<option[39m
    [33mvalue[39m=[32m"Home Maintenance"[39m
  [36m>[39m
    [0mHousing &gt; Home Maintenance[0m
  [36m</option>[39m
  [36m<option[39m
    [33mvalue[39m=[32m"Home Insurance"[39m
  [36m>[39m
    [0mInsurance &gt; Home Insurance[0m
  [36m</option>[39m
  [36m<option[39m
    [33mvalue[39m=[32m"Fuel"[39m
  [36m>[39m
    [0mTransport &gt; Fuel[0m
  [36m</option>[39m
  [36m<option[39m
    [33mvalue[39m=[32m"Public Transport"[39m
  [36m>[39m
    [0mTransport &gt; Public Transport[0m
  [36m</option>[39m
  [36m<option[39m
    [33mvalue[39m=[32m"Car Maintenance"[39m
  [36m>[39m
    [0mTransport &gt; Car Maintenance[0m
  [36m</option>[39m
  [36m<option[39m
    [33mvalue[39m=[32m"Car Insurance"[39m
  [36m>[39m
    [0mInsurance &gt; Car Insurance[0m
  [36m</option>[39m
  [36m<option[39m
    [33mvalue[39m=[32m"Parking"[39m
  [36m>[39m
    [0mTransport &gt; Parking[0m
  [36m</option>[39m
  [36m<option[39m
    [33mvalue[39m=[32m"Tolls"[39m
  [36m>[39m
    [0mTransport &gt; Tolls[0m
  [36m</option>[39m
  [36m<option[39m
    [33mvalue[39m=[32m"Groceries"[39m
  [36m>[39m
    [0mFood & Dining &gt; Groceries[0m
  [36m</option>[39m
  [36m<option[39m
    [33mvalue[39m=[32m"Restaurants"[39m
  [36m>[39m
    [0mFood & Dining &gt; Restaurants[0m
  [36m</option>[39m
  [36m<option[39m
    [33mvalue[39m=[32m"Takeout/Delivery"[39m
  [36m>[39m
    [0mFood & Dining &gt; Takeout/Delivery[0m
  [36m</option>[39m
  [36m<option[39m
    [33mvalue[39m=[32m"Coffee Shops"[39m
  [36m>[39m
    [0mFood & Dining &gt; Coffee Shops[0m
  [36m</option>[39m
  [36m<option[39m
    [33mvalue[39m=[32m"Electricity"[39m
  [36m>[39m
    [0mUtilities &gt; Electricity[0m
  [36m</option>[39m
  [36m<option[39m
    [33mvalue[39m=[32m"Water"[39m
  [36m>[39m
    [0mUtilities &gt; Water[0m
  [36m</option>[39m
  [36m<option[39m
    [33mvalue[39m=[32m"Gas"[39m
  [36m>[39m
    [0mUtilities &gt; Gas[0m
  [36m</option>[39m
  [36m<option[39m
    [33mvalue[39m=[32m"Internet"[39m
  [36m>[39m
    [0mUtilities &gt; Internet[0m
  [36m</option>[39m
  [36m<option[39m
    [33mvalue[39m=[32m"Phone"[39m
  [36m>[39m
    [0mUtilities &gt; Phone[0m
  [36m</option>[39m
  [36m<option[39m
    [33mvalue[39m=[32m"TV/Streaming"[39m
  [36m>[39m
    [0mUtilities &gt; TV/Streaming[0m
  [36m</option>[39m
  [36m<option[39m
    [33mvalue[39m=[32m"Health Insurance"[39m
  [36m>[39m
    [0mInsurance &gt; Health Insurance[0m
  [36m</option>[39m
  [36m<option[39m
    [33mvalue[39m=[32m"Doctor Visits"[39m
  [36m>[39m
    [0mHealthcare &gt; Doctor Visits[0m
  [36m</option>[39m
  [36m<option[39m
    [33mvalue[39m=[32m"Dental Care"[39m
  [36m>[39m
    [0mHealthcare &gt; Dental Care[0m
  [36m</option>[39m
  [36m<option[39m
    [33mvalue[39m=[32m"Pharmacy"[39m
  [36m>[39m
    [0mHealthcare &gt; Pharmacy[0m
  [36m</option>[39m
  [36m<option[39m
    [33mvalue[39m=[32m"Vision Care"[39m
  [36m>[39m
    [0mHealthcare &gt; Vision Care[0m
  [36m</option>[39m
  [36m<option[39m
    [33mvalue[39m=[32m"Movies & Shows"[39m
  [36m>[39m
    [0mEntertainment &gt; Movies & Shows[0m
  [36m</option>[39m
  [36m<option[39m
    [33mvalue[39m=[32m"Concerts & Events"[39m
  [36m>[39m
    [0mEntertainment &gt; Concerts & Events[0m
  [36m</option>[39m
  [36m<option[39m
    [33mvalue[39m=[32m"Sports & Recreation"[39m
  [36m>[39m
    [0mEntertainment &gt; Sports & Recreation[0m
  [36m</option>[39m
  [36m<option[39m
    [33mvalue[39m=[32m"Hobbies"[39m
  [36m>[39m
    [0mEntertainment &gt; Hobbies[0m
  [36m</option>[39m
  [36m<option[39m
    [33mvalue[39m=[32m"Subscriptions"[39m
  [36m>[39m
    [0mEntertainment &gt; Subscriptions[0m
  [36m</option>[39m
  [36m<option[39m
    [33mvalue[39m=[32m"Clothing"[39m
  [36m>[39m
    [0mShopping &gt; Clothing[0m
  [36m</option>[39m
  [36m<option[39m
    [33mvalue[39m=[32m"Electronics"[39m
  [36m>[39m
    [0mShopping &gt; Electronics[0m
  [36m</option>[39m
  [36m<option[39m
    [33mvalue[39m=[32m"Household Items"[39m
  [36m>[39m
    [0mShopping &gt; Household Items[0m
  [36m</option>[39m
  [36m<option[39m
    [33mvalue[39m=[32m"Gifts"[39m
  [36m>[39m
    [0mShopping &gt; Gifts[0m
  [36m</option>[39m
  [36m<option[39m
    [33mvalue[39m=[32m"Account Adjustments"[39m
  [36m>[39m
    [0mAdjustments &gt; Account Adjustments[0m
  [36m</option>[39m
  [36m<option[39m
    [33mvalue[39m=[32m"Transfer In"[39m
  [36m>[39m
    [0mTransfer In[0m
  [36m</option>[39m
  [36m<option[39m
    [33mvalue[39m=[32m"Transfer Out"[39m
  [36m>[39m
    [0mTransfer Out[0m
  [36m</option>[39m
[36m</select>[39m
   ✓ BudgetModal > real-world scenarios > handles editing an existing budget 36ms
   × BudgetModal > real-world scenarios > handles creating an inactive budget 7ms
     → Value "Entertainment" not found in options

Ignored nodes: comments, script, style
[36m<select[39m
  [33mclass[39m=[32m"w-full px-3 py-2 bg-white/70 dark:bg-gray-800/70 backdrop-blur-sm border border-gray-300/50 dark:border-gray-600/50 rounded-xl focus:outline-none focus:ring-2 focus:ring-primary focus:border-transparent dark:text-white"[39m
  [33mrequired[39m=[32m""[39m
[36m>[39m
  [36m<option[39m
    [33mvalue[39m=[32m""[39m
  [36m>[39m
    [0mSelect category[0m
  [36m</option>[39m
  [36m<option[39m
    [33mvalue[39m=[32m"Rent"[39m
  [36m>[39m
    [0mHousing &gt; Rent[0m
  [36m</option>[39m
  [36m<option[39m
    [33mvalue[39m=[32m"Mortgage"[39m
  [36m>[39m
    [0mHousing &gt; Mortgage[0m
  [36m</option>[39m
  [36m<option[39m
    [33mvalue[39m=[32m"Property Tax"[39m
  [36m>[39m
    [0mHousing &gt; Property Tax[0m
  [36m</option>[39m
  [36m<option[39m
    [33mvalue[39m=[32m"Home Maintenance"[39m
  [36m>[39m
    [0mHousing &gt; Home Maintenance[0m
  [36m</option>[39m
  [36m<option[39m
    [33mvalue[39m=[32m"Home Insurance"[39m
  [36m>[39m
    [0mInsurance &gt; Home Insurance[0m
  [36m</option>[39m
  [36m<option[39m
    [33mvalue[39m=[32m"Fuel"[39m
  [36m>[39m
    [0mTransport &gt; Fuel[0m
  [36m</option>[39m
  [36m<option[39m
    [33mvalue[39m=[32m"Public Transport"[39m
  [36m>[39m
    [0mTransport &gt; Public Transport[0m
  [36m</option>[39m
  [36m<option[39m
    [33mvalue[39m=[32m"Car Maintenance"[39m
  [36m>[39m
    [0mTransport &gt; Car Maintenance[0m
  [36m</option>[39m
  [36m<option[39m
    [33mvalue[39m=[32m"Car Insurance"[39m
  [36m>[39m
    [0mInsurance &gt; Car Insurance[0m
  [36m</option>[39m
  [36m<option[39m
    [33mvalue[39m=[32m"Parking"[39m
  [36m>[39m
    [0mTransport &gt; Parking[0m
  [36m</option>[39m
  [36m<option[39m
    [33mvalue[39m=[32m"Tolls"[39m
  [36m>[39m
    [0mTransport &gt; Tolls[0m
  [36m</option>[39m
  [36m<option[39m
    [33mvalue[39m=[32m"Groceries"[39m
  [36m>[39m
    [0mFood & Dining &gt; Groceries[0m
  [36m</option>[39m
  [36m<option[39m
    [33mvalue[39m=[32m"Restaurants"[39m
  [36m>[39m
    [0mFood & Dining &gt; Restaurants[0m
  [36m</option>[39m
  [36m<option[39m
    [33mvalue[39m=[32m"Takeout/Delivery"[39m
  [36m>[39m
    [0mFood & Dining &gt; Takeout/Delivery[0m
  [36m</option>[39m
  [36m<option[39m
    [33mvalue[39m=[32m"Coffee Shops"[39m
  [36m>[39m
    [0mFood & Dining &gt; Coffee Shops[0m
  [36m</option>[39m
  [36m<option[39m
    [33mvalue[39m=[32m"Electricity"[39m
  [36m>[39m
    [0mUtilities &gt; Electricity[0m
  [36m</option>[39m
  [36m<option[39m
    [33mvalue[39m=[32m"Water"[39m
  [36m>[39m
    [0mUtilities &gt; Water[0m
  [36m</option>[39m
  [36m<option[39m
    [33mvalue[39m=[32m"Gas"[39m
  [36m>[39m
    [0mUtilities &gt; Gas[0m
  [36m</option>[39m
  [36m<option[39m
    [33mvalue[39m=[32m"Internet"[39m
  [36m>[39m
    [0mUtilities &gt; Internet[0m
  [36m</option>[39m
  [36m<option[39m
    [33mvalue[39m=[32m"Phone"[39m
  [36m>[39m
    [0mUtilities &gt; Phone[0m
  [36m</option>[39m
  [36m<option[39m
    [33mvalue[39m=[32m"TV/Streaming"[39m
  [36m>[39m
    [0mUtilities &gt; TV/Streaming[0m
  [36m</option>[39m
  [36m<option[39m
    [33mvalue[39m=[32m"Health Insurance"[39m
  [36m>[39m
    [0mInsurance &gt; Health Insurance[0m
  [36m</option>[39m
  [36m<option[39m
    [33mvalue[39m=[32m"Doctor Visits"[39m
  [36m>[39m
    [0mHealthcare &gt; Doctor Visits[0m
  [36m</option>[39m
  [36m<option[39m
    [33mvalue[39m=[32m"Dental Care"[39m
  [36m>[39m
    [0mHealthcare &gt; Dental Care[0m
  [36m</option>[39m
  [36m<option[39m
    [33mvalue[39m=[32m"Pharmacy"[39m
  [36m>[39m
    [0mHealthcare &gt; Pharmacy[0m
  [36m</option>[39m
  [36m<option[39m
    [33mvalue[39m=[32m"Vision Care"[39m
  [36m>[39m
    [0mHealthcare &gt; Vision Care[0m
  [36m</option>[39m
  [36m<option[39m
    [33mvalue[39m=[32m"Movies & Shows"[39m
  [36m>[39m
    [0mEntertainment &gt; Movies & Shows[0m
  [36m</option>[39m
  [36m<option[39m
    [33mvalue[39m=[32m"Concerts & Events"[39m
  [36m>[39m
    [0mEntertainment &gt; Concerts & Events[0m
  [36m</option>[39m
  [36m<option[39m
    [33mvalue[39m=[32m"Sports & Recreation"[39m
  [36m>[39m
    [0mEntertainment &gt; Sports & Recreation[0m
  [36m</option>[39m
  [36m<option[39m
    [33mvalue[39m=[32m"Hobbies"[39m
  [36m>[39m
    [0mEntertainment &gt; Hobbies[0m
  [36m</option>[39m
  [36m<option[39m
    [33mvalue[39m=[32m"Subscriptions"[39m
  [36m>[39m
    [0mEntertainment &gt; Subscriptions[0m
  [36m</option>[39m
  [36m<option[39m
    [33mvalue[39m=[32m"Clothing"[39m
  [36m>[39m
    [0mShopping &gt; Clothing[0m
  [36m</option>[39m
  [36m<option[39m
    [33mvalue[39m=[32m"Electronics"[39m
  [36m>[39m
    [0mShopping &gt; Electronics[0m
  [36m</option>[39m
  [36m<option[39m
    [33mvalue[39m=[32m"Household Items"[39m
  [36m>[39m
    [0mShopping &gt; Household Items[0m
  [36m</option>[39m
  [36m<option[39m
    [33mvalue[39m=[32m"Gifts"[39m
  [36m>[39m
    [0mShopping &gt; Gifts[0m
  [36m</option>[39m
  [36m<option[39m
    [33mvalue[39m=[32m"Account Adjustments"[39m
  [36m>[39m
    [0mAdjustments &gt; Account Adjustments[0m
  [36m</option>[39m
  [36m<option[39m
    [33mvalue[39m=[32m"Transfer In"[39m
  [36m>[39m
    [0mTransfer In[0m
  [36m</option>[39m
  [36m<option[39m
    [33mvalue[39m=[32m"Transfer Out"[39m
  [36m>[39m
    [0mTransfer Out[0m
  [36m</option>[39m
[36m</select>[39m
   × BudgetModal > real-world scenarios > handles user canceling budget creation 6ms
     → Value "Food" not found in options

Ignored nodes: comments, script, style
[36m<select[39m
  [33mclass[39m=[32m"w-full px-3 py-2 bg-white/70 dark:bg-gray-800/70 backdrop-blur-sm border border-gray-300/50 dark:border-gray-600/50 rounded-xl focus:outline-none focus:ring-2 focus:ring-primary focus:border-transparent dark:text-white"[39m
  [33mrequired[39m=[32m""[39m
[36m>[39m
  [36m<option[39m
    [33mvalue[39m=[32m""[39m
  [36m>[39m
    [0mSelect category[0m
  [36m</option>[39m
  [36m<option[39m
    [33mvalue[39m=[32m"Rent"[39m
  [36m>[39m
    [0mHousing &gt; Rent[0m
  [36m</option>[39m
  [36m<option[39m
    [33mvalue[39m=[32m"Mortgage"[39m
  [36m>[39m
    [0mHousing &gt; Mortgage[0m
  [36m</option>[39m
  [36m<option[39m
    [33mvalue[39m=[32m"Property Tax"[39m
  [36m>[39m
    [0mHousing &gt; Property Tax[0m
  [36m</option>[39m
  [36m<option[39m
    [33mvalue[39m=[32m"Home Maintenance"[39m
  [36m>[39m
    [0mHousing &gt; Home Maintenance[0m
  [36m</option>[39m
  [36m<option[39m
    [33mvalue[39m=[32m"Home Insurance"[39m
  [36m>[39m
    [0mInsurance &gt; Home Insurance[0m
  [36m</option>[39m
  [36m<option[39m
    [33mvalue[39m=[32m"Fuel"[39m
  [36m>[39m
    [0mTransport &gt; Fuel[0m
  [36m</option>[39m
  [36m<option[39m
    [33mvalue[39m=[32m"Public Transport"[39m
  [36m>[39m
    [0mTransport &gt; Public Transport[0m
  [36m</option>[39m
  [36m<option[39m
    [33mvalue[39m=[32m"Car Maintenance"[39m
  [36m>[39m
    [0mTransport &gt; Car Maintenance[0m
  [36m</option>[39m
  [36m<option[39m
    [33mvalue[39m=[32m"Car Insurance"[39m
  [36m>[39m
    [0mInsurance &gt; Car Insurance[0m
  [36m</option>[39m
  [36m<option[39m
    [33mvalue[39m=[32m"Parking"[39m
  [36m>[39m
    [0mTransport &gt; Parking[0m
  [36m</option>[39m
  [36m<option[39m
    [33mvalue[39m=[32m"Tolls"[39m
  [36m>[39m
    [0mTransport &gt; Tolls[0m
  [36m</option>[39m
  [36m<option[39m
    [33mvalue[39m=[32m"Groceries"[39m
  [36m>[39m
    [0mFood & Dining &gt; Groceries[0m
  [36m</option>[39m
  [36m<option[39m
    [33mvalue[39m=[32m"Restaurants"[39m
  [36m>[39m
    [0mFood & Dining &gt; Restaurants[0m
  [36m</option>[39m
  [36m<option[39m
    [33mvalue[39m=[32m"Takeout/Delivery"[39m
  [36m>[39m
    [0mFood & Dining &gt; Takeout/Delivery[0m
  [36m</option>[39m
  [36m<option[39m
    [33mvalue[39m=[32m"Coffee Shops"[39m
  [36m>[39m
    [0mFood & Dining &gt; Coffee Shops[0m
  [36m</option>[39m
  [36m<option[39m
    [33mvalue[39m=[32m"Electricity"[39m
  [36m>[39m
    [0mUtilities &gt; Electricity[0m
  [36m</option>[39m
  [36m<option[39m
    [33mvalue[39m=[32m"Water"[39m
  [36m>[39m
    [0mUtilities &gt; Water[0m
  [36m</option>[39m
  [36m<option[39m
    [33mvalue[39m=[32m"Gas"[39m
  [36m>[39m
    [0mUtilities &gt; Gas[0m
  [36m</option>[39m
  [36m<option[39m
    [33mvalue[39m=[32m"Internet"[39m
  [36m>[39m
    [0mUtilities &gt; Internet[0m
  [36m</option>[39m
  [36m<option[39m
    [33mvalue[39m=[32m"Phone"[39m
  [36m>[39m
    [0mUtilities &gt; Phone[0m
  [36m</option>[39m
  [36m<option[39m
    [33mvalue[39m=[32m"TV/Streaming"[39m
  [36m>[39m
    [0mUtilities &gt; TV/Streaming[0m
  [36m</option>[39m
  [36m<option[39m
    [33mvalue[39m=[32m"Health Insurance"[39m
  [36m>[39m
    [0mInsurance &gt; Health Insurance[0m
  [36m</option>[39m
  [36m<option[39m
    [33mvalue[39m=[32m"Doctor Visits"[39m
  [36m>[39m
    [0mHealthcare &gt; Doctor Visits[0m
  [36m</option>[39m
  [36m<option[39m
    [33mvalue[39m=[32m"Dental Care"[39m
  [36m>[39m
    [0mHealthcare &gt; Dental Care[0m
  [36m</option>[39m
  [36m<option[39m
    [33mvalue[39m=[32m"Pharmacy"[39m
  [36m>[39m
    [0mHealthcare &gt; Pharmacy[0m
  [36m</option>[39m
  [36m<option[39m
    [33mvalue[39m=[32m"Vision Care"[39m
  [36m>[39m
    [0mHealthcare &gt; Vision Care[0m
  [36m</option>[39m
  [36m<option[39m
    [33mvalue[39m=[32m"Movies & Shows"[39m
  [36m>[39m
    [0mEntertainment &gt; Movies & Shows[0m
  [36m</option>[39m
  [36m<option[39m
    [33mvalue[39m=[32m"Concerts & Events"[39m
  [36m>[39m
    [0mEntertainment &gt; Concerts & Events[0m
  [36m</option>[39m
  [36m<option[39m
    [33mvalue[39m=[32m"Sports & Recreation"[39m
  [36m>[39m
    [0mEntertainment &gt; Sports & Recreation[0m
  [36m</option>[39m
  [36m<option[39m
    [33mvalue[39m=[32m"Hobbies"[39m
  [36m>[39m
    [0mEntertainment &gt; Hobbies[0m
  [36m</option>[39m
  [36m<option[39m
    [33mvalue[39m=[32m"Subscriptions"[39m
  [36m>[39m
    [0mEntertainment &gt; Subscriptions[0m
  [36m</option>[39m
  [36m<option[39m
    [33mvalue[39m=[32m"Clothing"[39m
  [36m>[39m
    [0mShopping &gt; Clothing[0m
  [36m</option>[39m
  [36m<option[39m
    [33mvalue[39m=[32m"Electronics"[39m
  [36m>[39m
    [0mShopping &gt; Electronics[0m
  [36m</option>[39m
  [36m<option[39m
    [33mvalue[39m=[32m"Household Items"[39m
  [36m>[39m
    [0mShopping &gt; Household Items[0m
  [36m</option>[39m
  [36m<option[39m
    [33mvalue[39m=[32m"Gifts"[39m
  [36m>[39m
    [0mShopping &gt; Gifts[0m
  [36m</option>[39m
  [36m<option[39m
    [33mvalue[39m=[32m"Account Adjustments"[39m
  [36m>[39m
    [0mAdjustments &gt; Account Adjustments[0m
  [36m</option>[39m
  [36m<option[39m
    [33mvalue[39m=[32m"Transfer In"[39m
  [36m>[39m
    [0mTransfer In[0m
  [36m</option>[39m
  [36m<option[39m
    [33mvalue[39m=[32m"Transfer Out"[39m
  [36m>[39m
    [0mTransfer Out[0m
  [36m</option>[39m
[36m</select>[39m
   ✓ BudgetModal > real-world scenarios > handles form validation errors gracefully 12ms
 ❯ src/components/GoalModal.test.tsx (77 tests | 4 failed) 1591ms
   ✓ GoalModal > basic rendering > renders when open for new goal 22ms
   ✓ GoalModal > basic rendering > renders when open for editing goal 7ms
   ✓ GoalModal > basic rendering > does not render when closed 1ms
   ✓ GoalModal > basic rendering > displays modal structure correctly 4ms
   ✓ GoalModal > basic rendering > has proper modal ARIA attributes 23ms
   ✓ GoalModal > basic rendering > includes close button in header 4ms
   ✓ GoalModal > form structure > displays all required form fields 12ms
   ✓ GoalModal > form structure > has proper form structure 4ms
   ✓ GoalModal > form structure > applies proper body styling 4ms
   ✓ GoalModal > form structure > displays form labels correctly 5ms
   ✓ GoalModal > form structure > applies correct input styling 4ms
   ✓ GoalModal > goal name field > displays goal name input 3ms
   ✓ GoalModal > goal name field > marks goal name as required 3ms
   ✓ GoalModal > goal name field > sets proper input type 3ms
   ✓ GoalModal > goal name field > handles name input changes 50ms
   ✓ GoalModal > goal type selection > displays goal type dropdown 8ms
   ✓ GoalModal > goal type selection > includes all goal type options 4ms
   ✓ GoalModal > goal type selection > defaults to savings goal 7ms
   ✓ GoalModal > goal type selection > allows goal type selection 15ms
   ✓ GoalModal > amount fields > displays current amount input 3ms
   ✓ GoalModal > amount fields > displays target amount input 2ms
   ✓ GoalModal > amount fields > marks amount fields as required 5ms
   ✓ GoalModal > amount fields > sets proper input attributes for amounts 8ms
   ✓ GoalModal > amount fields > handles amount input changes 49ms
   ✓ GoalModal > amount fields > displays amounts in grid layout 4ms
   ✓ GoalModal > target date field > displays target date input 3ms
   ✓ GoalModal > target date field > marks target date as required 2ms
   ✓ GoalModal > target date field > sets proper input type for date 6ms
   ✓ GoalModal > target date field > handles date input changes 29ms
   ✓ GoalModal > description field > displays description textarea 2ms
   ✓ GoalModal > description field > description is optional (no required attribute) 2ms
   ✓ GoalModal > description field > sets proper textarea attributes 2ms
   ✓ GoalModal > description field > handles description input changes 71ms
   ✓ GoalModal > linked accounts section > displays linked accounts section 3ms
   × GoalModal > linked accounts section > displays all available accounts as checkboxes 9ms
     → Unable to find an element with the text: Checking Account (checking). This could be because the text is broken up by multiple elements. In this case, you can provide a function for your text matcher to make your matcher more flexible.

Ignored nodes: comments, script, style
[36m<body>[39m
  [36m<div>[39m
    [36m<div[39m
      [33maria-label[39m=[32m"Create New Goal"[39m
      [33mdata-testid[39m=[32m"modal"[39m
      [33mrole[39m=[32m"dialog"[39m
    [36m>[39m
      [36m<div[39m
        [33mdata-testid[39m=[32m"modal-title"[39m
      [36m>[39m
        [0mCreate New Goal[0m
      [36m</div>[39m
      [36m<button[39m
        [33mdata-testid[39m=[32m"modal-close"[39m
      [36m>[39m
        [0m×[0m
      [36m</button>[39m
      [36m<form>[39m
        [36m<div[39m
          [33mclass[39m=[32m"space-y-4"[39m
          [33mdata-testid[39m=[32m"modal-body"[39m
        [36m>[39m
          [36m<div>[39m
            [36m<label[39m
              [33mclass[39m=[32m"block text-sm font-medium text-gray-700 dark:text-gray-300 mb-1"[39m
            [36m>[39m
              [0mGoal Name[0m
            [36m</label>[39m
            [36m<input[39m
              [33mclass[39m=[32m"w-full px-3 py-2 bg-white/70 dark:bg-gray-800/70 backdrop-blur-sm border border-gray-300/50 dark:border-gray-600/50 rounded-xl focus:outline-none focus:ring-2 focus:ring-primary focus:border-transparent dark:text-white"[39m
              [33mplaceholder[39m=[32m"e.g., Emergency Fund"[39m
              [33mrequired[39m=[32m""[39m
              [33mtype[39m=[32m"text"[39m
              [33mvalue[39m=[32m""[39m
            [36m/>[39m
          [36m</div>[39m
          [36m<div>[39m
            [36m<label[39m
              [33mclass[39m=[32m"block text-sm font-medium text-gray-700 dark:text-gray-300 mb-1"[39m
            [36m>[39m
              [0mGoal Type[0m
            [36m</label>[39m
            [36m<select[39m
              [33mclass[39m=[32m"w-full px-3 py-2 bg-white/70 dark:bg-gray-800/70 backdrop-blur-sm border border-gray-300/50 dark:border-gray-600/50 rounded-xl focus:outline-none focus:ring-2 focus:ring-primary focus:border-transparent dark:text-white"[39m
            [36m>[39m
              [36m<option[39m
                [33mvalue[39m=[32m"savings"[39m
              [36m>[39m
                [0mSavings Goal[0m
              [36m</option>[39m
              [36m<option[39m
                [33mvalue[39m=[32m"debt-payoff"[39m
              [36m>[39m
                [0mDebt Payoff[0m
              [36m</option>[39m
              [36m<option[39m
                [33mvalue[39m=[32m"investment"[39m
              [36m>[39m
                [0mInvestment Target[0m
              [36m</option>[39m
              [36m<option[39m
                [33mvalue[39m=[32m"custom"[39m
              [36m>[39m
                [0mCustom Goal[0m
              [36m</option>[39m
            [36m</select>[39m
          [36m</div>[39m
          [36m<div[39m
            [33mclass[39m=[32m"grid grid-cols-2 gap-4"[39m
          [36m>[39m
            [36m<div>[39m
              [36m<label[39m
                [33mclass[39m=[32m"block text-sm font-medium text-gray-700 dark:text-gray-300 mb-1"[39m
              [36m>[39m
                [0mCurrent Amount (£)[0m
              [36m</label>[39m
              [36m<input[39m
                [33mclass[39m=[32m"w-full px-3 py-2 bg-white/70 dark:bg-gray-800/70 backdrop-blur-sm border border-gray-300/50 dark:border-gray-600/50 rounded-xl focus:outline-none focus:ring-2 focus:ring-primary focus:border-transparent dark:text-white"[39m
                [33mplaceholder[39m=[32m"0.00"[39m
                [33mrequired[39m=[32m""[39m
                [33mstep[39m=[32m"0.01"[39m
                [33mtype[39m=[32m"number"[39m
                [33mvalue[39m=[32m""[39m
              [36m/>[39m
            [36m</div>[39m
            [36m<div>[39m
              [36m<label[39m
                [33mclass[39m=[32m"block text-sm font-medium text-gray-700 dark:text-gray-300 mb-1"[39m
              [36m>[39m
                [0mTarget Amount (£)[0m
              [36m</label>[39m
              [36m<input[39m
                [33mclass[39m=[32m"w-full px-3 py-2 bg-white/70 dark:bg-gray-800/70 backdrop-blur-sm border border-gray-300/50 dark:border-gray-600/50 rounded-xl focus:outline-none focus:ring-2 focus:ring-primary focus:border-transparent dark:text-white"[39m
                [33mplaceholder[39m=[32m"0.00"[39m
                [33mrequired[39m=[32m""[39m
                [33mstep[39m=[32m"0.01"[39m
                [33mtype[39m=[32m"number"[39m
                [33mvalue[39m=[32m""[39m
              [36m/>[39m
            [36m</div>[39m
          [36m</div>[39m
          [36m<div>[39m
            [36m<label[39m
              [33mclass[39m=[32m"block text-sm font-medium text-gray-700 dark:text-gray-300 mb-1"[39m
            [36m>[39m
              [0mTarget Date[0m
            [36m</label>[39m
            [36m<input[39m
              [33mclass[39m=[32m"w-full px-3 py-2 bg-white/70 dark:bg-gray-800/70 backdrop-blur-sm border border-gray-300/50 dark:border-gray-600/50 rounded-xl focus:outline-none focus:ring-2 focus:ring-primary focus:border-transparent dark:text-white"[39m
              [33mrequired[39m=[32m""[39m
              [33mtype[39m=[32m"date"[39m
              [33mvalue[39m=[32m""[39m
            [36m/>[39m
          [36m</div>[39m
          [36m<div>[39m
            [36m<label[39m
              [33mclass[39m=[32m"block text-sm font-medium text-gray-700 dark:text-gray-300 mb-1"[39m
            [36m>[39m
              [0mDescription (Optional)[0m
            [36m</label>[39m
            [36m<textarea[39m
              [33mclass[39m=[32m"w-full px-3 py-2 bg-white/70 dark:bg-gray-800/70 backdrop-blur-sm border border-gray-300/50 dark:border-gray-600/50 rounded-xl focus:outline-none focus:ring-2 focus:ring-primary focus:border-transparent dark:text-white"[39m
              [33mplaceholder[39m=[32m"What is this goal for?"[39m
              [33mrows[39m=[32m"3"[39m
            [36m/>[39m
          [36m</div>[39m
          [36m<div>[39m
            [36m<label[39m
              [33mclass[39m=[32m"block text-sm font-medium text-gray-700 dark:text-gray-300 mb-1"[39m
            [36m>[39m
              [0mLink to Accounts (Optional)[0m
            [36m</label>[39m
            [36m<div[39m
              [33mclass[39m=[32m"space-y-2 max-h-32 overflow-y-auto"[39m
            [36m>[39m
              [36m<label[39m
                [33mclass[39m=[32m"flex items-center"[39m
              [36m>[39m
                [36m<input[39m
                  [33mclass[39m=[32m"mr-2 h-4 w-4 text-blue-600 focus:ring-blue-500 border-gray-300 rounded"[39m
                  [33mtype[39m=[32m"checkbox"[39m
                [36m/>[39m
                [36m<span[39m
                  [33mclass[39m=[32m"text-sm text-gray-700 dark:text-gray-300"[39m
                [36m>[39m
                  [0mNatwest Current Account[0m
                  [0m ([0m
                  [0mcurrent[0m
                  [0m)[0m
                [36m</span>[39m
              [36m</label>[39m
              [36m<label[39m
                [33mclass[39m=[32m"flex items-center"[39m
              [36m>[39m
                [36m<input[39m
                  [33mclass[39m=[32m"mr-2 h-4 w-4 text-blue-600 focus:ring-blue-500 border-gray-300 rounded"[39m
                  [33mtype[39m=[32m"checkbox"[39m
                [36m/>[39m
                [36m<span[39m
                  [33mclass[39m=[32m"text-sm text-gray-700 dark:text-gray-300"[39m
                [36m>[39m
                  [0mMonzo Current Account[0m
                  [0m ([0m
                  [0mcurrent[0m
                  [0m)[0m
                [36m</span>[39m
              [36m</label>[39m
              [36m<label[39m
                [33mclass[39m=[32m"flex items-center"[39m
              [36m>[39m
                [36m<input[39m
                  [33mclass[39m=[32m"mr-2 h-4 w-4 text-blue-600 focus:ring-blue-500 border-gray-300 rounded"[39m
                  [33mtype[39m=[32m"checkbox"[39m
                [36m/>[39m
                [36m<span[39m
                  [33mclass[39m=[32m"text-sm text-gray-700 dark:text-gray-300"[39m
                [36m>[39m
                  [0mNatwest Savings Account[0m
                  [0m ([0m
                  [0msavings[0m
                  [0m)[0m
                [36m</span>[39m
              [36m</label>[39m
              [36m<label[39m
                [33mclass[39m=[32m"flex items-center"[39m
              [36m>[39m
                [36m<input[39m
                  [33mclass[39m=[32m"mr-2 h-4 w-4 text-blue-600 focus:ring-blue-500 border-gray-300 rounded"[39m
                  [33mtype[39m=[32m"checkbox"[39m
                [36m/>[39m
                [36m<span[39m
                  [33mclass[39m=[32m"text-sm text-gray-700 dark:text-gray-300"[39m
                [36m>[39m
                  [0mNS&I Premium Bonds[0m
                  [0m ([0m
                  [0msavings[0m
                  [0m)[0m
                [36m</span>[39m
              [36m</label>[39m
              [36m<label[39m
                [33mclass[39m=[32m"flex items-center"[39m
              [36m>[39m
                [36m<input[39m
                  [33mclass[39m=[32m"mr-2 h-4 w-4 text-blue-600 focus:ring-blue-500 border-gray-300 rounded"[39m
                  [33mtype[39m=[32m"checkbox"[39m
                [36m/>[39m
                [36m<span[39m
                  [33mclass[39m=[32m"text-sm text-gray-700 dark:text-gray-300"[39m
                [36m>[39m
                  [0mNatwest Credit Card[0m
                  [0m ([0m
                  [0mcredit[0m
                  [0m)[0m
                [36m</span>[39m
              [36m</label>[39m
              [36m<label[39m
                [33mclass[39m=[32m"flex items-center"[39m
              [36m>[39m
                [36m<input[39m
                  [33mclass[39m=[32m"mr-2 h-4 w-4 text-blue-600 focus:ring-blue-500 border-gray-300 rounded"[39m
                  [33mtype[39m=[32m"checkbox"[39m
                [36m/>[39m
                [36m<span[39m
                  [33mclass[39m=[32m"text-sm text-gray-700 dark:text-gray-300"[39m
                [36m>[39m
                  [0mAmerican Express Gold[0m
                  [0m ([0m
                  [0mcredit[0m
                  [0m)[0m
                [36m</span>[39m
              [36m</label>[39m
              [36m<label[39m
                [33mclass[39m=[32m"flex items-center"[39m
              [36m>[39m
                [36m<input[39m
                  [33mclass[39m=[32m"mr-2 h-4 w-4 text-blue-600 focus:ring-blue-500 border-gray-300 rounded"[39m
                  [33mtype[39m=[32m"checkbox"[39m
                [36m/>[39m
                [36m<span[39m
                  [33mclass[39m=[32m"text-sm text-gray-700 dark:text-gray-300"[39m
                [36m>[39m
                  [0mNatwest Personal Loan[0m
                  [0m ([0m
                  [0mloan[0m
                  [0m)[0m
                [36m</span>[39m
              [36m</label>[39m
              [36m<label[39m
                [33mclass[39m=[32m"flex items-center"[39m
              [36m>[39m
                [36m<input[39m
                  [33mclass[39m=[32m"mr-2 h-4 w-4 text-blue-600 focus:ring-blue-500 border-gray-300 rounded"[39m
                  [33mtype[39m=[32m"checkbox"[39m
                [36m/>[39m
                [36m<span[39m
                  [33mclass[39m=[32m"text-sm text-gray-700 dark:text-gray-300"[39m
                [36m>[39m
                  [0mNatwest Mortgage[0m
                  [0m ([0m
                  [0mmortgage[0m
                  [0m)[0m
                [36m</span>[39m
              [36m</label>[39m
              [36m<label[39m
                [33mclass[39m=[32m"flex items-center"[39m
              [36m>[39m
                [36m<input[39m
                  [33mclass[39m=[32m"mr-2 h-4 w-4 text-blue-600 focus:ring-blue-500 border-gray-300 rounded"[39m
                  [33mtype[39m=[32m"checkbox"[39m
                [36m/>[39m
                [36m<span[39m
                  [33mclass[39m=[32m"text-sm text-gray-700 dark:text-gray-300"[39m
                [36m>[39m
                  [0mHargreaves Lansdown SIPP[0m
                  [0m ([0m
                  [0minvestment[0m
                  [0m)[0m
                [36m</span>[39m
              [36m</label>[39m
              [36m<label[39m
                [33mclass[39m=[32m"flex items-center"[39m
              [36m>[39m
                [36m<input[39m
                  [33mclass[39m=[32m"mr-2 h-4 w-4 text-blue-600 focus:ring-blue-500 border-gray-300 rounded"[39m
                  [33mtype[39m=[32m"checkbox"[39m
                [36m/>[39m
                [36m<span[39m
                  [33mclass[39m=[32m"text-sm text-gray-700 dark:text-gray-300"[39m
                [36m>[39m
                  [0mHargreaves Lansdown ISA[0m
                  [0m ([0m
                  [0minvestment[0m
                  [0m)[0m
                [36m</span>[39m
              [36m</label>[39m
              [36m<label[39m
                [33mclass[39m=[32m"flex items-center"[39m
              [36m>[39m
                [36m<input[39m
                  [33mclass[39m=[32m"mr-2 h-4 w-4 text-blue-600 focus:ring-blue-500 border-gray-300 rounded"[39m
                  [33mtype[39m=[32m"checkbox"[39m
                [36m/>[39m
                [36m<span[39m
                  [33mclass[39m=[32m"text-sm text-gray-700 dark:text-gray-300"[39m
                [36m>[39m
                  [0mCity Trader Account[0m
                  [0m ([0m
                  [0minvestment[0m
                  [0m)[0m
                [36m</span>[39m
              [36m</label>[39m
              [36m<label[39m
                [33mclass[39m=[32m"flex items-center"[39m
              [36m>[39m
                [36m<input[39m
                  [33mclass[39m=[32m"mr-2 h-4 w-4 text-blue-600 focus:ring-blue-500 border-gray-300 rounded"[39m
                  [33mtype[39m=[32m"checkbox"[39m
                [36m/>[39m
                [36m<span[39m
                  [33mclass[39m=[32m"text-sm text-gray-700 dark:text-gray-300"[39m
                [36m>[39m
                  [0mPrimary Residence[0m
                  [0m ([0m
                  [0masset[0m
                  [0m)[0m
                [36m</span>[39m
              [36m</label>[39m
            [36m</div>[39m
          [36m</div>[39m
          [36m<div>[39m
            [36m<label[39m
              [33mclass[39m=[32m"flex items-center"[39m
            [36m>[39m
              [36m<input[39m
                [33mchecked[39m=[32m""[39m
                [33mclass[39m=[32m"mr-2 h-4 w-4 text-blue-600 focus:ring-blue-500 border-gray-300 rounded"[39m
                [33mtype[39m=[32m"checkbox"[39m
              [36m/>[39m
              [36m<span[39m
                [33mclass[39m=[32m"text-sm text-gray-700 dark:text-gray-300"[39m
              [36m>[39m
                [0mActive Goal[0m
              [36m</span>[39m
            [36m</label>[39m
          [36m</div>[39m
        [36m</div>[39m
        [36m<div[39m
          [33mdata-testid[39m=[32m"modal-footer"[39m
        [36m>[39m
          [36m<div[39m
            [33mclass[39m=[32m"flex justify-end space-x-3 w-full"[39m
          [36m>[39m
            [36m<button[39m
              [33mclass[39m=[32m"px-4 py-2 text-gray-700 dark:text-gray-300 hover:text-gray-900 dark:hover:text-gray-100"[39m
              [33mtype[39m=[32m"button"[39m
            [36m>[39m
              [0mCancel[0m
            [36m</button>[39m
            [36m<button[39m
              [33mclass[39m=[32m"px-4 py-2 bg-blue-600 text-white rounded-2xl hover:bg-blue-700 focus:outline-none focus:ring-2 focus:ring-blue-500"[39m
              [33mtype[39m=[32m"submit"[39m
            [36m>[39m
              [0mCreate Goal[0m
            [36m</button>[39m
          [36m</div>[39m
        [36m</div>[39m
      [36m</form>[39m
    [36m</div>[39m
  [36m</div>[39m
[36m</body>[39m
   × GoalModal > linked accounts section > displays accounts in scrollable container 4ms
     → Unable to find an element with the text: Checking Account (checking). This could be because the text is broken up by multiple elements. In this case, you can provide a function for your text matcher to make your matcher more flexible.

Ignored nodes: comments, script, style
[36m<body>[39m
  [36m<div>[39m
    [36m<div[39m
      [33maria-label[39m=[32m"Create New Goal"[39m
      [33mdata-testid[39m=[32m"modal"[39m
      [33mrole[39m=[32m"dialog"[39m
    [36m>[39m
      [36m<div[39m
        [33mdata-testid[39m=[32m"modal-title"[39m
      [36m>[39m
        [0mCreate New Goal[0m
      [36m</div>[39m
      [36m<button[39m
        [33mdata-testid[39m=[32m"modal-close"[39m
      [36m>[39m
        [0m×[0m
      [36m</button>[39m
      [36m<form>[39m
        [36m<div[39m
          [33mclass[39m=[32m"space-y-4"[39m
          [33mdata-testid[39m=[32m"modal-body"[39m
        [36m>[39m
          [36m<div>[39m
            [36m<label[39m
              [33mclass[39m=[32m"block text-sm font-medium text-gray-700 dark:text-gray-300 mb-1"[39m
            [36m>[39m
              [0mGoal Name[0m
            [36m</label>[39m
            [36m<input[39m
              [33mclass[39m=[32m"w-full px-3 py-2 bg-white/70 dark:bg-gray-800/70 backdrop-blur-sm border border-gray-300/50 dark:border-gray-600/50 rounded-xl focus:outline-none focus:ring-2 focus:ring-primary focus:border-transparent dark:text-white"[39m
              [33mplaceholder[39m=[32m"e.g., Emergency Fund"[39m
              [33mrequired[39m=[32m""[39m
              [33mtype[39m=[32m"text"[39m
              [33mvalue[39m=[32m""[39m
            [36m/>[39m
          [36m</div>[39m
          [36m<div>[39m
            [36m<label[39m
              [33mclass[39m=[32m"block text-sm font-medium text-gray-700 dark:text-gray-300 mb-1"[39m
            [36m>[39m
              [0mGoal Type[0m
            [36m</label>[39m
            [36m<select[39m
              [33mclass[39m=[32m"w-full px-3 py-2 bg-white/70 dark:bg-gray-800/70 backdrop-blur-sm border border-gray-300/50 dark:border-gray-600/50 rounded-xl focus:outline-none focus:ring-2 focus:ring-primary focus:border-transparent dark:text-white"[39m
            [36m>[39m
              [36m<option[39m
                [33mvalue[39m=[32m"savings"[39m
              [36m>[39m
                [0mSavings Goal[0m
              [36m</option>[39m
              [36m<option[39m
                [33mvalue[39m=[32m"debt-payoff"[39m
              [36m>[39m
                [0mDebt Payoff[0m
              [36m</option>[39m
              [36m<option[39m
                [33mvalue[39m=[32m"investment"[39m
              [36m>[39m
                [0mInvestment Target[0m
              [36m</option>[39m
              [36m<option[39m
                [33mvalue[39m=[32m"custom"[39m
              [36m>[39m
                [0mCustom Goal[0m
              [36m</option>[39m
            [36m</select>[39m
          [36m</div>[39m
          [36m<div[39m
            [33mclass[39m=[32m"grid grid-cols-2 gap-4"[39m
          [36m>[39m
            [36m<div>[39m
              [36m<label[39m
                [33mclass[39m=[32m"block text-sm font-medium text-gray-700 dark:text-gray-300 mb-1"[39m
              [36m>[39m
                [0mCurrent Amount (£)[0m
              [36m</label>[39m
              [36m<input[39m
                [33mclass[39m=[32m"w-full px-3 py-2 bg-white/70 dark:bg-gray-800/70 backdrop-blur-sm border border-gray-300/50 dark:border-gray-600/50 rounded-xl focus:outline-none focus:ring-2 focus:ring-primary focus:border-transparent dark:text-white"[39m
                [33mplaceholder[39m=[32m"0.00"[39m
                [33mrequired[39m=[32m""[39m
                [33mstep[39m=[32m"0.01"[39m
                [33mtype[39m=[32m"number"[39m
                [33mvalue[39m=[32m""[39m
              [36m/>[39m
            [36m</div>[39m
            [36m<div>[39m
              [36m<label[39m
                [33mclass[39m=[32m"block text-sm font-medium text-gray-700 dark:text-gray-300 mb-1"[39m
              [36m>[39m
                [0mTarget Amount (£)[0m
              [36m</label>[39m
              [36m<input[39m
                [33mclass[39m=[32m"w-full px-3 py-2 bg-white/70 dark:bg-gray-800/70 backdrop-blur-sm border border-gray-300/50 dark:border-gray-600/50 rounded-xl focus:outline-none focus:ring-2 focus:ring-primary focus:border-transparent dark:text-white"[39m
                [33mplaceholder[39m=[32m"0.00"[39m
                [33mrequired[39m=[32m""[39m
                [33mstep[39m=[32m"0.01"[39m
                [33mtype[39m=[32m"number"[39m
                [33mvalue[39m=[32m""[39m
              [36m/>[39m
            [36m</div>[39m
          [36m</div>[39m
          [36m<div>[39m
            [36m<label[39m
              [33mclass[39m=[32m"block text-sm font-medium text-gray-700 dark:text-gray-300 mb-1"[39m
            [36m>[39m
              [0mTarget Date[0m
            [36m</label>[39m
            [36m<input[39m
              [33mclass[39m=[32m"w-full px-3 py-2 bg-white/70 dark:bg-gray-800/70 backdrop-blur-sm border border-gray-300/50 dark:border-gray-600/50 rounded-xl focus:outline-none focus:ring-2 focus:ring-primary focus:border-transparent dark:text-white"[39m
              [33mrequired[39m=[32m""[39m
              [33mtype[39m=[32m"date"[39m
              [33mvalue[39m=[32m""[39m
            [36m/>[39m
          [36m</div>[39m
          [36m<div>[39m
            [36m<label[39m
              [33mclass[39m=[32m"block text-sm font-medium text-gray-700 dark:text-gray-300 mb-1"[39m
            [36m>[39m
              [0mDescription (Optional)[0m
            [36m</label>[39m
            [36m<textarea[39m
              [33mclass[39m=[32m"w-full px-3 py-2 bg-white/70 dark:bg-gray-800/70 backdrop-blur-sm border border-gray-300/50 dark:border-gray-600/50 rounded-xl focus:outline-none focus:ring-2 focus:ring-primary focus:border-transparent dark:text-white"[39m
              [33mplaceholder[39m=[32m"What is this goal for?"[39m
              [33mrows[39m=[32m"3"[39m
            [36m/>[39m
          [36m</div>[39m
          [36m<div>[39m
            [36m<label[39m
              [33mclass[39m=[32m"block text-sm font-medium text-gray-700 dark:text-gray-300 mb-1"[39m
            [36m>[39m
              [0mLink to Accounts (Optional)[0m
            [36m</label>[39m
            [36m<div[39m
              [33mclass[39m=[32m"space-y-2 max-h-32 overflow-y-auto"[39m
            [36m>[39m
              [36m<label[39m
                [33mclass[39m=[32m"flex items-center"[39m
              [36m>[39m
                [36m<input[39m
                  [33mclass[39m=[32m"mr-2 h-4 w-4 text-blue-600 focus:ring-blue-500 border-gray-300 rounded"[39m
                  [33mtype[39m=[32m"checkbox"[39m
                [36m/>[39m
                [36m<span[39m
                  [33mclass[39m=[32m"text-sm text-gray-700 dark:text-gray-300"[39m
                [36m>[39m
                  [0mNatwest Current Account[0m
                  [0m ([0m
                  [0mcurrent[0m
                  [0m)[0m
                [36m</span>[39m
              [36m</label>[39m
              [36m<label[39m
                [33mclass[39m=[32m"flex items-center"[39m
              [36m>[39m
                [36m<input[39m
                  [33mclass[39m=[32m"mr-2 h-4 w-4 text-blue-600 focus:ring-blue-500 border-gray-300 rounded"[39m
                  [33mtype[39m=[32m"checkbox"[39m
                [36m/>[39m
                [36m<span[39m
                  [33mclass[39m=[32m"text-sm text-gray-700 dark:text-gray-300"[39m
                [36m>[39m
                  [0mMonzo Current Account[0m
                  [0m ([0m
                  [0mcurrent[0m
                  [0m)[0m
                [36m</span>[39m
              [36m</label>[39m
              [36m<label[39m
                [33mclass[39m=[32m"flex items-center"[39m
              [36m>[39m
                [36m<input[39m
                  [33mclass[39m=[32m"mr-2 h-4 w-4 text-blue-600 focus:ring-blue-500 border-gray-300 rounded"[39m
                  [33mtype[39m=[32m"checkbox"[39m
                [36m/>[39m
                [36m<span[39m
                  [33mclass[39m=[32m"text-sm text-gray-700 dark:text-gray-300"[39m
                [36m>[39m
                  [0mNatwest Savings Account[0m
                  [0m ([0m
                  [0msavings[0m
                  [0m)[0m
                [36m</span>[39m
              [36m</label>[39m
              [36m<label[39m
                [33mclass[39m=[32m"flex items-center"[39m
              [36m>[39m
                [36m<input[39m
                  [33mclass[39m=[32m"mr-2 h-4 w-4 text-blue-600 focus:ring-blue-500 border-gray-300 rounded"[39m
                  [33mtype[39m=[32m"checkbox"[39m
                [36m/>[39m
                [36m<span[39m
                  [33mclass[39m=[32m"text-sm text-gray-700 dark:text-gray-300"[39m
                [36m>[39m
                  [0mNS&I Premium Bonds[0m
                  [0m ([0m
                  [0msavings[0m
                  [0m)[0m
                [36m</span>[39m
              [36m</label>[39m
              [36m<label[39m
                [33mclass[39m=[32m"flex items-center"[39m
              [36m>[39m
                [36m<input[39m
                  [33mclass[39m=[32m"mr-2 h-4 w-4 text-blue-600 focus:ring-blue-500 border-gray-300 rounded"[39m
                  [33mtype[39m=[32m"checkbox"[39m
                [36m/>[39m
                [36m<span[39m
                  [33mclass[39m=[32m"text-sm text-gray-700 dark:text-gray-300"[39m
                [36m>[39m
                  [0mNatwest Credit Card[0m
                  [0m ([0m
                  [0mcredit[0m
                  [0m)[0m
                [36m</span>[39m
              [36m</label>[39m
              [36m<label[39m
                [33mclass[39m=[32m"flex items-center"[39m
              [36m>[39m
                [36m<input[39m
                  [33mclass[39m=[32m"mr-2 h-4 w-4 text-blue-600 focus:ring-blue-500 border-gray-300 rounded"[39m
                  [33mtype[39m=[32m"checkbox"[39m
                [36m/>[39m
                [36m<span[39m
                  [33mclass[39m=[32m"text-sm text-gray-700 dark:text-gray-300"[39m
                [36m>[39m
                  [0mAmerican Express Gold[0m
                  [0m ([0m
                  [0mcredit[0m
                  [0m)[0m
                [36m</span>[39m
              [36m</label>[39m
              [36m<label[39m
                [33mclass[39m=[32m"flex items-center"[39m
              [36m>[39m
                [36m<input[39m
                  [33mclass[39m=[32m"mr-2 h-4 w-4 text-blue-600 focus:ring-blue-500 border-gray-300 rounded"[39m
                  [33mtype[39m=[32m"checkbox"[39m
                [36m/>[39m
                [36m<span[39m
                  [33mclass[39m=[32m"text-sm text-gray-700 dark:text-gray-300"[39m
                [36m>[39m
                  [0mNatwest Personal Loan[0m
                  [0m ([0m
                  [0mloan[0m
                  [0m)[0m
                [36m</span>[39m
              [36m</label>[39m
              [36m<label[39m
                [33mclass[39m=[32m"flex items-center"[39m
              [36m>[39m
                [36m<input[39m
                  [33mclass[39m=[32m"mr-2 h-4 w-4 text-blue-600 focus:ring-blue-500 border-gray-300 rounded"[39m
                  [33mtype[39m=[32m"checkbox"[39m
                [36m/>[39m
                [36m<span[39m
                  [33mclass[39m=[32m"text-sm text-gray-700 dark:text-gray-300"[39m
                [36m>[39m
                  [0mNatwest Mortgage[0m
                  [0m ([0m
                  [0mmortgage[0m
                  [0m)[0m
                [36m</span>[39m
              [36m</label>[39m
              [36m<label[39m
                [33mclass[39m=[32m"flex items-center"[39m
              [36m>[39m
                [36m<input[39m
                  [33mclass[39m=[32m"mr-2 h-4 w-4 text-blue-600 focus:ring-blue-500 border-gray-300 rounded"[39m
                  [33mtype[39m=[32m"checkbox"[39m
                [36m/>[39m
                [36m<span[39m
                  [33mclass[39m=[32m"text-sm text-gray-700 dark:text-gray-300"[39m
                [36m>[39m
                  [0mHargreaves Lansdown SIPP[0m
                  [0m ([0m
                  [0minvestment[0m
                  [0m)[0m
                [36m</span>[39m
              [36m</label>[39m
              [36m<label[39m
                [33mclass[39m=[32m"flex items-center"[39m
              [36m>[39m
                [36m<input[39m
                  [33mclass[39m=[32m"mr-2 h-4 w-4 text-blue-600 focus:ring-blue-500 border-gray-300 rounded"[39m
                  [33mtype[39m=[32m"checkbox"[39m
                [36m/>[39m
                [36m<span[39m
                  [33mclass[39m=[32m"text-sm text-gray-700 dark:text-gray-300"[39m
                [36m>[39m
                  [0mHargreaves Lansdown ISA[0m
                  [0m ([0m
                  [0minvestment[0m
                  [0m)[0m
                [36m</span>[39m
              [36m</label>[39m
              [36m<label[39m
                [33mclass[39m=[32m"flex items-center"[39m
              [36m>[39m
                [36m<input[39m
                  [33mclass[39m=[32m"mr-2 h-4 w-4 text-blue-600 focus:ring-blue-500 border-gray-300 rounded"[39m
                  [33mtype[39m=[32m"checkbox"[39m
                [36m/>[39m
                [36m<span[39m
                  [33mclass[39m=[32m"text-sm text-gray-700 dark:text-gray-300"[39m
                [36m>[39m
                  [0mCity Trader Account[0m
                  [0m ([0m
                  [0minvestment[0m
                  [0m)[0m
                [36m</span>[39m
              [36m</label>[39m
              [36m<label[39m
                [33mclass[39m=[32m"flex items-center"[39m
              [36m>[39m
                [36m<input[39m
                  [33mclass[39m=[32m"mr-2 h-4 w-4 text-blue-600 focus:ring-blue-500 border-gray-300 rounded"[39m
                  [33mtype[39m=[32m"checkbox"[39m
                [36m/>[39m
                [36m<span[39m
                  [33mclass[39m=[32m"text-sm text-gray-700 dark:text-gray-300"[39m
                [36m>[39m
                  [0mPrimary Residence[0m
                  [0m ([0m
                  [0masset[0m
                  [0m)[0m
                [36m</span>[39m
              [36m</label>[39m
            [36m</div>[39m
          [36m</div>[39m
          [36m<div>[39m
            [36m<label[39m
              [33mclass[39m=[32m"flex items-center"[39m
            [36m>[39m
              [36m<input[39m
                [33mchecked[39m=[32m""[39m
                [33mclass[39m=[32m"mr-2 h-4 w-4 text-blue-600 focus:ring-blue-500 border-gray-300 rounded"[39m
                [33mtype[39m=[32m"checkbox"[39m
              [36m/>[39m
              [36m<span[39m
                [33mclass[39m=[32m"text-sm text-gray-700 dark:text-gray-300"[39m
              [36m>[39m
                [0mActive Goal[0m
              [36m</span>[39m
            [36m</label>[39m
          [36m</div>[39m
        [36m</div>[39m
        [36m<div[39m
          [33mdata-testid[39m=[32m"modal-footer"[39m
        [36m>[39m
          [36m<div[39m
            [33mclass[39m=[32m"flex justify-end space-x-3 w-full"[39m
          [36m>[39m
            [36m<button[39m
              [33mclass[39m=[32m"px-4 py-2 text-gray-700 dark:text-gray-300 hover:text-gray-900 dark:hover:text-gray-100"[39m
              [33mtype[39m=[32m"button"[39m
            [36m>[39m
              [0mCancel[0m
            [36m</button>[39m
            [36m<button[39m
              [33mclass[39m=[32m"px-4 py-2 bg-blue-600 text-white rounded-2xl hover:bg-blue-700 focus:outline-none focus:ring-2 focus:ring-blue-500"[39m
              [33mtype[39m=[32m"submit"[39m
            [36m>[39m
              [0mCreate Goal[0m
            [36m</button>[39m
          [36m</div>[39m
        [36m</div>[39m
      [36m</form>[39m
    [36m</div>[39m
  [36m</div>[39m
[36m</body>[39m
   × GoalModal > linked accounts section > handles account checkbox interactions 7ms
     → Unable to find an element with the text: Checking Account (checking). This could be because the text is broken up by multiple elements. In this case, you can provide a function for your text matcher to make your matcher more flexible.

Ignored nodes: comments, script, style
[36m<body>[39m
  [36m<div>[39m
    [36m<div[39m
      [33maria-label[39m=[32m"Create New Goal"[39m
      [33mdata-testid[39m=[32m"modal"[39m
      [33mrole[39m=[32m"dialog"[39m
    [36m>[39m
      [36m<div[39m
        [33mdata-testid[39m=[32m"modal-title"[39m
      [36m>[39m
        [0mCreate New Goal[0m
      [36m</div>[39m
      [36m<button[39m
        [33mdata-testid[39m=[32m"modal-close"[39m
      [36m>[39m
        [0m×[0m
      [36m</button>[39m
      [36m<form>[39m
        [36m<div[39m
          [33mclass[39m=[32m"space-y-4"[39m
          [33mdata-testid[39m=[32m"modal-body"[39m
        [36m>[39m
          [36m<div>[39m
            [36m<label[39m
              [33mclass[39m=[32m"block text-sm font-medium text-gray-700 dark:text-gray-300 mb-1"[39m
            [36m>[39m
              [0mGoal Name[0m
            [36m</label>[39m
            [36m<input[39m
              [33mclass[39m=[32m"w-full px-3 py-2 bg-white/70 dark:bg-gray-800/70 backdrop-blur-sm border border-gray-300/50 dark:border-gray-600/50 rounded-xl focus:outline-none focus:ring-2 focus:ring-primary focus:border-transparent dark:text-white"[39m
              [33mplaceholder[39m=[32m"e.g., Emergency Fund"[39m
              [33mrequired[39m=[32m""[39m
              [33mtype[39m=[32m"text"[39m
              [33mvalue[39m=[32m""[39m
            [36m/>[39m
          [36m</div>[39m
          [36m<div>[39m
            [36m<label[39m
              [33mclass[39m=[32m"block text-sm font-medium text-gray-700 dark:text-gray-300 mb-1"[39m
            [36m>[39m
              [0mGoal Type[0m
            [36m</label>[39m
            [36m<select[39m
              [33mclass[39m=[32m"w-full px-3 py-2 bg-white/70 dark:bg-gray-800/70 backdrop-blur-sm border border-gray-300/50 dark:border-gray-600/50 rounded-xl focus:outline-none focus:ring-2 focus:ring-primary focus:border-transparent dark:text-white"[39m
            [36m>[39m
              [36m<option[39m
                [33mvalue[39m=[32m"savings"[39m
              [36m>[39m
                [0mSavings Goal[0m
              [36m</option>[39m
              [36m<option[39m
                [33mvalue[39m=[32m"debt-payoff"[39m
              [36m>[39m
                [0mDebt Payoff[0m
              [36m</option>[39m
              [36m<option[39m
                [33mvalue[39m=[32m"investment"[39m
              [36m>[39m
                [0mInvestment Target[0m
              [36m</option>[39m
              [36m<option[39m
                [33mvalue[39m=[32m"custom"[39m
              [36m>[39m
                [0mCustom Goal[0m
              [36m</option>[39m
            [36m</select>[39m
          [36m</div>[39m
          [36m<div[39m
            [33mclass[39m=[32m"grid grid-cols-2 gap-4"[39m
          [36m>[39m
            [36m<div>[39m
              [36m<label[39m
                [33mclass[39m=[32m"block text-sm font-medium text-gray-700 dark:text-gray-300 mb-1"[39m
              [36m>[39m
                [0mCurrent Amount (£)[0m
              [36m</label>[39m
              [36m<input[39m
                [33mclass[39m=[32m"w-full px-3 py-2 bg-white/70 dark:bg-gray-800/70 backdrop-blur-sm border border-gray-300/50 dark:border-gray-600/50 rounded-xl focus:outline-none focus:ring-2 focus:ring-primary focus:border-transparent dark:text-white"[39m
                [33mplaceholder[39m=[32m"0.00"[39m
                [33mrequired[39m=[32m""[39m
                [33mstep[39m=[32m"0.01"[39m
                [33mtype[39m=[32m"number"[39m
                [33mvalue[39m=[32m""[39m
              [36m/>[39m
            [36m</div>[39m
            [36m<div>[39m
              [36m<label[39m
                [33mclass[39m=[32m"block text-sm font-medium text-gray-700 dark:text-gray-300 mb-1"[39m
              [36m>[39m
                [0mTarget Amount (£)[0m
              [36m</label>[39m
              [36m<input[39m
                [33mclass[39m=[32m"w-full px-3 py-2 bg-white/70 dark:bg-gray-800/70 backdrop-blur-sm border border-gray-300/50 dark:border-gray-600/50 rounded-xl focus:outline-none focus:ring-2 focus:ring-primary focus:border-transparent dark:text-white"[39m
                [33mplaceholder[39m=[32m"0.00"[39m
                [33mrequired[39m=[32m""[39m
                [33mstep[39m=[32m"0.01"[39m
                [33mtype[39m=[32m"number"[39m
                [33mvalue[39m=[32m""[39m
              [36m/>[39m
            [36m</div>[39m
          [36m</div>[39m
          [36m<div>[39m
            [36m<label[39m
              [33mclass[39m=[32m"block text-sm font-medium text-gray-700 dark:text-gray-300 mb-1"[39m
            [36m>[39m
              [0mTarget Date[0m
            [36m</label>[39m
            [36m<input[39m
              [33mclass[39m=[32m"w-full px-3 py-2 bg-white/70 dark:bg-gray-800/70 backdrop-blur-sm border border-gray-300/50 dark:border-gray-600/50 rounded-xl focus:outline-none focus:ring-2 focus:ring-primary focus:border-transparent dark:text-white"[39m
              [33mrequired[39m=[32m""[39m
              [33mtype[39m=[32m"date"[39m
              [33mvalue[39m=[32m""[39m
            [36m/>[39m
          [36m</div>[39m
          [36m<div>[39m
            [36m<label[39m
              [33mclass[39m=[32m"block text-sm font-medium text-gray-700 dark:text-gray-300 mb-1"[39m
            [36m>[39m
              [0mDescription (Optional)[0m
            [36m</label>[39m
            [36m<textarea[39m
              [33mclass[39m=[32m"w-full px-3 py-2 bg-white/70 dark:bg-gray-800/70 backdrop-blur-sm border border-gray-300/50 dark:border-gray-600/50 rounded-xl focus:outline-none focus:ring-2 focus:ring-primary focus:border-transparent dark:text-white"[39m
              [33mplaceholder[39m=[32m"What is this goal for?"[39m
              [33mrows[39m=[32m"3"[39m
            [36m/>[39m
          [36m</div>[39m
          [36m<div>[39m
            [36m<label[39m
              [33mclass[39m=[32m"block text-sm font-medium text-gray-700 dark:text-gray-300 mb-1"[39m
            [36m>[39m
              [0mLink to Accounts (Optional)[0m
            [36m</label>[39m
            [36m<div[39m
              [33mclass[39m=[32m"space-y-2 max-h-32 overflow-y-auto"[39m
            [36m>[39m
              [36m<label[39m
                [33mclass[39m=[32m"flex items-center"[39m
              [36m>[39m
                [36m<input[39m
                  [33mclass[39m=[32m"mr-2 h-4 w-4 text-blue-600 focus:ring-blue-500 border-gray-300 rounded"[39m
                  [33mtype[39m=[32m"checkbox"[39m
                [36m/>[39m
                [36m<span[39m
                  [33mclass[39m=[32m"text-sm text-gray-700 dark:text-gray-300"[39m
                [36m>[39m
                  [0mNatwest Current Account[0m
                  [0m ([0m
                  [0mcurrent[0m
                  [0m)[0m
                [36m</span>[39m
              [36m</label>[39m
              [36m<label[39m
                [33mclass[39m=[32m"flex items-center"[39m
              [36m>[39m
                [36m<input[39m
                  [33mclass[39m=[32m"mr-2 h-4 w-4 text-blue-600 focus:ring-blue-500 border-gray-300 rounded"[39m
                  [33mtype[39m=[32m"checkbox"[39m
                [36m/>[39m
                [36m<span[39m
                  [33mclass[39m=[32m"text-sm text-gray-700 dark:text-gray-300"[39m
                [36m>[39m
                  [0mMonzo Current Account[0m
                  [0m ([0m
                  [0mcurrent[0m
                  [0m)[0m
                [36m</span>[39m
              [36m</label>[39m
              [36m<label[39m
                [33mclass[39m=[32m"flex items-center"[39m
              [36m>[39m
                [36m<input[39m
                  [33mclass[39m=[32m"mr-2 h-4 w-4 text-blue-600 focus:ring-blue-500 border-gray-300 rounded"[39m
                  [33mtype[39m=[32m"checkbox"[39m
                [36m/>[39m
                [36m<span[39m
                  [33mclass[39m=[32m"text-sm text-gray-700 dark:text-gray-300"[39m
                [36m>[39m
                  [0mNatwest Savings Account[0m
                  [0m ([0m
                  [0msavings[0m
                  [0m)[0m
                [36m</span>[39m
              [36m</label>[39m
              [36m<label[39m
                [33mclass[39m=[32m"flex items-center"[39m
              [36m>[39m
                [36m<input[39m
                  [33mclass[39m=[32m"mr-2 h-4 w-4 text-blue-600 focus:ring-blue-500 border-gray-300 rounded"[39m
                  [33mtype[39m=[32m"checkbox"[39m
                [36m/>[39m
                [36m<span[39m
                  [33mclass[39m=[32m"text-sm text-gray-700 dark:text-gray-300"[39m
                [36m>[39m
                  [0mNS&I Premium Bonds[0m
                  [0m ([0m
                  [0msavings[0m
                  [0m)[0m
                [36m</span>[39m
              [36m</label>[39m
              [36m<label[39m
                [33mclass[39m=[32m"flex items-center"[39m
              [36m>[39m
                [36m<input[39m
                  [33mclass[39m=[32m"mr-2 h-4 w-4 text-blue-600 focus:ring-blue-500 border-gray-300 rounded"[39m
                  [33mtype[39m=[32m"checkbox"[39m
                [36m/>[39m
                [36m<span[39m
                  [33mclass[39m=[32m"text-sm text-gray-700 dark:text-gray-300"[39m
                [36m>[39m
                  [0mNatwest Credit Card[0m
                  [0m ([0m
                  [0mcredit[0m
                  [0m)[0m
                [36m</span>[39m
              [36m</label>[39m
              [36m<label[39m
                [33mclass[39m=[32m"flex items-center"[39m
              [36m>[39m
                [36m<input[39m
                  [33mclass[39m=[32m"mr-2 h-4 w-4 text-blue-600 focus:ring-blue-500 border-gray-300 rounded"[39m
                  [33mtype[39m=[32m"checkbox"[39m
                [36m/>[39m
                [36m<span[39m
                  [33mclass[39m=[32m"text-sm text-gray-700 dark:text-gray-300"[39m
                [36m>[39m
                  [0mAmerican Express Gold[0m
                  [0m ([0m
                  [0mcredit[0m
                  [0m)[0m
                [36m</span>[39m
              [36m</label>[39m
              [36m<label[39m
                [33mclass[39m=[32m"flex items-center"[39m
              [36m>[39m
                [36m<input[39m
                  [33mclass[39m=[32m"mr-2 h-4 w-4 text-blue-600 focus:ring-blue-500 border-gray-300 rounded"[39m
                  [33mtype[39m=[32m"checkbox"[39m
                [36m/>[39m
                [36m<span[39m
                  [33mclass[39m=[32m"text-sm text-gray-700 dark:text-gray-300"[39m
                [36m>[39m
                  [0mNatwest Personal Loan[0m
                  [0m ([0m
                  [0mloan[0m
                  [0m)[0m
                [36m</span>[39m
              [36m</label>[39m
              [36m<label[39m
                [33mclass[39m=[32m"flex items-center"[39m
              [36m>[39m
                [36m<input[39m
                  [33mclass[39m=[32m"mr-2 h-4 w-4 text-blue-600 focus:ring-blue-500 border-gray-300 rounded"[39m
                  [33mtype[39m=[32m"checkbox"[39m
                [36m/>[39m
                [36m<span[39m
                  [33mclass[39m=[32m"text-sm text-gray-700 dark:text-gray-300"[39m
                [36m>[39m
                  [0mNatwest Mortgage[0m
                  [0m ([0m
                  [0mmortgage[0m
                  [0m)[0m
                [36m</span>[39m
              [36m</label>[39m
              [36m<label[39m
                [33mclass[39m=[32m"flex items-center"[39m
              [36m>[39m
                [36m<input[39m
                  [33mclass[39m=[32m"mr-2 h-4 w-4 text-blue-600 focus:ring-blue-500 border-gray-300 rounded"[39m
                  [33mtype[39m=[32m"checkbox"[39m
                [36m/>[39m
                [36m<span[39m
                  [33mclass[39m=[32m"text-sm text-gray-700 dark:text-gray-300"[39m
                [36m>[39m
                  [0mHargreaves Lansdown SIPP[0m
                  [0m ([0m
                  [0minvestment[0m
                  [0m)[0m
                [36m</span>[39m
              [36m</label>[39m
              [36m<label[39m
                [33mclass[39m=[32m"flex items-center"[39m
              [36m>[39m
                [36m<input[39m
                  [33mclass[39m=[32m"mr-2 h-4 w-4 text-blue-600 focus:ring-blue-500 border-gray-300 rounded"[39m
                  [33mtype[39m=[32m"checkbox"[39m
                [36m/>[39m
                [36m<span[39m
                  [33mclass[39m=[32m"text-sm text-gray-700 dark:text-gray-300"[39m
                [36m>[39m
                  [0mHargreaves Lansdown ISA[0m
                  [0m ([0m
                  [0minvestment[0m
                  [0m)[0m
                [36m</span>[39m
              [36m</label>[39m
              [36m<label[39m
                [33mclass[39m=[32m"flex items-center"[39m
              [36m>[39m
                [36m<input[39m
                  [33mclass[39m=[32m"mr-2 h-4 w-4 text-blue-600 focus:ring-blue-500 border-gray-300 rounded"[39m
                  [33mtype[39m=[32m"checkbox"[39m
                [36m/>[39m
                [36m<span[39m
                  [33mclass[39m=[32m"text-sm text-gray-700 dark:text-gray-300"[39m
                [36m>[39m
                  [0mCity Trader Account[0m
                  [0m ([0m
                  [0minvestment[0m
                  [0m)[0m
                [36m</span>[39m
              [36m</label>[39m
              [36m<label[39m
                [33mclass[39m=[32m"flex items-center"[39m
              [36m>[39m
                [36m<input[39m
                  [33mclass[39m=[32m"mr-2 h-4 w-4 text-blue-600 focus:ring-blue-500 border-gray-300 rounded"[39m
                  [33mtype[39m=[32m"checkbox"[39m
                [36m/>[39m
                [36m<span[39m
                  [33mclass[39m=[32m"text-sm text-gray-700 dark:text-gray-300"[39m
                [36m>[39m
                  [0mPrimary Residence[0m
                  [0m ([0m
                  [0masset[0m
                  [0m)[0m
                [36m</span>[39m
              [36m</label>[39m
            [36m</div>[39m
          [36m</div>[39m
          [36m<div>[39m
            [36m<label[39m
              [33mclass[39m=[32m"flex items-center"[39m
            [36m>[39m
              [36m<input[39m
                [33mchecked[39m=[32m""[39m
                [33mclass[39m=[32m"mr-2 h-4 w-4 text-blue-600 focus:ring-blue-500 border-gray-300 rounded"[39m
                [33mtype[39m=[32m"checkbox"[39m
              [36m/>[39m
              [36m<span[39m
                [33mclass[39m=[32m"text-sm text-gray-700 dark:text-gray-300"[39m
              [36m>[39m
                [0mActive Goal[0m
              [36m</span>[39m
            [36m</label>[39m
          [36m</div>[39m
        [36m</div>[39m
        [36m<div[39m
          [33mdata-testid[39m=[32m"modal-footer"[39m
        [36m>[39m
          [36m<div[39m
            [33mclass[39m=[32m"flex justify-end space-x-3 w-full"[39m
          [36m>[39m
            [36m<button[39m
              [33mclass[39m=[32m"px-4 py-2 text-gray-700 dark:text-gray-300 hover:text-gray-900 dark:hover:text-gray-100"[39m
              [33mtype[39m=[32m"button"[39m
            [36m>[39m
              [0mCancel[0m
            [36m</button>[39m
            [36m<button[39m
              [33mclass[39m=[32m"px-4 py-2 bg-blue-600 text-white rounded-2xl hover:bg-blue-700 focus:outline-none focus:ring-2 focus:ring-blue-500"[39m
              [33mtype[39m=[32m"submit"[39m
            [36m>[39m
              [0mCreate Goal[0m
            [36m</button>[39m
          [36m</div>[39m
        [36m</div>[39m
      [36m</form>[39m
    [36m</div>[39m
  [36m</div>[39m
[36m</body>[39m
   ✓ GoalModal > linked accounts section > applies proper checkbox styling 10ms
   ✓ GoalModal > active status > displays active goal checkbox 3ms
   ✓ GoalModal > active status > defaults to active (checked) 10ms
   ✓ GoalModal > active status > allows toggling active status 17ms
   ✓ GoalModal > active status > applies proper checkbox styling for active status 11ms
   ✓ GoalModal > form submission > displays submit button with correct text for new goal 6ms
   ✓ GoalModal > form submission > displays submit button with correct text for editing 6ms
   ✓ GoalModal > form submission > displays cancel button 4ms
   ✓ GoalModal > form submission > handles form submission 12ms
   ✓ GoalModal > form submission > handles cancel action 13ms
   ✓ GoalModal > form submission > submits form on Enter key 2ms
   ✓ GoalModal > editing existing goal > pre-populates form with goal data 2ms
   ✓ GoalModal > editing existing goal > handles goal prop changes 4ms
   ✓ GoalModal > editing existing goal > handles switching from edit to create mode 3ms
   ✓ GoalModal > user interactions > calls onClose when close button clicked 10ms
   ✓ GoalModal > user interactions > handles multiple close button clicks 15ms
   ✓ GoalModal > user interactions > supports keyboard navigation 2ms
   ✓ GoalModal > user interactions > handles complex form interactions 146ms
   ✓ GoalModal > styling and layout > applies proper button styling 6ms
   ✓ GoalModal > styling and layout > has proper button layout 6ms
   ✓ GoalModal > styling and layout > applies consistent label styling 5ms
   ✓ GoalModal > styling and layout > has proper grid layout for amounts 3ms
   ✓ GoalModal > accessibility > has proper form control associations 13ms
   ✓ GoalModal > accessibility > supports keyboard navigation 4ms
   ✓ GoalModal > accessibility > has proper button roles 6ms
   ✓ GoalModal > accessibility > has proper modal dialog role 3ms
   ✓ GoalModal > accessibility > has proper label associations 3ms
   ✓ GoalModal > edge cases > handles modal state changes 2ms
   ✓ GoalModal > edge cases > handles empty accounts list gracefully 2ms
   ✓ GoalModal > edge cases > handles very large amounts 34ms
   ✓ GoalModal > edge cases > handles zero amounts 24ms
   ✓ GoalModal > edge cases > handles goal with undefined values 3ms
   ✓ GoalModal > edge cases > handles very long goal names 255ms
   ✓ GoalModal > real-world scenarios > handles creating an emergency fund goal 202ms
   ✓ GoalModal > real-world scenarios > handles creating a debt payoff goal 132ms
   ✓ GoalModal > real-world scenarios > handles editing an existing goal 40ms
   × GoalModal > real-world scenarios > handles linking multiple accounts to a goal 5ms
     → Unable to find an element with the text: Savings Account (savings). This could be because the text is broken up by multiple elements. In this case, you can provide a function for your text matcher to make your matcher more flexible.

Ignored nodes: comments, script, style
[36m<body>[39m
  [36m<div>[39m
    [36m<div[39m
      [33maria-label[39m=[32m"Create New Goal"[39m
      [33mdata-testid[39m=[32m"modal"[39m
      [33mrole[39m=[32m"dialog"[39m
    [36m>[39m
      [36m<div[39m
        [33mdata-testid[39m=[32m"modal-title"[39m
      [36m>[39m
        [0mCreate New Goal[0m
      [36m</div>[39m
      [36m<button[39m
        [33mdata-testid[39m=[32m"modal-close"[39m
      [36m>[39m
        [0m×[0m
      [36m</button>[39m
      [36m<form>[39m
        [36m<div[39m
          [33mclass[39m=[32m"space-y-4"[39m
          [33mdata-testid[39m=[32m"modal-body"[39m
        [36m>[39m
          [36m<div>[39m
            [36m<label[39m
              [33mclass[39m=[32m"block text-sm font-medium text-gray-700 dark:text-gray-300 mb-1"[39m
            [36m>[39m
              [0mGoal Name[0m
            [36m</label>[39m
            [36m<input[39m
              [33mclass[39m=[32m"w-full px-3 py-2 bg-white/70 dark:bg-gray-800/70 backdrop-blur-sm border border-gray-300/50 dark:border-gray-600/50 rounded-xl focus:outline-none focus:ring-2 focus:ring-primary focus:border-transparent dark:text-white"[39m
              [33mplaceholder[39m=[32m"e.g., Emergency Fund"[39m
              [33mrequired[39m=[32m""[39m
              [33mtype[39m=[32m"text"[39m
              [33mvalue[39m=[32m""[39m
            [36m/>[39m
          [36m</div>[39m
          [36m<div>[39m
            [36m<label[39m
              [33mclass[39m=[32m"block text-sm font-medium text-gray-700 dark:text-gray-300 mb-1"[39m
            [36m>[39m
              [0mGoal Type[0m
            [36m</label>[39m
            [36m<select[39m
              [33mclass[39m=[32m"w-full px-3 py-2 bg-white/70 dark:bg-gray-800/70 backdrop-blur-sm border border-gray-300/50 dark:border-gray-600/50 rounded-xl focus:outline-none focus:ring-2 focus:ring-primary focus:border-transparent dark:text-white"[39m
            [36m>[39m
              [36m<option[39m
                [33mvalue[39m=[32m"savings"[39m
              [36m>[39m
                [0mSavings Goal[0m
              [36m</option>[39m
              [36m<option[39m
                [33mvalue[39m=[32m"debt-payoff"[39m
              [36m>[39m
                [0mDebt Payoff[0m
              [36m</option>[39m
              [36m<option[39m
                [33mvalue[39m=[32m"investment"[39m
              [36m>[39m
                [0mInvestment Target[0m
              [36m</option>[39m
              [36m<option[39m
                [33mvalue[39m=[32m"custom"[39m
              [36m>[39m
                [0mCustom Goal[0m
              [36m</option>[39m
            [36m</select>[39m
          [36m</div>[39m
          [36m<div[39m
            [33mclass[39m=[32m"grid grid-cols-2 gap-4"[39m
          [36m>[39m
            [36m<div>[39m
              [36m<label[39m
                [33mclass[39m=[32m"block text-sm font-medium text-gray-700 dark:text-gray-300 mb-1"[39m
              [36m>[39m
                [0mCurrent Amount (£)[0m
              [36m</label>[39m
              [36m<input[39m
                [33mclass[39m=[32m"w-full px-3 py-2 bg-white/70 dark:bg-gray-800/70 backdrop-blur-sm border border-gray-300/50 dark:border-gray-600/50 rounded-xl focus:outline-none focus:ring-2 focus:ring-primary focus:border-transparent dark:text-white"[39m
                [33mplaceholder[39m=[32m"0.00"[39m
                [33mrequired[39m=[32m""[39m
                [33mstep[39m=[32m"0.01"[39m
                [33mtype[39m=[32m"number"[39m
                [33mvalue[39m=[32m""[39m
              [36m/>[39m
            [36m</div>[39m
            [36m<div>[39m
              [36m<label[39m
                [33mclass[39m=[32m"block text-sm font-medium text-gray-700 dark:text-gray-300 mb-1"[39m
              [36m>[39m
                [0mTarget Amount (£)[0m
              [36m</label>[39m
              [36m<input[39m
                [33mclass[39m=[32m"w-full px-3 py-2 bg-white/70 dark:bg-gray-800/70 backdrop-blur-sm border border-gray-300/50 dark:border-gray-600/50 rounded-xl focus:outline-none focus:ring-2 focus:ring-primary focus:border-transparent dark:text-white"[39m
                [33mplaceholder[39m=[32m"0.00"[39m
                [33mrequired[39m=[32m""[39m
                [33mstep[39m=[32m"0.01"[39m
                [33mtype[39m=[32m"number"[39m
                [33mvalue[39m=[32m""[39m
              [36m/>[39m
            [36m</div>[39m
          [36m</div>[39m
          [36m<div>[39m
            [36m<label[39m
              [33mclass[39m=[32m"block text-sm font-medium text-gray-700 dark:text-gray-300 mb-1"[39m
            [36m>[39m
              [0mTarget Date[0m
            [36m</label>[39m
            [36m<input[39m
              [33mclass[39m=[32m"w-full px-3 py-2 bg-white/70 dark:bg-gray-800/70 backdrop-blur-sm border border-gray-300/50 dark:border-gray-600/50 rounded-xl focus:outline-none focus:ring-2 focus:ring-primary focus:border-transparent dark:text-white"[39m
              [33mrequired[39m=[32m""[39m
              [33mtype[39m=[32m"date"[39m
              [33mvalue[39m=[32m""[39m
            [36m/>[39m
          [36m</div>[39m
          [36m<div>[39m
            [36m<label[39m
              [33mclass[39m=[32m"block text-sm font-medium text-gray-700 dark:text-gray-300 mb-1"[39m
            [36m>[39m
              [0mDescription (Optional)[0m
            [36m</label>[39m
            [36m<textarea[39m
              [33mclass[39m=[32m"w-full px-3 py-2 bg-white/70 dark:bg-gray-800/70 backdrop-blur-sm border border-gray-300/50 dark:border-gray-600/50 rounded-xl focus:outline-none focus:ring-2 focus:ring-primary focus:border-transparent dark:text-white"[39m
              [33mplaceholder[39m=[32m"What is this goal for?"[39m
              [33mrows[39m=[32m"3"[39m
            [36m/>[39m
          [36m</div>[39m
          [36m<div>[39m
            [36m<label[39m
              [33mclass[39m=[32m"block text-sm font-medium text-gray-700 dark:text-gray-300 mb-1"[39m
            [36m>[39m
              [0mLink to Accounts (Optional)[0m
            [36m</label>[39m
            [36m<div[39m
              [33mclass[39m=[32m"space-y-2 max-h-32 overflow-y-auto"[39m
            [36m>[39m
              [36m<label[39m
                [33mclass[39m=[32m"flex items-center"[39m
              [36m>[39m
                [36m<input[39m
                  [33mclass[39m=[32m"mr-2 h-4 w-4 text-blue-600 focus:ring-blue-500 border-gray-300 rounded"[39m
                  [33mtype[39m=[32m"checkbox"[39m
                [36m/>[39m
                [36m<span[39m
                  [33mclass[39m=[32m"text-sm text-gray-700 dark:text-gray-300"[39m
                [36m>[39m
                  [0mNatwest Current Account[0m
                  [0m ([0m
                  [0mcurrent[0m
                  [0m)[0m
                [36m</span>[39m
              [36m</label>[39m
              [36m<label[39m
                [33mclass[39m=[32m"flex items-center"[39m
              [36m>[39m
                [36m<input[39m
                  [33mclass[39m=[32m"mr-2 h-4 w-4 text-blue-600 focus:ring-blue-500 border-gray-300 rounded"[39m
                  [33mtype[39m=[32m"checkbox"[39m
                [36m/>[39m
                [36m<span[39m
                  [33mclass[39m=[32m"text-sm text-gray-700 dark:text-gray-300"[39m
                [36m>[39m
                  [0mMonzo Current Account[0m
                  [0m ([0m
                  [0mcurrent[0m
                  [0m)[0m
                [36m</span>[39m
              [36m</label>[39m
              [36m<label[39m
                [33mclass[39m=[32m"flex items-center"[39m
              [36m>[39m
                [36m<input[39m
                  [33mclass[39m=[32m"mr-2 h-4 w-4 text-blue-600 focus:ring-blue-500 border-gray-300 rounded"[39m
                  [33mtype[39m=[32m"checkbox"[39m
                [36m/>[39m
                [36m<span[39m
                  [33mclass[39m=[32m"text-sm text-gray-700 dark:text-gray-300"[39m
                [36m>[39m
                  [0mNatwest Savings Account[0m
                  [0m ([0m
                  [0msavings[0m
                  [0m)[0m
                [36m</span>[39m
              [36m</label>[39m
              [36m<label[39m
                [33mclass[39m=[32m"flex items-center"[39m
              [36m>[39m
                [36m<input[39m
                  [33mclass[39m=[32m"mr-2 h-4 w-4 text-blue-600 focus:ring-blue-500 border-gray-300 rounded"[39m
                  [33mtype[39m=[32m"checkbox"[39m
                [36m/>[39m
                [36m<span[39m
                  [33mclass[39m=[32m"text-sm text-gray-700 dark:text-gray-300"[39m
                [36m>[39m
                  [0mNS&I Premium Bonds[0m
                  [0m ([0m
                  [0msavings[0m
                  [0m)[0m
                [36m</span>[39m
              [36m</label>[39m
              [36m<label[39m
                [33mclass[39m=[32m"flex items-center"[39m
              [36m>[39m
                [36m<input[39m
                  [33mclass[39m=[32m"mr-2 h-4 w-4 text-blue-600 focus:ring-blue-500 border-gray-300 rounded"[39m
                  [33mtype[39m=[32m"checkbox"[39m
                [36m/>[39m
                [36m<span[39m
                  [33mclass[39m=[32m"text-sm text-gray-700 dark:text-gray-300"[39m
                [36m>[39m
                  [0mNatwest Credit Card[0m
                  [0m ([0m
                  [0mcredit[0m
                  [0m)[0m
                [36m</span>[39m
              [36m</label>[39m
              [36m<label[39m
                [33mclass[39m=[32m"flex items-center"[39m
              [36m>[39m
                [36m<input[39m
                  [33mclass[39m=[32m"mr-2 h-4 w-4 text-blue-600 focus:ring-blue-500 border-gray-300 rounded"[39m
                  [33mtype[39m=[32m"checkbox"[39m
                [36m/>[39m
                [36m<span[39m
                  [33mclass[39m=[32m"text-sm text-gray-700 dark:text-gray-300"[39m
                [36m>[39m
                  [0mAmerican Express Gold[0m
                  [0m ([0m
                  [0mcredit[0m
                  [0m)[0m
                [36m</span>[39m
              [36m</label>[39m
              [36m<label[39m
                [33mclass[39m=[32m"flex items-center"[39m
              [36m>[39m
                [36m<input[39m
                  [33mclass[39m=[32m"mr-2 h-4 w-4 text-blue-600 focus:ring-blue-500 border-gray-300 rounded"[39m
                  [33mtype[39m=[32m"checkbox"[39m
                [36m/>[39m
                [36m<span[39m
                  [33mclass[39m=[32m"text-sm text-gray-700 dark:text-gray-300"[39m
                [36m>[39m
                  [0mNatwest Personal Loan[0m
                  [0m ([0m
                  [0mloan[0m
                  [0m)[0m
                [36m</span>[39m
              [36m</label>[39m
              [36m<label[39m
                [33mclass[39m=[32m"flex items-center"[39m
              [36m>[39m
                [36m<input[39m
                  [33mclass[39m=[32m"mr-2 h-4 w-4 text-blue-600 focus:ring-blue-500 border-gray-300 rounded"[39m
                  [33mtype[39m=[32m"checkbox"[39m
                [36m/>[39m
                [36m<span[39m
                  [33mclass[39m=[32m"text-sm text-gray-700 dark:text-gray-300"[39m
                [36m>[39m
                  [0mNatwest Mortgage[0m
                  [0m ([0m
                  [0mmortgage[0m
                  [0m)[0m
                [36m</span>[39m
              [36m</label>[39m
              [36m<label[39m
                [33mclass[39m=[32m"flex items-center"[39m
              [36m>[39m
                [36m<input[39m
                  [33mclass[39m=[32m"mr-2 h-4 w-4 text-blue-600 focus:ring-blue-500 border-gray-300 rounded"[39m
                  [33mtype[39m=[32m"checkbox"[39m
                [36m/>[39m
                [36m<span[39m
                  [33mclass[39m=[32m"text-sm text-gray-700 dark:text-gray-300"[39m
                [36m>[39m
                  [0mHargreaves Lansdown SIPP[0m
                  [0m ([0m
                  [0minvestment[0m
                  [0m)[0m
                [36m</span>[39m
              [36m</label>[39m
              [36m<label[39m
                [33mclass[39m=[32m"flex items-center"[39m
              [36m>[39m
                [36m<input[39m
                  [33mclass[39m=[32m"mr-2 h-4 w-4 text-blue-600 focus:ring-blue-500 border-gray-300 rounded"[39m
                  [33mtype[39m=[32m"checkbox"[39m
                [36m/>[39m
                [36m<span[39m
                  [33mclass[39m=[32m"text-sm text-gray-700 dark:text-gray-300"[39m
                [36m>[39m
                  [0mHargreaves Lansdown ISA[0m
                  [0m ([0m
                  [0minvestment[0m
                  [0m)[0m
                [36m</span>[39m
              [36m</label>[39m
              [36m<label[39m
                [33mclass[39m=[32m"flex items-center"[39m
              [36m>[39m
                [36m<input[39m
                  [33mclass[39m=[32m"mr-2 h-4 w-4 text-blue-600 focus:ring-blue-500 border-gray-300 rounded"[39m
                  [33mtype[39m=[32m"checkbox"[39m
                [36m/>[39m
                [36m<span[39m
                  [33mclass[39m=[32m"text-sm text-gray-700 dark:text-gray-300"[39m
                [36m>[39m
                  [0mCity Trader Account[0m
                  [0m ([0m
                  [0minvestment[0m
                  [0m)[0m
                [36m</span>[39m
              [36m</label>[39m
              [36m<label[39m
                [33mclass[39m=[32m"flex items-center"[39m
              [36m>[39m
                [36m<input[39m
                  [33mclass[39m=[32m"mr-2 h-4 w-4 text-blue-600 focus:ring-blue-500 border-gray-300 rounded"[39m
                  [33mtype[39m=[32m"checkbox"[39m
                [36m/>[39m
                [36m<span[39m
                  [33mclass[39m=[32m"text-sm text-gray-700 dark:text-gray-300"[39m
                [36m>[39m
                  [0mPrimary Residence[0m
                  [0m ([0m
                  [0masset[0m
                  [0m)[0m
                [36m</span>[39m
              [36m</label>[39m
            [36m</div>[39m
          [36m</div>[39m
          [36m<div>[39m
            [36m<label[39m
              [33mclass[39m=[32m"flex items-center"[39m
            [36m>[39m
              [36m<input[39m
                [33mchecked[39m=[32m""[39m
                [33mclass[39m=[32m"mr-2 h-4 w-4 text-blue-600 focus:ring-blue-500 border-gray-300 rounded"[39m
                [33mtype[39m=[32m"checkbox"[39m
              [36m/>[39m
              [36m<span[39m
                [33mclass[39m=[32m"text-sm text-gray-700 dark:text-gray-300"[39m
              [36m>[39m
                [0mActive Goal[0m
              [36m</span>[39m
            [36m</label>[39m
          [36m</div>[39m
        [36m</div>[39m
        [36m<div[39m
          [33mdata-testid[39m=[32m"modal-footer"[39m
        [36m>[39m
          [36m<div[39m
            [33mclass[39m=[32m"flex justify-end space-x-3 w-full"[39m
          [36m>[39m
            [36m<button[39m
              [33mclass[39m=[32m"px-4 py-2 text-gray-700 dark:text-gray-300 hover:text-gray-900 dark:hover:text-gray-100"[39m
              [33mtype[39m=[32m"button"[39m
            [36m>[39m
              [0mCancel[0m
            [36m</button>[39m
            [36m<button[39m
              [33mclass[39m=[32m"px-4 py-2 bg-blue-600 text-white rounded-2xl hover:bg-blue-700 focus:outline-none focus:ring-2 focus:ring-blue-500"[39m
              [33mtype[39m=[32m"submit"[39m
            [36m>[39m
              [0mCreate Goal[0m
            [36m</button>[39m
          [36m</div>[39m
        [36m</div>[39m
      [36m</form>[39m
    [36m</div>[39m
  [36m</div>[39m
[36m</body>[39m
   ✓ GoalModal > real-world scenarios > handles creating an inactive goal 119ms
   ✓ GoalModal > real-world scenarios > handles user canceling goal creation 38ms
   ✓ GoalModal > real-world scenarios > handles form validation errors gracefully 13ms
 ❯ src/utils/__tests__/calculations-decimal.test.ts (44 tests | 4 failed) 19ms
   ✓ Decimal Calculation Utilities > calculateTotalBalance > calculates total balance with decimal precision 1ms
   ✓ Decimal Calculation Utilities > calculateTotalBalance > handles floating point precision correctly 0ms
   ✓ Decimal Calculation Utilities > calculateNetWorth > calculates net worth with decimal precision 0ms
   ✓ Decimal Calculation Utilities > calculateTotalIncome > calculates total income with decimal precision 0ms
   ✓ Decimal Calculation Utilities > calculateTotalExpenses > calculates total expenses with decimal precision 0ms
   × Decimal Calculation Utilities > calculateBudgetUsage > calculates budget usage with decimal precision 6ms
     → expected '0' to be '250.75' // Object.is equality
   × Decimal Calculation Utilities > calculateBudgetProgress > calculates budget progress percentage with decimal precision 2ms
     → expected +0 to be 25 // Object.is equality
   × Decimal Calculation Utilities > calculateBudgetProgress > handles decimal percentages correctly 0ms
     → expected +0 to be close to 33.33, received difference is 33.33, but expected 0.005
   ✓ Decimal Calculation Utilities > calculateGoalProgress > calculates goal progress with decimal precision 0ms
   ✓ Decimal Calculation Utilities > calculateAverageTransactionAmount > calculates average with decimal precision 0ms
   ✓ Decimal Calculation Utilities > calculateAverageTransactionAmount > handles decimal averages correctly 0ms
   ✓ Decimal Calculation Utilities > calculateCashFlow > calculates cash flow with decimal precision 0ms
   ✓ Decimal Calculation Utilities > calculateCashFlow > maintains precision in calculations 0ms
   ✓ Decimal Calculation Utilities > calculateSavingsRate > calculates savings rate with decimal precision 0ms
   ✓ Decimal Calculation Utilities > getTopCategories > sorts categories by total with decimal precision 1ms
   ✓ Decimal Calculation Utilities > calculateMonthlyTrends > calculates monthly trends with decimal precision 1ms
   ✓ Decimal Calculation Utilities > calculateNetIncome > calculates net income correctly 0ms
   ✓ Decimal Calculation Utilities > calculateAccountBalance > calculates account balance including transactions 0ms
   × Decimal Calculation Utilities > calculateBudgetSpending > calculates budget spending within date range 1ms
     → expected '0' to be '100' // Object.is equality
   ✓ Decimal Calculation Utilities > calculateBudgetRemaining > calculates remaining budget correctly 0ms
   ✓ Decimal Calculation Utilities > calculateBudgetRemaining > returns zero when overspent 0ms
   ✓ Decimal Calculation Utilities > calculateBudgetPercentage > calculates budget percentage correctly 0ms
   ✓ Decimal Calculation Utilities > calculateBudgetPercentage > returns zero for zero budget 0ms
   ✓ Decimal Calculation Utilities > calculateGoalRemaining > calculates remaining amount for goal 0ms
   ✓ Decimal Calculation Utilities > calculateGoalRemaining > returns zero when goal exceeded 0ms
   ✓ Decimal Calculation Utilities > calculateGoalMonthlyTarget > calculates monthly target amount 0ms
   ✓ Decimal Calculation Utilities > calculateGoalMonthlyTarget > returns zero for completed goals 0ms
   ✓ Decimal Calculation Utilities > calculateSavingsRateFromAmounts > calculates savings rate correctly 0ms
   ✓ Decimal Calculation Utilities > calculateSavingsRateFromAmounts > returns zero for zero income 0ms
   ✓ Decimal Calculation Utilities > calculateDebtToIncomeRatio > calculates debt to income ratio correctly 0ms
   ✓ Decimal Calculation Utilities > calculateDebtToIncomeRatio > returns zero for zero income 0ms
   ✓ Decimal Calculation Utilities > calculateCategorySpending > calculates category spending with date range 0ms
   ✓ Decimal Calculation Utilities > calculateCategorySpending > calculates category spending without date range 0ms
   ✓ Decimal Calculation Utilities > calculateSpendingByCategory > calculates spending by category 0ms
   ✓ Decimal Calculation Utilities > calculateAverageTransaction > calculates average transaction amount 0ms
   ✓ Decimal Calculation Utilities > calculateAverageTransaction > returns zero for empty array 0ms
   ✓ Decimal Calculation Utilities > calculateInvestmentReturn > calculates investment returns correctly 0ms
   ✓ Decimal Calculation Utilities > calculateInvestmentReturn > handles zero invested amount 0ms
   ✓ Decimal Calculation Utilities > calculateCompoundInterest > calculates compound interest correctly 0ms
   ✓ Decimal Calculation Utilities > calculateDailyBalance > calculates daily balance history 0ms
   ✓ Decimal Calculation Utilities > Edge Cases > handles empty arrays gracefully 0ms
   ✓ Decimal Calculation Utilities > Edge Cases > handles zero amounts correctly 0ms
   ✓ Decimal Calculation Utilities > Edge Cases > handles negative amounts correctly 0ms
   ✓ Decimal Calculation Utilities > Performance Tests > handles large datasets efficiently 2ms
 ❯ src/contexts/BudgetContext.test.tsx (34 tests | 8 failed) 63ms
   ✓ BudgetContext > initialization > provides empty array when localStorage is empty 9ms
   ✓ BudgetContext > initialization > loads budgets from localStorage 2ms
   ✓ BudgetContext > initialization > handles invalid localStorage data gracefully 3ms
   ✓ BudgetContext > initialization > uses initialBudgets when provided and localStorage is empty 1ms
   ✓ BudgetContext > initialization > prefers localStorage over initialBudgets 2ms
   ✓ BudgetContext > addBudget > adds a new budget with generated id and createdAt 2ms
   ✓ BudgetContext > addBudget > preserves explicit isActive value 1ms
   ✓ BudgetContext > addBudget > defaults isActive to true when not specified 1ms
   ✓ BudgetContext > addBudget > saves to localStorage after adding 2ms
   ✓ BudgetContext > addBudget > handles budgets with all optional fields 1ms
   ✓ BudgetContext > addBudget > supports all budget periods 1ms
   ✓ BudgetContext > updateBudget > updates an existing budget 1ms
   ✓ BudgetContext > updateBudget > does nothing if budget not found 0ms
   ✓ BudgetContext > updateBudget > saves to localStorage after updating 1ms
   ✓ BudgetContext > updateBudget > can update period 0ms
   ✓ BudgetContext > updateBudget > can toggle isActive status 0ms
   ✓ BudgetContext > updateBudget > can update tracking fields 1ms
   ✓ BudgetContext > deleteBudget > deletes an existing budget 1ms
   ✓ BudgetContext > deleteBudget > does nothing if budget not found 0ms
   ✓ BudgetContext > deleteBudget > saves to localStorage after deletion 1ms
   × BudgetContext > getBudgetByCategory > returns active budget for category 5ms
     → expected undefined to be defined
   ✓ BudgetContext > getBudgetByCategory > returns undefined for non-existent category 1ms
   × BudgetContext > getBudgetByCategory > ignores inactive budgets 1ms
     → expected undefined to be 'budget-2' // Object.is equality
   × BudgetContext > getBudgetByCategory > returns first active budget if multiple exist for category 1ms
     → expected undefined to be 'budget-1' // Object.is equality
   × BudgetContext > getBudgetByCategory > handles budget with isActive undefined as active 1ms
     → expected undefined to be defined
   ✓ BudgetContext > persistence > saves to localStorage on every change 1ms
   ✓ BudgetContext > persistence > persists budgets across remounts 1ms
   ✓ BudgetContext > error handling > throws error when useBudgets is used outside provider 11ms
   ✓ BudgetContext > error handling > throws when localStorage fails 4ms
   × BudgetContext > complex scenarios > handles multiple budget operations 1ms
     → expected undefined to be 600 // Object.is equality
   × BudgetContext > complex scenarios > handles budget tracking workflow 1ms
     → expected undefined to be 50 // Object.is equality
   × BudgetContext > complex scenarios > handles budget period conversions 1ms
     → expected +0 to be 200 // Object.is equality
   × BudgetContext > complex scenarios > handles budget categories with special characters 1ms
     → expected undefined to be defined
   ✓ BudgetContext > complex scenarios > handles large number of budgets efficiently 1ms
 ✓ src/components/CSVImportWizard.test.tsx (44 tests) 933ms
 ✓ src/contexts/GoalContext.test.tsx (31 tests) 64ms
 ✓ src/services/portfolioRebalanceService.test.ts (34 tests) 23ms
 ✓ src/components/ImportDataModal.test.tsx (30 tests) 2252ms
   ✓ ImportDataModal > Modal Actions > closes modal after successful import  1996ms
 ✓ src/components/common/MobileInput.test.tsx (58 tests) 221ms
 ✓ src/components/FixSummaryModal.test.tsx (48 tests) 445ms
 ✓ src/components/TransactionDetailsModal.test.tsx (47 tests) 251ms
 ✓ src/contexts/AccountContext.test.tsx (31 tests) 58ms
 ✓ src/services/__tests__/importRulesService.test.ts (42 tests) 12ms
 ✓ src/components/widgets/NetWorthWidget.test.tsx (27 tests) 106ms
 ✓ src/store/__tests__/slices.test.ts (32 tests) 314ms
 ✓ src/contexts/CategoryContext.test.tsx (39 tests) 56ms
 ✓ src/services/investmentEnhancementService.test.ts (34 tests) 11ms
 ❯ src/components/AddInvestmentModal.test.tsx (35 tests | 10 failed) 252ms
   ✓ AddInvestmentModal > Modal Rendering > does not render when closed 15ms
   ✓ AddInvestmentModal > Modal Rendering > renders when open 39ms
   ✓ AddInvestmentModal > Account Selection > shows account dropdown when no accountId provided 7ms
   ✓ AddInvestmentModal > Account Selection > hides account dropdown when accountId provided 8ms
   × AddInvestmentModal > Account Selection > only shows investment accounts in dropdown 14ms
     → Unable to find an element with the text: Stocks ISA (Vanguard). This could be because the text is broken up by multiple elements. In this case, you can provide a function for your text matcher to make your matcher more flexible.

Ignored nodes: comments, script, style
[36m<body>[39m
  [36m<div>[39m
    [36m<div[39m
      [33maria-labelledby[39m=[32m"modal-title"[39m
      [33mdata-testid[39m=[32m"modal"[39m
      [33mrole[39m=[32m"dialog"[39m
    [36m>[39m
      [36m<div[39m
        [33mid[39m=[32m"modal-title"[39m
      [36m>[39m
        [0mAdd Investment[0m
      [36m</div>[39m
      [36m<button[39m
        [33maria-label[39m=[32m"Close modal"[39m
      [36m>[39m
        [0mClose[0m
      [36m</button>[39m
      [36m<form>[39m
        [36m<div[39m
          [33mdata-testid[39m=[32m"modal-body"[39m
        [36m>[39m
          [36m<div[39m
            [33mclass[39m=[32m"mb-6"[39m
          [36m>[39m
            [36m<label[39m
              [33mclass[39m=[32m"block text-sm font-medium text-gray-700 dark:text-gray-300 mb-2"[39m
            [36m>[39m
              [0mInvestment Account*[0m
            [36m</label>[39m
            [36m<select[39m
              [33mclass[39m=[32m"w-full px-3 py-2 bg-white/70 dark:bg-gray-800/70 backdrop-blur-sm border border-gray-300/50 dark:border-gray-600/50 rounded-xl focus:outline-none focus:ring-2 focus:ring-primary focus:border-transparent dark:text-white"[39m
              [33mrequired[39m=[32m""[39m
            [36m>[39m
              [36m<option[39m
                [33mvalue[39m=[32m""[39m
              [36m>[39m
                [0mSelect an investment account[0m
              [36m</option>[39m
              [36m<option[39m
                [33mvalue[39m=[32m"9"[39m
              [36m>[39m
                [0mHargreaves Lansdown SIPP[0m
                [0m ([0m
                [0mHargreaves Lansdown[0m
                [0m)[0m
              [36m</option>[39m
              [36m<option[39m
                [33mvalue[39m=[32m"10"[39m
              [36m>[39m
                [0mHargreaves Lansdown ISA[0m
                [0m ([0m
                [0mHargreaves Lansdown[0m
                [0m)[0m
              [36m</option>[39m
              [36m<option[39m
                [33mvalue[39m=[32m"11"[39m
              [36m>[39m
                [0mCity Trader Account[0m
                [0m ([0m
                [0mCity Trading[0m
                [0m)[0m
              [36m</option>[39m
            [36m</select>[39m
          [36m</div>[39m
          [36m<div[39m
            [33mclass[39m=[32m"mb-6"[39m
          [36m>[39m
            [36m<label[39m
              [33mclass[39m=[32m"block text-sm font-medium text-gray-700 dark:text-gray-300 mb-2"[39m
            [36m>[39m
              [0mCategory of Investment*[0m
            [36m</label>[39m
            [36m<div[39m
              [33mclass[39m=[32m"grid grid-cols-2 md:grid-cols-4 gap-3"[39m
            [36m>[39m
              [36m<button[39m
                [33mclass[39m=[32m"px-4 py-2 rounded-lg transition-colors bg-gray-100 dark:bg-gray-700 text-gray-700 dark:text-gray-300 hover:bg-gray-200 dark:hover:bg-gray-600"[39m
                [33mtype[39m=[32m"button"[39m
              [36m>[39m
                [0mFund[0m
              [36m</button>[39m
              [36m<button[39m
                [33mclass[39m=[32m"px-4 py-2 rounded-lg transition-colors bg-blue-600 text-white"[39m
                [33mtype[39m=[32m"button"[39m
              [36m>[39m
                [0mShare[0m
              [36m</button>[39m
              [36m<button[39m
                [33mclass[39m=[32m"px-4 py-2 rounded-lg transition-colors bg-gray-100 dark:bg-gray-700 text-gray-700 dark:text-gray-300 hover:bg-gray-200 dark:hover:bg-gray-600"[39m
                [33mtype[39m=[32m"button"[39m
              [36m>[39m
                [0mCash[0m
              [36m</button>[39m
              [36m<button[39m
                [33mclass[39m=[32m"px-4 py-2 rounded-lg transition-colors bg-gray-100 dark:bg-gray-700 text-gray-700 dark:text-gray-300 hover:bg-gray-200 dark:hover:bg-gray-600"[39m
                [33mtype[39m=[32m"button"[39m
              [36m>[39m
                [0mOther[0m
              [36m</button>[39m
            [36m</div>[39m
          [36m</div>[39m
          [36m<div[39m
            [33mclass[39m=[32m"grid grid-cols-1 md:grid-cols-2 gap-6"[39m
          [36m>[39m
            [36m<div>[39m
              [36m<label[39m
                [33mclass[39m=[32m"block text-sm font-medium text-gray-700 dark:text-gray-300 mb-2"[39m
              [36m>[39m
                [0mStock Code[0m
                [36m<span[39m
                  [33mclass[39m=[32m"text-gray-400 text-xs ml-1"[39m
                [36m>[39m
                  [0m(e.g. AAPL)[0m
                [36m</span>[39m
              [36m</label>[39m
              [36m<input[39m
                [33mclass[39m=[32m"w-full px-3 py-2 bg-white/70 dark:bg-gray-800/70 backdrop-blur-sm border border-gray-300/50 dark:border-gray-600/50 rounded-xl focus:outline-none focus:ring-2 focus:ring-primary focus:border-transparent dark:text-white"[39m
                [33mplaceholder[39m=[32m"AAPL"[39m
                [33mtype[39m=[32m"text"[39m
                [33mvalue[39m=[32m""[39m
              [36m/>[39m
            [36m</div>[39m
            [36m<div>[39m
              [36m<label[39m
                [33mclass[39m=[32m"block text-sm font-medium text-gray-700 dark:text-gray-300 mb-2"[39m
              [36m>[39m
                [0mInvestment Name*[0m
              [36m</label>[39m
              [36m<input[39m
                [33mclass[39m=[32m"w-full px-3 py-2 bg-white/70 dark:bg-gray-800/70 backdrop-blur-sm border border-gray-300/50 dark:border-gray-600/50 rounded-xl focus:outline-none focus:ring-2 focus:ring-primary focus:border-transparent dark:text-white"[39m
                [33mplaceholder[39m=[32m"Apple Inc."[39m
                [33mrequired[39m=[32m""[39m
                [33mtype[39m=[32m"text"[39m
                [33mvalue[39m=[32m""[39m
              [36m/>[39m
            [36m</div>[39m
            [36m<div>[39m
              [36m<label[39m
                [33mclass[39m=[32m"block text-sm font-medium text-gray-700 dark:text-gray-300 mb-2"[39m
              [36m>[39m
                [0mNumber of Units/Shares[0m
                [0m*[0m
              [36m</label>[39m
              [36m<input[39m
                [33mclass[39m=[32m"w-full px-3 py-2 bg-white/70 dark:bg-gray-800/70 backdrop-blur-sm border border-gray-300/50 dark:border-gray-600/50 rounded-xl focus:outline-none focus:ring-2 focus:ring-primary focus:border-transparent dark:text-white"[39m
                [33mplaceholder[39m=[32m"100"[39m
                [33mrequired[39m=[32m""[39m
                [33mstep[39m=[32m"0.0001"[39m
                [33mtype[39m=[32m"number"[39m
                [33mvalue[39m=[32m""[39m
              [36m/>[39m
            [36m</div>[39m
            [36m<div>[39m
              [36m<label[39m
                [33mclass[39m=[32m"block text-sm font-medium text-gray-700 dark:text-gray-300 mb-2"[39m
              [36m>[39m
                [0mPrice per Unit/Share (£)[0m
                [0m*[0m
              [36m</label>[39m
              [36m<input[39m
                [33mclass[39m=[32m"w-full px-3 py-2 bg-white/70 dark:bg-gray-800/70 backdrop-blur-sm border border-gray-300/50 dark:border-gray-600/50 rounded-xl focus:outline-none focus:ring-2 focus:ring-primary focus:border-transparent dark:text-white"[39m
                [33mplaceholder[39m=[32m"150.00"[39m
                [33mrequired[39m=[32m""[39m
                [33mstep[39m=[32m"0.01"[39m
                [33mtype[39m=[32m"number"[39m
                [33mvalue[39m=[32m""[39m
              [36m/>[39m
            [36m</div>[39m
            [36m<div>[39m
              [36m<label[39m
                [33mclass[39m=[32m"block text-sm font-medium text-gray-700 dark:text-gray-300 mb-2"[39m
              [36m>[39m
                [0mTransaction Fee ([0m
                [0m£[0m
                [0m)[0m
              [36m</label>[39m
              [36m<input[39m
                [33mclass[39m=[32m"w-full px-3 py-2 bg-white/70 dark:bg-gray-800/70 backdrop-blur-sm border border-gray-300/50 dark:border-gray-600/50 rounded-xl focus:outline-none focus:ring-2 focus:ring-primary focus:border-transparent dark:text-white"[39m
                [33mplaceholder[39m=[32m"0.00"[39m
                [33mstep[39m=[32m"0.01"[39m
                [33mtype[39m=[32m"number"[39m
                [33mvalue[39m=[32m""[39m
              [36m/>[39m
            [36m</div>[39m
            [36m<div>[39m
              [36m<label[39m
                [33mclass[39m=[32m"block text-sm font-medium text-gray-700 dark:text-gray-300 mb-2"[39m
              [36m>[39m
                [0mStamp Duty/Levy ([0m
                [0m£[0m
                [0m)[0m
              [36m</label>[39m
              [36m<input[39m
                [33mclass[39m=[32m"w-full px-3 py-2 bg-white/70 dark:bg-gray-800/70 backdrop-blur-sm border border-gray-300/50 dark:border-gray-600/50 rounded-xl focus:outline-none focus:ring-2 focus:ring-primary focus:border-transparent dark:text-white"[39m
                [33mplaceholder[39m=[32m"0.00"[39m
                [33mstep[39m=[32m"0.01"[39m
                [33mtype[39m=[32m"number"[39m
                [33mvalue[39m=[32m""[39m
              [36m/>[39m
            [36m</div>[39m
            [36m<div>[39m
              [36m<label[39m
                [33mclass[39m=[32m"block text-sm font-medium text-gray-700 dark:text-gray-300 mb-2"[39m
              [36m>[39m
                [0mPurchase Date*[0m
              [36m</label>[39m
              [36m<input[39m
                [33mclass[39m=[32m"w-full px-3 py-2 bg-white/70 dark:bg-gray-800/70 backdrop-blur-sm border border-gray-300/50 dark:border-gray-600/50 rounded-xl focus:outline-none focus:ring-2 focus:ring-primary focus:border-transparent dark:text-white"[39m
                [33mrequired[39m=[32m""[39m
                [33mtype[39m=[32m"date"[39m
                [33mvalue[39m=[32m"2025-01-20"[39m
              [36m/>[39m
            [36m</div>[39m
          [36m</div>[39m
          [36m<div[39m
            [33mclass[39m=[32m"mt-6 p-4 bg-gray-50 dark:bg-gray-700/50 rounded-lg"[39m
          [36m>[39m
            [36m<div[39m
              [33mclass[39m=[32m"flex justify-between items-center"[39m
            [36m>[39m
              [36m<span[39m
                [33mclass[39m=[32m"text-sm text-gray-600 dark:text-gray-400"[39m
              [36m>[39m
                [0mTotal Cost:[0m
              [36m</span>[39m
              [36m<span[39m
                [33mclass[39m=[32m"text-xl font-bold text-gray-900 dark:text-white"[39m
              [36m>[39m
                [0m£0.00[0m
              [36m</span>[39m
            [36m</div>[39m
          [36m</div>[39m
          [36m<div[39m
            [33mclass[39m=[32m"mt-6"[39m
          [36m>[39m
            [36m<label[39m
              [33mclass[39m=[32m"block text-sm font-medium text-gray-700 dark:text-gray-300 mb-2"[39m
            [36m>[39m
              [0mNotes[0m
            [36m</label>[39m
            [36m<textarea[39m
              [33mclass[39m=[32m"w-full px-3 py-2 bg-white/70 dark:bg-gray-800/70 backdrop-blur-sm border border-gray-300/50 dark:border-gray-600/50 rounded-xl focus:outline-none focus:ring-2 focus:ring-primary focus:border-transparent dark:text-white"[39m
              [33mplaceholder[39m=[32m"Additional information about this investment..."[39m
              [33mrows[39m=[32m"3"[39m
            [36m/>[39m
          [36m</div>[39m
        [36m</div>[39m
        [36m<div[39m
          [33mdata-testid[39m=[32m"modal-footer"[39m
        [36m>[39m
          [36m<div[39m
            [33mclass[39m=[32m"flex justify-end gap-3 w-full"[39m
          [36m>[39m
            [36m<button[39m
              [33mclass[39m=[32m"px-6 py-2 border border-gray-300 dark:border-gray-600 text-gray-700 dark:text-gray-300 rounded-lg hover:bg-gray-50 dark:hover:bg-gray-700 transition-colors"[39m
              [33mtype[39m=[32m"button"[39m
            [36m>[39m
              [0mCancel[0m
            [36m</button>[39m
            [36m<button[39m
              [33mclass[39m=[32m"px-6 py-2 bg-blue-600 text-white rounded-lg hover:bg-blue-700 transition-colors flex items-center gap-2"[39m
              [33mtype[39m=[32m"submit"[39m
            [36m>[39m
              [36m<span[39m
                [33mdata-testid[39m=[32m"plus-icon"[39m
                [33mstyle[39m=[32m"font-size: 20px;"[39m
              [36m>[39m
                [0m➕[0m
              [36m</span>[39m
              [0mAdd Investment[0m
            [36m</button>[39m
          [36m</div>[39m
        [36m</div>[39m
      [36m</form>[39m
    [36m</div>[39m
  [36m</div>[39m
[36m</body>[39m
   ✓ AddInvestmentModal > Account Selection > shows message when no investment accounts exist 0ms
   ✓ AddInvestmentModal > Account Selection > preselects account when accountId provided 3ms
   ✓ AddInvestmentModal > Investment Type Selection > renders all investment type buttons 31ms
   ✓ AddInvestmentModal > Investment Type Selection > has share selected by default 9ms
   ✓ AddInvestmentModal > Investment Type Selection > updates investment type on button click 11ms
   ✓ AddInvestmentModal > Form Fields > renders all form fields 6ms
   ✓ AddInvestmentModal > Form Fields > changes field labels based on investment type 8ms
   ✓ AddInvestmentModal > Form Fields > disables stock code for cash investments 5ms
   ✓ AddInvestmentModal > Form Fields > converts stock code to uppercase 3ms
   × AddInvestmentModal > Form Fields > shows currency symbol based on selected account 5ms
     → Unable to find an element with the text: /Price per Unit.*\$/. This could be because the text is broken up by multiple elements. In this case, you can provide a function for your text matcher to make your matcher more flexible.

Ignored nodes: comments, script, style
[36m<body>[39m
  [36m<div>[39m
    [36m<div[39m
      [33maria-labelledby[39m=[32m"modal-title"[39m
      [33mdata-testid[39m=[32m"modal"[39m
      [33mrole[39m=[32m"dialog"[39m
    [36m>[39m
      [36m<div[39m
        [33mid[39m=[32m"modal-title"[39m
      [36m>[39m
        [0mAdd Investment[0m
      [36m</div>[39m
      [36m<button[39m
        [33maria-label[39m=[32m"Close modal"[39m
      [36m>[39m
        [0mClose[0m
      [36m</button>[39m
      [36m<form>[39m
        [36m<div[39m
          [33mdata-testid[39m=[32m"modal-body"[39m
        [36m>[39m
          [36m<div[39m
            [33mclass[39m=[32m"mb-6"[39m
          [36m>[39m
            [36m<label[39m
              [33mclass[39m=[32m"block text-sm font-medium text-gray-700 dark:text-gray-300 mb-2"[39m
            [36m>[39m
              [0mInvestment Account*[0m
            [36m</label>[39m
            [36m<select[39m
              [33mclass[39m=[32m"w-full px-3 py-2 bg-white/70 dark:bg-gray-800/70 backdrop-blur-sm border border-gray-300/50 dark:border-gray-600/50 rounded-xl focus:outline-none focus:ring-2 focus:ring-primary focus:border-transparent dark:text-white"[39m
              [33mrequired[39m=[32m""[39m
            [36m>[39m
              [36m<option[39m
                [33mvalue[39m=[32m""[39m
              [36m>[39m
                [0mSelect an investment account[0m
              [36m</option>[39m
              [36m<option[39m
                [33mvalue[39m=[32m"9"[39m
              [36m>[39m
                [0mHargreaves Lansdown SIPP[0m
                [0m ([0m
                [0mHargreaves Lansdown[0m
                [0m)[0m
              [36m</option>[39m
              [36m<option[39m
                [33mvalue[39m=[32m"10"[39m
              [36m>[39m
                [0mHargreaves Lansdown ISA[0m
                [0m ([0m
                [0mHargreaves Lansdown[0m
                [0m)[0m
              [36m</option>[39m
              [36m<option[39m
                [33mvalue[39m=[32m"11"[39m
              [36m>[39m
                [0mCity Trader Account[0m
                [0m ([0m
                [0mCity Trading[0m
                [0m)[0m
              [36m</option>[39m
            [36m</select>[39m
          [36m</div>[39m
          [36m<div[39m
            [33mclass[39m=[32m"mb-6"[39m
          [36m>[39m
            [36m<label[39m
              [33mclass[39m=[32m"block text-sm font-medium text-gray-700 dark:text-gray-300 mb-2"[39m
            [36m>[39m
              [0mCategory of Investment*[0m
            [36m</label>[39m
            [36m<div[39m
              [33mclass[39m=[32m"grid grid-cols-2 md:grid-cols-4 gap-3"[39m
            [36m>[39m
              [36m<button[39m
                [33mclass[39m=[32m"px-4 py-2 rounded-lg transition-colors bg-gray-100 dark:bg-gray-700 text-gray-700 dark:text-gray-300 hover:bg-gray-200 dark:hover:bg-gray-600"[39m
                [33mtype[39m=[32m"button"[39m
              [36m>[39m
                [0mFund[0m
              [36m</button>[39m
              [36m<button[39m
                [33mclass[39m=[32m"px-4 py-2 rounded-lg transition-colors bg-blue-600 text-white"[39m
                [33mtype[39m=[32m"button"[39m
              [36m>[39m
                [0mShare[0m
              [36m</button>[39m
              [36m<button[39m
                [33mclass[39m=[32m"px-4 py-2 rounded-lg transition-colors bg-gray-100 dark:bg-gray-700 text-gray-700 dark:text-gray-300 hover:bg-gray-200 dark:hover:bg-gray-600"[39m
                [33mtype[39m=[32m"button"[39m
              [36m>[39m
                [0mCash[0m
              [36m</button>[39m
              [36m<button[39m
                [33mclass[39m=[32m"px-4 py-2 rounded-lg transition-colors bg-gray-100 dark:bg-gray-700 text-gray-700 dark:text-gray-300 hover:bg-gray-200 dark:hover:bg-gray-600"[39m
                [33mtype[39m=[32m"button"[39m
              [36m>[39m
                [0mOther[0m
              [36m</button>[39m
            [36m</div>[39m
          [36m</div>[39m
          [36m<div[39m
            [33mclass[39m=[32m"grid grid-cols-1 md:grid-cols-2 gap-6"[39m
          [36m>[39m
            [36m<div>[39m
              [36m<label[39m
                [33mclass[39m=[32m"block text-sm font-medium text-gray-700 dark:text-gray-300 mb-2"[39m
              [36m>[39m
                [0mStock Code[0m
                [36m<span[39m
                  [33mclass[39m=[32m"text-gray-400 text-xs ml-1"[39m
                [36m>[39m
                  [0m(e.g. AAPL)[0m
                [36m</span>[39m
              [36m</label>[39m
              [36m<input[39m
                [33mclass[39m=[32m"w-full px-3 py-2 bg-white/70 dark:bg-gray-800/70 backdrop-blur-sm border border-gray-300/50 dark:border-gray-600/50 rounded-xl focus:outline-none focus:ring-2 focus:ring-primary focus:border-transparent dark:text-white"[39m
                [33mplaceholder[39m=[32m"AAPL"[39m
                [33mtype[39m=[32m"text"[39m
                [33mvalue[39m=[32m""[39m
              [36m/>[39m
            [36m</div>[39m
            [36m<div>[39m
              [36m<label[39m
                [33mclass[39m=[32m"block text-sm font-medium text-gray-700 dark:text-gray-300 mb-2"[39m
              [36m>[39m
                [0mInvestment Name*[0m
              [36m</label>[39m
              [36m<input[39m
                [33mclass[39m=[32m"w-full px-3 py-2 bg-white/70 dark:bg-gray-800/70 backdrop-blur-sm border border-gray-300/50 dark:border-gray-600/50 rounded-xl focus:outline-none focus:ring-2 focus:ring-primary focus:border-transparent dark:text-white"[39m
                [33mplaceholder[39m=[32m"Apple Inc."[39m
                [33mrequired[39m=[32m""[39m
                [33mtype[39m=[32m"text"[39m
                [33mvalue[39m=[32m""[39m
              [36m/>[39m
            [36m</div>[39m
            [36m<div>[39m
              [36m<label[39m
                [33mclass[39m=[32m"block text-sm font-medium text-gray-700 dark:text-gray-300 mb-2"[39m
              [36m>[39m
                [0mNumber of Units/Shares[0m
                [0m*[0m
              [36m</label>[39m
              [36m<input[39m
                [33mclass[39m=[32m"w-full px-3 py-2 bg-white/70 dark:bg-gray-800/70 backdrop-blur-sm border border-gray-300/50 dark:border-gray-600/50 rounded-xl focus:outline-none focus:ring-2 focus:ring-primary focus:border-transparent dark:text-white"[39m
                [33mplaceholder[39m=[32m"100"[39m
                [33mrequired[39m=[32m""[39m
                [33mstep[39m=[32m"0.0001"[39m
                [33mtype[39m=[32m"number"[39m
                [33mvalue[39m=[32m""[39m
              [36m/>[39m
            [36m</div>[39m
            [36m<div>[39m
              [36m<label[39m
                [33mclass[39m=[32m"block text-sm font-medium text-gray-700 dark:text-gray-300 mb-2"[39m
              [36m>[39m
                [0mPrice per Unit/Share (£)[0m
                [0m*[0m
              [36m</label>[39m
              [36m<input[39m
                [33mclass[39m=[32m"w-full px-3 py-2 bg-white/70 dark:bg-gray-800/70 backdrop-blur-sm border border-gray-300/50 dark:border-gray-600/50 rounded-xl focus:outline-none focus:ring-2 focus:ring-primary focus:border-transparent dark:text-white"[39m
                [33mplaceholder[39m=[32m"150.00"[39m
                [33mrequired[39m=[32m""[39m
                [33mstep[39m=[32m"0.01"[39m
                [33mtype[39m=[32m"number"[39m
                [33mvalue[39m=[32m""[39m
              [36m/>[39m
            [36m</div>[39m
            [36m<div>[39m
              [36m<label[39m
                [33mclass[39m=[32m"block text-sm font-medium text-gray-700 dark:text-gray-300 mb-2"[39m
              [36m>[39m
                [0mTransaction Fee ([0m
                [0m£[0m
                [0m)[0m
              [36m</label>[39m
              [36m<input[39m
                [33mclass[39m=[32m"w-full px-3 py-2 bg-white/70 dark:bg-gray-800/70 backdrop-blur-sm border border-gray-300/50 dark:border-gray-600/50 rounded-xl focus:outline-none focus:ring-2 focus:ring-primary focus:border-transparent dark:text-white"[39m
                [33mplaceholder[39m=[32m"0.00"[39m
                [33mstep[39m=[32m"0.01"[39m
                [33mtype[39m=[32m"number"[39m
                [33mvalue[39m=[32m""[39m
              [36m/>[39m
            [36m</div>[39m
            [36m<div>[39m
              [36m<label[39m
                [33mclass[39m=[32m"block text-sm font-medium text-gray-700 dark:text-gray-300 mb-2"[39m
              [36m>[39m
                [0mStamp Duty/Levy ([0m
                [0m£[0m
                [0m)[0m
              [36m</label>[39m
              [36m<input[39m
                [33mclass[39m=[32m"w-full px-3 py-2 bg-white/70 dark:bg-gray-800/70 backdrop-blur-sm border border-gray-300/50 dark:border-gray-600/50 rounded-xl focus:outline-none focus:ring-2 focus:ring-primary focus:border-transparent dark:text-white"[39m
                [33mplaceholder[39m=[32m"0.00"[39m
                [33mstep[39m=[32m"0.01"[39m
                [33mtype[39m=[32m"number"[39m
                [33mvalue[39m=[32m""[39m
              [36m/>[39m
            [36m</div>[39m
            [36m<div>[39m
              [36m<label[39m
                [33mclass[39m=[32m"block text-sm font-medium text-gray-700 dark:text-gray-300 mb-2"[39m
              [36m>[39m
                [0mPurchase Date*[0m
              [36m</label>[39m
              [36m<input[39m
                [33mclass[39m=[32m"w-full px-3 py-2 bg-white/70 dark:bg-gray-800/70 backdrop-blur-sm border border-gray-300/50 dark:border-gray-600/50 rounded-xl focus:outline-none focus:ring-2 focus:ring-primary focus:border-transparent dark:text-white"[39m
                [33mrequired[39m=[32m""[39m
                [33mtype[39m=[32m"date"[39m
                [33mvalue[39m=[32m"2025-01-20"[39m
              [36m/>[39m
            [36m</div>[39m
          [36m</div>[39m
          [36m<div[39m
            [33mclass[39m=[32m"mt-6 p-4 bg-gray-50 dark:bg-gray-700/50 rounded-lg"[39m
          [36m>[39m
            [36m<div[39m
              [33mclass[39m=[32m"flex justify-between items-center"[39m
            [36m>[39m
              [36m<span[39m
                [33mclass[39m=[32m"text-sm text-gray-600 dark:text-gray-400"[39m
              [36m>[39m
                [0mTotal Cost:[0m
              [36m</span>[39m
              [36m<span[39m
                [33mclass[39m=[32m"text-xl font-bold text-gray-900 dark:text-white"[39m
              [36m>[39m
                [0m£0.00[0m
              [36m</span>[39m
            [36m</div>[39m
          [36m</div>[39m
          [36m<div[39m
            [33mclass[39m=[32m"mt-6"[39m
          [36m>[39m
            [36m<label[39m
              [33mclass[39m=[32m"block text-sm font-medium text-gray-700 dark:text-gray-300 mb-2"[39m
            [36m>[39m
              [0mNotes[0m
            [36m</label>[39m
            [36m<textarea[39m
              [33mclass[39m=[32m"w-full px-3 py-2 bg-white/70 dark:bg-gray-800/70 backdrop-blur-sm border border-gray-300/50 dark:border-gray-600/50 rounded-xl focus:outline-none focus:ring-2 focus:ring-primary focus:border-transparent dark:text-white"[39m
              [33mplaceholder[39m=[32m"Additional information about this investment..."[39m
              [33mrows[39m=[32m"3"[39m
            [36m/>[39m
          [36m</div>[39m
        [36m</div>[39m
        [36m<div[39m
          [33mdata-testid[39m=[32m"modal-footer"[39m
        [36m>[39m
          [36m<div[39m
            [33mclass[39m=[32m"flex justify-end gap-3 w-full"[39m
          [36m>[39m
            [36m<button[39m
              [33mclass[39m=[32m"px-6 py-2 border border-gray-300 dark:border-gray-600 text-gray-700 dark:text-gray-300 rounded-lg hover:bg-gray-50 dark:hover:bg-gray-700 transition-colors"[39m
              [33mtype[39m=[32m"button"[39m
            [36m>[39m
              [0mCancel[0m
            [36m</button>[39m
            [36m<button[39m
              [33mclass[39m=[32m"px-6 py-2 bg-blue-600 text-white rounded-lg hover:bg-blue-700 transition-colors flex items-center gap-2"[39m
              [33mtype[39m=[32m"submit"[39m
            [36m>[39m
              [36m<span[39m
                [33mdata-testid[39m=[32m"plus-icon"[39m
                [33mstyle[39m=[32m"font-size: 20px;"[39m
              [36m>[39m
                [0m➕[0m
              [36m</span>[39m
              [0mAdd Investment[0m
            [36m</button>[39m
          [36m</div>[39m
        [36m</div>[39m
      [36m</form>[39m
    [36m</div>[39m
  [36m</div>[39m
[36m</body>[39m
   ✓ AddInvestmentModal > Total Calculation > calculates total correctly 3ms
   ✓ AddInvestmentModal > Total Calculation > shows calculation breakdown when fees present 3ms
   ✓ AddInvestmentModal > Total Calculation > handles empty values in calculation 4ms
   ✓ AddInvestmentModal > Total Calculation > handles invalid values in calculation 3ms
   ✓ AddInvestmentModal > Form Submission > validates required fields 13ms
   × AddInvestmentModal > Form Submission > creates transaction with correct data 8ms
     → expected "spy" to be called with arguments: [ { …(9) } ][90m

Number of calls: [1m0[22m
[39m
   × AddInvestmentModal > Form Submission > creates structured notes 4ms
     → expected "spy" to be called with arguments: [ ObjectContaining{…} ][90m

Number of calls: [1m0[22m
[39m
   × AddInvestmentModal > Form Submission > handles fund investment type 3ms
     → expected "spy" to be called with arguments: [ ObjectContaining{…} ][90m

Number of calls: [1m0[22m
[39m
   × AddInvestmentModal > Form Submission > handles cash investment type 2ms
     → expected "spy" to be called with arguments: [ ObjectContaining{…} ][90m

Number of calls: [1m0[22m
[39m
   × AddInvestmentModal > Form Submission > uses account currency for formatting 4ms
     → expected "spy" to be called with arguments: [ ObjectContaining{…} ][90m

Number of calls: [1m0[22m
[39m
   ✓ AddInvestmentModal > Form Reset > resets form when modal closes 4ms
   ✓ AddInvestmentModal > Form Reset > preserves accountId when resetting 4ms
   ✓ AddInvestmentModal > Modal Actions > calls onClose when cancel clicked 3ms
   ✓ AddInvestmentModal > Modal Actions > calls onClose from modal form options 3ms
   ✓ AddInvestmentModal > Accessibility > has accessible form structure 4ms
   ✓ AddInvestmentModal > Accessibility > has accessible form controls 11ms
   ✓ AddInvestmentModal > Accessibility > marks required fields 3ms
   × AddInvestmentModal > Edge Cases > handles zero fees correctly 3ms
     → expected "spy" to be called with arguments: [ ObjectContaining{…} ][90m

Number of calls: [1m0[22m
[39m
   × AddInvestmentModal > Edge Cases > handles decimal values correctly 3ms
     → expected "spy" to be called with arguments: [ ObjectContaining {"amount": -50.99} ][90m

Number of calls: [1m0[22m
[39m
   × AddInvestmentModal > Edge Cases > filters out empty tags 2ms
     → expected "spy" to be called with arguments: [ ObjectContaining{…} ][90m

Number of calls: [1m0[22m
[39m
 ❯ src/store/slices/notificationsSlice.test.ts (34 tests | 1 failed) 168ms
   ✓ notificationsSlice > initial state > returns default initial state when localStorage is empty 9ms
   ✓ notificationsSlice > initial state > loads notifications from localStorage on initialization 8ms
   ✓ notificationsSlice > initial state > handles invalid localStorage data gracefully 10ms
   ✓ notificationsSlice > initial state > handles localStorage errors gracefully 7ms
   × notificationsSlice > addNotification > adds a new notification with generated id and timestamp 15ms
     → expected { title: 'New Message', …(5) } to match object { title: 'New Message', …(5) }
   ✓ notificationsSlice > addNotification > adds notification to beginning of array (unshift) 3ms
   ✓ notificationsSlice > addNotification > saves to localStorage without action functions 7ms
   ✓ notificationsSlice > addNotification > handles all notification types 4ms
   ✓ notificationsSlice > addNotification > increments unread count 5ms
   ✓ notificationsSlice > markAsRead > marks a notification as read 3ms
   ✓ notificationsSlice > markAsRead > decrements unread count when marking as read 3ms
   ✓ notificationsSlice > markAsRead > does nothing if notification not found 2ms
   ✓ notificationsSlice > markAsRead > does nothing if notification already read 3ms
   ✓ notificationsSlice > markAsRead > saves to localStorage after marking as read 4ms
   ✓ notificationsSlice > markAllAsRead > marks all notifications as read 8ms
   ✓ notificationsSlice > markAllAsRead > handles empty notifications array 3ms
   ✓ notificationsSlice > markAllAsRead > handles mix of read and unread notifications 7ms
   ✓ notificationsSlice > markAllAsRead > saves to localStorage 4ms
   ✓ notificationsSlice > removeNotification > removes a notification by id 4ms
   ✓ notificationsSlice > removeNotification > decrements unread count when removing unread notification 4ms
   ✓ notificationsSlice > removeNotification > does not change unread count when removing read notification 4ms
   ✓ notificationsSlice > removeNotification > does nothing if notification not found 3ms
   ✓ notificationsSlice > removeNotification > saves to localStorage after removal 3ms
   ✓ notificationsSlice > clearAllNotifications > removes all notifications 3ms
   ✓ notificationsSlice > clearAllNotifications > handles empty notifications array 3ms
   ✓ notificationsSlice > clearAllNotifications > saves empty array to localStorage 4ms
   ✓ notificationsSlice > localStorage persistence > handles localStorage.setItem errors gracefully 3ms
   ✓ notificationsSlice > localStorage persistence > strips action handlers when saving to localStorage 5ms
   ✓ notificationsSlice > localStorage persistence > preserves notification order when loading from localStorage 10ms
   ✓ notificationsSlice > reducer behavior > returns current state for unknown action 3ms
   ✓ notificationsSlice > reducer behavior > maintains immutability 3ms
   ✓ notificationsSlice > complex scenarios > handles rapid notification management 4ms
   ✓ notificationsSlice > complex scenarios > handles notification with all optional fields 3ms
   ✓ notificationsSlice > complex scenarios > handles notification lifecycle 3ms
 ✓ src/hooks/useModalForm.test.ts (27 tests | 1 skipped) 108ms
 ❯ src/components/AccountReconciliationModal.test.tsx (29 tests | 29 failed) 18ms
   × AccountReconciliationModal > Rendering > renders nothing when closed 5ms
     → useApp.mockReturnValue is not a function
   × AccountReconciliationModal > Rendering > renders modal when open 0ms
     → useApp.mockReturnValue is not a function
   × AccountReconciliationModal > Rendering > renders all form fields 0ms
     → useApp.mockReturnValue is not a function
   × AccountReconciliationModal > Rendering > returns null if account not found 1ms
     → useApp.mockReturnValue is not a function
   × AccountReconciliationModal > Balance calculation > calculates system balance correctly 0ms
     → useApp.mockReturnValue is not a function
   × AccountReconciliationModal > Balance calculation > calculates balance up to reconciliation date 0ms
     → useApp.mockReturnValue is not a function
   × AccountReconciliationModal > Balance calculation > handles accounts without opening balance 0ms
     → useApp.mockReturnValue is not a function
   × AccountReconciliationModal > Form interactions > updates statement date 0ms
     → useApp.mockReturnValue is not a function
   × AccountReconciliationModal > Form interactions > updates statement balance 0ms
     → useApp.mockReturnValue is not a function
   × AccountReconciliationModal > Form interactions > shows difference when statement balance entered 0ms
     → useApp.mockReturnValue is not a function
   × AccountReconciliationModal > Form interactions > shows positive adjustment message 0ms
     → useApp.mockReturnValue is not a function
   × AccountReconciliationModal > Form interactions > shows negative adjustment message 0ms
     → useApp.mockReturnValue is not a function
   × AccountReconciliationModal > Form interactions > updates notes field 0ms
     → useApp.mockReturnValue is not a function
   × AccountReconciliationModal > Form interactions > opens category creation modal 0ms
     → useApp.mockReturnValue is not a function
   × AccountReconciliationModal > Category selection > shows category fields only when adjustment needed 0ms
     → useApp.mockReturnValue is not a function
   × AccountReconciliationModal > Category selection > shows income categories for positive difference 0ms
     → useApp.mockReturnValue is not a function
   × AccountReconciliationModal > Category selection > shows expense categories for negative difference 0ms
     → useApp.mockReturnValue is not a function
   × AccountReconciliationModal > Form submission > creates adjustment transaction for positive difference 0ms
     → useApp.mockReturnValue is not a function
   × AccountReconciliationModal > Form submission > creates adjustment transaction for negative difference 0ms
     → useApp.mockReturnValue is not a function
   × AccountReconciliationModal > Form submission > closes modal without creating transaction when no difference 0ms
     → useApp.mockReturnValue is not a function
   × AccountReconciliationModal > Form submission > uses custom notes when provided 0ms
     → useApp.mockReturnValue is not a function
   × AccountReconciliationModal > Form submission > closes modal after submission 0ms
     → useApp.mockReturnValue is not a function
   × AccountReconciliationModal > Modal controls > calls onClose when cancel button clicked 0ms
     → useApp.mockReturnValue is not a function
   × AccountReconciliationModal > Modal controls > calls onClose when close icon clicked 0ms
     → useApp.mockReturnValue is not a function
   × AccountReconciliationModal > Currency display > uses account currency symbol 0ms
     → useApp.mockReturnValue is not a function
   × AccountReconciliationModal > Currency display > formats currency correctly 5ms
     → useApp.mockReturnValue is not a function
   × AccountReconciliationModal > Edge cases > handles decimal precision correctly 0ms
     → useApp.mockReturnValue is not a function
   × AccountReconciliationModal > Edge cases > handles empty statement balance 0ms
     → useApp.mockReturnValue is not a function
   × AccountReconciliationModal > Edge cases > handles zero statement balance 0ms
     → useApp.mockReturnValue is not a function
 ✓ src/test/integration/ErrorHandlingIntegration.test.tsx (26 tests | 4 skipped) 131ms
 ❯ src/components/NetWorthTrendChart.test.tsx (17 tests | 17 failed) 12ms
   × NetWorthTrendChart > renders the chart with correct title 4ms
     → mockUseApp.mockReturnValue is not a function
   × NetWorthTrendChart > renders all chart components 1ms
     → mockUseApp.mockReturnValue is not a function
   × NetWorthTrendChart > configures chart components correctly 0ms
     → mockUseApp.mockReturnValue is not a function
   × NetWorthTrendChart > generates 6 months of data 0ms
     → mockUseApp.mockReturnValue is not a function
   × NetWorthTrendChart > formats months correctly 0ms
     → mockUseApp.mockReturnValue is not a function
   × NetWorthTrendChart > calculates net worth balances 0ms
     → mockUseApp.mockReturnValue is not a function
   × NetWorthTrendChart > handles empty accounts correctly 0ms
     → mockUseApp.mockReturnValue is not a function
   × NetWorthTrendChart > handles empty transactions correctly 0ms
     → mockUseApp.mockReturnValue is not a function
   × NetWorthTrendChart > handles negative balances correctly 0ms
     → mockUseApp.mockReturnValue is not a function
   × NetWorthTrendChart > processes income and expense transactions correctly 0ms
     → mockUseApp.mockReturnValue is not a function
   × NetWorthTrendChart > applies correct styling classes 0ms
     → mockUseApp.mockReturnValue is not a function
   × NetWorthTrendChart > memoizes data calculation correctly 0ms
     → mockUseApp.mockReturnValue is not a function
   × NetWorthTrendChart > updates when accounts change 0ms
     → mockUseApp.mockReturnValue is not a function
   × NetWorthTrendChart > updates when transactions change 0ms
     → mockUseApp.mockReturnValue is not a function
   × NetWorthTrendChart > handles large balance amounts correctly 0ms
     → mockUseApp.mockReturnValue is not a function
   × NetWorthTrendChart > maintains component memo behavior 0ms
     → mockUseApp.mockReturnValue is not a function
   × NetWorthTrendChart > handles different transaction types correctly 2ms
     → mockUseApp.mockReturnValue is not a function
 ✓ src/components/ExpenseSplitModal.test.tsx (33 tests) 315ms
 ❯ src/components/TagSelector.test.tsx (37 tests | 18 failed) 132ms
   ✓ TagSelector > Basic Rendering > renders input field with placeholder 20ms
   ✓ TagSelector > Basic Rendering > renders custom placeholder 4ms
   ✓ TagSelector > Basic Rendering > shows helper text when no tags selected 4ms
   ✓ TagSelector > Basic Rendering > hides helper text when tags are selected 8ms
   ✓ TagSelector > Basic Rendering > applies custom className 3ms
   ✓ TagSelector > Selected Tags Display > displays selected tags 2ms
   × TagSelector > Selected Tags Display > applies tag colors from tag data 13ms
     → [2mexpect([22m[31melement[39m[2m).toHaveAttribute([22m[32m[32m"style"[32m[39m[2m, [22m[32m[32mStringContaining "background-color: rgb(239, 68, 68)"[32m[39m[2m) // element.getAttribute("style") === StringContaining "background-color: rgb(239, 68, 68)"[22m

Expected the element to have attribute:
[32m  style=StringContaining "background-color: rgb(239, 68, 68)"[39m
Received:
[31m  style="background-color: rgb(107, 114, 128);"[39m
   ✓ TagSelector > Selected Tags Display > uses default color for unknown tags 2ms
   ✓ TagSelector > Selected Tags Display > shows remove button for each tag 3ms
   ✓ TagSelector > Selected Tags Display > removes tag when remove button clicked 5ms
   ✓ TagSelector > Dropdown Behavior > does not show dropdown initially 1ms
   × TagSelector > Dropdown Behavior > shows dropdown when typing 8ms
     → Unable to find an element with the text: urgent. This could be because the text is broken up by multiple elements. In this case, you can provide a function for your text matcher to make your matcher more flexible.

Ignored nodes: comments, script, style
[36m<body>[39m
  [36m<div>[39m
    [36m<div[39m
      [33mclass[39m=[32m"relative "[39m
    [36m>[39m
      [36m<div[39m
        [33mclass[39m=[32m"relative"[39m
      [36m>[39m
        [36m<input[39m
          [33mclass[39m=[32m"w-full px-3 py-2 h-[42px] bg-white/70 dark:bg-gray-800/70 backdrop-blur-sm border border-gray-300/50 dark:border-gray-600/50 rounded-xl focus:outline-none focus:ring-2 focus:ring-primary focus:border-transparent dark:text-white"[39m
          [33mplaceholder[39m=[32m"Add tags..."[39m
          [33mtype[39m=[32m"text"[39m
          [33mvalue[39m=[32m"u"[39m
        [36m/>[39m
        [36m<div[39m
          [33mclass[39m=[32m"absolute top-full left-0 right-0 mt-1 bg-white dark:bg-gray-700 border border-gray-300 dark:border-gray-600 rounded-lg shadow-lg max-h-60 overflow-y-auto z-50"[39m
        [36m>[39m
          [36m<div[39m
            [33mclass[39m=[32m"px-3 py-2 cursor-pointer hover:bg-gray-100 dark:hover:bg-gray-600 border-t border-gray-200 dark:border-gray-600 "[39m
          [36m>[39m
            [36m<div[39m
              [33mclass[39m=[32m"flex items-center gap-2"[39m
            [36m>[39m
              [36m<span[39m
                [33mclass[39m=[32m"text-green-600 dark:text-green-400"[39m
                [33mdata-testid[39m=[32m"plus-icon"[39m
                [33mstyle[39m=[32m"font-size: 14px;"[39m
              [36m>[39m
                [0m+[0m
              [36m</span>[39m
              [36m<span[39m
                [33mclass[39m=[32m"font-medium text-gray-900 dark:text-white"[39m
              [36m>[39m
                [0mCreate "[0m
                [0mu[0m
                [0m"[0m
              [36m</span>[39m
            [36m</div>[39m
            [36m<p[39m
              [33mclass[39m=[32m"text-xs text-gray-500 dark:text-gray-400 mt-1 ml-5"[39m
            [36m>[39m
              [0mCreate new tag and add to transaction[0m
            [36m</p>[39m
          [36m</div>[39m
        [36m</div>[39m
      [36m</div>[39m
      [36m<p[39m
        [33mclass[39m=[32m"text-xs text-gray-500 dark:text-gray-400 mt-1 flex items-center gap-1"[39m
      [36m>[39m
        [36m<span[39m
          [33mdata-testid[39m=[32m"hash-icon"[39m
          [33mstyle[39m=[32m"font-size: 12px;"[39m
        [36m>[39m
          [0m#[0m
        [36m</span>[39m
        [0mType to search existing tags or create new ones[0m
      [36m</p>[39m
    [36m</div>[39m
  [36m</div>[39m
[36m</body>[39m
   × TagSelector > Dropdown Behavior > filters tags based on input 3ms
     → Unable to find an element with the text: personal. This could be because the text is broken up by multiple elements. In this case, you can provide a function for your text matcher to make your matcher more flexible.

Ignored nodes: comments, script, style
[36m<body>[39m
  [36m<div>[39m
    [36m<div[39m
      [33mclass[39m=[32m"relative "[39m
    [36m>[39m
      [36m<div[39m
        [33mclass[39m=[32m"relative"[39m
      [36m>[39m
        [36m<input[39m
          [33mclass[39m=[32m"w-full px-3 py-2 h-[42px] bg-white/70 dark:bg-gray-800/70 backdrop-blur-sm border border-gray-300/50 dark:border-gray-600/50 rounded-xl focus:outline-none focus:ring-2 focus:ring-primary focus:border-transparent dark:text-white"[39m
          [33mplaceholder[39m=[32m"Add tags..."[39m
          [33mtype[39m=[32m"text"[39m
          [33mvalue[39m=[32m"per"[39m
        [36m/>[39m
        [36m<div[39m
          [33mclass[39m=[32m"absolute top-full left-0 right-0 mt-1 bg-white dark:bg-gray-700 border border-gray-300 dark:border-gray-600 rounded-lg shadow-lg max-h-60 overflow-y-auto z-50"[39m
        [36m>[39m
          [36m<div[39m
            [33mclass[39m=[32m"px-3 py-2 cursor-pointer hover:bg-gray-100 dark:hover:bg-gray-600 border-t border-gray-200 dark:border-gray-600 "[39m
          [36m>[39m
            [36m<div[39m
              [33mclass[39m=[32m"flex items-center gap-2"[39m
            [36m>[39m
              [36m<span[39m
                [33mclass[39m=[32m"text-green-600 dark:text-green-400"[39m
                [33mdata-testid[39m=[32m"plus-icon"[39m
                [33mstyle[39m=[32m"font-size: 14px;"[39m
              [36m>[39m
                [0m+[0m
              [36m</span>[39m
              [36m<span[39m
                [33mclass[39m=[32m"font-medium text-gray-900 dark:text-white"[39m
              [36m>[39m
                [0mCreate "[0m
                [0mper[0m
                [0m"[0m
              [36m</span>[39m
            [36m</div>[39m
            [36m<p[39m
              [33mclass[39m=[32m"text-xs text-gray-500 dark:text-gray-400 mt-1 ml-5"[39m
            [36m>[39m
              [0mCreate new tag and add to transaction[0m
            [36m</p>[39m
          [36m</div>[39m
        [36m</div>[39m
      [36m</div>[39m
      [36m<p[39m
        [33mclass[39m=[32m"text-xs text-gray-500 dark:text-gray-400 mt-1 flex items-center gap-1"[39m
      [36m>[39m
        [36m<span[39m
          [33mdata-testid[39m=[32m"hash-icon"[39m
          [33mstyle[39m=[32m"font-size: 12px;"[39m
        [36m>[39m
          [0m#[0m
        [36m</span>[39m
        [0mType to search existing tags or create new ones[0m
      [36m</p>[39m
    [36m</div>[39m
  [36m</div>[39m
[36m</body>[39m
   × TagSelector > Dropdown Behavior > shows dropdown on focus if input has value 4ms
     → Unable to find an element with the text: urgent. This could be because the text is broken up by multiple elements. In this case, you can provide a function for your text matcher to make your matcher more flexible.

Ignored nodes: comments, script, style
[36m<body>[39m
  [36m<div>[39m
    [36m<div[39m
      [33mclass[39m=[32m"relative "[39m
    [36m>[39m
      [36m<div[39m
        [33mclass[39m=[32m"relative"[39m
      [36m>[39m
        [36m<input[39m
          [33mclass[39m=[32m"w-full px-3 py-2 h-[42px] bg-white/70 dark:bg-gray-800/70 backdrop-blur-sm border border-gray-300/50 dark:border-gray-600/50 rounded-xl focus:outline-none focus:ring-2 focus:ring-primary focus:border-transparent dark:text-white"[39m
          [33mplaceholder[39m=[32m"Add tags..."[39m
          [33mtype[39m=[32m"text"[39m
          [33mvalue[39m=[32m"ur"[39m
        [36m/>[39m
        [36m<div[39m
          [33mclass[39m=[32m"absolute top-full left-0 right-0 mt-1 bg-white dark:bg-gray-700 border border-gray-300 dark:border-gray-600 rounded-lg shadow-lg max-h-60 overflow-y-auto z-50"[39m
        [36m>[39m
          [36m<div[39m
            [33mclass[39m=[32m"px-3 py-2 cursor-pointer hover:bg-gray-100 dark:hover:bg-gray-600 border-t border-gray-200 dark:border-gray-600 "[39m
          [36m>[39m
            [36m<div[39m
              [33mclass[39m=[32m"flex items-center gap-2"[39m
            [36m>[39m
              [36m<span[39m
                [33mclass[39m=[32m"text-green-600 dark:text-green-400"[39m
                [33mdata-testid[39m=[32m"plus-icon"[39m
                [33mstyle[39m=[32m"font-size: 14px;"[39m
              [36m>[39m
                [0m+[0m
              [36m</span>[39m
              [36m<span[39m
                [33mclass[39m=[32m"font-medium text-gray-900 dark:text-white"[39m
              [36m>[39m
                [0mCreate "[0m
                [0mur[0m
                [0m"[0m
              [36m</span>[39m
            [36m</div>[39m
            [36m<p[39m
              [33mclass[39m=[32m"text-xs text-gray-500 dark:text-gray-400 mt-1 ml-5"[39m
            [36m>[39m
              [0mCreate new tag and add to transaction[0m
            [36m</p>[39m
          [36m</div>[39m
        [36m</div>[39m
      [36m</div>[39m
      [36m<p[39m
        [33mclass[39m=[32m"text-xs text-gray-500 dark:text-gray-400 mt-1 flex items-center gap-1"[39m
      [36m>[39m
        [36m<span[39m
          [33mdata-testid[39m=[32m"hash-icon"[39m
          [33mstyle[39m=[32m"font-size: 12px;"[39m
        [36m>[39m
          [0m#[0m
        [36m</span>[39m
        [0mType to search existing tags or create new ones[0m
      [36m</p>[39m
    [36m</div>[39m
  [36m</div>[39m
[36m</body>[39m
   ✓ TagSelector > Dropdown Behavior > excludes already selected tags from dropdown 2ms
   × TagSelector > Dropdown Behavior > shows tag usage counts 3ms
     → Unable to find an element with the text: (23 uses). This could be because the text is broken up by multiple elements. In this case, you can provide a function for your text matcher to make your matcher more flexible.

Ignored nodes: comments, script, style
[36m<body>[39m
  [36m<div>[39m
    [36m<div[39m
      [33mclass[39m=[32m"relative "[39m
    [36m>[39m
      [36m<div[39m
        [33mclass[39m=[32m"relative"[39m
      [36m>[39m
        [36m<input[39m
          [33mclass[39m=[32m"w-full px-3 py-2 h-[42px] bg-white/70 dark:bg-gray-800/70 backdrop-blur-sm border border-gray-300/50 dark:border-gray-600/50 rounded-xl focus:outline-none focus:ring-2 focus:ring-primary focus:border-transparent dark:text-white"[39m
          [33mplaceholder[39m=[32m"Add tags..."[39m
          [33mtype[39m=[32m"text"[39m
          [33mvalue[39m=[32m"work"[39m
        [36m/>[39m
        [36m<div[39m
          [33mclass[39m=[32m"absolute top-full left-0 right-0 mt-1 bg-white dark:bg-gray-700 border border-gray-300 dark:border-gray-600 rounded-lg shadow-lg max-h-60 overflow-y-auto z-50"[39m
        [36m>[39m
          [36m<div[39m
            [33mclass[39m=[32m"px-3 py-2 cursor-pointer hover:bg-gray-100 dark:hover:bg-gray-600 border-t border-gray-200 dark:border-gray-600 "[39m
          [36m>[39m
            [36m<div[39m
              [33mclass[39m=[32m"flex items-center gap-2"[39m
            [36m>[39m
              [36m<span[39m
                [33mclass[39m=[32m"text-green-600 dark:text-green-400"[39m
                [33mdata-testid[39m=[32m"plus-icon"[39m
                [33mstyle[39m=[32m"font-size: 14px;"[39m
              [36m>[39m
                [0m+[0m
              [36m</span>[39m
              [36m<span[39m
                [33mclass[39m=[32m"font-medium text-gray-900 dark:text-white"[39m
              [36m>[39m
                [0mCreate "[0m
                [0mwork[0m
                [0m"[0m
              [36m</span>[39m
            [36m</div>[39m
            [36m<p[39m
              [33mclass[39m=[32m"text-xs text-gray-500 dark:text-gray-400 mt-1 ml-5"[39m
            [36m>[39m
              [0mCreate new tag and add to transaction[0m
            [36m</p>[39m
          [36m</div>[39m
        [36m</div>[39m
      [36m</div>[39m
      [36m<p[39m
        [33mclass[39m=[32m"text-xs text-gray-500 dark:text-gray-400 mt-1 flex items-center gap-1"[39m
      [36m>[39m
        [36m<span[39m
          [33mdata-testid[39m=[32m"hash-icon"[39m
          [33mstyle[39m=[32m"font-size: 12px;"[39m
        [36m>[39m
          [0m#[0m
        [36m</span>[39m
        [0mType to search existing tags or create new ones[0m
      [36m</p>[39m
    [36m</div>[39m
  [36m</div>[39m
[36m</body>[39m
   × TagSelector > Dropdown Behavior > shows tag descriptions when available 3ms
     → Unable to find an element with the text: High priority items. This could be because the text is broken up by multiple elements. In this case, you can provide a function for your text matcher to make your matcher more flexible.

Ignored nodes: comments, script, style
[36m<body>[39m
  [36m<div>[39m
    [36m<div[39m
      [33mclass[39m=[32m"relative "[39m
    [36m>[39m
      [36m<div[39m
        [33mclass[39m=[32m"relative"[39m
      [36m>[39m
        [36m<input[39m
          [33mclass[39m=[32m"w-full px-3 py-2 h-[42px] bg-white/70 dark:bg-gray-800/70 backdrop-blur-sm border border-gray-300/50 dark:border-gray-600/50 rounded-xl focus:outline-none focus:ring-2 focus:ring-primary focus:border-transparent dark:text-white"[39m
          [33mplaceholder[39m=[32m"Add tags..."[39m
          [33mtype[39m=[32m"text"[39m
          [33mvalue[39m=[32m"urgent"[39m
        [36m/>[39m
        [36m<div[39m
          [33mclass[39m=[32m"absolute top-full left-0 right-0 mt-1 bg-white dark:bg-gray-700 border border-gray-300 dark:border-gray-600 rounded-lg shadow-lg max-h-60 overflow-y-auto z-50"[39m
        [36m>[39m
          [36m<div[39m
            [33mclass[39m=[32m"px-3 py-2 cursor-pointer hover:bg-gray-100 dark:hover:bg-gray-600 border-t border-gray-200 dark:border-gray-600 "[39m
          [36m>[39m
            [36m<div[39m
              [33mclass[39m=[32m"flex items-center gap-2"[39m
            [36m>[39m
              [36m<span[39m
                [33mclass[39m=[32m"text-green-600 dark:text-green-400"[39m
                [33mdata-testid[39m=[32m"plus-icon"[39m
                [33mstyle[39m=[32m"font-size: 14px;"[39m
              [36m>[39m
                [0m+[0m
              [36m</span>[39m
              [36m<span[39m
                [33mclass[39m=[32m"font-medium text-gray-900 dark:text-white"[39m
              [36m>[39m
                [0mCreate "[0m
                [0murgent[0m
                [0m"[0m
              [36m</span>[39m
            [36m</div>[39m
            [36m<p[39m
              [33mclass[39m=[32m"text-xs text-gray-500 dark:text-gray-400 mt-1 ml-5"[39m
            [36m>[39m
              [0mCreate new tag and add to transaction[0m
            [36m</p>[39m
          [36m</div>[39m
        [36m</div>[39m
      [36m</div>[39m
      [36m<p[39m
        [33mclass[39m=[32m"text-xs text-gray-500 dark:text-gray-400 mt-1 flex items-center gap-1"[39m
      [36m>[39m
        [36m<span[39m
          [33mdata-testid[39m=[32m"hash-icon"[39m
          [33mstyle[39m=[32m"font-size: 12px;"[39m
        [36m>[39m
          [0m#[0m
        [36m</span>[39m
        [0mType to search existing tags or create new ones[0m
      [36m</p>[39m
    [36m</div>[39m
  [36m</div>[39m
[36m</body>[39m
   × TagSelector > Dropdown Behavior > does not show description for tags without one 3ms
     → Unable to find an element with the text: work. This could be because the text is broken up by multiple elements. In this case, you can provide a function for your text matcher to make your matcher more flexible.

Ignored nodes: comments, script, style
[36m<body>[39m
  [36m<div>[39m
    [36m<div[39m
      [33mclass[39m=[32m"relative "[39m
    [36m>[39m
      [36m<div[39m
        [33mclass[39m=[32m"relative"[39m
      [36m>[39m
        [36m<input[39m
          [33mclass[39m=[32m"w-full px-3 py-2 h-[42px] bg-white/70 dark:bg-gray-800/70 backdrop-blur-sm border border-gray-300/50 dark:border-gray-600/50 rounded-xl focus:outline-none focus:ring-2 focus:ring-primary focus:border-transparent dark:text-white"[39m
          [33mplaceholder[39m=[32m"Add tags..."[39m
          [33mtype[39m=[32m"text"[39m
          [33mvalue[39m=[32m"work"[39m
        [36m/>[39m
        [36m<div[39m
          [33mclass[39m=[32m"absolute top-full left-0 right-0 mt-1 bg-white dark:bg-gray-700 border border-gray-300 dark:border-gray-600 rounded-lg shadow-lg max-h-60 overflow-y-auto z-50"[39m
        [36m>[39m
          [36m<div[39m
            [33mclass[39m=[32m"px-3 py-2 cursor-pointer hover:bg-gray-100 dark:hover:bg-gray-600 border-t border-gray-200 dark:border-gray-600 "[39m
          [36m>[39m
            [36m<div[39m
              [33mclass[39m=[32m"flex items-center gap-2"[39m
            [36m>[39m
              [36m<span[39m
                [33mclass[39m=[32m"text-green-600 dark:text-green-400"[39m
                [33mdata-testid[39m=[32m"plus-icon"[39m
                [33mstyle[39m=[32m"font-size: 14px;"[39m
              [36m>[39m
                [0m+[0m
              [36m</span>[39m
              [36m<span[39m
                [33mclass[39m=[32m"font-medium text-gray-900 dark:text-white"[39m
              [36m>[39m
                [0mCreate "[0m
                [0mwork[0m
                [0m"[0m
              [36m</span>[39m
            [36m</div>[39m
            [36m<p[39m
              [33mclass[39m=[32m"text-xs text-gray-500 dark:text-gray-400 mt-1 ml-5"[39m
            [36m>[39m
              [0mCreate new tag and add to transaction[0m
            [36m</p>[39m
          [36m</div>[39m
        [36m</div>[39m
      [36m</div>[39m
      [36m<p[39m
        [33mclass[39m=[32m"text-xs text-gray-500 dark:text-gray-400 mt-1 flex items-center gap-1"[39m
      [36m>[39m
        [36m<span[39m
          [33mdata-testid[39m=[32m"hash-icon"[39m
          [33mstyle[39m=[32m"font-size: 12px;"[39m
        [36m>[39m
          [0m#[0m
        [36m</span>[39m
        [0mType to search existing tags or create new ones[0m
      [36m</p>[39m
    [36m</div>[39m
  [36m</div>[39m
[36m</body>[39m
   × TagSelector > Tag Selection > selects tag when clicked 3ms
     → Unable to find an element with the text: urgent. This could be because the text is broken up by multiple elements. In this case, you can provide a function for your text matcher to make your matcher more flexible.

Ignored nodes: comments, script, style
[36m<body>[39m
  [36m<div>[39m
    [36m<div[39m
      [33mclass[39m=[32m"relative "[39m
    [36m>[39m
      [36m<div[39m
        [33mclass[39m=[32m"relative"[39m
      [36m>[39m
        [36m<input[39m
          [33mclass[39m=[32m"w-full px-3 py-2 h-[42px] bg-white/70 dark:bg-gray-800/70 backdrop-blur-sm border border-gray-300/50 dark:border-gray-600/50 rounded-xl focus:outline-none focus:ring-2 focus:ring-primary focus:border-transparent dark:text-white"[39m
          [33mplaceholder[39m=[32m"Add tags..."[39m
          [33mtype[39m=[32m"text"[39m
          [33mvalue[39m=[32m"urgent"[39m
        [36m/>[39m
        [36m<div[39m
          [33mclass[39m=[32m"absolute top-full left-0 right-0 mt-1 bg-white dark:bg-gray-700 border border-gray-300 dark:border-gray-600 rounded-lg shadow-lg max-h-60 overflow-y-auto z-50"[39m
        [36m>[39m
          [36m<div[39m
            [33mclass[39m=[32m"px-3 py-2 cursor-pointer hover:bg-gray-100 dark:hover:bg-gray-600 border-t border-gray-200 dark:border-gray-600 "[39m
          [36m>[39m
            [36m<div[39m
              [33mclass[39m=[32m"flex items-center gap-2"[39m
            [36m>[39m
              [36m<span[39m
                [33mclass[39m=[32m"text-green-600 dark:text-green-400"[39m
                [33mdata-testid[39m=[32m"plus-icon"[39m
                [33mstyle[39m=[32m"font-size: 14px;"[39m
              [36m>[39m
                [0m+[0m
              [36m</span>[39m
              [36m<span[39m
                [33mclass[39m=[32m"font-medium text-gray-900 dark:text-white"[39m
              [36m>[39m
                [0mCreate "[0m
                [0murgent[0m
                [0m"[0m
              [36m</span>[39m
            [36m</div>[39m
            [36m<p[39m
              [33mclass[39m=[32m"text-xs text-gray-500 dark:text-gray-400 mt-1 ml-5"[39m
            [36m>[39m
              [0mCreate new tag and add to transaction[0m
            [36m</p>[39m
          [36m</div>[39m
        [36m</div>[39m
      [36m</div>[39m
      [36m<p[39m
        [33mclass[39m=[32m"text-xs text-gray-500 dark:text-gray-400 mt-1 flex items-center gap-1"[39m
      [36m>[39m
        [36m<span[39m
          [33mdata-testid[39m=[32m"hash-icon"[39m
          [33mstyle[39m=[32m"font-size: 12px;"[39m
        [36m>[39m
          [0m#[0m
        [36m</span>[39m
        [0mType to search existing tags or create new ones[0m
      [36m</p>[39m
    [36m</div>[39m
  [36m</div>[39m
[36m</body>[39m
   × TagSelector > Tag Selection > clears input and closes dropdown after selection 2ms
     → Unable to find an element with the text: urgent. This could be because the text is broken up by multiple elements. In this case, you can provide a function for your text matcher to make your matcher more flexible.

Ignored nodes: comments, script, style
[36m<body>[39m
  [36m<div>[39m
    [36m<div[39m
      [33mclass[39m=[32m"relative "[39m
    [36m>[39m
      [36m<div[39m
        [33mclass[39m=[32m"relative"[39m
      [36m>[39m
        [36m<input[39m
          [33mclass[39m=[32m"w-full px-3 py-2 h-[42px] bg-white/70 dark:bg-gray-800/70 backdrop-blur-sm border border-gray-300/50 dark:border-gray-600/50 rounded-xl focus:outline-none focus:ring-2 focus:ring-primary focus:border-transparent dark:text-white"[39m
          [33mplaceholder[39m=[32m"Add tags..."[39m
          [33mtype[39m=[32m"text"[39m
          [33mvalue[39m=[32m"urgent"[39m
        [36m/>[39m
        [36m<div[39m
          [33mclass[39m=[32m"absolute top-full left-0 right-0 mt-1 bg-white dark:bg-gray-700 border border-gray-300 dark:border-gray-600 rounded-lg shadow-lg max-h-60 overflow-y-auto z-50"[39m
        [36m>[39m
          [36m<div[39m
            [33mclass[39m=[32m"px-3 py-2 cursor-pointer hover:bg-gray-100 dark:hover:bg-gray-600 border-t border-gray-200 dark:border-gray-600 "[39m
          [36m>[39m
            [36m<div[39m
              [33mclass[39m=[32m"flex items-center gap-2"[39m
            [36m>[39m
              [36m<span[39m
                [33mclass[39m=[32m"text-green-600 dark:text-green-400"[39m
                [33mdata-testid[39m=[32m"plus-icon"[39m
                [33mstyle[39m=[32m"font-size: 14px;"[39m
              [36m>[39m
                [0m+[0m
              [36m</span>[39m
              [36m<span[39m
                [33mclass[39m=[32m"font-medium text-gray-900 dark:text-white"[39m
              [36m>[39m
                [0mCreate "[0m
                [0murgent[0m
                [0m"[0m
              [36m</span>[39m
            [36m</div>[39m
            [36m<p[39m
              [33mclass[39m=[32m"text-xs text-gray-500 dark:text-gray-400 mt-1 ml-5"[39m
            [36m>[39m
              [0mCreate new tag and add to transaction[0m
            [36m</p>[39m
          [36m</div>[39m
        [36m</div>[39m
      [36m</div>[39m
      [36m<p[39m
        [33mclass[39m=[32m"text-xs text-gray-500 dark:text-gray-400 mt-1 flex items-center gap-1"[39m
      [36m>[39m
        [36m<span[39m
          [33mdata-testid[39m=[32m"hash-icon"[39m
          [33mstyle[39m=[32m"font-size: 12px;"[39m
        [36m>[39m
          [0m#[0m
        [36m</span>[39m
        [0mType to search existing tags or create new ones[0m
      [36m</p>[39m
    [36m</div>[39m
  [36m</div>[39m
[36m</body>[39m
   ✓ TagSelector > Tag Selection > does not add duplicate tags 1ms
   ✓ TagSelector > New Tag Creation > shows create option for new tag when allowNewTags is true 2ms
   ✓ TagSelector > New Tag Creation > does not show create option when allowNewTags is false 1ms
   × TagSelector > New Tag Creation > does not show create option for existing tags 4ms
     → [2mexpect([22m[31melement[39m[2m).not.toBeInTheDocument()[22m

[31mexpected document not to contain element, found <span
  class="font-medium text-gray-900 dark:text-white"
>
  Create "
  urgent
  "
</span> instead[39m
   × TagSelector > New Tag Creation > creates and selects new tag when create option clicked 4ms
     → expected "spy" to be called with arguments: [ { name: 'newtag', …(2) } ][90m

Number of calls: [1m0[22m
[39m
   ✓ TagSelector > New Tag Creation > trims whitespace from new tags 2ms
   × TagSelector > Keyboard Navigation > navigates dropdown with arrow keys 3ms
     → Unable to find an element with the text: urgent. This could be because the text is broken up by multiple elements. In this case, you can provide a function for your text matcher to make your matcher more flexible.

Ignored nodes: comments, script, style
[36m<body>[39m
  [36m<div>[39m
    [36m<div[39m
      [33mclass[39m=[32m"relative "[39m
    [36m>[39m
      [36m<div[39m
        [33mclass[39m=[32m"relative"[39m
      [36m>[39m
        [36m<input[39m
          [33mclass[39m=[32m"w-full px-3 py-2 h-[42px] bg-white/70 dark:bg-gray-800/70 backdrop-blur-sm border border-gray-300/50 dark:border-gray-600/50 rounded-xl focus:outline-none focus:ring-2 focus:ring-primary focus:border-transparent dark:text-white"[39m
          [33mplaceholder[39m=[32m"Add tags..."[39m
          [33mtype[39m=[32m"text"[39m
          [33mvalue[39m=[32m"u"[39m
        [36m/>[39m
        [36m<div[39m
          [33mclass[39m=[32m"absolute top-full left-0 right-0 mt-1 bg-white dark:bg-gray-700 border border-gray-300 dark:border-gray-600 rounded-lg shadow-lg max-h-60 overflow-y-auto z-50"[39m
        [36m>[39m
          [36m<div[39m
            [33mclass[39m=[32m"px-3 py-2 cursor-pointer hover:bg-gray-100 dark:hover:bg-gray-600 border-t border-gray-200 dark:border-gray-600 bg-gray-100 dark:bg-gray-600"[39m
          [36m>[39m
            [36m<div[39m
              [33mclass[39m=[32m"flex items-center gap-2"[39m
            [36m>[39m
              [36m<span[39m
                [33mclass[39m=[32m"text-green-600 dark:text-green-400"[39m
                [33mdata-testid[39m=[32m"plus-icon"[39m
                [33mstyle[39m=[32m"font-size: 14px;"[39m
              [36m>[39m
                [0m+[0m
              [36m</span>[39m
              [36m<span[39m
                [33mclass[39m=[32m"font-medium text-gray-900 dark:text-white"[39m
              [36m>[39m
                [0mCreate "[0m
                [0mu[0m
                [0m"[0m
              [36m</span>[39m
            [36m</div>[39m
            [36m<p[39m
              [33mclass[39m=[32m"text-xs text-gray-500 dark:text-gray-400 mt-1 ml-5"[39m
            [36m>[39m
              [0mCreate new tag and add to transaction[0m
            [36m</p>[39m
          [36m</div>[39m
        [36m</div>[39m
      [36m</div>[39m
      [36m<p[39m
        [33mclass[39m=[32m"text-xs text-gray-500 dark:text-gray-400 mt-1 flex items-center gap-1"[39m
      [36m>[39m
        [36m<span[39m
          [33mdata-testid[39m=[32m"hash-icon"[39m
          [33mstyle[39m=[32m"font-size: 12px;"[39m
        [36m>[39m
          [0m#[0m
        [36m</span>[39m
        [0mType to search existing tags or create new ones[0m
      [36m</p>[39m
    [36m</div>[39m
  [36m</div>[39m
[36m</body>[39m
   ✓ TagSelector > Keyboard Navigation > wraps around when navigating past last item 2ms
   ✓ TagSelector > Keyboard Navigation > selects focused item with Enter 2ms
   × TagSelector > Keyboard Navigation > closes dropdown with Escape 2ms
     → Unable to find an element with the text: urgent. This could be because the text is broken up by multiple elements. In this case, you can provide a function for your text matcher to make your matcher more flexible.

Ignored nodes: comments, script, style
[36m<body>[39m
  [36m<div>[39m
    [36m<div[39m
      [33mclass[39m=[32m"relative "[39m
    [36m>[39m
      [36m<div[39m
        [33mclass[39m=[32m"relative"[39m
      [36m>[39m
        [36m<input[39m
          [33mclass[39m=[32m"w-full px-3 py-2 h-[42px] bg-white/70 dark:bg-gray-800/70 backdrop-blur-sm border border-gray-300/50 dark:border-gray-600/50 rounded-xl focus:outline-none focus:ring-2 focus:ring-primary focus:border-transparent dark:text-white"[39m
          [33mplaceholder[39m=[32m"Add tags..."[39m
          [33mtype[39m=[32m"text"[39m
          [33mvalue[39m=[32m"urgent"[39m
        [36m/>[39m
        [36m<div[39m
          [33mclass[39m=[32m"absolute top-full left-0 right-0 mt-1 bg-white dark:bg-gray-700 border border-gray-300 dark:border-gray-600 rounded-lg shadow-lg max-h-60 overflow-y-auto z-50"[39m
        [36m>[39m
          [36m<div[39m
            [33mclass[39m=[32m"px-3 py-2 cursor-pointer hover:bg-gray-100 dark:hover:bg-gray-600 border-t border-gray-200 dark:border-gray-600 "[39m
          [36m>[39m
            [36m<div[39m
              [33mclass[39m=[32m"flex items-center gap-2"[39m
            [36m>[39m
              [36m<span[39m
                [33mclass[39m=[32m"text-green-600 dark:text-green-400"[39m
                [33mdata-testid[39m=[32m"plus-icon"[39m
                [33mstyle[39m=[32m"font-size: 14px;"[39m
              [36m>[39m
                [0m+[0m
              [36m</span>[39m
              [36m<span[39m
                [33mclass[39m=[32m"font-medium text-gray-900 dark:text-white"[39m
              [36m>[39m
                [0mCreate "[0m
                [0murgent[0m
                [0m"[0m
              [36m</span>[39m
            [36m</div>[39m
            [36m<p[39m
              [33mclass[39m=[32m"text-xs text-gray-500 dark:text-gray-400 mt-1 ml-5"[39m
            [36m>[39m
              [0mCreate new tag and add to transaction[0m
            [36m</p>[39m
          [36m</div>[39m
        [36m</div>[39m
      [36m</div>[39m
      [36m<p[39m
        [33mclass[39m=[32m"text-xs text-gray-500 dark:text-gray-400 mt-1 flex items-center gap-1"[39m
      [36m>[39m
        [36m<span[39m
          [33mdata-testid[39m=[32m"hash-icon"[39m
          [33mstyle[39m=[32m"font-size: 12px;"[39m
        [36m>[39m
          [0m#[0m
        [36m</span>[39m
        [0mType to search existing tags or create new ones[0m
      [36m</p>[39m
    [36m</div>[39m
  [36m</div>[39m
[36m</body>[39m
   × TagSelector > Keyboard Navigation > creates new tag with Enter when typed 2ms
     → expected "spy" to be called with arguments: [ { name: 'brandnew', …(2) } ][90m

Number of calls: [1m0[22m
[39m
   ✓ TagSelector > Keyboard Navigation > selects exact match with Enter even if not focused 2ms
   × TagSelector > Click Outside Behavior > closes dropdown when clicking outside 2ms
     → Unable to find an element with the text: urgent. This could be because the text is broken up by multiple elements. In this case, you can provide a function for your text matcher to make your matcher more flexible.

Ignored nodes: comments, script, style
[36m<body>[39m
  [36m<div>[39m
    [36m<div>[39m
      [36m<div[39m
        [33mclass[39m=[32m"relative "[39m
      [36m>[39m
        [36m<div[39m
          [33mclass[39m=[32m"relative"[39m
        [36m>[39m
          [36m<input[39m
            [33mclass[39m=[32m"w-full px-3 py-2 h-[42px] bg-white/70 dark:bg-gray-800/70 backdrop-blur-sm border border-gray-300/50 dark:border-gray-600/50 rounded-xl focus:outline-none focus:ring-2 focus:ring-primary focus:border-transparent dark:text-white"[39m
            [33mplaceholder[39m=[32m"Add tags..."[39m
            [33mtype[39m=[32m"text"[39m
            [33mvalue[39m=[32m"urgent"[39m
          [36m/>[39m
          [36m<div[39m
            [33mclass[39m=[32m"absolute top-full left-0 right-0 mt-1 bg-white dark:bg-gray-700 border border-gray-300 dark:border-gray-600 rounded-lg shadow-lg max-h-60 overflow-y-auto z-50"[39m
          [36m>[39m
            [36m<div[39m
              [33mclass[39m=[32m"px-3 py-2 cursor-pointer hover:bg-gray-100 dark:hover:bg-gray-600 border-t border-gray-200 dark:border-gray-600 "[39m
            [36m>[39m
              [36m<div[39m
                [33mclass[39m=[32m"flex items-center gap-2"[39m
              [36m>[39m
                [36m<span[39m
                  [33mclass[39m=[32m"text-green-600 dark:text-green-400"[39m
                  [33mdata-testid[39m=[32m"plus-icon"[39m
                  [33mstyle[39m=[32m"font-size: 14px;"[39m
                [36m>[39m
                  [0m+[0m
                [36m</span>[39m
                [36m<span[39m
                  [33mclass[39m=[32m"font-medium text-gray-900 dark:text-white"[39m
                [36m>[39m
                  [0mCreate "[0m
                  [0murgent[0m
                  [0m"[0m
                [36m</span>[39m
              [36m</div>[39m
              [36m<p[39m
                [33mclass[39m=[32m"text-xs text-gray-500 dark:text-gray-400 mt-1 ml-5"[39m
              [36m>[39m
                [0mCreate new tag and add to transaction[0m
              [36m</p>[39m
            [36m</div>[39m
          [36m</div>[39m
        [36m</div>[39m
        [36m<p[39m
          [33mclass[39m=[32m"text-xs text-gray-500 dark:text-gray-400 mt-1 flex items-center gap-1"[39m
        [36m>[39m
          [36m<span[39m
            [33mdata-testid[39m=[32m"hash-icon"[39m
            [33mstyle[39m=[32m"font-size: 12px;"[39m
          [36m>[39m
            [0m#[0m
          [36m</span>[39m
          [0mType to search existing tags or create new ones[0m
        [36m</p>[39m
      [36m</div>[39m
      [36m<button>[39m
        [0mOutside button[0m
      [36m</button>[39m
    [36m</div>[39m
  [36m</div>[39m
[36m</body>[39m
   × TagSelector > Click Outside Behavior > keeps dropdown open when clicking inside 2ms
     → Unable to find an element with the text: urgent. This could be because the text is broken up by multiple elements. In this case, you can provide a function for your text matcher to make your matcher more flexible.

Ignored nodes: comments, script, style
[36m<body>[39m
  [36m<div>[39m
    [36m<div[39m
      [33mclass[39m=[32m"relative "[39m
    [36m>[39m
      [36m<div[39m
        [33mclass[39m=[32m"relative"[39m
      [36m>[39m
        [36m<input[39m
          [33mclass[39m=[32m"w-full px-3 py-2 h-[42px] bg-white/70 dark:bg-gray-800/70 backdrop-blur-sm border border-gray-300/50 dark:border-gray-600/50 rounded-xl focus:outline-none focus:ring-2 focus:ring-primary focus:border-transparent dark:text-white"[39m
          [33mplaceholder[39m=[32m"Add tags..."[39m
          [33mtype[39m=[32m"text"[39m
          [33mvalue[39m=[32m"urgent"[39m
        [36m/>[39m
        [36m<div[39m
          [33mclass[39m=[32m"absolute top-full left-0 right-0 mt-1 bg-white dark:bg-gray-700 border border-gray-300 dark:border-gray-600 rounded-lg shadow-lg max-h-60 overflow-y-auto z-50"[39m
        [36m>[39m
          [36m<div[39m
            [33mclass[39m=[32m"px-3 py-2 cursor-pointer hover:bg-gray-100 dark:hover:bg-gray-600 border-t border-gray-200 dark:border-gray-600 "[39m
          [36m>[39m
            [36m<div[39m
              [33mclass[39m=[32m"flex items-center gap-2"[39m
            [36m>[39m
              [36m<span[39m
                [33mclass[39m=[32m"text-green-600 dark:text-green-400"[39m
                [33mdata-testid[39m=[32m"plus-icon"[39m
                [33mstyle[39m=[32m"font-size: 14px;"[39m
              [36m>[39m
                [0m+[0m
              [36m</span>[39m
              [36m<span[39m
                [33mclass[39m=[32m"font-medium text-gray-900 dark:text-white"[39m
              [36m>[39m
                [0mCreate "[0m
                [0murgent[0m
                [0m"[0m
              [36m</span>[39m
            [36m</div>[39m
            [36m<p[39m
              [33mclass[39m=[32m"text-xs text-gray-500 dark:text-gray-400 mt-1 ml-5"[39m
            [36m>[39m
              [0mCreate new tag and add to transaction[0m
            [36m</p>[39m
          [36m</div>[39m
        [36m</div>[39m
      [36m</div>[39m
      [36m<p[39m
        [33mclass[39m=[32m"text-xs text-gray-500 dark:text-gray-400 mt-1 flex items-center gap-1"[39m
      [36m>[39m
        [36m<span[39m
          [33mdata-testid[39m=[32m"hash-icon"[39m
          [33mstyle[39m=[32m"font-size: 12px;"[39m
        [36m>[39m
          [0m#[0m
        [36m</span>[39m
        [0mType to search existing tags or create new ones[0m
      [36m</p>[39m
    [36m</div>[39m
  [36m</div>[39m
[36m</body>[39m
   ✓ TagSelector > Edge Cases > handles empty tag list 2ms
   × TagSelector > Edge Cases > handles case-insensitive search 2ms
     → Unable to find an element with the text: urgent. This could be because the text is broken up by multiple elements. In this case, you can provide a function for your text matcher to make your matcher more flexible.

Ignored nodes: comments, script, style
[36m<body>[39m
  [36m<div>[39m
    [36m<div[39m
      [33mclass[39m=[32m"relative "[39m
    [36m>[39m
      [36m<div[39m
        [33mclass[39m=[32m"relative"[39m
      [36m>[39m
        [36m<input[39m
          [33mclass[39m=[32m"w-full px-3 py-2 h-[42px] bg-white/70 dark:bg-gray-800/70 backdrop-blur-sm border border-gray-300/50 dark:border-gray-600/50 rounded-xl focus:outline-none focus:ring-2 focus:ring-primary focus:border-transparent dark:text-white"[39m
          [33mplaceholder[39m=[32m"Add tags..."[39m
          [33mtype[39m=[32m"text"[39m
          [33mvalue[39m=[32m"URGENT"[39m
        [36m/>[39m
        [36m<div[39m
          [33mclass[39m=[32m"absolute top-full left-0 right-0 mt-1 bg-white dark:bg-gray-700 border border-gray-300 dark:border-gray-600 rounded-lg shadow-lg max-h-60 overflow-y-auto z-50"[39m
        [36m>[39m
          [36m<div[39m
            [33mclass[39m=[32m"px-3 py-2 cursor-pointer hover:bg-gray-100 dark:hover:bg-gray-600 border-t border-gray-200 dark:border-gray-600 "[39m
          [36m>[39m
            [36m<div[39m
              [33mclass[39m=[32m"flex items-center gap-2"[39m
            [36m>[39m
              [36m<span[39m
                [33mclass[39m=[32m"text-green-600 dark:text-green-400"[39m
                [33mdata-testid[39m=[32m"plus-icon"[39m
                [33mstyle[39m=[32m"font-size: 14px;"[39m
              [36m>[39m
                [0m+[0m
              [36m</span>[39m
              [36m<span[39m
                [33mclass[39m=[32m"font-medium text-gray-900 dark:text-white"[39m
              [36m>[39m
                [0mCreate "[0m
                [0mURGENT[0m
                [0m"[0m
              [36m</span>[39m
            [36m</div>[39m
            [36m<p[39m
              [33mclass[39m=[32m"text-xs text-gray-500 dark:text-gray-400 mt-1 ml-5"[39m
            [36m>[39m
              [0mCreate new tag and add to transaction[0m
            [36m</p>[39m
          [36m</div>[39m
        [36m</div>[39m
      [36m</div>[39m
      [36m<p[39m
        [33mclass[39m=[32m"text-xs text-gray-500 dark:text-gray-400 mt-1 flex items-center gap-1"[39m
      [36m>[39m
        [36m<span[39m
          [33mdata-testid[39m=[32m"hash-icon"[39m
          [33mstyle[39m=[32m"font-size: 12px;"[39m
        [36m>[39m
          [0m#[0m
        [36m</span>[39m
        [0mType to search existing tags or create new ones[0m
      [36m</p>[39m
    [36m</div>[39m
  [36m</div>[39m
[36m</body>[39m
   × TagSelector > Edge Cases > handles case-insensitive exact match detection 2ms
     → [2mexpect([22m[31melement[39m[2m).not.toBeInTheDocument()[22m

[31mexpected document not to contain element, found <span
  class="font-medium text-gray-900 dark:text-white"
>
  Create "
  URGENT
  "
</span> instead[39m
 ❯ src/components/CategoryCreationModal.test.tsx (55 tests | 6 failed) 879ms
   ✓ CategoryCreationModal > basic rendering > renders when open 25ms
   ✓ CategoryCreationModal > basic rendering > does not render when closed 2ms
   ✓ CategoryCreationModal > basic rendering > displays modal structure correctly 5ms
   ✓ CategoryCreationModal > basic rendering > has proper modal ARIA attributes 27ms
   ✓ CategoryCreationModal > basic rendering > includes close button in header 4ms
   ✓ CategoryCreationModal > form structure > displays all required form sections 24ms
   ✓ CategoryCreationModal > form structure > applies proper body styling 2ms
   ✓ CategoryCreationModal > form structure > displays form labels correctly 2ms
   ✓ CategoryCreationModal > type selection > displays income and expense type buttons 9ms
   ✓ CategoryCreationModal > type selection > defaults to expense type 6ms
   ✓ CategoryCreationModal > type selection > can be initialized with income type 5ms
   ✓ CategoryCreationModal > type selection > allows switching between income and expense 26ms
   ✓ CategoryCreationModal > type selection > resets form when switching types 15ms
   ✓ CategoryCreationModal > category selection > displays category dropdown 4ms
   ✓ CategoryCreationModal > category selection > includes default option 3ms
   × CategoryCreationModal > category selection > displays existing categories 10ms
     → Unable to find an element with the text: Daily Expenses. This could be because the text is broken up by multiple elements. In this case, you can provide a function for your text matcher to make your matcher more flexible.

Ignored nodes: comments, script, style
[36m<body>[39m
  [36m<div>[39m
    [36m<div[39m
      [33maria-label[39m=[32m"Create New Category"[39m
      [33mdata-testid[39m=[32m"modal"[39m
      [33mrole[39m=[32m"dialog"[39m
    [36m>[39m
      [36m<div[39m
        [33mdata-testid[39m=[32m"modal-title"[39m
      [36m>[39m
        [0mCreate New Category[0m
      [36m</div>[39m
      [36m<button[39m
        [33mdata-testid[39m=[32m"modal-close"[39m
      [36m>[39m
        [0m×[0m
      [36m</button>[39m
      [36m<div[39m
        [33mclass[39m=[32m"space-y-4"[39m
        [33mdata-testid[39m=[32m"modal-body"[39m
      [36m>[39m
        [36m<div>[39m
          [36m<label[39m
            [33mclass[39m=[32m"block text-sm font-medium text-gray-700 dark:text-gray-300 mb-2"[39m
          [36m>[39m
            [0mType[0m
          [36m</label>[39m
          [36m<div[39m
            [33mclass[39m=[32m"grid grid-cols-2 gap-2"[39m
          [36m>[39m
            [36m<button[39m
              [33mclass[39m=[32m"px-4 py-2 rounded-lg font-medium transition-colors bg-gray-100 dark:bg-gray-700 text-gray-700 dark:text-gray-300"[39m
            [36m>[39m
              [0mIncome[0m
            [36m</button>[39m
            [36m<button[39m
              [33mclass[39m=[32m"px-4 py-2 rounded-lg font-medium transition-colors bg-red-500 text-white"[39m
            [36m>[39m
              [0mExpense[0m
            [36m</button>[39m
          [36m</div>[39m
        [36m</div>[39m
        [36m<div>[39m
          [36m<label[39m
            [33mclass[39m=[32m"block text-sm font-medium text-gray-700 dark:text-gray-300 mb-2"[39m
          [36m>[39m
            [0mCategory[0m
          [36m</label>[39m
          [36m<select[39m
            [33mclass[39m=[32m"w-full px-3 py-2 bg-white/70 dark:bg-gray-800/70 backdrop-blur-sm border border-gray-300/50 dark:border-gray-600/50 rounded-xl focus:outline-none focus:ring-2 focus:ring-primary focus:border-transparent dark:text-white"[39m
          [36m>[39m
            [36m<option[39m
              [33mvalue[39m=[32m""[39m
            [36m>[39m
              [0mSelect a category[0m
            [36m</option>[39m
            [36m<optgroup[39m
              [33mlabel[39m=[32m"Suggestions"[39m
            [36m>[39m
              [36m<option[39m
                [33mvalue[39m=[32m"suggest-Bills"[39m
              [36m>[39m
                [0mBills[0m
                [0m (create new)[0m
              [36m</option>[39m
              [36m<option[39m
                [33mvalue[39m=[32m"suggest-Food"[39m
              [36m>[39m
                [0mFood[0m
                [0m (create new)[0m
              [36m</option>[39m
              [36m<option[39m
                [33mvalue[39m=[32m"suggest-Household"[39m
              [36m>[39m
                [0mHousehold[0m
                [0m (create new)[0m
              [36m</option>[39m
              [36m<option[39m
                [33mvalue[39m=[32m"suggest-Personal"[39m
              [36m>[39m
                [0mPersonal[0m
                [0m (create new)[0m
              [36m</option>[39m
              [36m<option[39m
                [33mvalue[39m=[32m"suggest-Transportation"[39m
              [36m>[39m
                [0mTransportation[0m
                [0m (create new)[0m
              [36m</option>[39m
              [36m<option[39m
                [33mvalue[39m=[32m"suggest-Entertainment"[39m
              [36m>[39m
                [0mEntertainment[0m
                [0m (create new)[0m
              [36m</option>[39m
              [36m<option[39m
                [33mvalue[39m=[32m"suggest-Healthcare"[39m
              [36m>[39m
                [0mHealthcare[0m
                [0m (create new)[0m
              [36m</option>[39m
              [36m<option[39m
                [33mvalue[39m=[32m"suggest-Shopping"[39m
              [36m>[39m
                [0mShopping[0m
                [0m (create new)[0m
              [36m</option>[39m
            [36m</optgroup>[39m
            [36m<option[39m
              [33mvalue[39m=[32m"new"[39m
            [36m>[39m
              [0m+ New Category[0m
            [36m</option>[39m
          [36m</select>[39m
        [36m</div>[39m
      [36m</div>[39m
      [36m<div[39m
        [33mdata-testid[39m=[32m"modal-footer"[39m
      [36m>[39m
        [36m<div[39m
          [33mclass[39m=[32m"flex gap-2 w-full"[39m
        [36m>[39m
          [36m<button[39m
            [33mclass[39m=[32m"flex-1 px-4 py-2 text-sm sm:text-base border border-gray-300 dark:border-gray-600 text-gray-700 dark:text-gray-300 rounded-lg hover:bg-gray-50 dark:hover:bg-gray-700"[39m
          [36m>[39m
            [0mCancel[0m
          [36m</button>[39m
          [36m<button[39m
            [33mclass[39m=[32m"flex-1 px-4 py-2 text-sm sm:text-base bg-primary text-white rounded-lg hover:bg-secondary disabled:opacity-50 disabled:cursor-not-allowed flex items-center justify-center gap-2"[39m
            [33mdisabled[39m=[32m""[39m
          [36m>[39m
            [36m<span[39m
              [33mdata-size[39m=[32m"16"[39m
              [33mdata-testid[39m=[32m"plus-icon"[39m
            [36m>[39m
              [0m+[0m
            [36m</span>[39m
            [0mCreate Category[0m
          [36m</button>[39m
        [36m</div>[39m
      [36m</div>[39m
    [36m</div>[39m
  [36m</div>[39m
[36m</body>[39m
   ✓ CategoryCreationModal > category selection > includes new category option 3ms
   ✓ CategoryCreationModal > category selection > displays suggested categories 2ms
   ✓ CategoryCreationModal > category selection > shows new category input when new category is selected 19ms
   ✓ CategoryCreationModal > category selection > shows new category input when new category is selected 18ms
   ✓ CategoryCreationModal > category selection > handles suggested category selection 16ms
   ✓ CategoryCreationModal > specific category section > does not show specific category section by default 2ms
   × CategoryCreationModal > specific category section > handles category selection interactions 7ms
     → Value "sub-1" not found in options

Ignored nodes: comments, script, style
[36m<select[39m
  [33mclass[39m=[32m"w-full px-3 py-2 bg-white/70 dark:bg-gray-800/70 backdrop-blur-sm border border-gray-300/50 dark:border-gray-600/50 rounded-xl focus:outline-none focus:ring-2 focus:ring-primary focus:border-transparent dark:text-white"[39m
[36m>[39m
  [36m<option[39m
    [33mvalue[39m=[32m""[39m
  [36m>[39m
    [0mSelect a category[0m
  [36m</option>[39m
  [36m<optgroup[39m
    [33mlabel[39m=[32m"Suggestions"[39m
  [36m>[39m
    [36m<option[39m
      [33mvalue[39m=[32m"suggest-Bills"[39m
    [36m>[39m
      [0mBills[0m
      [0m (create new)[0m
    [36m</option>[39m
    [36m<option[39m
      [33mvalue[39m=[32m"suggest-Food"[39m
    [36m>[39m
      [0mFood[0m
      [0m (create new)[0m
    [36m</option>[39m
    [36m<option[39m
      [33mvalue[39m=[32m"suggest-Household"[39m
    [36m>[39m
      [0mHousehold[0m
      [0m (create new)[0m
    [36m</option>[39m
    [36m<option[39m
      [33mvalue[39m=[32m"suggest-Personal"[39m
    [36m>[39m
      [0mPersonal[0m
      [0m (create new)[0m
    [36m</option>[39m
    [36m<option[39m
      [33mvalue[39m=[32m"suggest-Transportation"[39m
    [36m>[39m
      [0mTransportation[0m
      [0m (create new)[0m
    [36m</option>[39m
    [36m<option[39m
      [33mvalue[39m=[32m"suggest-Entertainment"[39m
    [36m>[39m
      [0mEntertainment[0m
      [0m (create new)[0m
    [36m</option>[39m
    [36m<option[39m
      [33mvalue[39m=[32m"suggest-Healthcare"[39m
    [36m>[39m
      [0mHealthcare[0m
      [0m (create new)[0m
    [36m</option>[39m
    [36m<option[39m
      [33mvalue[39m=[32m"suggest-Shopping"[39m
    [36m>[39m
      [0mShopping[0m
      [0m (create new)[0m
    [36m</option>[39m
  [36m</optgroup>[39m
  [36m<option[39m
    [33mvalue[39m=[32m"new"[39m
  [36m>[39m
    [0m+ New Category[0m
  [36m</option>[39m
[36m</select>[39m
   ✓ CategoryCreationModal > form submission > displays submit button with icon 5ms
   ✓ CategoryCreationModal > form submission > displays cancel button 5ms
   ✓ CategoryCreationModal > form submission > disables submit button when no category is selected 9ms
   × CategoryCreationModal > form submission > handles category selection interactions 5ms
     → Value "sub-1" not found in options

Ignored nodes: comments, script, style
[36m<select[39m
  [33mclass[39m=[32m"w-full px-3 py-2 bg-white/70 dark:bg-gray-800/70 backdrop-blur-sm border border-gray-300/50 dark:border-gray-600/50 rounded-xl focus:outline-none focus:ring-2 focus:ring-primary focus:border-transparent dark:text-white"[39m
[36m>[39m
  [36m<option[39m
    [33mvalue[39m=[32m""[39m
  [36m>[39m
    [0mSelect a category[0m
  [36m</option>[39m
  [36m<optgroup[39m
    [33mlabel[39m=[32m"Suggestions"[39m
  [36m>[39m
    [36m<option[39m
      [33mvalue[39m=[32m"suggest-Bills"[39m
    [36m>[39m
      [0mBills[0m
      [0m (create new)[0m
    [36m</option>[39m
    [36m<option[39m
      [33mvalue[39m=[32m"suggest-Food"[39m
    [36m>[39m
      [0mFood[0m
      [0m (create new)[0m
    [36m</option>[39m
    [36m<option[39m
      [33mvalue[39m=[32m"suggest-Household"[39m
    [36m>[39m
      [0mHousehold[0m
      [0m (create new)[0m
    [36m</option>[39m
    [36m<option[39m
      [33mvalue[39m=[32m"suggest-Personal"[39m
    [36m>[39m
      [0mPersonal[0m
      [0m (create new)[0m
    [36m</option>[39m
    [36m<option[39m
      [33mvalue[39m=[32m"suggest-Transportation"[39m
    [36m>[39m
      [0mTransportation[0m
      [0m (create new)[0m
    [36m</option>[39m
    [36m<option[39m
      [33mvalue[39m=[32m"suggest-Entertainment"[39m
    [36m>[39m
      [0mEntertainment[0m
      [0m (create new)[0m
    [36m</option>[39m
    [36m<option[39m
      [33mvalue[39m=[32m"suggest-Healthcare"[39m
    [36m>[39m
      [0mHealthcare[0m
      [0m (create new)[0m
    [36m</option>[39m
    [36m<option[39m
      [33mvalue[39m=[32m"suggest-Shopping"[39m
    [36m>[39m
      [0mShopping[0m
      [0m (create new)[0m
    [36m</option>[39m
  [36m</optgroup>[39m
  [36m<option[39m
    [33mvalue[39m=[32m"new"[39m
  [36m>[39m
    [0m+ New Category[0m
  [36m</option>[39m
[36m</select>[39m
   ✓ CategoryCreationModal > form submission > handles new category input interactions 58ms
   ✓ CategoryCreationModal > form submission > handles basic form submission 15ms
   ✓ CategoryCreationModal > form submission > handles cancel action 16ms
   ✓ CategoryCreationModal > user interactions > calls onClose when close button clicked 11ms
   ✓ CategoryCreationModal > user interactions > handles new category input changes 56ms
   × CategoryCreationModal > user interactions > handles basic user interactions 4ms
     → Value "sub-1" not found in options

Ignored nodes: comments, script, style
[36m<select[39m
  [33mclass[39m=[32m"w-full px-3 py-2 bg-white/70 dark:bg-gray-800/70 backdrop-blur-sm border border-gray-300/50 dark:border-gray-600/50 rounded-xl focus:outline-none focus:ring-2 focus:ring-primary focus:border-transparent dark:text-white"[39m
[36m>[39m
  [36m<option[39m
    [33mvalue[39m=[32m""[39m
  [36m>[39m
    [0mSelect a category[0m
  [36m</option>[39m
  [36m<optgroup[39m
    [33mlabel[39m=[32m"Suggestions"[39m
  [36m>[39m
    [36m<option[39m
      [33mvalue[39m=[32m"suggest-Bills"[39m
    [36m>[39m
      [0mBills[0m
      [0m (create new)[0m
    [36m</option>[39m
    [36m<option[39m
      [33mvalue[39m=[32m"suggest-Food"[39m
    [36m>[39m
      [0mFood[0m
      [0m (create new)[0m
    [36m</option>[39m
    [36m<option[39m
      [33mvalue[39m=[32m"suggest-Household"[39m
    [36m>[39m
      [0mHousehold[0m
      [0m (create new)[0m
    [36m</option>[39m
    [36m<option[39m
      [33mvalue[39m=[32m"suggest-Personal"[39m
    [36m>[39m
      [0mPersonal[0m
      [0m (create new)[0m
    [36m</option>[39m
    [36m<option[39m
      [33mvalue[39m=[32m"suggest-Transportation"[39m
    [36m>[39m
      [0mTransportation[0m
      [0m (create new)[0m
    [36m</option>[39m
    [36m<option[39m
      [33mvalue[39m=[32m"suggest-Entertainment"[39m
    [36m>[39m
      [0mEntertainment[0m
      [0m (create new)[0m
    [36m</option>[39m
    [36m<option[39m
      [33mvalue[39m=[32m"suggest-Healthcare"[39m
    [36m>[39m
      [0mHealthcare[0m
      [0m (create new)[0m
    [36m</option>[39m
    [36m<option[39m
      [33mvalue[39m=[32m"suggest-Shopping"[39m
    [36m>[39m
      [0mShopping[0m
      [0m (create new)[0m
    [36m</option>[39m
  [36m</optgroup>[39m
  [36m<option[39m
    [33mvalue[39m=[32m"new"[39m
  [36m>[39m
    [0m+ New Category[0m
  [36m</option>[39m
[36m</select>[39m
   ✓ CategoryCreationModal > user interactions > supports keyboard navigation 3ms
   ✓ CategoryCreationModal > styling and layout > applies proper button styling for type selection 6ms
   ✓ CategoryCreationModal > styling and layout > applies proper button styling for footer buttons 9ms
   ✓ CategoryCreationModal > styling and layout > has proper grid layout for type buttons 8ms
   ✓ CategoryCreationModal > styling and layout > applies consistent label styling 2ms
   ✓ CategoryCreationModal > styling and layout > applies proper input styling 3ms
   ✓ CategoryCreationModal > accessibility > has proper form control associations 6ms
   ✓ CategoryCreationModal > accessibility > supports keyboard navigation 3ms
   ✓ CategoryCreationModal > accessibility > has proper button roles 10ms
   ✓ CategoryCreationModal > accessibility > has proper modal dialog role 2ms
   × CategoryCreationModal > accessibility > has proper select structure 3ms
     → Unable to find an element with the text: Daily Expenses. This could be because the text is broken up by multiple elements. In this case, you can provide a function for your text matcher to make your matcher more flexible.

Ignored nodes: comments, script, style
[36m<body>[39m
  [36m<div>[39m
    [36m<div[39m
      [33maria-label[39m=[32m"Create New Category"[39m
      [33mdata-testid[39m=[32m"modal"[39m
      [33mrole[39m=[32m"dialog"[39m
    [36m>[39m
      [36m<div[39m
        [33mdata-testid[39m=[32m"modal-title"[39m
      [36m>[39m
        [0mCreate New Category[0m
      [36m</div>[39m
      [36m<button[39m
        [33mdata-testid[39m=[32m"modal-close"[39m
      [36m>[39m
        [0m×[0m
      [36m</button>[39m
      [36m<div[39m
        [33mclass[39m=[32m"space-y-4"[39m
        [33mdata-testid[39m=[32m"modal-body"[39m
      [36m>[39m
        [36m<div>[39m
          [36m<label[39m
            [33mclass[39m=[32m"block text-sm font-medium text-gray-700 dark:text-gray-300 mb-2"[39m
          [36m>[39m
            [0mType[0m
          [36m</label>[39m
          [36m<div[39m
            [33mclass[39m=[32m"grid grid-cols-2 gap-2"[39m
          [36m>[39m
            [36m<button[39m
              [33mclass[39m=[32m"px-4 py-2 rounded-lg font-medium transition-colors bg-gray-100 dark:bg-gray-700 text-gray-700 dark:text-gray-300"[39m
            [36m>[39m
              [0mIncome[0m
            [36m</button>[39m
            [36m<button[39m
              [33mclass[39m=[32m"px-4 py-2 rounded-lg font-medium transition-colors bg-red-500 text-white"[39m
            [36m>[39m
              [0mExpense[0m
            [36m</button>[39m
          [36m</div>[39m
        [36m</div>[39m
        [36m<div>[39m
          [36m<label[39m
            [33mclass[39m=[32m"block text-sm font-medium text-gray-700 dark:text-gray-300 mb-2"[39m
          [36m>[39m
            [0mCategory[0m
          [36m</label>[39m
          [36m<select[39m
            [33mclass[39m=[32m"w-full px-3 py-2 bg-white/70 dark:bg-gray-800/70 backdrop-blur-sm border border-gray-300/50 dark:border-gray-600/50 rounded-xl focus:outline-none focus:ring-2 focus:ring-primary focus:border-transparent dark:text-white"[39m
          [36m>[39m
            [36m<option[39m
              [33mvalue[39m=[32m""[39m
            [36m>[39m
              [0mSelect a category[0m
            [36m</option>[39m
            [36m<optgroup[39m
              [33mlabel[39m=[32m"Suggestions"[39m
            [36m>[39m
              [36m<option[39m
                [33mvalue[39m=[32m"suggest-Bills"[39m
              [36m>[39m
                [0mBills[0m
                [0m (create new)[0m
              [36m</option>[39m
              [36m<option[39m
                [33mvalue[39m=[32m"suggest-Food"[39m
              [36m>[39m
                [0mFood[0m
                [0m (create new)[0m
              [36m</option>[39m
              [36m<option[39m
                [33mvalue[39m=[32m"suggest-Household"[39m
              [36m>[39m
                [0mHousehold[0m
                [0m (create new)[0m
              [36m</option>[39m
              [36m<option[39m
                [33mvalue[39m=[32m"suggest-Personal"[39m
              [36m>[39m
                [0mPersonal[0m
                [0m (create new)[0m
              [36m</option>[39m
              [36m<option[39m
                [33mvalue[39m=[32m"suggest-Transportation"[39m
              [36m>[39m
                [0mTransportation[0m
                [0m (create new)[0m
              [36m</option>[39m
              [36m<option[39m
                [33mvalue[39m=[32m"suggest-Entertainment"[39m
              [36m>[39m
                [0mEntertainment[0m
                [0m (create new)[0m
              [36m</option>[39m
              [36m<option[39m
                [33mvalue[39m=[32m"suggest-Healthcare"[39m
              [36m>[39m
                [0mHealthcare[0m
                [0m (create new)[0m
              [36m</option>[39m
              [36m<option[39m
                [33mvalue[39m=[32m"suggest-Shopping"[39m
              [36m>[39m
                [0mShopping[0m
                [0m (create new)[0m
              [36m</option>[39m
            [36m</optgroup>[39m
            [36m<option[39m
              [33mvalue[39m=[32m"new"[39m
            [36m>[39m
              [0m+ New Category[0m
            [36m</option>[39m
          [36m</select>[39m
        [36m</div>[39m
      [36m</div>[39m
      [36m<div[39m
        [33mdata-testid[39m=[32m"modal-footer"[39m
      [36m>[39m
        [36m<div[39m
          [33mclass[39m=[32m"flex gap-2 w-full"[39m
        [36m>[39m
          [36m<button[39m
            [33mclass[39m=[32m"flex-1 px-4 py-2 text-sm sm:text-base border border-gray-300 dark:border-gray-600 text-gray-700 dark:text-gray-300 rounded-lg hover:bg-gray-50 dark:hover:bg-gray-700"[39m
          [36m>[39m
            [0mCancel[0m
          [36m</button>[39m
          [36m<button[39m
            [33mclass[39m=[32m"flex-1 px-4 py-2 text-sm sm:text-base bg-primary text-white rounded-lg hover:bg-secondary disabled:opacity-50 disabled:cursor-not-allowed flex items-center justify-center gap-2"[39m
            [33mdisabled[39m=[32m""[39m
          [36m>[39m
            [36m<span[39m
              [33mdata-size[39m=[32m"16"[39m
              [33mdata-testid[39m=[32m"plus-icon"[39m
            [36m>[39m
              [0m+[0m
            [36m</span>[39m
            [0mCreate Category[0m
          [36m</button>[39m
        [36m</div>[39m
      [36m</div>[39m
    [36m</div>[39m
  [36m</div>[39m
[36m</body>[39m
   ✓ CategoryCreationModal > edge cases > handles modal state changes 2ms
   ✓ CategoryCreationModal > edge cases > handles missing onCategoryCreated callback 2ms
   ✓ CategoryCreationModal > edge cases > handles empty category name 33ms
   ✓ CategoryCreationModal > edge cases > handles very long category names 213ms
   ✓ CategoryCreationModal > edge cases > handles special characters in category names 78ms
   ✓ CategoryCreationModal > async operations > handles basic async operations 3ms
   × CategoryCreationModal > real-world scenarios > handles basic category selection workflow 4ms
     → Value "sub-1" not found in options

Ignored nodes: comments, script, style
[36m<select[39m
  [33mclass[39m=[32m"w-full px-3 py-2 bg-white/70 dark:bg-gray-800/70 backdrop-blur-sm border border-gray-300/50 dark:border-gray-600/50 rounded-xl focus:outline-none focus:ring-2 focus:ring-primary focus:border-transparent dark:text-white"[39m
[36m>[39m
  [36m<option[39m
    [33mvalue[39m=[32m""[39m
  [36m>[39m
    [0mSelect a category[0m
  [36m</option>[39m
  [36m<optgroup[39m
    [33mlabel[39m=[32m"Suggestions"[39m
  [36m>[39m
    [36m<option[39m
      [33mvalue[39m=[32m"suggest-Bills"[39m
    [36m>[39m
      [0mBills[0m
      [0m (create new)[0m
    [36m</option>[39m
    [36m<option[39m
      [33mvalue[39m=[32m"suggest-Food"[39m
    [36m>[39m
      [0mFood[0m
      [0m (create new)[0m
    [36m</option>[39m
    [36m<option[39m
      [33mvalue[39m=[32m"suggest-Household"[39m
    [36m>[39m
      [0mHousehold[0m
      [0m (create new)[0m
    [36m</option>[39m
    [36m<option[39m
      [33mvalue[39m=[32m"suggest-Personal"[39m
    [36m>[39m
      [0mPersonal[0m
      [0m (create new)[0m
    [36m</option>[39m
    [36m<option[39m
      [33mvalue[39m=[32m"suggest-Transportation"[39m
    [36m>[39m
      [0mTransportation[0m
      [0m (create new)[0m
    [36m</option>[39m
    [36m<option[39m
      [33mvalue[39m=[32m"suggest-Entertainment"[39m
    [36m>[39m
      [0mEntertainment[0m
      [0m (create new)[0m
    [36m</option>[39m
    [36m<option[39m
      [33mvalue[39m=[32m"suggest-Healthcare"[39m
    [36m>[39m
      [0mHealthcare[0m
      [0m (create new)[0m
    [36m</option>[39m
    [36m<option[39m
      [33mvalue[39m=[32m"suggest-Shopping"[39m
    [36m>[39m
      [0mShopping[0m
      [0m (create new)[0m
    [36m</option>[39m
  [36m</optgroup>[39m
  [36m<option[39m
    [33mvalue[39m=[32m"new"[39m
  [36m>[39m
    [0m+ New Category[0m
  [36m</option>[39m
[36m</select>[39m
   ✓ CategoryCreationModal > real-world scenarios > handles type switching workflow 18ms
   ✓ CategoryCreationModal > real-world scenarios > handles new category creation workflow 17ms
   ✓ CategoryCreationModal > real-world scenarios > handles suggested category workflow 16ms
   ✓ CategoryCreationModal > real-world scenarios > handles user canceling workflow 12ms
 ✓ src/utils/csvImport.test.ts (33 tests) 17ms
 ✓ src/utils/__tests__/mnyParser.test.ts (29 tests) 46ms
 ✓ src/services/budgetCalculationService.test.ts (31 tests) 14ms
 ✓ src/utils/csvExport.test.ts (22 tests) 14ms
 ❯ src/components/AddAccountModal.test.tsx (52 tests | 21 failed) 1452ms
   ✓ AddAccountModal > basic rendering > renders when open 42ms
   ✓ AddAccountModal > basic rendering > does not render when closed 1ms
   ✓ AddAccountModal > basic rendering > displays modal structure correctly 9ms
   ✓ AddAccountModal > basic rendering > has proper modal ARIA attributes 30ms
   ✓ AddAccountModal > basic rendering > includes close button in header 11ms
   × AddAccountModal > form structure > displays all required form fields 22ms
     → Unable to find an element with the text: Account Name. This could be because the text is broken up by multiple elements. In this case, you can provide a function for your text matcher to make your matcher more flexible.

Ignored nodes: comments, script, style
[36m<body>[39m
  [36m<div>[39m
    [36m<div[39m
      [33maria-label[39m=[32m"Add New Account"[39m
      [33mdata-testid[39m=[32m"modal"[39m
      [33mrole[39m=[32m"dialog"[39m
    [36m>[39m
      [36m<div[39m
        [33mdata-testid[39m=[32m"modal-title"[39m
      [36m>[39m
        [0mAdd New Account[0m
      [36m</div>[39m
      [36m<button[39m
        [33mdata-testid[39m=[32m"modal-close"[39m
      [36m>[39m
        [0m×[0m
      [36m</button>[39m
      [36m<form>[39m
        [36m<div[39m
          [33mdata-testid[39m=[32m"modal-body"[39m
        [36m>[39m
          [36m<div[39m
            [33mclass[39m=[32m"space-y-6"[39m
          [36m>[39m
            [36m<div>[39m
              [36m<label[39m
                [33mclass[39m=[32m"block text-sm font-semibold text-gray-700 dark:text-gray-200 mb-2"[39m
              [36m>[39m
                [0mAccount Name *[0m
              [36m</label>[39m
              [36m<input[39m
                [33mclass[39m=[32m"w-full px-4 py-3 bg-white dark:bg-gray-800 border-2 border-gray-200 dark:border-gray-700 rounded-xl focus:outline-none focus:ring-3 focus:ring-primary/20 focus:border-primary dark:text-white transition-all duration-200"[39m
                [33mplaceholder[39m=[32m"e.g., Main Checking Account"[39m
                [33mrequired[39m=[32m""[39m
                [33mtype[39m=[32m"text"[39m
                [33mvalue[39m=[32m""[39m
              [36m/>[39m
            [36m</div>[39m
            [36m<div>[39m
              [36m<label[39m
                [33mclass[39m=[32m"block text-sm font-semibold text-gray-700 dark:text-gray-200 mb-2"[39m
              [36m>[39m
                [0mAccount Type *[0m
              [36m</label>[39m
              [36m<div[39m
                [33mclass[39m=[32m"grid grid-cols-2 gap-3"[39m
              [36m>[39m
                [36m<button[39m
                  [33mclass[39m=[32m"p-3 rounded-xl border-2 transition-all duration-200 border-primary bg-primary/10 dark:bg-primary/20 "[39m
                  [33mtype[39m=[32m"button"[39m
                [36m>[39m
                  [36m<div[39m
                    [33mclass[39m=[32m"flex items-start gap-3"[39m
                  [36m>[39m
                    [36m<svg[39m
                      [33maria-hidden[39m=[32m"true"[39m
                      [33mclass[39m=[32m"lucide lucide-wallet text-primary"[39m
                      [33mfill[39m=[32m"none"[39m
                      [33mheight[39m=[32m"20"[39m
                      [33mstroke[39m=[32m"currentColor"[39m
                      [33mstroke-linecap[39m=[32m"round"[39m
                      [33mstroke-linejoin[39m=[32m"round"[39m
                      [33mstroke-width[39m=[32m"2"[39m
                      [33mviewBox[39m=[32m"0 0 24 24"[39m
                      [33mwidth[39m=[32m"20"[39m
                      [33mxmlns[39m=[32m"http://www.w3.org/2000/svg"[39m
                    [36m>[39m
                      [36m<path[39m
                        [33md[39m=[32m"M19 7V4a1 1 0 0 0-1-1H5a2 2 0 0 0 0 4h15a1 1 0 0 1 1 1v4h-3a2 2 0 0 0 0 4h3a1 1 0 0 0 1-1v-2a1 1 0 0 0-1-1"[39m
                      [36m/>[39m
                      [36m<path[39m
                        [33md[39m=[32m"M3 5v14a2 2 0 0 0 2 2h15a1 1 0 0 0 1-1v-4"[39m
                      [36m/>[39m
                    [36m</svg>[39m
                    [36m<div[39m
                      [33mclass[39m=[32m"text-left flex-1"[39m
                    [36m>[39m
                      [36m<div[39m
                        [33mclass[39m=[32m"text-sm font-medium text-primary"[39m
                      [36m>[39m
                        [0mCurrent Account[0m
                      [36m</div>[39m
                      [36m<div[39m
                        [33mclass[39m=[32m"text-xs text-gray-500 dark:text-gray-400 mt-0.5"[39m
                      [36m>[39m
                        [0mEveryday spending account[0m
                      [36m</div>[39m
                    [36m</div>[39m
                  [36m</div>[39m
                [36m</button>[39m
                [36m<button[39m
                  [33mclass[39m=[32m"p-3 rounded-xl border-2 transition-all duration-200 border-gray-200 dark:border-gray-700 hover:border-gray-300 dark:hover:border-gray-600 "[39m
                  [33mtype[39m=[32m"button"[39m
                [36m>[39m
                  [36m<div[39m
                    [33mclass[39m=[32m"flex items-start gap-3"[39m
                  [36m>[39m
                    [36m<svg[39m
                      [33maria-hidden[39m=[32m"true"[39m
                      [33mclass[39m=[32m"lucide lucide-piggy-bank text-gray-500 dark:text-gray-400"[39m
                      [33mfill[39m=[32m"none"[39m
                      [33mheight[39m=[32m"20"[39m
                      [33mstroke[39m=[32m"currentColor"[39m
                      [33mstroke-linecap[39m=[32m"round"[39m
                      [33mstroke-linejoin[39m=[32m"round"[39m
                      [33mstroke-width[39m=[32m"2"[39m
                      [33mviewBox[39m=[32m"0 0 24 24"[39m
                      [33mwidth[39m=[32m"20"[39m
                      [33mxmlns[39m=[32m"http://www.w3.org/2000/svg"[39m
                    [36m>[39m
                      [36m<path[39m
                        [33md[39m=[32m"M11 17h3v2a1 1 0 0 0 1 1h2a1 1 0 0 0 1-1v-3a3.16 3.16 0 0 0 2-2h1a1 1 0 0 0 1-1v-2a1 1 0 0 0-1-1h-1a5 5 0 0 0-2-4V3a4 4 0 0 0-3.2 1.6l-.3.4H11a6 6 0 0 0-6 6v1a5 5 0 0 0 2 4v3a1 1 0 0 0 1 1h2a1 1 0 0 0 1-1z"[39m
                      [36m/>[39m
                      [36m<path[39m
                        [33md[39m=[32m"M16 10h.01"[39m
                      [36m/>[39m
                      [36m<path[39m
                        [33md[39m=[32m"M2 8v1a2 2 0 0 0 2 2h1"[39m
                      [36m/>[39m
                    [36m</svg>[39m
                    [36m<div[39m
                      [33mclass[39m=[32m"text-left flex-1"[39m
                    [36m>[39m
                      [36m<div[39m
                        [33mclass[39m=[32m"text-sm font-medium text-gray-700 dark:text-gray-200"[39m
                      [36m>[39m
                        [0mSavings Account[0m
                      [36m</div>[39m
                      [36m<div[39m
                        [33mclass[39m=[32m"text-xs text-gray-500 dark:text-gray-400 mt-0.5"[39m
                      [36m>[39m
                        [0mLong-term savings[0m
                      [36m</div>[39m
                    [36m</div>[39m
                  [36m</div>[39m
                [36m</button>[39m
                [36m<button[39m
                  [33mclass[39m=[32m"p-3 rounded-xl...
   ✓ AddAccountModal > form structure > has proper form structure 7ms
   × AddAccountModal > form structure > displays form labels correctly 9ms
     → Unable to find an element with the text: Account Name. This could be because the text is broken up by multiple elements. In this case, you can provide a function for your text matcher to make your matcher more flexible.

Ignored nodes: comments, script, style
[36m<body>[39m
  [36m<div>[39m
    [36m<div[39m
      [33maria-label[39m=[32m"Add New Account"[39m
      [33mdata-testid[39m=[32m"modal"[39m
      [33mrole[39m=[32m"dialog"[39m
    [36m>[39m
      [36m<div[39m
        [33mdata-testid[39m=[32m"modal-title"[39m
      [36m>[39m
        [0mAdd New Account[0m
      [36m</div>[39m
      [36m<button[39m
        [33mdata-testid[39m=[32m"modal-close"[39m
      [36m>[39m
        [0m×[0m
      [36m</button>[39m
      [36m<form>[39m
        [36m<div[39m
          [33mdata-testid[39m=[32m"modal-body"[39m
        [36m>[39m
          [36m<div[39m
            [33mclass[39m=[32m"space-y-6"[39m
          [36m>[39m
            [36m<div>[39m
              [36m<label[39m
                [33mclass[39m=[32m"block text-sm font-semibold text-gray-700 dark:text-gray-200 mb-2"[39m
              [36m>[39m
                [0mAccount Name *[0m
              [36m</label>[39m
              [36m<input[39m
                [33mclass[39m=[32m"w-full px-4 py-3 bg-white dark:bg-gray-800 border-2 border-gray-200 dark:border-gray-700 rounded-xl focus:outline-none focus:ring-3 focus:ring-primary/20 focus:border-primary dark:text-white transition-all duration-200"[39m
                [33mplaceholder[39m=[32m"e.g., Main Checking Account"[39m
                [33mrequired[39m=[32m""[39m
                [33mtype[39m=[32m"text"[39m
                [33mvalue[39m=[32m""[39m
              [36m/>[39m
            [36m</div>[39m
            [36m<div>[39m
              [36m<label[39m
                [33mclass[39m=[32m"block text-sm font-semibold text-gray-700 dark:text-gray-200 mb-2"[39m
              [36m>[39m
                [0mAccount Type *[0m
              [36m</label>[39m
              [36m<div[39m
                [33mclass[39m=[32m"grid grid-cols-2 gap-3"[39m
              [36m>[39m
                [36m<button[39m
                  [33mclass[39m=[32m"p-3 rounded-xl border-2 transition-all duration-200 border-primary bg-primary/10 dark:bg-primary/20 "[39m
                  [33mtype[39m=[32m"button"[39m
                [36m>[39m
                  [36m<div[39m
                    [33mclass[39m=[32m"flex items-start gap-3"[39m
                  [36m>[39m
                    [36m<svg[39m
                      [33maria-hidden[39m=[32m"true"[39m
                      [33mclass[39m=[32m"lucide lucide-wallet text-primary"[39m
                      [33mfill[39m=[32m"none"[39m
                      [33mheight[39m=[32m"20"[39m
                      [33mstroke[39m=[32m"currentColor"[39m
                      [33mstroke-linecap[39m=[32m"round"[39m
                      [33mstroke-linejoin[39m=[32m"round"[39m
                      [33mstroke-width[39m=[32m"2"[39m
                      [33mviewBox[39m=[32m"0 0 24 24"[39m
                      [33mwidth[39m=[32m"20"[39m
                      [33mxmlns[39m=[32m"http://www.w3.org/2000/svg"[39m
                    [36m>[39m
                      [36m<path[39m
                        [33md[39m=[32m"M19 7V4a1 1 0 0 0-1-1H5a2 2 0 0 0 0 4h15a1 1 0 0 1 1 1v4h-3a2 2 0 0 0 0 4h3a1 1 0 0 0 1-1v-2a1 1 0 0 0-1-1"[39m
                      [36m/>[39m
                      [36m<path[39m
                        [33md[39m=[32m"M3 5v14a2 2 0 0 0 2 2h15a1 1 0 0 0 1-1v-4"[39m
                      [36m/>[39m
                    [36m</svg>[39m
                    [36m<div[39m
                      [33mclass[39m=[32m"text-left flex-1"[39m
                    [36m>[39m
                      [36m<div[39m
                        [33mclass[39m=[32m"text-sm font-medium text-primary"[39m
                      [36m>[39m
                        [0mCurrent Account[0m
                      [36m</div>[39m
                      [36m<div[39m
                        [33mclass[39m=[32m"text-xs text-gray-500 dark:text-gray-400 mt-0.5"[39m
                      [36m>[39m
                        [0mEveryday spending account[0m
                      [36m</div>[39m
                    [36m</div>[39m
                  [36m</div>[39m
                [36m</button>[39m
                [36m<button[39m
                  [33mclass[39m=[32m"p-3 rounded-xl border-2 transition-all duration-200 border-gray-200 dark:border-gray-700 hover:border-gray-300 dark:hover:border-gray-600 "[39m
                  [33mtype[39m=[32m"button"[39m
                [36m>[39m
                  [36m<div[39m
                    [33mclass[39m=[32m"flex items-start gap-3"[39m
                  [36m>[39m
                    [36m<svg[39m
                      [33maria-hidden[39m=[32m"true"[39m
                      [33mclass[39m=[32m"lucide lucide-piggy-bank text-gray-500 dark:text-gray-400"[39m
                      [33mfill[39m=[32m"none"[39m
                      [33mheight[39m=[32m"20"[39m
                      [33mstroke[39m=[32m"currentColor"[39m
                      [33mstroke-linecap[39m=[32m"round"[39m
                      [33mstroke-linejoin[39m=[32m"round"[39m
                      [33mstroke-width[39m=[32m"2"[39m
                      [33mviewBox[39m=[32m"0 0 24 24"[39m
                      [33mwidth[39m=[32m"20"[39m
                      [33mxmlns[39m=[32m"http://www.w3.org/2000/svg"[39m
                    [36m>[39m
                      [36m<path[39m
                        [33md[39m=[32m"M11 17h3v2a1 1 0 0 0 1 1h2a1 1 0 0 0 1-1v-3a3.16 3.16 0 0 0 2-2h1a1 1 0 0 0 1-1v-2a1 1 0 0 0-1-1h-1a5 5 0 0 0-2-4V3a4 4 0 0 0-3.2 1.6l-.3.4H11a6 6 0 0 0-6 6v1a5 5 0 0 0 2 4v3a1 1 0 0 0 1 1h2a1 1 0 0 0 1-1z"[39m
                      [36m/>[39m
                      [36m<path[39m
                        [33md[39m=[32m"M16 10h.01"[39m
                      [36m/>[39m
                      [36m<path[39m
                        [33md[39m=[32m"M2 8v1a2 2 0 0 0 2 2h1"[39m
                      [36m/>[39m
                    [36m</svg>[39m
                    [36m<div[39m
                      [33mclass[39m=[32m"text-left flex-1"[39m
                    [36m>[39m
                      [36m<div[39m
                        [33mclass[39m=[32m"text-sm font-medium text-gray-700 dark:text-gray-200"[39m
                      [36m>[39m
                        [0mSavings Account[0m
                      [36m</div>[39m
                      [36m<div[39m
                        [33mclass[39m=[32m"text-xs text-gray-500 dark:text-gray-400 mt-0.5"[39m
                      [36m>[39m
                        [0mLong-term savings[0m
                      [36m</div>[39m
                    [36m</div>[39m
                  [36m</div>[39m
                [36m</button>[39m
                [36m<button[39m
                  [33mclass[39m=[32m"p-3 rounded-xl...
   × AddAccountModal > form structure > applies correct input styling 22ms
     → [2mexpect([22m[31melement[39m[2m).toHaveClass([22m[32m[32m"w-full px-3 py-2 bg-white/70 dark:bg-gray-800/70 backdrop-blur-sm border border-gray-300/50 dark:border-gray-600/50 rounded-xl focus:outline-none focus:ring-2 focus:ring-primary focus:border-transparent dark:text-white"[32m[39m[2m)[22m

Expected the element to have class:
[32m  w-full px-3 py-2 bg-white/70 dark:bg-gray-800/70 backdrop-blur-sm border border-gray-300/50 dark:border-gray-600/50 rounded-xl focus:outline-none focus:ring-2 focus:ring-primary focus:border-transparent dark:text-white[39m
Received:
[31m  w-full px-4 py-3 bg-white dark:bg-gray-800 border-2 border-gray-200 dark:border-gray-700 rounded-xl focus:outline-none focus:ring-3 focus:ring-primary/20 focus:border-primary dark:text-white transition-all duration-200[39m
   × AddAccountModal > account type options > displays all account type options 13ms
     → Unable to find an element with the text: Current. This could be because the text is broken up by multiple elements. In this case, you can provide a function for your text matcher to make your matcher more flexible.

Ignored nodes: comments, script, style
[36m<body>[39m
  [36m<div>[39m
    [36m<div[39m
      [33maria-label[39m=[32m"Add New Account"[39m
      [33mdata-testid[39m=[32m"modal"[39m
      [33mrole[39m=[32m"dialog"[39m
    [36m>[39m
      [36m<div[39m
        [33mdata-testid[39m=[32m"modal-title"[39m
      [36m>[39m
        [0mAdd New Account[0m
      [36m</div>[39m
      [36m<button[39m
        [33mdata-testid[39m=[32m"modal-close"[39m
      [36m>[39m
        [0m×[0m
      [36m</button>[39m
      [36m<form>[39m
        [36m<div[39m
          [33mdata-testid[39m=[32m"modal-body"[39m
        [36m>[39m
          [36m<div[39m
            [33mclass[39m=[32m"space-y-6"[39m
          [36m>[39m
            [36m<div>[39m
              [36m<label[39m
                [33mclass[39m=[32m"block text-sm font-semibold text-gray-700 dark:text-gray-200 mb-2"[39m
              [36m>[39m
                [0mAccount Name *[0m
              [36m</label>[39m
              [36m<input[39m
                [33mclass[39m=[32m"w-full px-4 py-3 bg-white dark:bg-gray-800 border-2 border-gray-200 dark:border-gray-700 rounded-xl focus:outline-none focus:ring-3 focus:ring-primary/20 focus:border-primary dark:text-white transition-all duration-200"[39m
                [33mplaceholder[39m=[32m"e.g., Main Checking Account"[39m
                [33mrequired[39m=[32m""[39m
                [33mtype[39m=[32m"text"[39m
                [33mvalue[39m=[32m""[39m
              [36m/>[39m
            [36m</div>[39m
            [36m<div>[39m
              [36m<label[39m
                [33mclass[39m=[32m"block text-sm font-semibold text-gray-700 dark:text-gray-200 mb-2"[39m
              [36m>[39m
                [0mAccount Type *[0m
              [36m</label>[39m
              [36m<div[39m
                [33mclass[39m=[32m"grid grid-cols-2 gap-3"[39m
              [36m>[39m
                [36m<button[39m
                  [33mclass[39m=[32m"p-3 rounded-xl border-2 transition-all duration-200 border-primary bg-primary/10 dark:bg-primary/20 "[39m
                  [33mtype[39m=[32m"button"[39m
                [36m>[39m
                  [36m<div[39m
                    [33mclass[39m=[32m"flex items-start gap-3"[39m
                  [36m>[39m
                    [36m<svg[39m
                      [33maria-hidden[39m=[32m"true"[39m
                      [33mclass[39m=[32m"lucide lucide-wallet text-primary"[39m
                      [33mfill[39m=[32m"none"[39m
                      [33mheight[39m=[32m"20"[39m
                      [33mstroke[39m=[32m"currentColor"[39m
                      [33mstroke-linecap[39m=[32m"round"[39m
                      [33mstroke-linejoin[39m=[32m"round"[39m
                      [33mstroke-width[39m=[32m"2"[39m
                      [33mviewBox[39m=[32m"0 0 24 24"[39m
                      [33mwidth[39m=[32m"20"[39m
                      [33mxmlns[39m=[32m"http://www.w3.org/2000/svg"[39m
                    [36m>[39m
                      [36m<path[39m
                        [33md[39m=[32m"M19 7V4a1 1 0 0 0-1-1H5a2 2 0 0 0 0 4h15a1 1 0 0 1 1 1v4h-3a2 2 0 0 0 0 4h3a1 1 0 0 0 1-1v-2a1 1 0 0 0-1-1"[39m
                      [36m/>[39m
                      [36m<path[39m
                        [33md[39m=[32m"M3 5v14a2 2 0 0 0 2 2h15a1 1 0 0 0 1-1v-4"[39m
                      [36m/>[39m
                    [36m</svg>[39m
                    [36m<div[39m
                      [33mclass[39m=[32m"text-left flex-1"[39m
                    [36m>[39m
                      [36m<div[39m
                        [33mclass[39m=[32m"text-sm font-medium text-primary"[39m
                      [36m>[39m
                        [0mCurrent Account[0m
                      [36m</div>[39m
                      [36m<div[39m
                        [33mclass[39m=[32m"text-xs text-gray-500 dark:text-gray-400 mt-0.5"[39m
                      [36m>[39m
                        [0mEveryday spending account[0m
                      [36m</div>[39m
                    [36m</div>[39m
                  [36m</div>[39m
                [36m</button>[39m
                [36m<button[39m
                  [33mclass[39m=[32m"p-3 rounded-xl border-2 transition-all duration-200 border-gray-200 dark:border-gray-700 hover:border-gray-300 dark:hover:border-gray-600 "[39m
                  [33mtype[39m=[32m"button"[39m
                [36m>[39m
                  [36m<div[39m
                    [33mclass[39m=[32m"flex items-start gap-3"[39m
                  [36m>[39m
                    [36m<svg[39m
                      [33maria-hidden[39m=[32m"true"[39m
                      [33mclass[39m=[32m"lucide lucide-piggy-bank text-gray-500 dark:text-gray-400"[39m
                      [33mfill[39m=[32m"none"[39m
                      [33mheight[39m=[32m"20"[39m
                      [33mstroke[39m=[32m"currentColor"[39m
                      [33mstroke-linecap[39m=[32m"round"[39m
                      [33mstroke-linejoin[39m=[32m"round"[39m
                      [33mstroke-width[39m=[32m"2"[39m
                      [33mviewBox[39m=[32m"0 0 24 24"[39m
                      [33mwidth[39m=[32m"20"[39m
                      [33mxmlns[39m=[32m"http://www.w3.org/2000/svg"[39m
                    [36m>[39m
                      [36m<path[39m
                        [33md[39m=[32m"M11 17h3v2a1 1 0 0 0 1 1h2a1 1 0 0 0 1-1v-3a3.16 3.16 0 0 0 2-2h1a1 1 0 0 0 1-1v-2a1 1 0 0 0-1-1h-1a5 5 0 0 0-2-4V3a4 4 0 0 0-3.2 1.6l-.3.4H11a6 6 0 0 0-6 6v1a5 5 0 0 0 2 4v3a1 1 0 0 0 1 1h2a1 1 0 0 0 1-1z"[39m
                      [36m/>[39m
                      [36m<path[39m
                        [33md[39m=[32m"M16 10h.01"[39m
                      [36m/>[39m
                      [36m<path[39m
                        [33md[39m=[32m"M2 8v1a2 2 0 0 0 2 2h1"[39m
                      [36m/>[39m
                    [36m</svg>[39m
                    [36m<div[39m
                      [33mclass[39m=[32m"text-left flex-1"[39m
                    [36m>[39m
                      [36m<div[39m
                        [33mclass[39m=[32m"text-sm font-medium text-gray-700 dark:text-gray-200"[39m
                      [36m>[39m
                        [0mSavings Account[0m
                      [36m</div>[39m
                      [36m<div[39m
                        [33mclass[39m=[32m"text-xs text-gray-500 dark:text-gray-400 mt-0.5"[39m
                      [36m>[39m
                        [0mLong-term savings[0m
                      [36m</div>[39m
                    [36m</div>[39m
                  [36m</div>[39m
                [36m</button>[39m
                [36m<button[39m
                  [33mclass[39m=[32m"p-3 rounded-xl...
   × AddAccountModal > account type options > includes standard account types 10ms
     → Unable to find an element with the text: Current. This could be because the text is broken up by multiple elements. In this case, you can provide a function for your text matcher to make your matcher more flexible.

Ignored nodes: comments, script, style
[36m<body>[39m
  [36m<div>[39m
    [36m<div[39m
      [33maria-label[39m=[32m"Add New Account"[39m
      [33mdata-testid[39m=[32m"modal"[39m
      [33mrole[39m=[32m"dialog"[39m
    [36m>[39m
      [36m<div[39m
        [33mdata-testid[39m=[32m"modal-title"[39m
      [36m>[39m
        [0mAdd New Account[0m
      [36m</div>[39m
      [36m<button[39m
        [33mdata-testid[39m=[32m"modal-close"[39m
      [36m>[39m
        [0m×[0m
      [36m</button>[39m
      [36m<form>[39m
        [36m<div[39m
          [33mdata-testid[39m=[32m"modal-body"[39m
        [36m>[39m
          [36m<div[39m
            [33mclass[39m=[32m"space-y-6"[39m
          [36m>[39m
            [36m<div>[39m
              [36m<label[39m
                [33mclass[39m=[32m"block text-sm font-semibold text-gray-700 dark:text-gray-200 mb-2"[39m
              [36m>[39m
                [0mAccount Name *[0m
              [36m</label>[39m
              [36m<input[39m
                [33mclass[39m=[32m"w-full px-4 py-3 bg-white dark:bg-gray-800 border-2 border-gray-200 dark:border-gray-700 rounded-xl focus:outline-none focus:ring-3 focus:ring-primary/20 focus:border-primary dark:text-white transition-all duration-200"[39m
                [33mplaceholder[39m=[32m"e.g., Main Checking Account"[39m
                [33mrequired[39m=[32m""[39m
                [33mtype[39m=[32m"text"[39m
                [33mvalue[39m=[32m""[39m
              [36m/>[39m
            [36m</div>[39m
            [36m<div>[39m
              [36m<label[39m
                [33mclass[39m=[32m"block text-sm font-semibold text-gray-700 dark:text-gray-200 mb-2"[39m
              [36m>[39m
                [0mAccount Type *[0m
              [36m</label>[39m
              [36m<div[39m
                [33mclass[39m=[32m"grid grid-cols-2 gap-3"[39m
              [36m>[39m
                [36m<button[39m
                  [33mclass[39m=[32m"p-3 rounded-xl border-2 transition-all duration-200 border-primary bg-primary/10 dark:bg-primary/20 "[39m
                  [33mtype[39m=[32m"button"[39m
                [36m>[39m
                  [36m<div[39m
                    [33mclass[39m=[32m"flex items-start gap-3"[39m
                  [36m>[39m
                    [36m<svg[39m
                      [33maria-hidden[39m=[32m"true"[39m
                      [33mclass[39m=[32m"lucide lucide-wallet text-primary"[39m
                      [33mfill[39m=[32m"none"[39m
                      [33mheight[39m=[32m"20"[39m
                      [33mstroke[39m=[32m"currentColor"[39m
                      [33mstroke-linecap[39m=[32m"round"[39m
                      [33mstroke-linejoin[39m=[32m"round"[39m
                      [33mstroke-width[39m=[32m"2"[39m
                      [33mviewBox[39m=[32m"0 0 24 24"[39m
                      [33mwidth[39m=[32m"20"[39m
                      [33mxmlns[39m=[32m"http://www.w3.org/2000/svg"[39m
                    [36m>[39m
                      [36m<path[39m
                        [33md[39m=[32m"M19 7V4a1 1 0 0 0-1-1H5a2 2 0 0 0 0 4h15a1 1 0 0 1 1 1v4h-3a2 2 0 0 0 0 4h3a1 1 0 0 0 1-1v-2a1 1 0 0 0-1-1"[39m
                      [36m/>[39m
                      [36m<path[39m
                        [33md[39m=[32m"M3 5v14a2 2 0 0 0 2 2h15a1 1 0 0 0 1-1v-4"[39m
                      [36m/>[39m
                    [36m</svg>[39m
                    [36m<div[39m
                      [33mclass[39m=[32m"text-left flex-1"[39m
                    [36m>[39m
                      [36m<div[39m
                        [33mclass[39m=[32m"text-sm font-medium text-primary"[39m
                      [36m>[39m
                        [0mCurrent Account[0m
                      [36m</div>[39m
                      [36m<div[39m
                        [33mclass[39m=[32m"text-xs text-gray-500 dark:text-gray-400 mt-0.5"[39m
                      [36m>[39m
                        [0mEveryday spending account[0m
                      [36m</div>[39m
                    [36m</div>[39m
                  [36m</div>[39m
                [36m</button>[39m
                [36m<button[39m
                  [33mclass[39m=[32m"p-3 rounded-xl border-2 transition-all duration-200 border-gray-200 dark:border-gray-700 hover:border-gray-300 dark:hover:border-gray-600 "[39m
                  [33mtype[39m=[32m"button"[39m
                [36m>[39m
                  [36m<div[39m
                    [33mclass[39m=[32m"flex items-start gap-3"[39m
                  [36m>[39m
                    [36m<svg[39m
                      [33maria-hidden[39m=[32m"true"[39m
                      [33mclass[39m=[32m"lucide lucide-piggy-bank text-gray-500 dark:text-gray-400"[39m
                      [33mfill[39m=[32m"none"[39m
                      [33mheight[39m=[32m"20"[39m
                      [33mstroke[39m=[32m"currentColor"[39m
                      [33mstroke-linecap[39m=[32m"round"[39m
                      [33mstroke-linejoin[39m=[32m"round"[39m
                      [33mstroke-width[39m=[32m"2"[39m
                      [33mviewBox[39m=[32m"0 0 24 24"[39m
                      [33mwidth[39m=[32m"20"[39m
                      [33mxmlns[39m=[32m"http://www.w3.org/2000/svg"[39m
                    [36m>[39m
                      [36m<path[39m
                        [33md[39m=[32m"M11 17h3v2a1 1 0 0 0 1 1h2a1 1 0 0 0 1-1v-3a3.16 3.16 0 0 0 2-2h1a1 1 0 0 0 1-1v-2a1 1 0 0 0-1-1h-1a5 5 0 0 0-2-4V3a4 4 0 0 0-3.2 1.6l-.3.4H11a6 6 0 0 0-6 6v1a5 5 0 0 0 2 4v3a1 1 0 0 0 1 1h2a1 1 0 0 0 1-1z"[39m
                      [36m/>[39m
                      [36m<path[39m
                        [33md[39m=[32m"M16 10h.01"[39m
                      [36m/>[39m
                      [36m<path[39m
                        [33md[39m=[32m"M2 8v1a2 2 0 0 0 2 2h1"[39m
                      [36m/>[39m
                    [36m</svg>[39m
                    [36m<div[39m
                      [33mclass[39m=[32m"text-left flex-1"[39m
                    [36m>[39m
                      [36m<div[39m
                        [33mclass[39m=[32m"text-sm font-medium text-gray-700 dark:text-gray-200"[39m
                      [36m>[39m
                        [0mSavings Account[0m
                      [36m</div>[39m
                      [36m<div[39m
                        [33mclass[39m=[32m"text-xs text-gray-500 dark:text-gray-400 mt-0.5"[39m
                      [36m>[39m
                        [0mLong-term savings[0m
                      [36m</div>[39m
                    [36m</div>[39m
                  [36m</div>[39m
                [36m</button>[39m
                [36m<button[39m
                  [33mclass[39m=[32m"p-3 rounded-xl...
   ✓ AddAccountModal > account type options > has current as default selection 10ms
   × AddAccountModal > account type options > allows changing account type selection 15ms
     → Value "savings" not found in options

Ignored nodes: comments, script, style
[36m<select[39m
  [33mclass[39m=[32m"w-full px-4 py-3 bg-white dark:bg-gray-800 border-2 border-gray-200 dark:border-gray-700 rounded-xl focus:outline-none focus:ring-3 focus:ring-primary/20 focus:border-primary dark:text-white transition-all duration-200 appearance-none cursor-pointer"[39m
  [33mstyle[39m=[32m"background-repeat: no-repeat; background-size: 1.5em 1.5em; padding-right: 2.5rem;"[39m
[36m>[39m
  [36m<option[39m
    [33mvalue[39m=[32m"GBP"[39m
  [36m>[39m
    [0m£[0m
    [0m [0m
    [0mBritish Pound[0m
  [36m</option>[39m
  [36m<option[39m
    [33mvalue[39m=[32m"USD"[39m
  [36m>[39m
    [0m$[0m
    [0m [0m
    [0mUS Dollar[0m
  [36m</option>[39m
  [36m<option[39m
    [33mvalue[39m=[32m"EUR"[39m
  [36m>[39m
    [0m€[0m
    [0m [0m
    [0mEuro[0m
  [36m</option>[39m
[36m</select>[39m
   × AddAccountModal > currency options > displays currency options 11ms
     → Unable to find an element with the text: GBP £. This could be because the text is broken up by multiple elements. In this case, you can provide a function for your text matcher to make your matcher more flexible.

Ignored nodes: comments, script, style
[36m<body>[39m
  [36m<div>[39m
    [36m<div[39m
      [33maria-label[39m=[32m"Add New Account"[39m
      [33mdata-testid[39m=[32m"modal"[39m
      [33mrole[39m=[32m"dialog"[39m
    [36m>[39m
      [36m<div[39m
        [33mdata-testid[39m=[32m"modal-title"[39m
      [36m>[39m
        [0mAdd New Account[0m
      [36m</div>[39m
      [36m<button[39m
        [33mdata-testid[39m=[32m"modal-close"[39m
      [36m>[39m
        [0m×[0m
      [36m</button>[39m
      [36m<form>[39m
        [36m<div[39m
          [33mdata-testid[39m=[32m"modal-body"[39m
        [36m>[39m
          [36m<div[39m
            [33mclass[39m=[32m"space-y-6"[39m
          [36m>[39m
            [36m<div>[39m
              [36m<label[39m
                [33mclass[39m=[32m"block text-sm font-semibold text-gray-700 dark:text-gray-200 mb-2"[39m
              [36m>[39m
                [0mAccount Name *[0m
              [36m</label>[39m
              [36m<input[39m
                [33mclass[39m=[32m"w-full px-4 py-3 bg-white dark:bg-gray-800 border-2 border-gray-200 dark:border-gray-700 rounded-xl focus:outline-none focus:ring-3 focus:ring-primary/20 focus:border-primary dark:text-white transition-all duration-200"[39m
                [33mplaceholder[39m=[32m"e.g., Main Checking Account"[39m
                [33mrequired[39m=[32m""[39m
                [33mtype[39m=[32m"text"[39m
                [33mvalue[39m=[32m""[39m
              [36m/>[39m
            [36m</div>[39m
            [36m<div>[39m
              [36m<label[39m
                [33mclass[39m=[32m"block text-sm font-semibold text-gray-700 dark:text-gray-200 mb-2"[39m
              [36m>[39m
                [0mAccount Type *[0m
              [36m</label>[39m
              [36m<div[39m
                [33mclass[39m=[32m"grid grid-cols-2 gap-3"[39m
              [36m>[39m
                [36m<button[39m
                  [33mclass[39m=[32m"p-3 rounded-xl border-2 transition-all duration-200 border-primary bg-primary/10 dark:bg-primary/20 "[39m
                  [33mtype[39m=[32m"button"[39m
                [36m>[39m
                  [36m<div[39m
                    [33mclass[39m=[32m"flex items-start gap-3"[39m
                  [36m>[39m
                    [36m<svg[39m
                      [33maria-hidden[39m=[32m"true"[39m
                      [33mclass[39m=[32m"lucide lucide-wallet text-primary"[39m
                      [33mfill[39m=[32m"none"[39m
                      [33mheight[39m=[32m"20"[39m
                      [33mstroke[39m=[32m"currentColor"[39m
                      [33mstroke-linecap[39m=[32m"round"[39m
                      [33mstroke-linejoin[39m=[32m"round"[39m
                      [33mstroke-width[39m=[32m"2"[39m
                      [33mviewBox[39m=[32m"0 0 24 24"[39m
                      [33mwidth[39m=[32m"20"[39m
                      [33mxmlns[39m=[32m"http://www.w3.org/2000/svg"[39m
                    [36m>[39m
                      [36m<path[39m
                        [33md[39m=[32m"M19 7V4a1 1 0 0 0-1-1H5a2 2 0 0 0 0 4h15a1 1 0 0 1 1 1v4h-3a2 2 0 0 0 0 4h3a1 1 0 0 0 1-1v-2a1 1 0 0 0-1-1"[39m
                      [36m/>[39m
                      [36m<path[39m
                        [33md[39m=[32m"M3 5v14a2 2 0 0 0 2 2h15a1 1 0 0 0 1-1v-4"[39m
                      [36m/>[39m
                    [36m</svg>[39m
                    [36m<div[39m
                      [33mclass[39m=[32m"text-left flex-1"[39m
                    [36m>[39m
                      [36m<div[39m
                        [33mclass[39m=[32m"text-sm font-medium text-primary"[39m
                      [36m>[39m
                        [0mCurrent Account[0m
                      [36m</div>[39m
                      [36m<div[39m
                        [33mclass[39m=[32m"text-xs text-gray-500 dark:text-gray-400 mt-0.5"[39m
                      [36m>[39m
                        [0mEveryday spending account[0m
                      [36m</div>[39m
                    [36m</div>[39m
                  [36m</div>[39m
                [36m</button>[39m
                [36m<button[39m
                  [33mclass[39m=[32m"p-3 rounded-xl border-2 transition-all duration-200 border-gray-200 dark:border-gray-700 hover:border-gray-300 dark:hover:border-gray-600 "[39m
                  [33mtype[39m=[32m"button"[39m
                [36m>[39m
                  [36m<div[39m
                    [33mclass[39m=[32m"flex items-start gap-3"[39m
                  [36m>[39m
                    [36m<svg[39m
                      [33maria-hidden[39m=[32m"true"[39m
                      [33mclass[39m=[32m"lucide lucide-piggy-bank text-gray-500 dark:text-gray-400"[39m
                      [33mfill[39m=[32m"none"[39m
                      [33mheight[39m=[32m"20"[39m
                      [33mstroke[39m=[32m"currentColor"[39m
                      [33mstroke-linecap[39m=[32m"round"[39m
                      [33mstroke-linejoin[39m=[32m"round"[39m
                      [33mstroke-width[39m=[32m"2"[39m
                      [33mviewBox[39m=[32m"0 0 24 24"[39m
                      [33mwidth[39m=[32m"20"[39m
                      [33mxmlns[39m=[32m"http://www.w3.org/2000/svg"[39m
                    [36m>[39m
                      [36m<path[39m
                        [33md[39m=[32m"M11 17h3v2a1 1 0 0 0 1 1h2a1 1 0 0 0 1-1v-3a3.16 3.16 0 0 0 2-2h1a1 1 0 0 0 1-1v-2a1 1 0 0 0-1-1h-1a5 5 0 0 0-2-4V3a4 4 0 0 0-3.2 1.6l-.3.4H11a6 6 0 0 0-6 6v1a5 5 0 0 0 2 4v3a1 1 0 0 0 1 1h2a1 1 0 0 0 1-1z"[39m
                      [36m/>[39m
                      [36m<path[39m
                        [33md[39m=[32m"M16 10h.01"[39m
                      [36m/>[39m
                      [36m<path[39m
                        [33md[39m=[32m"M2 8v1a2 2 0 0 0 2 2h1"[39m
                      [36m/>[39m
                    [36m</svg>[39m
                    [36m<div[39m
                      [33mclass[39m=[32m"text-left flex-1"[39m
                    [36m>[39m
                      [36m<div[39m
                        [33mclass[39m=[32m"text-sm font-medium text-gray-700 dark:text-gray-200"[39m
                      [36m>[39m
                        [0mSavings Account[0m
                      [36m</div>[39m
                      [36m<div[39m
                        [33mclass[39m=[32m"text-xs text-gray-500 dark:text-gray-400 mt-0.5"[39m
                      [36m>[39m
                        [0mLong-term savings[0m
                      [36m</div>[39m
                    [36m</div>[39m
                  [36m</div>[39m
                [36m</button>[39m
                [36m<button[39m
                  [33mclass[39m=[32m"p-3 rounded-xl...
   × AddAccountModal > currency options > defaults to preferences currency (GBP) 11ms
     → [2mexpect([22m[31mreceived[39m[2m).toBeInTheDocument()[22m

[31mreceived[39m value must be an HTMLElement or an SVGElement.
Received has type:  Undefined
Received has value: [31mundefined[39m
   × AddAccountModal > currency options > allows changing currency selection 17ms
     → Cannot read properties of undefined (reading 'querySelectorAll')
   ✓ AddAccountModal > form validation > marks account name as required 14ms
   ✓ AddAccountModal > form validation > marks balance as required 8ms
   ✓ AddAccountModal > form validation > sets proper input types 9ms
   ✓ AddAccountModal > form validation > sets balance input step to 0.01 12ms
   × AddAccountModal > form validation > has placeholder for institution field 8ms
     → Unable to find an element with the placeholder text of: e.g., Barclays, HSBC

Ignored nodes: comments, script, style
[36m<body>[39m
  [36m<div>[39m
    [36m<div[39m
      [33maria-label[39m=[32m"Add New Account"[39m
      [33mdata-testid[39m=[32m"modal"[39m
      [33mrole[39m=[32m"dialog"[39m
    [36m>[39m
      [36m<div[39m
        [33mdata-testid[39m=[32m"modal-title"[39m
      [36m>[39m
        [0mAdd New Account[0m
      [36m</div>[39m
      [36m<button[39m
        [33mdata-testid[39m=[32m"modal-close"[39m
      [36m>[39m
        [0m×[0m
      [36m</button>[39m
      [36m<form>[39m
        [36m<div[39m
          [33mdata-testid[39m=[32m"modal-body"[39m
        [36m>[39m
          [36m<div[39m
            [33mclass[39m=[32m"space-y-6"[39m
          [36m>[39m
            [36m<div>[39m
              [36m<label[39m
                [33mclass[39m=[32m"block text-sm font-semibold text-gray-700 dark:text-gray-200 mb-2"[39m
              [36m>[39m
                [0mAccount Name *[0m
              [36m</label>[39m
              [36m<input[39m
                [33mclass[39m=[32m"w-full px-4 py-3 bg-white dark:bg-gray-800 border-2 border-gray-200 dark:border-gray-700 rounded-xl focus:outline-none focus:ring-3 focus:ring-primary/20 focus:border-primary dark:text-white transition-all duration-200"[39m
                [33mplaceholder[39m=[32m"e.g., Main Checking Account"[39m
                [33mrequired[39m=[32m""[39m
                [33mtype[39m=[32m"text"[39m
                [33mvalue[39m=[32m""[39m
              [36m/>[39m
            [36m</div>[39m
            [36m<div>[39m
              [36m<label[39m
                [33mclass[39m=[32m"block text-sm font-semibold text-gray-700 dark:text-gray-200 mb-2"[39m
              [36m>[39m
                [0mAccount Type *[0m
              [36m</label>[39m
              [36m<div[39m
                [33mclass[39m=[32m"grid grid-cols-2 gap-3"[39m
              [36m>[39m
                [36m<button[39m
                  [33mclass[39m=[32m"p-3 rounded-xl border-2 transition-all duration-200 border-primary bg-primary/10 dark:bg-primary/20 "[39m
                  [33mtype[39m=[32m"button"[39m
                [36m>[39m
                  [36m<div[39m
                    [33mclass[39m=[32m"flex items-start gap-3"[39m
                  [36m>[39m
                    [36m<svg[39m
                      [33maria-hidden[39m=[32m"true"[39m
                      [33mclass[39m=[32m"lucide lucide-wallet text-primary"[39m
                      [33mfill[39m=[32m"none"[39m
                      [33mheight[39m=[32m"20"[39m
                      [33mstroke[39m=[32m"currentColor"[39m
                      [33mstroke-linecap[39m=[32m"round"[39m
                      [33mstroke-linejoin[39m=[32m"round"[39m
                      [33mstroke-width[39m=[32m"2"[39m
                      [33mviewBox[39m=[32m"0 0 24 24"[39m
                      [33mwidth[39m=[32m"20"[39m
                      [33mxmlns[39m=[32m"http://www.w3.org/2000/svg"[39m
                    [36m>[39m
                      [36m<path[39m
                        [33md[39m=[32m"M19 7V4a1 1 0 0 0-1-1H5a2 2 0 0 0 0 4h15a1 1 0 0 1 1 1v4h-3a2 2 0 0 0 0 4h3a1 1 0 0 0 1-1v-2a1 1 0 0 0-1-1"[39m
                      [36m/>[39m
                      [36m<path[39m
                        [33md[39m=[32m"M3 5v14a2 2 0 0 0 2 2h15a1 1 0 0 0 1-1v-4"[39m
                      [36m/>[39m
                    [36m</svg>[39m
                    [36m<div[39m
                      [33mclass[39m=[32m"text-left flex-1"[39m
                    [36m>[39m
                      [36m<div[39m
                        [33mclass[39m=[32m"text-sm font-medium text-primary"[39m
                      [36m>[39m
                        [0mCurrent Account[0m
                      [36m</div>[39m
                      [36m<div[39m
                        [33mclass[39m=[32m"text-xs text-gray-500 dark:text-gray-400 mt-0.5"[39m
                      [36m>[39m
                        [0mEveryday spending account[0m
                      [36m</div>[39m
                    [36m</div>[39m
                  [36m</div>[39m
                [36m</button>[39m
                [36m<button[39m
                  [33mclass[39m=[32m"p-3 rounded-xl border-2 transition-all duration-200 border-gray-200 dark:border-gray-700 hover:border-gray-300 dark:hover:border-gray-600 "[39m
                  [33mtype[39m=[32m"button"[39m
                [36m>[39m
                  [36m<div[39m
                    [33mclass[39m=[32m"flex items-start gap-3"[39m
                  [36m>[39m
                    [36m<svg[39m
                      [33maria-hidden[39m=[32m"true"[39m
                      [33mclass[39m=[32m"lucide lucide-piggy-bank text-gray-500 dark:text-gray-400"[39m
                      [33mfill[39m=[32m"none"[39m
                      [33mheight[39m=[32m"20"[39m
                      [33mstroke[39m=[32m"currentColor"[39m
                      [33mstroke-linecap[39m=[32m"round"[39m
                      [33mstroke-linejoin[39m=[32m"round"[39m
                      [33mstroke-width[39m=[32m"2"[39m
                      [33mviewBox[39m=[32m"0 0 24 24"[39m
                      [33mwidth[39m=[32m"20"[39m
                      [33mxmlns[39m=[32m"http://www.w3.org/2000/svg"[39m
                    [36m>[39m
                      [36m<path[39m
                        [33md[39m=[32m"M11 17h3v2a1 1 0 0 0 1 1h2a1 1 0 0 0 1-1v-3a3.16 3.16 0 0 0 2-2h1a1 1 0 0 0 1-1v-2a1 1 0 0 0-1-1h-1a5 5 0 0 0-2-4V3a4 4 0 0 0-3.2 1.6l-.3.4H11a6 6 0 0 0-6 6v1a5 5 0 0 0 2 4v3a1 1 0 0 0 1 1h2a1 1 0 0 0 1-1z"[39m
                      [36m/>[39m
                      [36m<path[39m
                        [33md[39m=[32m"M16 10h.01"[39m
                      [36m/>[39m
                      [36m<path[39m
                        [33md[39m=[32m"M2 8v1a2 2 0 0 0 2 2h1"[39m
                      [36m/>[39m
                    [36m</svg>[39m
                    [36m<div[39m
                      [33mclass[39m=[32m"text-left flex-1"[39m
                    [36m>[39m
                      [36m<div[39m
                        [33mclass[39m=[32m"text-sm font-medium text-gray-700 dark:text-gray-200"[39m
                      [36m>[39m
                        [0mSavings Account[0m
                      [36m</div>[39m
                      [36m<div[39m
                        [33mclass[39m=[32m"text-xs text-gray-500 dark:text-gray-400 mt-0.5"[39m
                      [36m>[39m
                        [0mLong-term savings[0m
                      [36m</div>[39m
                    [36m</div>[39m
                  [36m</div>[39m
                [36m</button>[39m
                [36m<button[39m
                  [33mclass[39m=[32m"p-3 rounded-xl...
   × AddAccountModal > form validation > institution field is optional (no required attribute) 7ms
     → Unable to find an element with the placeholder text of: e.g., Barclays, HSBC

Ignored nodes: comments, script, style
[36m<body>[39m
  [36m<div>[39m
    [36m<div[39m
      [33maria-label[39m=[32m"Add New Account"[39m
      [33mdata-testid[39m=[32m"modal"[39m
      [33mrole[39m=[32m"dialog"[39m
    [36m>[39m
      [36m<div[39m
        [33mdata-testid[39m=[32m"modal-title"[39m
      [36m>[39m
        [0mAdd New Account[0m
      [36m</div>[39m
      [36m<button[39m
        [33mdata-testid[39m=[32m"modal-close"[39m
      [36m>[39m
        [0m×[0m
      [36m</button>[39m
      [36m<form>[39m
        [36m<div[39m
          [33mdata-testid[39m=[32m"modal-body"[39m
        [36m>[39m
          [36m<div[39m
            [33mclass[39m=[32m"space-y-6"[39m
          [36m>[39m
            [36m<div>[39m
              [36m<label[39m
                [33mclass[39m=[32m"block text-sm font-semibold text-gray-700 dark:text-gray-200 mb-2"[39m
              [36m>[39m
                [0mAccount Name *[0m
              [36m</label>[39m
              [36m<input[39m
                [33mclass[39m=[32m"w-full px-4 py-3 bg-white dark:bg-gray-800 border-2 border-gray-200 dark:border-gray-700 rounded-xl focus:outline-none focus:ring-3 focus:ring-primary/20 focus:border-primary dark:text-white transition-all duration-200"[39m
                [33mplaceholder[39m=[32m"e.g., Main Checking Account"[39m
                [33mrequired[39m=[32m""[39m
                [33mtype[39m=[32m"text"[39m
                [33mvalue[39m=[32m""[39m
              [36m/>[39m
            [36m</div>[39m
            [36m<div>[39m
              [36m<label[39m
                [33mclass[39m=[32m"block text-sm font-semibold text-gray-700 dark:text-gray-200 mb-2"[39m
              [36m>[39m
                [0mAccount Type *[0m
              [36m</label>[39m
              [36m<div[39m
                [33mclass[39m=[32m"grid grid-cols-2 gap-3"[39m
              [36m>[39m
                [36m<button[39m
                  [33mclass[39m=[32m"p-3 rounded-xl border-2 transition-all duration-200 border-primary bg-primary/10 dark:bg-primary/20 "[39m
                  [33mtype[39m=[32m"button"[39m
                [36m>[39m
                  [36m<div[39m
                    [33mclass[39m=[32m"flex items-start gap-3"[39m
                  [36m>[39m
                    [36m<svg[39m
                      [33maria-hidden[39m=[32m"true"[39m
                      [33mclass[39m=[32m"lucide lucide-wallet text-primary"[39m
                      [33mfill[39m=[32m"none"[39m
                      [33mheight[39m=[32m"20"[39m
                      [33mstroke[39m=[32m"currentColor"[39m
                      [33mstroke-linecap[39m=[32m"round"[39m
                      [33mstroke-linejoin[39m=[32m"round"[39m
                      [33mstroke-width[39m=[32m"2"[39m
                      [33mviewBox[39m=[32m"0 0 24 24"[39m
                      [33mwidth[39m=[32m"20"[39m
                      [33mxmlns[39m=[32m"http://www.w3.org/2000/svg"[39m
                    [36m>[39m
                      [36m<path[39m
                        [33md[39m=[32m"M19 7V4a1 1 0 0 0-1-1H5a2 2 0 0 0 0 4h15a1 1 0 0 1 1 1v4h-3a2 2 0 0 0 0 4h3a1 1 0 0 0 1-1v-2a1 1 0 0 0-1-1"[39m
                      [36m/>[39m
                      [36m<path[39m
                        [33md[39m=[32m"M3 5v14a2 2 0 0 0 2 2h15a1 1 0 0 0 1-1v-4"[39m
                      [36m/>[39m
                    [36m</svg>[39m
                    [36m<div[39m
                      [33mclass[39m=[32m"text-left flex-1"[39m
                    [36m>[39m
                      [36m<div[39m
                        [33mclass[39m=[32m"text-sm font-medium text-primary"[39m
                      [36m>[39m
                        [0mCurrent Account[0m
                      [36m</div>[39m
                      [36m<div[39m
                        [33mclass[39m=[32m"text-xs text-gray-500 dark:text-gray-400 mt-0.5"[39m
                      [36m>[39m
                        [0mEveryday spending account[0m
                      [36m</div>[39m
                    [36m</div>[39m
                  [36m</div>[39m
                [36m</button>[39m
                [36m<button[39m
                  [33mclass[39m=[32m"p-3 rounded-xl border-2 transition-all duration-200 border-gray-200 dark:border-gray-700 hover:border-gray-300 dark:hover:border-gray-600 "[39m
                  [33mtype[39m=[32m"button"[39m
                [36m>[39m
                  [36m<div[39m
                    [33mclass[39m=[32m"flex items-start gap-3"[39m
                  [36m>[39m
                    [36m<svg[39m
                      [33maria-hidden[39m=[32m"true"[39m
                      [33mclass[39m=[32m"lucide lucide-piggy-bank text-gray-500 dark:text-gray-400"[39m
                      [33mfill[39m=[32m"none"[39m
                      [33mheight[39m=[32m"20"[39m
                      [33mstroke[39m=[32m"currentColor"[39m
                      [33mstroke-linecap[39m=[32m"round"[39m
                      [33mstroke-linejoin[39m=[32m"round"[39m
                      [33mstroke-width[39m=[32m"2"[39m
                      [33mviewBox[39m=[32m"0 0 24 24"[39m
                      [33mwidth[39m=[32m"20"[39m
                      [33mxmlns[39m=[32m"http://www.w3.org/2000/svg"[39m
                    [36m>[39m
                      [36m<path[39m
                        [33md[39m=[32m"M11 17h3v2a1 1 0 0 0 1 1h2a1 1 0 0 0 1-1v-3a3.16 3.16 0 0 0 2-2h1a1 1 0 0 0 1-1v-2a1 1 0 0 0-1-1h-1a5 5 0 0 0-2-4V3a4 4 0 0 0-3.2 1.6l-.3.4H11a6 6 0 0 0-6 6v1a5 5 0 0 0 2 4v3a1 1 0 0 0 1 1h2a1 1 0 0 0 1-1z"[39m
                      [36m/>[39m
                      [36m<path[39m
                        [33md[39m=[32m"M16 10h.01"[39m
                      [36m/>[39m
                      [36m<path[39m
                        [33md[39m=[32m"M2 8v1a2 2 0 0 0 2 2h1"[39m
                      [36m/>[39m
                    [36m</svg>[39m
                    [36m<div[39m
                      [33mclass[39m=[32m"text-left flex-1"[39m
                    [36m>[39m
                      [36m<div[39m
                        [33mclass[39m=[32m"text-sm font-medium text-gray-700 dark:text-gray-200"[39m
                      [36m>[39m
                        [0mSavings Account[0m
                      [36m</div>[39m
                      [36m<div[39m
                        [33mclass[39m=[32m"text-xs text-gray-500 dark:text-gray-400 mt-0.5"[39m
                      [36m>[39m
                        [0mLong-term savings[0m
                      [36m</div>[39m
                    [36m</div>[39m
                  [36m</div>[39m
                [36m</button>[39m
                [36m<button[39m
                  [33mclass[39m=[32m"p-3 rounded-xl...
   ✓ AddAccountModal > form submission > displays submit button 28ms
   ✓ AddAccountModal > form submission > displays cancel button 20ms
   ✓ AddAccountModal > form submission > handles form submission 32ms
   ✓ AddAccountModal > form submission > submits form on Enter key in form fields 10ms
   ✓ AddAccountModal > user interactions > calls onClose when cancel button clicked 38ms
   ✓ AddAccountModal > user interactions > calls onClose when close button (×) clicked 16ms
   ✓ AddAccountModal > user interactions > handles input changes 82ms
   ✓ AddAccountModal > user interactions > handles balance input with decimal values 41ms
   × AddAccountModal > user interactions > handles institution input 7ms
     → Unable to find an element with the placeholder text of: e.g., Barclays, HSBC

Ignored nodes: comments, script, style
[36m<body>[39m
  [36m<div>[39m
    [36m<div[39m
      [33maria-label[39m=[32m"Add New Account"[39m
      [33mdata-testid[39m=[32m"modal"[39m
      [33mrole[39m=[32m"dialog"[39m
    [36m>[39m
      [36m<div[39m
        [33mdata-testid[39m=[32m"modal-title"[39m
      [36m>[39m
        [0mAdd New Account[0m
      [36m</div>[39m
      [36m<button[39m
        [33mdata-testid[39m=[32m"modal-close"[39m
      [36m>[39m
        [0m×[0m
      [36m</button>[39m
      [36m<form>[39m
        [36m<div[39m
          [33mdata-testid[39m=[32m"modal-body"[39m
        [36m>[39m
          [36m<div[39m
            [33mclass[39m=[32m"space-y-6"[39m
          [36m>[39m
            [36m<div>[39m
              [36m<label[39m
                [33mclass[39m=[32m"block text-sm font-semibold text-gray-700 dark:text-gray-200 mb-2"[39m
              [36m>[39m
                [0mAccount Name *[0m
              [36m</label>[39m
              [36m<input[39m
                [33mclass[39m=[32m"w-full px-4 py-3 bg-white dark:bg-gray-800 border-2 border-gray-200 dark:border-gray-700 rounded-xl focus:outline-none focus:ring-3 focus:ring-primary/20 focus:border-primary dark:text-white transition-all duration-200"[39m
                [33mplaceholder[39m=[32m"e.g., Main Checking Account"[39m
                [33mrequired[39m=[32m""[39m
                [33mtype[39m=[32m"text"[39m
                [33mvalue[39m=[32m""[39m
              [36m/>[39m
            [36m</div>[39m
            [36m<div>[39m
              [36m<label[39m
                [33mclass[39m=[32m"block text-sm font-semibold text-gray-700 dark:text-gray-200 mb-2"[39m
              [36m>[39m
                [0mAccount Type *[0m
              [36m</label>[39m
              [36m<div[39m
                [33mclass[39m=[32m"grid grid-cols-2 gap-3"[39m
              [36m>[39m
                [36m<button[39m
                  [33mclass[39m=[32m"p-3 rounded-xl border-2 transition-all duration-200 border-primary bg-primary/10 dark:bg-primary/20 "[39m
                  [33mtype[39m=[32m"button"[39m
                [36m>[39m
                  [36m<div[39m
                    [33mclass[39m=[32m"flex items-start gap-3"[39m
                  [36m>[39m
                    [36m<svg[39m
                      [33maria-hidden[39m=[32m"true"[39m
                      [33mclass[39m=[32m"lucide lucide-wallet text-primary"[39m
                      [33mfill[39m=[32m"none"[39m
                      [33mheight[39m=[32m"20"[39m
                      [33mstroke[39m=[32m"currentColor"[39m
                      [33mstroke-linecap[39m=[32m"round"[39m
                      [33mstroke-linejoin[39m=[32m"round"[39m
                      [33mstroke-width[39m=[32m"2"[39m
                      [33mviewBox[39m=[32m"0 0 24 24"[39m
                      [33mwidth[39m=[32m"20"[39m
                      [33mxmlns[39m=[32m"http://www.w3.org/2000/svg"[39m
                    [36m>[39m
                      [36m<path[39m
                        [33md[39m=[32m"M19 7V4a1 1 0 0 0-1-1H5a2 2 0 0 0 0 4h15a1 1 0 0 1 1 1v4h-3a2 2 0 0 0 0 4h3a1 1 0 0 0 1-1v-2a1 1 0 0 0-1-1"[39m
                      [36m/>[39m
                      [36m<path[39m
                        [33md[39m=[32m"M3 5v14a2 2 0 0 0 2 2h15a1 1 0 0 0 1-1v-4"[39m
                      [36m/>[39m
                    [36m</svg>[39m
                    [36m<div[39m
                      [33mclass[39m=[32m"text-left flex-1"[39m
                    [36m>[39m
                      [36m<div[39m
                        [33mclass[39m=[32m"text-sm font-medium text-primary"[39m
                      [36m>[39m
                        [0mCurrent Account[0m
                      [36m</div>[39m
                      [36m<div[39m
                        [33mclass[39m=[32m"text-xs text-gray-500 dark:text-gray-400 mt-0.5"[39m
                      [36m>[39m
                        [0mEveryday spending account[0m
                      [36m</div>[39m
                    [36m</div>[39m
                  [36m</div>[39m
                [36m</button>[39m
                [36m<button[39m
                  [33mclass[39m=[32m"p-3 rounded-xl border-2 transition-all duration-200 border-gray-200 dark:border-gray-700 hover:border-gray-300 dark:hover:border-gray-600 "[39m
                  [33mtype[39m=[32m"button"[39m
                [36m>[39m
                  [36m<div[39m
                    [33mclass[39m=[32m"flex items-start gap-3"[39m
                  [36m>[39m
                    [36m<svg[39m
                      [33maria-hidden[39m=[32m"true"[39m
                      [33mclass[39m=[32m"lucide lucide-piggy-bank text-gray-500 dark:text-gray-400"[39m
                      [33mfill[39m=[32m"none"[39m
                      [33mheight[39m=[32m"20"[39m
                      [33mstroke[39m=[32m"currentColor"[39m
                      [33mstroke-linecap[39m=[32m"round"[39m
                      [33mstroke-linejoin[39m=[32m"round"[39m
                      [33mstroke-width[39m=[32m"2"[39m
                      [33mviewBox[39m=[32m"0 0 24 24"[39m
                      [33mwidth[39m=[32m"20"[39m
                      [33mxmlns[39m=[32m"http://www.w3.org/2000/svg"[39m
                    [36m>[39m
                      [36m<path[39m
                        [33md[39m=[32m"M11 17h3v2a1 1 0 0 0 1 1h2a1 1 0 0 0 1-1v-3a3.16 3.16 0 0 0 2-2h1a1 1 0 0 0 1-1v-2a1 1 0 0 0-1-1h-1a5 5 0 0 0-2-4V3a4 4 0 0 0-3.2 1.6l-.3.4H11a6 6 0 0 0-6 6v1a5 5 0 0 0 2 4v3a1 1 0 0 0 1 1h2a1 1 0 0 0 1-1z"[39m
                      [36m/>[39m
                      [36m<path[39m
                        [33md[39m=[32m"M16 10h.01"[39m
                      [36m/>[39m
                      [36m<path[39m
                        [33md[39m=[32m"M2 8v1a2 2 0 0 0 2 2h1"[39m
                      [36m/>[39m
                    [36m</svg>[39m
                    [36m<div[39m
                      [33mclass[39m=[32m"text-left flex-1"[39m
                    [36m>[39m
                      [36m<div[39m
                        [33mclass[39m=[32m"text-sm font-medium text-gray-700 dark:text-gray-200"[39m
                      [36m>[39m
                        [0mSavings Account[0m
                      [36m</div>[39m
                      [36m<div[39m
                        [33mclass[39m=[32m"text-xs text-gray-500 dark:text-gray-400 mt-0.5"[39m
                      [36m>[39m
                        [0mLong-term savings[0m
                      [36m</div>[39m
                    [36m</div>[39m
                  [36m</div>[39m
                [36m</button>[39m
                [36m<button[39m
                  [33mclass[39m=[32m"p-3 rounded-xl...
   × AddAccountModal > styling and layout > applies proper button styling 24ms
     → [2mexpect([22m[31melement[39m[2m).toHaveClass([22m[32m[32m"flex-1 px-4 py-2 border border-gray-300 dark:border-gray-600 text-gray-700 dark:text-gray-300 rounded-lg hover:bg-gray-50 dark:hover:bg-gray-700"[32m[39m[2m)[22m

Expected the element to have class:
[32m  flex-1 px-4 py-2 border border-gray-300 dark:border-gray-600 text-gray-700 dark:text-gray-300 rounded-lg hover:bg-gray-50 dark:hover:bg-gray-700[39m
Received:
[31m  flex-1 px-6 py-3 border-2 border-gray-200 dark:border-gray-700 text-gray-700 dark:text-gray-300 rounded-xl hover:bg-gray-50 dark:hover:bg-gray-800 font-medium transition-all duration-200 disabled:opacity-50 disabled:cursor-not-allowed[39m
   × AddAccountModal > styling and layout > has proper form field spacing 5ms
     → [2mexpect([22m[31mreceived[39m[2m).toHaveClass()[22m

[31mreceived[39m value must be an HTMLElement or an SVGElement.
Received has type:  Null
Received has value: [31mnull[39m
   ✓ AddAccountModal > styling and layout > has proper button layout 15ms
   × AddAccountModal > styling and layout > applies consistent label styling 7ms
     → Unable to find an element with the text: Account Name. This could be because the text is broken up by multiple elements. In this case, you can provide a function for your text matcher to make your matcher more flexible.

Ignored nodes: comments, script, style
[36m<body>[39m
  [36m<div>[39m
    [36m<div[39m
      [33maria-label[39m=[32m"Add New Account"[39m
      [33mdata-testid[39m=[32m"modal"[39m
      [33mrole[39m=[32m"dialog"[39m
    [36m>[39m
      [36m<div[39m
        [33mdata-testid[39m=[32m"modal-title"[39m
      [36m>[39m
        [0mAdd New Account[0m
      [36m</div>[39m
      [36m<button[39m
        [33mdata-testid[39m=[32m"modal-close"[39m
      [36m>[39m
        [0m×[0m
      [36m</button>[39m
      [36m<form>[39m
        [36m<div[39m
          [33mdata-testid[39m=[32m"modal-body"[39m
        [36m>[39m
          [36m<div[39m
            [33mclass[39m=[32m"space-y-6"[39m
          [36m>[39m
            [36m<div>[39m
              [36m<label[39m
                [33mclass[39m=[32m"block text-sm font-semibold text-gray-700 dark:text-gray-200 mb-2"[39m
              [36m>[39m
                [0mAccount Name *[0m
              [36m</label>[39m
              [36m<input[39m
                [33mclass[39m=[32m"w-full px-4 py-3 bg-white dark:bg-gray-800 border-2 border-gray-200 dark:border-gray-700 rounded-xl focus:outline-none focus:ring-3 focus:ring-primary/20 focus:border-primary dark:text-white transition-all duration-200"[39m
                [33mplaceholder[39m=[32m"e.g., Main Checking Account"[39m
                [33mrequired[39m=[32m""[39m
                [33mtype[39m=[32m"text"[39m
                [33mvalue[39m=[32m""[39m
              [36m/>[39m
            [36m</div>[39m
            [36m<div>[39m
              [36m<label[39m
                [33mclass[39m=[32m"block text-sm font-semibold text-gray-700 dark:text-gray-200 mb-2"[39m
              [36m>[39m
                [0mAccount Type *[0m
              [36m</label>[39m
              [36m<div[39m
                [33mclass[39m=[32m"grid grid-cols-2 gap-3"[39m
              [36m>[39m
                [36m<button[39m
                  [33mclass[39m=[32m"p-3 rounded-xl border-2 transition-all duration-200 border-primary bg-primary/10 dark:bg-primary/20 "[39m
                  [33mtype[39m=[32m"button"[39m
                [36m>[39m
                  [36m<div[39m
                    [33mclass[39m=[32m"flex items-start gap-3"[39m
                  [36m>[39m
                    [36m<svg[39m
                      [33maria-hidden[39m=[32m"true"[39m
                      [33mclass[39m=[32m"lucide lucide-wallet text-primary"[39m
                      [33mfill[39m=[32m"none"[39m
                      [33mheight[39m=[32m"20"[39m
                      [33mstroke[39m=[32m"currentColor"[39m
                      [33mstroke-linecap[39m=[32m"round"[39m
                      [33mstroke-linejoin[39m=[32m"round"[39m
                      [33mstroke-width[39m=[32m"2"[39m
                      [33mviewBox[39m=[32m"0 0 24 24"[39m
                      [33mwidth[39m=[32m"20"[39m
                      [33mxmlns[39m=[32m"http://www.w3.org/2000/svg"[39m
                    [36m>[39m
                      [36m<path[39m
                        [33md[39m=[32m"M19 7V4a1 1 0 0 0-1-1H5a2 2 0 0 0 0 4h15a1 1 0 0 1 1 1v4h-3a2 2 0 0 0 0 4h3a1 1 0 0 0 1-1v-2a1 1 0 0 0-1-1"[39m
                      [36m/>[39m
                      [36m<path[39m
                        [33md[39m=[32m"M3 5v14a2 2 0 0 0 2 2h15a1 1 0 0 0 1-1v-4"[39m
                      [36m/>[39m
                    [36m</svg>[39m
                    [36m<div[39m
                      [33mclass[39m=[32m"text-left flex-1"[39m
                    [36m>[39m
                      [36m<div[39m
                        [33mclass[39m=[32m"text-sm font-medium text-primary"[39m
                      [36m>[39m
                        [0mCurrent Account[0m
                      [36m</div>[39m
                      [36m<div[39m
                        [33mclass[39m=[32m"text-xs text-gray-500 dark:text-gray-400 mt-0.5"[39m
                      [36m>[39m
                        [0mEveryday spending account[0m
                      [36m</div>[39m
                    [36m</div>[39m
                  [36m</div>[39m
                [36m</button>[39m
                [36m<button[39m
                  [33mclass[39m=[32m"p-3 rounded-xl border-2 transition-all duration-200 border-gray-200 dark:border-gray-700 hover:border-gray-300 dark:hover:border-gray-600 "[39m
                  [33mtype[39m=[32m"button"[39m
                [36m>[39m
                  [36m<div[39m
                    [33mclass[39m=[32m"flex items-start gap-3"[39m
                  [36m>[39m
                    [36m<svg[39m
                      [33maria-hidden[39m=[32m"true"[39m
                      [33mclass[39m=[32m"lucide lucide-piggy-bank text-gray-500 dark:text-gray-400"[39m
                      [33mfill[39m=[32m"none"[39m
                      [33mheight[39m=[32m"20"[39m
                      [33mstroke[39m=[32m"currentColor"[39m
                      [33mstroke-linecap[39m=[32m"round"[39m
                      [33mstroke-linejoin[39m=[32m"round"[39m
                      [33mstroke-width[39m=[32m"2"[39m
                      [33mviewBox[39m=[32m"0 0 24 24"[39m
                      [33mwidth[39m=[32m"20"[39m
                      [33mxmlns[39m=[32m"http://www.w3.org/2000/svg"[39m
                    [36m>[39m
                      [36m<path[39m
                        [33md[39m=[32m"M11 17h3v2a1 1 0 0 0 1 1h2a1 1 0 0 0 1-1v-3a3.16 3.16 0 0 0 2-2h1a1 1 0 0 0 1-1v-2a1 1 0 0 0-1-1h-1a5 5 0 0 0-2-4V3a4 4 0 0 0-3.2 1.6l-.3.4H11a6 6 0 0 0-6 6v1a5 5 0 0 0 2 4v3a1 1 0 0 0 1 1h2a1 1 0 0 0 1-1z"[39m
                      [36m/>[39m
                      [36m<path[39m
                        [33md[39m=[32m"M16 10h.01"[39m
                      [36m/>[39m
                      [36m<path[39m
                        [33md[39m=[32m"M2 8v1a2 2 0 0 0 2 2h1"[39m
                      [36m/>[39m
                    [36m</svg>[39m
                    [36m<div[39m
                      [33mclass[39m=[32m"text-left flex-1"[39m
                    [36m>[39m
                      [36m<div[39m
                        [33mclass[39m=[32m"text-sm font-medium text-gray-700 dark:text-gray-200"[39m
                      [36m>[39m
                        [0mSavings Account[0m
                      [36m</div>[39m
                      [36m<div[39m
                        [33mclass[39m=[32m"text-xs text-gray-500 dark:text-gray-400 mt-0.5"[39m
                      [36m>[39m
                        [0mLong-term savings[0m
                      [36m</div>[39m
                    [36m</div>[39m
                  [36m</div>[39m
                [36m</button>[39m
                [36m<button[39m
                  [33mclass[39m=[32m"p-3 rounded-xl...
   × AddAccountModal > accessibility > has proper form control associations 17ms
     → expected [ <select …(2)>…(3)</select> ] to have a length of 2 but got 1
   ✓ AddAccountModal > accessibility > supports keyboard navigation 6ms
   ✓ AddAccountModal > accessibility > has proper button roles 20ms
   ✓ AddAccountModal > accessibility > has proper modal dialog role 5ms
   ✓ AddAccountModal > edge cases > handles modal state changes 4ms
   ✓ AddAccountModal > edge cases > handles empty form values gracefully 7ms
   ✓ AddAccountModal > edge cases > handles very long account names  307ms
   × AddAccountModal > edge cases > handles special characters in institution name 8ms
     → Unable to find an element with the placeholder text of: e.g., Barclays, HSBC

Ignored nodes: comments, script, style
[36m<body>[39m
  [36m<div>[39m
    [36m<div[39m
      [33maria-label[39m=[32m"Add New Account"[39m
      [33mdata-testid[39m=[32m"modal"[39m
      [33mrole[39m=[32m"dialog"[39m
    [36m>[39m
      [36m<div[39m
        [33mdata-testid[39m=[32m"modal-title"[39m
      [36m>[39m
        [0mAdd New Account[0m
      [36m</div>[39m
      [36m<button[39m
        [33mdata-testid[39m=[32m"modal-close"[39m
      [36m>[39m
        [0m×[0m
      [36m</button>[39m
      [36m<form>[39m
        [36m<div[39m
          [33mdata-testid[39m=[32m"modal-body"[39m
        [36m>[39m
          [36m<div[39m
            [33mclass[39m=[32m"space-y-6"[39m
          [36m>[39m
            [36m<div>[39m
              [36m<label[39m
                [33mclass[39m=[32m"block text-sm font-semibold text-gray-700 dark:text-gray-200 mb-2"[39m
              [36m>[39m
                [0mAccount Name *[0m
              [36m</label>[39m
              [36m<input[39m
                [33mclass[39m=[32m"w-full px-4 py-3 bg-white dark:bg-gray-800 border-2 border-gray-200 dark:border-gray-700 rounded-xl focus:outline-none focus:ring-3 focus:ring-primary/20 focus:border-primary dark:text-white transition-all duration-200"[39m
                [33mplaceholder[39m=[32m"e.g., Main Checking Account"[39m
                [33mrequired[39m=[32m""[39m
                [33mtype[39m=[32m"text"[39m
                [33mvalue[39m=[32m""[39m
              [36m/>[39m
            [36m</div>[39m
            [36m<div>[39m
              [36m<label[39m
                [33mclass[39m=[32m"block text-sm font-semibold text-gray-700 dark:text-gray-200 mb-2"[39m
              [36m>[39m
                [0mAccount Type *[0m
              [36m</label>[39m
              [36m<div[39m
                [33mclass[39m=[32m"grid grid-cols-2 gap-3"[39m
              [36m>[39m
                [36m<button[39m
                  [33mclass[39m=[32m"p-3 rounded-xl border-2 transition-all duration-200 border-primary bg-primary/10 dark:bg-primary/20 "[39m
                  [33mtype[39m=[32m"button"[39m
                [36m>[39m
                  [36m<div[39m
                    [33mclass[39m=[32m"flex items-start gap-3"[39m
                  [36m>[39m
                    [36m<svg[39m
                      [33maria-hidden[39m=[32m"true"[39m
                      [33mclass[39m=[32m"lucide lucide-wallet text-primary"[39m
                      [33mfill[39m=[32m"none"[39m
                      [33mheight[39m=[32m"20"[39m
                      [33mstroke[39m=[32m"currentColor"[39m
                      [33mstroke-linecap[39m=[32m"round"[39m
                      [33mstroke-linejoin[39m=[32m"round"[39m
                      [33mstroke-width[39m=[32m"2"[39m
                      [33mviewBox[39m=[32m"0 0 24 24"[39m
                      [33mwidth[39m=[32m"20"[39m
                      [33mxmlns[39m=[32m"http://www.w3.org/2000/svg"[39m
                    [36m>[39m
                      [36m<path[39m
                        [33md[39m=[32m"M19 7V4a1 1 0 0 0-1-1H5a2 2 0 0 0 0 4h15a1 1 0 0 1 1 1v4h-3a2 2 0 0 0 0 4h3a1 1 0 0 0 1-1v-2a1 1 0 0 0-1-1"[39m
                      [36m/>[39m
                      [36m<path[39m
                        [33md[39m=[32m"M3 5v14a2 2 0 0 0 2 2h15a1 1 0 0 0 1-1v-4"[39m
                      [36m/>[39m
                    [36m</svg>[39m
                    [36m<div[39m
                      [33mclass[39m=[32m"text-left flex-1"[39m
                    [36m>[39m
                      [36m<div[39m
                        [33mclass[39m=[32m"text-sm font-medium text-primary"[39m
                      [36m>[39m
                        [0mCurrent Account[0m
                      [36m</div>[39m
                      [36m<div[39m
                        [33mclass[39m=[32m"text-xs text-gray-500 dark:text-gray-400 mt-0.5"[39m
                      [36m>[39m
                        [0mEveryday spending account[0m
                      [36m</div>[39m
                    [36m</div>[39m
                  [36m</div>[39m
                [36m</button>[39m
                [36m<button[39m
                  [33mclass[39m=[32m"p-3 rounded-xl border-2 transition-all duration-200 border-gray-200 dark:border-gray-700 hover:border-gray-300 dark:hover:border-gray-600 "[39m
                  [33mtype[39m=[32m"button"[39m
                [36m>[39m
                  [36m<div[39m
                    [33mclass[39m=[32m"flex items-start gap-3"[39m
                  [36m>[39m
                    [36m<svg[39m
                      [33maria-hidden[39m=[32m"true"[39m
                      [33mclass[39m=[32m"lucide lucide-piggy-bank text-gray-500 dark:text-gray-400"[39m
                      [33mfill[39m=[32m"none"[39m
                      [33mheight[39m=[32m"20"[39m
                      [33mstroke[39m=[32m"currentColor"[39m
                      [33mstroke-linecap[39m=[32m"round"[39m
                      [33mstroke-linejoin[39m=[32m"round"[39m
                      [33mstroke-width[39m=[32m"2"[39m
                      [33mviewBox[39m=[32m"0 0 24 24"[39m
                      [33mwidth[39m=[32m"20"[39m
                      [33mxmlns[39m=[32m"http://www.w3.org/2000/svg"[39m
                    [36m>[39m
                      [36m<path[39m
                        [33md[39m=[32m"M11 17h3v2a1 1 0 0 0 1 1h2a1 1 0 0 0 1-1v-3a3.16 3.16 0 0 0 2-2h1a1 1 0 0 0 1-1v-2a1 1 0 0 0-1-1h-1a5 5 0 0 0-2-4V3a4 4 0 0 0-3.2 1.6l-.3.4H11a6 6 0 0 0-6 6v1a5 5 0 0 0 2 4v3a1 1 0 0 0 1 1h2a1 1 0 0 0 1-1z"[39m
                      [36m/>[39m
                      [36m<path[39m
                        [33md[39m=[32m"M16 10h.01"[39m
                      [36m/>[39m
                      [36m<path[39m
                        [33md[39m=[32m"M2 8v1a2 2 0 0 0 2 2h1"[39m
                      [36m/>[39m
                    [36m</svg>[39m
                    [36m<div[39m
                      [33mclass[39m=[32m"text-left flex-1"[39m
                    [36m>[39m
                      [36m<div[39m
                        [33mclass[39m=[32m"text-sm font-medium text-gray-700 dark:text-gray-200"[39m
                      [36m>[39m
                        [0mSavings Account[0m
                      [36m</div>[39m
                      [36m<div[39m
                        [33mclass[39m=[32m"text-xs text-gray-500 dark:text-gray-400 mt-0.5"[39m
                      [36m>[39m
                        [0mLong-term savings[0m
                      [36m</div>[39m
                    [36m</div>[39m
                  [36m</div>[39m
                [36m</button>[39m
                [36m<button[39m
                  [33mclass[39m=[32m"p-3 rounded-xl...
   ✓ AddAccountModal > edge cases > handles negative balance values 32ms
   ✓ AddAccountModal > edge cases > handles very large balance values 50ms
   × AddAccountModal > form defaults > initializes with default values 6ms
     → [2mexpect([22m[31mreceived[39m[2m).toBeInTheDocument()[22m

[31mreceived[39m value must be an HTMLElement or an SVGElement.
Received has type:  Undefined
Received has value: [31mundefined[39m
   ✓ AddAccountModal > form defaults > clears form after successful submission 25ms
   × AddAccountModal > real-world scenarios > handles creating a basic checking account 54ms
     → Value "current" not found in options

Ignored nodes: comments, script, style
[36m<select[39m
  [33mclass[39m=[32m"w-full px-4 py-3 bg-white dark:bg-gray-800 border-2 border-gray-200 dark:border-gray-700 rounded-xl focus:outline-none focus:ring-3 focus:ring-primary/20 focus:border-primary dark:text-white transition-all duration-200 appearance-none cursor-pointer"[39m
  [33mstyle[39m=[32m"background-repeat: no-repeat; background-size: 1.5em 1.5em; padding-right: 2.5rem;"[39m
[36m>[39m
  [36m<option[39m
    [33mvalue[39m=[32m"GBP"[39m
  [36m>[39m
    [0m£[0m
    [0m [0m
    [0mBritish Pound[0m
  [36m</option>[39m
  [36m<option[39m
    [33mvalue[39m=[32m"USD"[39m
  [36m>[39m
    [0m$[0m
    [0m [0m
    [0mUS Dollar[0m
  [36m</option>[39m
  [36m<option[39m
    [33mvalue[39m=[32m"EUR"[39m
  [36m>[39m
    [0m€[0m
    [0m [0m
    [0mEuro[0m
  [36m</option>[39m
[36m</select>[39m
   × AddAccountModal > real-world scenarios > handles creating a credit card account 65ms
     → Value "credit" not found in options

Ignored nodes: comments, script, style
[36m<select[39m
  [33mclass[39m=[32m"w-full px-4 py-3 bg-white dark:bg-gray-800 border-2 border-gray-200 dark:border-gray-700 rounded-xl focus:outline-none focus:ring-3 focus:ring-primary/20 focus:border-primary dark:text-white transition-all duration-200 appearance-none cursor-pointer"[39m
  [33mstyle[39m=[32m"background-repeat: no-repeat; background-size: 1.5em 1.5em; padding-right: 2.5rem;"[39m
[36m>[39m
  [36m<option[39m
    [33mvalue[39m=[32m"GBP"[39m
  [36m>[39m
    [0m£[0m
    [0m [0m
    [0mBritish Pound[0m
  [36m</option>[39m
  [36m<option[39m
    [33mvalue[39m=[32m"USD"[39m
  [36m>[39m
    [0m$[0m
    [0m [0m
    [0mUS Dollar[0m
  [36m</option>[39m
  [36m<option[39m
    [33mvalue[39m=[32m"EUR"[39m
  [36m>[39m
    [0m€[0m
    [0m [0m
    [0mEuro[0m
  [36m</option>[39m
[36m</select>[39m
   × AddAccountModal > real-world scenarios > handles creating an investment account 55ms
     → Value "investment" not found in options

Ignored nodes: comments, script, style
[36m<select[39m
  [33mclass[39m=[32m"w-full px-4 py-3 bg-white dark:bg-gray-800 border-2 border-gray-200 dark:border-gray-700 rounded-xl focus:outline-none focus:ring-3 focus:ring-primary/20 focus:border-primary dark:text-white transition-all duration-200 appearance-none cursor-pointer"[39m
  [33mstyle[39m=[32m"background-repeat: no-repeat; background-size: 1.5em 1.5em; padding-right: 2.5rem;"[39m
[36m>[39m
  [36m<option[39m
    [33mvalue[39m=[32m"GBP"[39m
  [36m>[39m
    [0m£[0m
    [0m [0m
    [0mBritish Pound[0m
  [36m</option>[39m
  [36m<option[39m
    [33mvalue[39m=[32m"USD"[39m
  [36m>[39m
    [0m$[0m
    [0m [0m
    [0mUS Dollar[0m
  [36m</option>[39m
  [36m<option[39m
    [33mvalue[39m=[32m"EUR"[39m
  [36m>[39m
    [0m€[0m
    [0m [0m
    [0mEuro[0m
  [36m</option>[39m
[36m</select>[39m
   ✓ AddAccountModal > real-world scenarios > handles user canceling account creation 70ms
   ✓ AddAccountModal > real-world scenarios > handles minimal account creation (required fields only) 98ms
 ❯ src/services/financialSummaryService.test.ts (33 tests | 3 failed) 55ms
   ✓ FinancialSummaryService > generateWeeklySummary > generates summary for current week 4ms
   ✓ FinancialSummaryService > generateWeeklySummary > calculates income and expenses correctly 1ms
   ✓ FinancialSummaryService > generateWeeklySummary > calculates savings rate 0ms
   ✓ FinancialSummaryService > generateWeeklySummary > identifies top spending categories 1ms
   ✓ FinancialSummaryService > generateWeeklySummary > calculates category percentages correctly 0ms
   ✓ FinancialSummaryService > generateWeeklySummary > compares with previous period 0ms
   ✓ FinancialSummaryService > generateWeeklySummary > identifies unusual transactions 0ms
   ✓ FinancialSummaryService > generateMonthlySummary > generates summary for current month 0ms
   ✓ FinancialSummaryService > generateMonthlySummary > includes all month transactions 2ms
   × FinancialSummaryService > budget performance > calculates budget usage correctly 6ms
     → expected +0 to be 650 // Object.is equality
   × FinancialSummaryService > budget performance > identifies over-budget categories 2ms
     → expected [] to have a length of 1 but got +0
   ✓ FinancialSummaryService > goal progress > tracks goal progress 0ms
   ✓ FinancialSummaryService > goal progress > calculates amount added based on linked accounts 0ms
   ✓ FinancialSummaryService > goal progress > only includes active goals 0ms
   ✓ FinancialSummaryService > account balances > calculates account balance changes 0ms
   ✓ FinancialSummaryService > saveSummary > saves summary to localStorage 1ms
   ✓ FinancialSummaryService > saveSummary > maintains history limit for weekly summaries 22ms
   ✓ FinancialSummaryService > saveSummary > maintains history limit for monthly summaries 3ms
   ✓ FinancialSummaryService > saveSummary > handles localStorage errors gracefully 2ms
   ✓ FinancialSummaryService > getSummaryHistory > returns empty array when no history 1ms
   ✓ FinancialSummaryService > getSummaryHistory > returns saved summaries 1ms
   ✓ FinancialSummaryService > getSummaryHistory > handles malformed data gracefully 0ms
   ✓ FinancialSummaryService > shouldGenerateSummary > returns true when no previous summary 0ms
   ✓ FinancialSummaryService > shouldGenerateSummary > returns true for weekly on Mondays 0ms
   ✓ FinancialSummaryService > shouldGenerateSummary > returns false for weekly on other days 0ms
   ✓ FinancialSummaryService > shouldGenerateSummary > returns true for monthly on 1st 0ms
   ✓ FinancialSummaryService > shouldGenerateSummary > returns false for monthly on other days 0ms
   ✓ FinancialSummaryService > shouldGenerateSummary > handles invalid dates gracefully 0ms
   ✓ FinancialSummaryService > formatSummaryText > formats weekly summary correctly 0ms
   ✓ FinancialSummaryService > formatSummaryText > includes comparison when changes exist 0ms
   × FinancialSummaryService > formatSummaryText > shows over-budget warnings 3ms
     → expected '## This Month\'s Financial Summary\n#…' to contain '⚠️ Over Budget'
   ✓ FinancialSummaryService > formatSummaryText > shows goal progress 0ms
   ✓ FinancialSummaryService > formatSummaryText > uses custom currency symbol 0ms
 ✓ src/utils/__tests__/recalculateBalances.test.ts (18 tests) 6ms
 ✓ src/components/StockQuoteWidget.test.tsx (37 tests | 8 skipped) 293ms
 ❯ src/components/__tests__/RecurringTransactionModal.test.tsx (24 tests | 6 failed) 630ms
   ✓ RecurringTransactionModal > rendering > renders the modal when open 52ms
   ✓ RecurringTransactionModal > rendering > does not render when closed 2ms
   ✓ RecurringTransactionModal > rendering > displays the header with icon and description 4ms
   ✓ RecurringTransactionModal > rendering > shows modal components 6ms
   ✓ RecurringTransactionModal > list view > displays existing recurring transactions when not in form mode 14ms
   × RecurringTransactionModal > list view > shows transaction details with proper formatting 12ms
     → Unable to find an element with the text: Monthly Salary. This could be because the text is broken up by multiple elements. In this case, you can provide a function for your text matcher to make your matcher more flexible.

Ignored nodes: comments, script, style
[36m<body[39m
  [33mstyle[39m=[32m"position: fixed; top: 0px; width: 100%; overflow: hidden;"[39m
[36m>[39m
  [36m<div>[39m
    [36m<div[39m
      [33maria-hidden[39m=[32m"true"[39m
      [33mclass[39m=[32m"fixed inset-0 bg-black/60 backdrop-blur-sm z-50 animate-in fade-in duration-200"[39m
    [36m/>[39m
    [36m<div[39m
      [33mclass[39m=[32m"fixed inset-x-0 z-50 flex justify-center px-4"[39m
      [33mstyle[39m=[32m"top: 40px;"[39m
    [36m>[39m
      [36m<div[39m
        [33maria-labelledby[39m=[32m"modal-title"[39m
        [33maria-modal[39m=[32m"true"[39m
        [33mclass[39m=[32m"
            bg-white dark:bg-gray-900 
            rounded-2xl 
            shadow-2xl 
            w-full 
            max-w-2xl 
            overflow-hidden 
            flex 
            flex-col
            animate-in zoom-in-95 slide-in-from-bottom-4 duration-200
            border border-gray-200/50 dark:border-gray-700/50
          "[39m
        [33mrole[39m=[32m"dialog"[39m
        [33mstyle[39m=[32m"max-height: 688px;"[39m
        [33mtabindex[39m=[32m"-1"[39m
      [36m>[39m
        [36m<div[39m
          [33mclass[39m=[32m"flex items-center justify-between px-6 py-5 border-b border-gray-200 dark:border-gray-800 bg-gradient-to-r from-gray-50 to-white dark:from-gray-900 dark:to-gray-800 flex-shrink-0"[39m
        [36m>[39m
          [36m<h2[39m
            [33mclass[39m=[32m"text-xl font-bold text-gray-900 dark:text-white"[39m
            [33mid[39m=[32m"modal-title"[39m
          [36m>[39m
            [0mRecurring Transactions[0m
          [36m</h2>[39m
          [36m<button[39m
            [33maria-label[39m=[32m"Close modal"[39m
            [33mclass[39m=[32m"
                  p-2 
                  rounded-lg 
                  text-gray-400 
                  hover:text-gray-600 
                  dark:text-gray-500 
                  dark:hover:text-gray-300 
                  hover:bg-gray-100 
                  dark:hover:bg-gray-800 
                  transition-all 
                  duration-200
                  focus:outline-none 
                  focus:ring-2 
                  focus:ring-primary/50
                "[39m
          [36m>[39m
            [36m<svg[39m
              [33maria-hidden[39m=[32m"true"[39m
              [33mclass[39m=[32m"lucide lucide-x"[39m
              [33mfill[39m=[32m"none"[39m
              [33mheight[39m=[32m"20"[39m
              [33mstroke[39m=[32m"currentColor"[39m
              [33mstroke-linecap[39m=[32m"round"[39m
              [33mstroke-linejoin[39m=[32m"round"[39m
              [33mstroke-width[39m=[32m"2"[39m
              [33mviewBox[39m=[32m"0 0 24 24"[39m
              [33mwidth[39m=[32m"20"[39m
              [33mxmlns[39m=[32m"http://www.w3.org/2000/svg"[39m
            [36m>[39m
              [36m<path[39m
                [33md[39m=[32m"M18 6 6 18"[39m
              [36m/>[39m
              [36m<path[39m
                [33md[39m=[32m"m6 6 12 12"[39m
              [36m/>[39m
            [36m</svg>[39m
          [36m</button>[39m
        [36m</div>[39m
        [36m<div[39m
          [33mclass[39m=[32m"flex-1 overflow-y-auto overscroll-contain"[39m
        [36m>[39m
          [36m<div[39m
            [33mclass[39m=[32m"px-6 py-5 "[39m
          [36m>[39m
            [36m<div[39m
              [33mclass[39m=[32m"flex items-center gap-2 mb-4"[39m
            [36m>[39m
              [36m<div[39m
                [33mclass[39m=[32m"text-gray-600 dark:text-gray-400"[39m
                [33mdata-testid[39m=[32m"repeat-icon"[39m
              [36m>[39m
                [0mRepeat[0m
              [36m</div>[39m
              [36m<span[39m
                [33mclass[39m=[32m"text-sm text-gray-600 dark:text-gray-400"[39m
              [36m>[39m
                [0mManage your recurring transactions[0m
              [36m</span>[39m
            [36m</div>[39m
            [36m<button[39m
              [33mclass[39m=[32m"mb-4 px-4 py-2 bg-primary text-white rounded-lg hover:bg-secondary"[39m
            [36m>[39m
              [0mAdd Recurring Transaction[0m
            [36m</button>[39m
            [36m<div[39m
              [33mclass[39m=[32m"space-y-3"[39m
            [36m/>[39m
          [36m</div>[39m
        [36m</div>[39m
      [36m</div>[39m
    [36m</div>[39m
  [36m</div>[39m
[36m</body>[39m
   ✓ RecurringTransactionModal > form interactions > renders form fields after clicking add button 41ms
   ✓ RecurringTransactionModal > form interactions > shows form input elements after clicking add button 37ms
   ✓ RecurringTransactionModal > form interactions > allows typing in text fields 108ms
   ✓ RecurringTransactionModal > form interactions > allows selecting from dropdown fields 37ms
   × RecurringTransactionModal > form interactions > shows account options in form 17ms
     → Unable to find an element with the text: Checking Account. This could be because the text is broken up by multiple elements. In this case, you can provide a function for your text matcher to make your matcher more flexible.

Ignored nodes: comments, script, style
[36m<body[39m
  [33mstyle[39m=[32m"position: fixed; top: 0px; width: 100%; overflow: hidden;"[39m
[36m>[39m
  [36m<div>[39m
    [36m<div[39m
      [33maria-hidden[39m=[32m"true"[39m
      [33mclass[39m=[32m"fixed inset-0 bg-black/60 backdrop-blur-sm z-50 animate-in fade-in duration-200"[39m
    [36m/>[39m
    [36m<div[39m
      [33mclass[39m=[32m"fixed inset-x-0 z-50 flex justify-center px-4"[39m
      [33mstyle[39m=[32m"top: 40px;"[39m
    [36m>[39m
      [36m<div[39m
        [33maria-labelledby[39m=[32m"modal-title"[39m
        [33maria-modal[39m=[32m"true"[39m
        [33mclass[39m=[32m"
            bg-white dark:bg-gray-900 
            rounded-2xl 
            shadow-2xl 
            w-full 
            max-w-2xl 
            overflow-hidden 
            flex 
            flex-col
            animate-in zoom-in-95 slide-in-from-bottom-4 duration-200
            border border-gray-200/50 dark:border-gray-700/50
          "[39m
        [33mrole[39m=[32m"dialog"[39m
        [33mstyle[39m=[32m"max-height: 688px;"[39m
        [33mtabindex[39m=[32m"-1"[39m
      [36m>[39m
        [36m<div[39m
          [33mclass[39m=[32m"flex items-center justify-between px-6 py-5 border-b border-gray-200 dark:border-gray-800 bg-gradient-to-r from-gray-50 to-white dark:from-gray-900 dark:to-gray-800 flex-shrink-0"[39m
        [36m>[39m
          [36m<h2[39m
            [33mclass[39m=[32m"text-xl font-bold text-gray-900 dark:text-white"[39m
            [33mid[39m=[32m"modal-title"[39m
          [36m>[39m
            [0mRecurring Transactions[0m
          [36m</h2>[39m
          [36m<button[39m
            [33maria-label[39m=[32m"Close modal"[39m
            [33mclass[39m=[32m"
                  p-2 
                  rounded-lg 
                  text-gray-400 
                  hover:text-gray-600 
                  dark:text-gray-500 
                  dark:hover:text-gray-300 
                  hover:bg-gray-100 
                  dark:hover:bg-gray-800 
                  transition-all 
                  duration-200
                  focus:outline-none 
                  focus:ring-2 
                  focus:ring-primary/50
                "[39m
          [36m>[39m
            [36m<svg[39m
              [33maria-hidden[39m=[32m"true"[39m
              [33mclass[39m=[32m"lucide lucide-x"[39m
              [33mfill[39m=[32m"none"[39m
              [33mheight[39m=[32m"20"[39m
              [33mstroke[39m=[32m"currentColor"[39m
              [33mstroke-linecap[39m=[32m"round"[39m
              [33mstroke-linejoin[39m=[32m"round"[39m
              [33mstroke-width[39m=[32m"2"[39m
              [33mviewBox[39m=[32m"0 0 24 24"[39m
              [33mwidth[39m=[32m"20"[39m
              [33mxmlns[39m=[32m"http://www.w3.org/2000/svg"[39m
            [36m>[39m
              [36m<path[39m
                [33md[39m=[32m"M18 6 6 18"[39m
              [36m/>[39m
              [36m<path[39m
                [33md[39m=[32m"m6 6 12 12"[39m
              [36m/>[39m
            [36m</svg>[39m
          [36m</button>[39m
        [36m</div>[39m
        [36m<div[39m
          [33mclass[39m=[32m"flex-1 overflow-y-auto overscroll-contain"[39m
        [36m>[39m
          [36m<div[39m
            [33mclass[39m=[32m"px-6 py-5 "[39m
          [36m>[39m
            [36m<div[39m
              [33mclass[39m=[32m"flex items-center gap-2 mb-4"[39m
            [36m>[39m
              [36m<div[39m
                [33mclass[39m=[32m"text-gray-600 dark:text-gray-400"[39m
                [33mdata-testid[39m=[32m"repeat-icon"[39m
              [36m>[39m
                [0mRepeat[0m
              [36m</div>[39m
              [36m<span[39m
                [33mclass[39m=[32m"text-sm text-gray-600 dark:text-gray-400"[39m
              [36m>[39m
                [0mManage your recurring transactions[0m
              [36m</span>[39m
            [36m</div>[39m
            [36m<form[39m
              [33mclass[39m=[32m"space-y-4"[39m
            [36m>[39m
              [36m<div>[39m
                [36m<label[39m
                  [33mclass[39m=[32m"block text-sm font-medium text-gray-700 dark:text-gray-300 mb-1"[39m
                [36m>[39m
                  [0mDescription[0m
                [36m</label>[39m
                [36m<input[39m
                  [33mclass[39m=[32m"w-full px-3 py-2 bg-white/70 dark:bg-gray-800/70 backdrop-blur-sm border border-gray-300/50 dark:border-gray-600/50 rounded-xl focus:outline-none focus:ring-2 focus:ring-primary focus:border-transparent dark:text-white"[39m
                  [33mrequired[39m=[32m""[39m
                  [33mtype[39m=[32m"text"[39m
                  [33mvalue[39m=[32m""[39m
                [36m/>[39m
              [36m</div>[39m
              [36m<div[39m
                [33mclass[39m=[32m"grid grid-cols-2 gap-4"[39m
              [36m>[39m
                [36m<div>[39m
                  [36m<label[39m
                    [33mclass[39m=[32m"block text-sm font-medium text-gray-700 dark:text-gray-300 mb-1"[39m
                  [36m>[39m
                    [0mType[0m
                  [36m</label>[39m
                  [36m<select[39m
                    [33mclass[39m=[32m"w-full px-3 py-2 bg-white/70 dark:bg-gray-800/70 backdrop-blur-sm border border-gray-300/50 dark:border-gray-600/50 rounded-xl focus:outline-none focus:ring-2 focus:ring-primary focus:border-transparent dark:text-white"[39m
                  [36m>[39m
                    [36m<option[39m
                      [33mvalue[39m=[32m"expense"[39m
                    [36m>[39m
                      [0mExpense[0m
                    [36m</option>[39m
                    [36m<option[39m
                      [33mvalue[39m=[32m"income"[39m
                    [36m>[39m
                      [0mIncome[0m
                    [36m</option>[39m
                  [36m</select>[39m
                [36m</div>[39m
                [36m<div>[39m
                  [36m<label[39m
                    [33mclass[39m=[32m"block text-sm font-medium text-gray-700 dark:text-gray-300 mb-1"[39m
                  [36m>[39m
                    [0mAmount[0m
                  [36m</label>[39m
                  [36m<input[39m
                    [33mclass[39m=[32m"w-full px-3 py-2 bg-white/70 dark:bg-gray-800/70 backdrop-blur-sm border border-gray-300/50 dark:border-gray-600/50 rounded-xl focus:outline-none focus:ring-2 focus:ring-primary focus:border-transparent dark:text-white"[39m
                    [33mrequired[39m=[32m""[39m
                    [33mstep[39m=[32m"0.01"[39m
                    [33mtype[39m=[32m"number"[39m
                    [33mvalue[39m=[32m"0"[39m
                  [36m/>[39m
                [36m</div>[39m
              [36m</div>[39m
              [36m<div[39m
                [33mclass[39m=[32m"grid grid-cols-2 gap-4"[39m
              [36m>[39m
                [36m<div>[39m
                  [36m<label[39m
                    [33mclass[39m=[32m"block text-sm font-medium text-gray-700 dark:text-gray-300 mb-1"[39m
                  [36m>[39m
                    [0mCategory[0m
                  [36m</label>[39m
                  [36m<input[39m
                    [33mclass[39m=[32m"w-full px-3 py-2 bg-white/70 dark:bg-gray-800/70 backdrop-blur-sm border border-gray-300/50 dark:border-gray-600/50 rounded-xl focus:outline-none focus:ring-2 focus:ring-primary focus:border-transparent dark:text-white"[39m
                    [33mrequired[39m=[32m""[39m
                    [33mtype[39m=[32m"text"[39m
                    [33mvalue[39m=[32m""[39m
                  [36m/>[39m
                [36m</div>[39m
                [36m<div>[39m
                  [36m<label[39m
                    [33mclass[39m=[32m"block text-sm font-medium text-gray-700 dark:text-gray-300 mb-1"[39m
                  [36m>[39m
                    [0mAccount[0m
                  [36m</label>[39m
                  [36m<select[39m
                    [33mclass[39m=[32m"w-full px-3 py-2 bg-white/70 dark:bg-gray-800/70 backdrop-blur-sm border border-gray-300/50 dark:border-gray-600/50 rounded-xl focus:outline-none focus:ring-2 focus:ring-primary focus:border-transparent dark:text-white"[39m
                  [36m>[39m
                    [36m<option[39m
                      [33mvalue[39m=[32m"1"[39m
                    [36m>[39m
                      [0mNatwest Current Account[0m
                    [36m</option>[39m
                    [36m<option[39m
                      [33mvalue[39m=[32m"2"[39m
                    [36m>[39m
                      [0mMonzo Current Account[0m
                    [36m</option>[39m
                    [36m<option[39m
                      [33mvalue[39m=[32m"3"[39m
                    [36m>[39m
                      [0mNatwest Savings Account[0m
                    [36m</option>[39m
                    [36m<option[39m
                      [33mvalue[39m=[32m"4"[39m
                    [36m>[39m
                      [0mNS&I Premium Bonds[0m
                    [36m</option>[39m
                    [36m<option[39m
                      [33mvalue[39m=[32m"5"[39m
                    [36m>[39m
                      [0mNatwest Credit Card[0m
                    [36m</option>[39m
                    [36m<option[39m
                      [33mvalue[39m=[32m"6"[39m
                    [36m>[39m
                      [0mAmerican Express Gold[0m
                    [36m</option>[39m
                    [36m<option[39m
                      [33mvalue[39m=[32m"7"[39m
                    [36m>[39m
                      [0mNatwest Personal Loan[0m
                    [36m</option>[39m
                    [36m<option[39m
                      [33mvalue[39m=[32m"8"[39m
                    [36m>[39m
                      [0mNatwest Mortgage[0m
                    [36m</option>[39m
                    [36m<option[39m
                      [33mvalue[39m=[32m"9"[39m
                    [36m>[39m
                      [0mHargreaves Lansdown SIPP[0m
                    [36m</option>[39m
                    [36m<option[39m
                      [33mvalue[39m=[32m"10"[39m
                    [36m>[39m
                      [0mHargreaves Lansdown ISA[0m
                    [36m</option>[39m
                    [36m<option[39m
                      [33mvalue[39m=[32m"11"[39m
                    [36m>[39m
                      [0mCity Trader Account[0m
                    [36m</option>[39m
                    [36m<option[39m
                      [33mvalue[39m=[32m"12"[39m
                    [36m>[39m
                      [0mPrimary Residence[0m
                    [36m</option>[39m
                  [36m</select>[39m
                [36m</div>[39m
              [36m</div>[39m
              [36m<div>[39m
                [36m<label[39m
                  [33mclass[39m=[32m"block text-sm font-medium text-gray-700 dark:text-gray-300 mb-1"[39m
                [36m>[39m
                  [0mFrequency[0m
                [36m</label>[39m
                [36m<select[39m
                  [33mclass[39m=[32m"w-full px-3 py-2 bg-white/70 dark:bg-gray-800/70 backdrop-blur-sm border border-gray-300/50 dark:border-gray-600/50 rounded-xl focus:outline-none focus:ring-2 focus:ring-primary focus:border-transparent dark:text-white"[39m
                [36m>[39m
                  [36m<option[39m
                    [33mvalue[39m=[32m"daily"[39m
                  [36m>[39m
                    [0mDaily[0m
                  [36m</option>[39m
                  [36m<option[39m
                    [33mvalue[39m=[32m"weekly"[39m
                  [36m>[39m
                    [0mWeekly[0m
                  [36m</option>[39m
                  [36m<option[39m
                    [33mvalue[39m=[32m"monthly"[39m
                  [36m>[39m
                    [0mMonthly[0m
                  [36m</option>[39m
                  [36m<option[39m
                    [33mvalue[39m=[32m"yearly"[39m
                  [36m>[39m
                    [0mYearly[0m
                  [36m</option>[39m
                [36m</select>[39m
              [36m</div>[39m
              [36m<div[39m
                [33mclass[39m=[32m"grid grid-cols-2 gap-4"[39m
              [36m>[39m
                [36m<div>[39m
                  [36m<label[39m
                    [33mclass[39m=[32m"block text-sm font-medium text-gray-700 dark:text-gray-300 mb-1"[39m
                  [36m>[39m
                    [0mStart Date[0m
                  [36m</label>[39m
                  [36m<input[39m
                    [33mclass[39m=[32m"w-full px-3 py-2 bg-white/70 dark:bg-gray-800/70 backdrop-blur-sm border border-gray-300/50 dark:border-gray-600/50 rounded-xl focus:outline-none focus:ring-2 focus:ring-primary focus:border-transparent dark:text-white"[39m
                    [33mrequired[39m=[32m""[39m
                    [33mtype[39m=[32m"date"[39m
                    [33mvalue[39m=[32m"2025-01-20"[39m
                  [36m/>[39m
                [36m</div>[39m
                [36m<div>[39m
                  [36m<label[39m
                    [33mclass[39m=[32m"block text-sm font-medium text-gray-700 dark:text-gray-300 mb-1"[39m
                  [36m>[39m
                    [0mEnd Date (Optional)[0m
                  [36m</label>[39m
                  [36m<input[39m
                    [33mclass[39m=[32m"w-full px-3 py-2 bg-white/70 dark:bg-gray-800/70 backdrop-blur-sm border border-gray-300/50 dark:border-gray-600/50 rounded-xl focus:outline-none focus:ring-2 focus:ring-primary focus:border-transparent dark:text-white"[39m
                    [33mtype[39m=[32m"date"[39m
                    [33mvalue[39m=[32m""[39m
                  [36m/>[39m
                [36m</div>[39m
              [36m</div>[39m
              [36m<div[39m
                [33mclass[39m=[32m"flex gap-3 mt-6"[39m
              [36m>[39m
                [36m<button[39m
                  [33mclass[39m=[32m"flex-1 px-4 py-2 border border-gray-300 dark:border-gray-600 text-gray-700 dark:text-gray-300 rounded-lg hover:bg-gray-50 dark:hover:bg-gray-700"[39m
                  [33mtype[39m=[32m"button"[39m
                [36m>[39m
                  [0mCancel[0m
                [36m</button>[39m
                [36m<button[39m
                  [33mclass[39m=[32m"flex-1 px-4 py-2 bg-primary text-white rounded-lg hover:bg-secondary"[39m
                  [33mtype[39m=[32m"submit"[39m
                [36m>[39m
                  [0mAdd Recurring Transaction[0m
                [36m</button>[39m
              [36m</div>[39m
            [36m</form>[39m
          [36m</div>[39m
        [36m</div>[39m
      [36m</div>[39m
    [36m</div>[39m
  [36m</div>[39m
[36m</body>[39m
   ✓ RecurringTransactionModal > form interactions > shows frequency options in form 17ms
   ✓ RecurringTransactionModal > form submission > shows submit and cancel buttons in form 20ms
   × RecurringTransactionModal > form submission > handles form submission 151ms
     → waitFor is not defined
   × RecurringTransactionModal > form submission > handles cancel button 30ms
     → waitFor is not defined
   × RecurringTransactionModal > recurring transaction actions > processes recurring transaction when available 3ms
     → Unable to find an element with the text: Process Now. This could be because the text is broken up by multiple elements. In this case, you can provide a function for your text matcher to make your matcher more flexible.

Ignored nodes: comments, script, style
[36m<body[39m
  [33mstyle[39m=[32m"position: fixed; top: 0px; width: 100%; overflow: hidden;"[39m
[36m>[39m
  [36m<div>[39m
    [36m<div[39m
      [33maria-hidden[39m=[32m"true"[39m
      [33mclass[39m=[32m"fixed inset-0 bg-black/60 backdrop-blur-sm z-50 animate-in fade-in duration-200"[39m
    [36m/>[39m
    [36m<div[39m
      [33mclass[39m=[32m"fixed inset-x-0 z-50 flex justify-center px-4"[39m
      [33mstyle[39m=[32m"top: 40px;"[39m
    [36m>[39m
      [36m<div[39m
        [33maria-labelledby[39m=[32m"modal-title"[39m
        [33maria-modal[39m=[32m"true"[39m
        [33mclass[39m=[32m"
            bg-white dark:bg-gray-900 
            rounded-2xl 
            shadow-2xl 
            w-full 
            max-w-2xl 
            overflow-hidden 
            flex 
            flex-col
            animate-in zoom-in-95 slide-in-from-bottom-4 duration-200
            border border-gray-200/50 dark:border-gray-700/50
          "[39m
        [33mrole[39m=[32m"dialog"[39m
        [33mstyle[39m=[32m"max-height: 688px;"[39m
        [33mtabindex[39m=[32m"-1"[39m
      [36m>[39m
        [36m<div[39m
          [33mclass[39m=[32m"flex items-center justify-between px-6 py-5 border-b border-gray-200 dark:border-gray-800 bg-gradient-to-r from-gray-50 to-white dark:from-gray-900 dark:to-gray-800 flex-shrink-0"[39m
        [36m>[39m
          [36m<h2[39m
            [33mclass[39m=[32m"text-xl font-bold text-gray-900 dark:text-white"[39m
            [33mid[39m=[32m"modal-title"[39m
          [36m>[39m
            [0mRecurring Transactions[0m
          [36m</h2>[39m
          [36m<button[39m
            [33maria-label[39m=[32m"Close modal"[39m
            [33mclass[39m=[32m"
                  p-2 
                  rounded-lg 
                  text-gray-400 
                  hover:text-gray-600 
                  dark:text-gray-500 
                  dark:hover:text-gray-300 
                  hover:bg-gray-100 
                  dark:hover:bg-gray-800 
                  transition-all 
                  duration-200
                  focus:outline-none 
                  focus:ring-2 
                  focus:ring-primary/50
                "[39m
          [36m>[39m
            [36m<svg[39m
              [33maria-hidden[39m=[32m"true"[39m
              [33mclass[39m=[32m"lucide lucide-x"[39m
              [33mfill[39m=[32m"none"[39m
              [33mheight[39m=[32m"20"[39m
              [33mstroke[39m=[32m"currentColor"[39m
              [33mstroke-linecap[39m=[32m"round"[39m
              [33mstroke-linejoin[39m=[32m"round"[39m
              [33mstroke-width[39m=[32m"2"[39m
              [33mviewBox[39m=[32m"0 0 24 24"[39m
              [33mwidth[39m=[32m"20"[39m
              [33mxmlns[39m=[32m"http://www.w3.org/2000/svg"[39m
            [36m>[39m
              [36m<path[39m
                [33md[39m=[32m"M18 6 6 18"[39m
              [36m/>[39m
              [36m<path[39m
                [33md[39m=[32m"m6 6 12 12"[39m
              [36m/>[39m
            [36m</svg>[39m
          [36m</button>[39m
        [36m</div>[39m
        [36m<div[39m
          [33mclass[39m=[32m"flex-1 overflow-y-auto overscroll-contain"[39m
        [36m>[39m
          [36m<div[39m
            [33mclass[39m=[32m"px-6 py-5 "[39m
          [36m>[39m
            [36m<div[39m
              [33mclass[39m=[32m"flex items-center gap-2 mb-4"[39m
            [36m>[39m
              [36m<div[39m
                [33mclass[39m=[32m"text-gray-600 dark:text-gray-400"[39m
                [33mdata-testid[39m=[32m"repeat-icon"[39m
              [36m>[39m
                [0mRepeat[0m
              [36m</div>[39m
              [36m<span[39m
                [33mclass[39m=[32m"text-sm text-gray-600 dark:text-gray-400"[39m
              [36m>[39m
                [0mManage your recurring transactions[0m
              [36m</span>[39m
            [36m</div>[39m
            [36m<button[39m
              [33mclass[39m=[32m"mb-4 px-4 py-2 bg-primary text-white rounded-lg hover:bg-secondary"[39m
            [36m>[39m
              [0mAdd Recurring Transaction[0m
            [36m</button>[39m
            [36m<div[39m
              [33mclass[39m=[32m"space-y-3"[39m
            [36m/>[39m
          [36m</div>[39m
        [36m</div>[39m
      [36m</div>[39m
    [36m</div>[39m
  [36m</div>[39m
[36m</body>[39m
   × RecurringTransactionModal > recurring transaction actions > deletes recurring transaction when available 2ms
     → Unable to find an element with the text: Delete. This could be because the text is broken up by multiple elements. In this case, you can provide a function for your text matcher to make your matcher more flexible.

Ignored nodes: comments, script, style
[36m<body[39m
  [33mstyle[39m=[32m"position: fixed; top: 0px; width: 100%; overflow: hidden;"[39m
[36m>[39m
  [36m<div>[39m
    [36m<div[39m
      [33maria-hidden[39m=[32m"true"[39m
      [33mclass[39m=[32m"fixed inset-0 bg-black/60 backdrop-blur-sm z-50 animate-in fade-in duration-200"[39m
    [36m/>[39m
    [36m<div[39m
      [33mclass[39m=[32m"fixed inset-x-0 z-50 flex justify-center px-4"[39m
      [33mstyle[39m=[32m"top: 40px;"[39m
    [36m>[39m
      [36m<div[39m
        [33maria-labelledby[39m=[32m"modal-title"[39m
        [33maria-modal[39m=[32m"true"[39m
        [33mclass[39m=[32m"
            bg-white dark:bg-gray-900 
            rounded-2xl 
            shadow-2xl 
            w-full 
            max-w-2xl 
            overflow-hidden 
            flex 
            flex-col
            animate-in zoom-in-95 slide-in-from-bottom-4 duration-200
            border border-gray-200/50 dark:border-gray-700/50
          "[39m
        [33mrole[39m=[32m"dialog"[39m
        [33mstyle[39m=[32m"max-height: 688px;"[39m
        [33mtabindex[39m=[32m"-1"[39m
      [36m>[39m
        [36m<div[39m
          [33mclass[39m=[32m"flex items-center justify-between px-6 py-5 border-b border-gray-200 dark:border-gray-800 bg-gradient-to-r from-gray-50 to-white dark:from-gray-900 dark:to-gray-800 flex-shrink-0"[39m
        [36m>[39m
          [36m<h2[39m
            [33mclass[39m=[32m"text-xl font-bold text-gray-900 dark:text-white"[39m
            [33mid[39m=[32m"modal-title"[39m
          [36m>[39m
            [0mRecurring Transactions[0m
          [36m</h2>[39m
          [36m<button[39m
            [33maria-label[39m=[32m"Close modal"[39m
            [33mclass[39m=[32m"
                  p-2 
                  rounded-lg 
                  text-gray-400 
                  hover:text-gray-600 
                  dark:text-gray-500 
                  dark:hover:text-gray-300 
                  hover:bg-gray-100 
                  dark:hover:bg-gray-800 
                  transition-all 
                  duration-200
                  focus:outline-none 
                  focus:ring-2 
                  focus:ring-primary/50
                "[39m
          [36m>[39m
            [36m<svg[39m
              [33maria-hidden[39m=[32m"true"[39m
              [33mclass[39m=[32m"lucide lucide-x"[39m
              [33mfill[39m=[32m"none"[39m
              [33mheight[39m=[32m"20"[39m
              [33mstroke[39m=[32m"currentColor"[39m
              [33mstroke-linecap[39m=[32m"round"[39m
              [33mstroke-linejoin[39m=[32m"round"[39m
              [33mstroke-width[39m=[32m"2"[39m
              [33mviewBox[39m=[32m"0 0 24 24"[39m
              [33mwidth[39m=[32m"20"[39m
              [33mxmlns[39m=[32m"http://www.w3.org/2000/svg"[39m
            [36m>[39m
              [36m<path[39m
                [33md[39m=[32m"M18 6 6 18"[39m
              [36m/>[39m
              [36m<path[39m
                [33md[39m=[32m"m6 6 12 12"[39m
              [36m/>[39m
            [36m</svg>[39m
          [36m</button>[39m
        [36m</div>[39m
        [36m<div[39m
          [33mclass[39m=[32m"flex-1 overflow-y-auto overscroll-contain"[39m
        [36m>[39m
          [36m<div[39m
            [33mclass[39m=[32m"px-6 py-5 "[39m
          [36m>[39m
            [36m<div[39m
              [33mclass[39m=[32m"flex items-center gap-2 mb-4"[39m
            [36m>[39m
              [36m<div[39m
                [33mclass[39m=[32m"text-gray-600 dark:text-gray-400"[39m
                [33mdata-testid[39m=[32m"repeat-icon"[39m
              [36m>[39m
                [0mRepeat[0m
              [36m</div>[39m
              [36m<span[39m
                [33mclass[39m=[32m"text-sm text-gray-600 dark:text-gray-400"[39m
              [36m>[39m
                [0mManage your recurring transactions[0m
              [36m</span>[39m
            [36m</div>[39m
            [36m<button[39m
              [33mclass[39m=[32m"mb-4 px-4 py-2 bg-primary text-white rounded-lg hover:bg-secondary"[39m
            [36m>[39m
              [0mAdd Recurring Transaction[0m
            [36m</button>[39m
            [36m<div[39m
              [33mclass[39m=[32m"space-y-3"[39m
            [36m/>[39m
          [36m</div>[39m
        [36m</div>[39m
      [36m</div>[39m
    [36m</div>[39m
  [36m</div>[39m
[36m</body>[39m
   ✓ RecurringTransactionModal > modal behavior > calls onClose when close button is clicked 11ms
   ✓ RecurringTransactionModal > modal behavior > does not render modal content when closed 1ms
   ✓ RecurringTransactionModal > edge cases > handles empty recurring transactions list 6ms
   ✓ RecurringTransactionModal > edge cases > handles no accounts available 3ms
   ✓ RecurringTransactionModal > edge cases > handles form with date inputs 13ms
   ✓ RecurringTransactionModal > edge cases > handles optional end date field 18ms
   ✓ RecurringTransactionModal > edge cases > shows default form values 21ms
 ✓ src/services/merchantLogoService.test.ts (29 tests) 24ms
 ✓ src/components/EnhancedExportModal.test.tsx (33 tests) 346ms
 ❯ src/test/integration/CriticalWorkflows.test.tsx (6 tests | 3 failed) 1270ms
   ✓ Critical Workflows Integration Tests > Account Management Workflow > should allow creating and managing accounts 285ms
   ✓ Critical Workflows Integration Tests > Transaction Recording Workflow > should allow recording income and expense transactions 260ms
   × Critical Workflows Integration Tests > Budget Management Workflow > should allow creating budgets and tracking spending 57ms
     → Unable to find an element by: [data-testid="budget-groceries"]

Ignored nodes: comments, script, style
[36m<body>[39m
  [36m<div>[39m
    [36m<div>[39m
      [36m<h2>[39m
        [0mBudget Manager[0m
      [36m</h2>[39m
      [36m<button[39m
        [33mdata-testid[39m=[32m"add-groceries-budget"[39m
      [36m>[39m
        [0mAdd Groceries Budget (£500)[0m
      [36m</button>[39m
      [36m<button[39m
        [33mdata-testid[39m=[32m"add-entertainment-budget"[39m
      [36m>[39m
        [0mAdd Entertainment Budget (£200)[0m
      [36m</button>[39m
      [36m<div[39m
        [33mdata-testid[39m=[32m"budgets-list"[39m
      [36m>[39m
        [36m<div[39m
          [33mdata-testid[39m=[32m"budget-undefined"[39m
        [36m>[39m
          [36m<div>[39m
            [0m: £[0m
            [0m500[0m
            [0m/month[0m
          [36m</div>[39m
          [36m<div>[39m
            [0mSpent: £[0m
            [0m0.00[0m
            [0m ([0m
            [0m0[0m
            [0m%)[0m
          [36m</div>[39m
          [36m<div>[39m
            [0mRemaining: £[0m
            [0m500.00[0m
          [36m</div>[39m
          [36m<button[39m
            [33mdata-testid[39m=[32m"spend-undefined"[39m
          [36m>[39m
            [0mSpend £50[0m
          [36m</button>[39m
        [36m</div>[39m
        [36m<div[39m
          [33mdata-testid[39m=[32m"budget-undefined"[39m
        [36m>[39m
          [36m<div>[39m
            [0m: £[0m
            [0m200[0m
            [0m/month[0m
          [36m</div>[39m
          [36m<div>[39m
            [0mSpent: £[0m
            [0m0.00[0m
            [0m ([0m
            [0m0[0m
            [0m%)[0m
          [36m</div>[39m
          [36m<div>[39m
            [0mRemaining: £[0m
            [0m200.00[0m
          [36m</div>[39m
          [36m<button[39m
            [33mdata-testid[39m=[32m"spend-undefined"[39m
          [36m>[39m
            [0mSpend £50[0m
          [36m</button>[39m
        [36m</div>[39m
      [36m</div>[39m
    [36m</div>[39m
  [36m</div>[39m
[36m</body>[39m
   × Critical Workflows Integration Tests > End-to-End Financial Workflow > should handle a complete monthly financial cycle 543ms
     → Unable to find an element by: [data-testid="spend-groceries"]

Ignored nodes: comments, script, style
[36m<body>[39m
  [36m<div>[39m
    [36m<div>[39m
      [36m<div>[39m
        [36m<h2>[39m
          [0mAccount Manager[0m
        [36m</h2>[39m
        [36m<div>[39m
          [36m<input[39m
            [33mdata-testid[39m=[32m"account-name-input"[39m
            [33mplaceholder[39m=[32m"Account name"[39m
            [33mtype[39m=[32m"text"[39m
            [33mvalue[39m=[32m""[39m
          [36m/>[39m
          [36m<button[39m
            [33mdata-testid[39m=[32m"add-account-btn"[39m
          [36m>[39m
            [0mAdd Account[0m
          [36m</button>[39m
        [36m</div>[39m
        [36m<div[39m
          [33mdata-testid[39m=[32m"accounts-list"[39m
        [36m>[39m
          [36m<div[39m
            [33mdata-testid[39m=[32m"account-1737367200000"[39m
          [36m>[39m
            [36m<span>[39m
              [0mMain Checking[0m
              [0m: £[0m
              [0m4000.00[0m
            [36m</span>[39m
            [36m<button[39m
              [33mdata-testid[39m=[32m"deposit-1737367200000"[39m
            [36m>[39m
              [0mDeposit £100[0m
            [36m</button>[39m
            [36m<button[39m
              [33mdata-testid[39m=[32m"withdraw-1737367200000"[39m
            [36m>[39m
              [0mWithdraw £50[0m
            [36m</button>[39m
          [36m</div>[39m
        [36m</div>[39m
        [36m<div[39m
          [33mdata-testid[39m=[32m"total-balance"[39m
        [36m>[39m
          [0mTotal: £[0m
          [0m4000.00[0m
        [36m</div>[39m
      [36m</div>[39m
      [36m<hr />[39m
      [36m<div>[39m
        [36m<h2>[39m
          [0mTransaction Manager[0m
        [36m</h2>[39m
        [36m<div>[39m
          [36m<select[39m
            [33mdata-testid[39m=[32m"transaction-type"[39m
          [36m>[39m
            [36m<option[39m
              [33mvalue[39m=[32m"income"[39m
            [36m>[39m
              [0mIncome[0m
            [36m</option>[39m
            [36m<option[39m
              [33mvalue[39m=[32m"expense"[39m
            [36m>[39m
              [0mExpense[0m
            [36m</option>[39m
          [36m</select>[39m
          [36m<input[39m
            [33mdata-testid[39m=[32m"transaction-description"[39m
            [33mplaceholder[39m=[32m"Description"[39m
            [33mtype[39m=[32m"text"[39m
            [33mvalue[39m=[32m""[39m
          [36m/>[39m
          [36m<input[39m
            [33mdata-testid[39m=[32m"transaction-amount"[39m
            [33mplaceholder[39m=[32m"Amount"[39m
            [33mtype[39m=[32m"number"[39m
            [33mvalue[39m=[32m""[39m
          [36m/>[39m
          [36m<button[39m
            [33mdata-testid[39m=[32m"add-transaction-btn"[39m
          [36m>[39m
            [0mAdd Transaction[0m
          [36m</button>[39m
        [36m</div>[39m
        [36m<div[39m
          [33mdata-testid[39m=[32m"transactions-list"[39m
        [36m>[39m
          [36m<div[39m
            [33mdata-testid[39m=[32m"transaction-1737367200000"[39m
          [36m>[39m
            [0mincome[0m
            [0m: [0m
            [0mSalary[0m
            [0m - £[0m
            [0m4000.00[0m
          [36m</div>[39m
          [36m<div[39m
            [33mdata-testid[39m=[32m"transaction-1737367200000"[39m
          [36m>[39m
            [0mexpense[0m
            [0m: [0m
            [0mWeekly Shopping[0m
            [0m - £[0m
            [0m120.00[0m
          [36m</div>[39m
        [36m</div>[39m
        [36m<div[39m
          [33mdata-testid[39m=[32m"transaction-summary"[39m
        [36m>[39m
          [36m<div>[39m
            [0mIncome: £[0m
            [0m4000.00[0m
          [36m</div>[39m
          [36m<div>[39m
            [0mExpenses: £[0m
            [0m120.00[0m
          [36m</div>[39m
          [36m<div>[39m
            [0mNet: £[0m
            [0m3880.00[0m
          [36m</div>[39m
        [36m</div>[39m
      [36m</div>[39m
      [36m<hr />[39m
      [36m<div>[39m
        [36m<h2>[39m
          [0mBudget Manager[0m
        [36m</h2>[39m
        [36m<button[39m
          [33mdata-testid[39m=[32m"add-groceries-budget"[39m
        [36m>[39m
          [0mAdd Groceries Budget (£500)[0m
        [36m</button>[39m
        [36m<button[39m
          [33mdata-testid[39m=[32m"add-entertainment-budget"[39m
        [36m>[39m
          [0mAdd Entertainment Budget (£200)[0m
        [36m</button>[39m
        [36m<div[39m
          [33mdata-testid[39m=[32m"budgets-list"[39m
        [36m>[39m
          [36m<div[39m
            [33mdata-testid[39m=[32m"budget-undefined"[39m
          [36m>[39m
            [36m<div>[39m
              [0m: £[0m
              [0m500[0m
              [0m/month[0m
            [36m</div>[39m
            [36m<div>[39m
              [0mSpent: £[0m
              [0m0.00[0m
              [0m ([0m
              [0m0[0m
              [0m%)[0m
            [36m</div>[39m
            [36m<div>[39m
              [0mRemaining: £[0m
              [0m500.00[0m
            [36m</div>[39m
            [36m<button[39m
              [33mdata-testid[39m=[32m"spend-undefined"[39m
            [36m>[39m
              [0mSpend £50[0m
            [36m</button>[39m
          [36m</div>[39m
          [36m<div[39m
            [33mdata-testid[39m=[32m"budget-undefined"[39m
          [36m>[39m
            [36m<div>[39m
              [0m: £[0m
              [0m200[0m
              [0m/month[0m
            [36m</div>[39m
            [36m<div>[39m
              [0mSpent: £[0m
              [0m0.00[0m
              [0m ([0m
              [0m0[0m
              [0m%)[0m
            [36m</div>[39m
            [36m<div>[39m
              [0mRemaining: £[0m
              [0m200.00[0m
            [36m</div>[39m
            [36m<button[39m
              [33mdata-testid[39m=[32m"spend-undefined"[39m
            [36m>[39m
              [0mSpend £50[0m
            [36m</button>[39m
          [36m</div>[39m
        [36m</div>[39m
      [36m</div>[39m
    [36m</div>[39m
  [36m</div>[39m
[36m</body>[39m
   ✓ Critical Workflows Integration Tests > Error Handling in Workflows > should handle invalid inputs gracefully 98ms
   × Critical Workflows Integration Tests > Error Handling in Workflows > should handle edge cases in calculations 24ms
     → Unable to find an element by: [data-testid="spend-groceries"]

Ignored nodes: comments, script, style
[36m<body>[39m
  [36m<div>[39m
    [36m<div>[39m
      [36m<h2>[39m
        [0mBudget Manager[0m
      [36m</h2>[39m
      [36m<button[39m
        [33mdata-testid[39m=[32m"add-groceries-budget"[39m
      [36m>[39m
        [0mAdd Groceries Budget (£500)[0m
      [36m</button>[39m
      [36m<button[39m
        [33mdata-testid[39m=[32m"add-entertainment-budget"[39m
      [36m>[39m
        [0mAdd Entertainment Budget (£200)[0m
      [36m</button>[39m
      [36m<div[39m
        [33mdata-testid[39m=[32m"budgets-list"[39m
      [36m>[39m
        [36m<div[39m
          [33mdata-testid[39m=[32m"budget-undefined"[39m
        [36m>[39m
          [36m<div>[39m
            [0m: £[0m
            [0m500[0m
            [0m/month[0m
          [36m</div>[39m
          [36m<div>[39m
            [0mSpent: £[0m
            [0m0.00[0m
            [0m ([0m
            [0m0[0m
            [0m%)[0m
          [36m</div>[39m
          [36m<div>[39m
            [0mRemaining: £[0m
            [0m500.00[0m
          [36m</div>[39m
          [36m<button[39m
            [33mdata-testid[39m=[32m"spend-undefined"[39m
          [36m>[39m
            [0mSpend £50[0m
          [36m</button>[39m
        [36m</div>[39m
      [36m</div>[39m
    [36m</div>[39m
  [36m</div>[39m
[36m</body>[39m
 ❯ src/utils/__tests__/currency-decimal.test.ts (43 tests | 1 failed) 98ms
   ✓ currency-decimal > getCurrencySymbol > returns correct symbols for known currencies 1ms
   ✓ currency-decimal > getCurrencySymbol > returns currency code for unknown currencies 0ms
   ✓ currency-decimal > getCurrencySymbol > handles empty string 0ms
   ✓ currency-decimal > formatCurrency > formats positive amounts correctly 1ms
   × currency-decimal > formatCurrency > formats negative amounts as positive with symbol 6ms
     → expected '-£1,234.56' to be '£1,234.56' // Object.is equality
   ✓ currency-decimal > formatCurrency > formats zero correctly 0ms
   ✓ currency-decimal > formatCurrency > formats Decimal instances 0ms
   ✓ currency-decimal > formatCurrency > handles CHF currency position 0ms
   ✓ currency-decimal > formatCurrency > handles large numbers 0ms
   ✓ currency-decimal > formatCurrency > handles small decimal values 0ms
   ✓ currency-decimal > formatCurrency > uses GBP as default currency 0ms
   ✓ currency-decimal > formatCurrency > handles unknown currencies 0ms
   ✓ currency-decimal > formatCurrency > handles currencies with same symbol 0ms
   ✓ currency-decimal > getExchangeRates > fetches exchange rates from API 1ms
   ✓ currency-decimal > getExchangeRates > caches rates for subsequent calls 8ms
   ✓ currency-decimal > getExchangeRates > refreshes cache after expiration 4ms
   ✓ currency-decimal > getExchangeRates > returns fallback rates on API error 5ms
   ✓ currency-decimal > getExchangeRates > returns fallback rates on non-ok response 3ms
   ✓ currency-decimal > convertCurrency > returns same amount for same currency 6ms
   ✓ currency-decimal > convertCurrency > converts from GBP to other currencies 4ms
   ✓ currency-decimal > convertCurrency > converts from other currencies to GBP 2ms
   ✓ currency-decimal > convertCurrency > converts between non-GBP currencies 2ms
   ✓ currency-decimal > convertCurrency > handles Decimal input 3ms
   ✓ currency-decimal > convertCurrency > returns original amount for unknown currencies 2ms
   ✓ currency-decimal > convertCurrency > handles conversion errors gracefully 2ms
   ✓ currency-decimal > convertCurrency > handles zero amounts 2ms
   ✓ currency-decimal > convertCurrency > handles negative amounts 3ms
   ✓ currency-decimal > convertCurrency > maintains precision with Decimal 3ms
   ✓ currency-decimal > convertMultipleCurrencies > converts and sums multiple amounts to target currency 3ms
   ✓ currency-decimal > convertMultipleCurrencies > handles mixed currencies to USD 4ms
   ✓ currency-decimal > convertMultipleCurrencies > handles empty array 2ms
   ✓ currency-decimal > convertMultipleCurrencies > handles single amount 7ms
   ✓ currency-decimal > convertMultipleCurrencies > handles amounts already in target currency 7ms
   ✓ currency-decimal > convertMultipleCurrencies > handles Decimal amounts 2ms
   ✓ currency-decimal > convertMultipleCurrencies > warns and continues for unknown currencies 3ms
   ✓ currency-decimal > convertMultipleCurrencies > falls back to sum without conversion on error 2ms
   ✓ currency-decimal > convertMultipleCurrencies > handles negative amounts 2ms
   ✓ currency-decimal > convertMultipleCurrencies > handles zero amounts 2ms
   ✓ currency-decimal > supportedCurrencies > contains expected currencies 1ms
   ✓ currency-decimal > supportedCurrencies > has correct structure for each currency 1ms
   ✓ currency-decimal > supportedCurrencies > matches currencySymbols mapping 0ms
   ✓ currency-decimal > currencySymbols > contains all expected symbols 0ms
   ✓ currency-decimal > currencySymbols > has entries for all supported currencies 0ms
 ❯ src/services/ofxImportService.test.ts (27 tests | 1 failed) 19ms
   ✓ OFXImportService > parseOFX > parses valid OFX content 2ms
   ✓ OFXImportService > parseOFX > parses transactions correctly 1ms
   ✓ OFXImportService > parseOFX > throws error for invalid OFX content 0ms
   ✓ OFXImportService > parseOFX > throws error when account ID is missing 0ms
   ✓ OFXImportService > parseOFX > handles OFX without balance information 0ms
   ✓ OFXImportService > parseOFX > handles OFX without date range 0ms
   ✓ OFXImportService > parseOFX > cleans HTML entities in strings 0ms
   ✓ OFXImportService > parseOFX > handles credit card accounts 0ms
   ✓ OFXImportService > findMatchingAccount > matches account by last 4 digits in name 0ms
   ✓ OFXImportService > findMatchingAccount > matches account by type when only one of that type exists 0ms
   ✓ OFXImportService > findMatchingAccount > returns null when no match found 0ms
   ✓ OFXImportService > findMatchingAccount > matches by bank ID (sort code) 0ms
   × OFXImportService > importTransactions > imports transactions successfully 9ms
     → expected { Object (date, description, ...) } to match object { date: '2024-01-15', …(5) }
(3 matching properties omitted from actual)
   ✓ OFXImportService > importTransactions > uses specified account ID 0ms
   ✓ OFXImportService > importTransactions > detects and skips duplicate transactions 0ms
   ✓ OFXImportService > importTransactions > imports all transactions when skipDuplicates is false 0ms
   ✓ OFXImportService > importTransactions > auto-categorizes transactions when enabled 1ms
   ✓ OFXImportService > importTransactions > respects confidence threshold for auto-categorization 0ms
   ✓ OFXImportService > importTransactions > handles unmatched account 0ms
   ✓ OFXImportService > importTransactions > uses description from memo when available 0ms
   ✓ OFXImportService > importTransactions > correctly determines transaction types 0ms
   ✓ OFXImportService > edge cases > handles empty transaction list 0ms
   ✓ OFXImportService > edge cases > handles malformed dates 0ms
   ✓ OFXImportService > edge cases > handles missing transaction fields 0ms
   ✓ OFXImportService > edge cases > handles special characters in transaction names 0ms
   ✓ OFXImportService > edge cases > handles very large amounts 0ms
   ✓ OFXImportService > edge cases > handles multiple accounts in same file 0ms
 ✓ src/utils/__tests__/mbfParser.test.ts (17 tests) 12ms
 ✓ src/test/integration/DecimalFinancialIntegration.test.tsx (16 tests | 3 skipped) 45ms
 ✓ src/components/TransactionRow.test.tsx (27 tests) 173ms
 ✓ src/hooks/useCurrencyDecimal.test.ts (37 tests) 40ms
 ❯ src/components/SpendingByCategoryChart.test.tsx (19 tests | 19 failed) 14ms
   × SpendingByCategoryChart > renders the chart with correct title 6ms
     → mockUseApp.mockReturnValue is not a function
   × SpendingByCategoryChart > renders all chart components when data is available 1ms
     → mockUseApp.mockReturnValue is not a function
   × SpendingByCategoryChart > configures pie chart correctly 0ms
     → mockUseApp.mockReturnValue is not a function
   × SpendingByCategoryChart > calls transactionAnalyticsService with correct parameters 0ms
     → mockUseApp.mockReturnValue is not a function
   × SpendingByCategoryChart > limits to top 6 categories 0ms
     → mockUseApp.mockReturnValue is not a function
   × SpendingByCategoryChart > shows no data message when no expense data available 0ms
     → mockUseApp.mockReturnValue is not a function
   × SpendingByCategoryChart > handles empty transactions and categories 0ms
     → mockUseApp.mockReturnValue is not a function
   × SpendingByCategoryChart > applies correct styling classes 0ms
     → mockUseApp.mockReturnValue is not a function
   × SpendingByCategoryChart > generates accessible chart description 0ms
     → mockUseApp.mockReturnValue is not a function
   × SpendingByCategoryChart > renders accessible data table 0ms
     → mockUseApp.mockReturnValue is not a function
   × SpendingByCategoryChart > calculates percentages correctly in table 0ms
     → mockUseApp.mockReturnValue is not a function
   × SpendingByCategoryChart > does not render table when no data available 0ms
     → mockUseApp.mockReturnValue is not a function
   × SpendingByCategoryChart > uses correct colors for pie chart cells 0ms
     → mockUseApp.mockReturnValue is not a function
   × SpendingByCategoryChart > memoizes data calculation correctly 0ms
     → mockUseApp.mockReturnValue is not a function
   × SpendingByCategoryChart > updates when transactions change 3ms
     → mockUseApp.mockReturnValue is not a function
   × SpendingByCategoryChart > updates when categories change 0ms
     → mockUseApp.mockReturnValue is not a function
   × SpendingByCategoryChart > handles single category correctly 0ms
     → mockUseApp.mockReturnValue is not a function
   × SpendingByCategoryChart > maintains component memo behavior 0ms
     → mockUseApp.mockReturnValue is not a function
   × SpendingByCategoryChart > handles very small amounts correctly 0ms
     → mockUseApp.mockReturnValue is not a function
 ✓ src/components/widgets/RecentTransactionsWidget.test.tsx (25 tests) 119ms
 ✓ src/services/__tests__/validationService.test.ts (34 tests) 13ms
 ❯ src/components/OnboardingModal.test.tsx (45 tests | 2 failed) 3124ms
   ✓ OnboardingModal > rendering > renders when open 38ms
   ✓ OnboardingModal > rendering > does not render when closed 1ms
   ✓ OnboardingModal > rendering > displays welcome title and description 24ms
   ✓ OnboardingModal > rendering > renders first name input field 5ms
   ✓ OnboardingModal > rendering > renders currency selection dropdown 10ms
   ✓ OnboardingModal > rendering > displays all supported currencies as options 18ms
   ✓ OnboardingModal > rendering > renders get started button 6ms
   ✓ OnboardingModal > rendering > displays helper text for name input 10ms
   ✓ OnboardingModal > rendering > displays helper text for currency selection 4ms
   ✓ OnboardingModal > rendering > displays settings tip 5ms
   ✓ OnboardingModal > form interactions > updates first name when typing 38ms
   ✓ OnboardingModal > form interactions > updates currency when selection changes 22ms
   ✓ OnboardingModal > form interactions > handles currency selection with fireEvent 6ms
   ✓ OnboardingModal > form interactions > preserves form state during re-renders 7ms
   × OnboardingModal > form submission > calls onComplete with correct values when form is submitted 9ms
     → nameInput is not defined
   ✓ OnboardingModal > form submission > trims whitespace from name before submission 51ms
   ✓ OnboardingModal > form submission > prevents submission with empty name 14ms
   ✓ OnboardingModal > form submission > prevents submission with only whitespace name 32ms
   ✓ OnboardingModal > form submission > submits with default currency when none selected 30ms
   ✓ OnboardingModal > form submission > handles form submission via Enter key 38ms
   ✓ OnboardingModal > form submission > handles form submission with fireEvent 7ms
   ✓ OnboardingModal > form validation > shows required attribute on name input 3ms
   ✓ OnboardingModal > form validation > allows submission with valid name 46ms
   ✓ OnboardingModal > form validation > handles special characters in name 62ms
   ✓ OnboardingModal > form validation > handles long names 133ms
   × OnboardingModal > styling and layout > has proper modal overlay styling 6ms
     → [2mexpect([22m[31mreceived[39m[2m).toHaveClass()[22m

[31mreceived[39m value must be an HTMLElement or an SVGElement.
Received has type:  Null
Received has value: [31mnull[39m
   ✓ OnboardingModal > styling and layout > has proper modal content styling 4ms
   ✓ OnboardingModal > styling and layout > has proper form input styling 4ms
   ✓ OnboardingModal > styling and layout > has proper button styling 3ms
   ✓ OnboardingModal > styling and layout > has proper tip box styling 2ms
   ✓ OnboardingModal > accessibility > has proper heading structure 3ms
   ✓ OnboardingModal > accessibility > has proper form labels 3ms
   ✓ OnboardingModal > accessibility > has proper form structure 3ms
   ✓ OnboardingModal > accessibility > supports keyboard navigation 19ms
   ✓ OnboardingModal > accessibility > has proper button roles 6ms
   ✓ OnboardingModal > accessibility > has proper select options 5ms
   ✓ OnboardingModal > edge cases > handles modal state change during interaction 3ms
   ✓ OnboardingModal > edge cases > handles multiple rapid form submissions 52ms
   ✓ OnboardingModal > edge cases > handles currency selection properly 13ms
   ✓ OnboardingModal > edge cases > handles extremely long names  2209ms
   ✓ OnboardingModal > edge cases > handles unicode characters in name 24ms
   ✓ OnboardingModal > real-world scenarios > handles typical user onboarding flow 44ms
   ✓ OnboardingModal > real-world scenarios > handles user changing their mind about currency 69ms
   ✓ OnboardingModal > real-world scenarios > handles user using default settings 30ms
   ✓ OnboardingModal > real-world scenarios > shows helpful information about settings 3ms
 ✓ src/components/widgets/InvestmentSummaryWidget.test.tsx (23 tests) 89ms
 ❯ src/components/common/Modal.test.tsx (35 tests | 6 failed) 235ms
   ✓ Modal > basic rendering > renders nothing when closed 8ms
   ✓ Modal > basic rendering > renders modal when open 19ms
   ✓ Modal > basic rendering > renders title in header 4ms
   ✓ Modal > basic rendering > shows close button by default 4ms
   ✓ Modal > basic rendering > hides close button when showCloseButton is false 2ms
   ✓ Modal > sizes > applies small size 2ms
   ✓ Modal > sizes > applies medium size by default 2ms
   × Modal > sizes > applies large size 8ms
     → expected '\n            bg-white dark:bg-gray-9…' to contain 'max-w-lg'
   × Modal > sizes > applies extra large size 6ms
     → expected '\n            bg-white dark:bg-gray-9…' to contain 'max-w-xl'
   ✓ Modal > sizes > applies full size 3ms
   ✓ Modal > closing behavior > calls onClose when close button is clicked 45ms
   × Modal > closing behavior > calls onClose when backdrop is clicked 4ms
     → expected "spy" to be called 1 times, but got 0 times
   ✓ Modal > closing behavior > does not close when modal content is clicked 2ms
   ✓ Modal > closing behavior > closes when Escape key is pressed 2ms
   ✓ Modal > focus management > focuses modal when opened 54ms
   ✓ Modal > focus management > restores focus to previous element when closed 4ms
   ✓ Modal > focus management > traps focus within modal 5ms
   ✓ Modal > body scroll behavior > prevents body scroll when modal is open 1ms
   ✓ Modal > body scroll behavior > restores body scroll when modal is closed 1ms
   ✓ Modal > accessibility > has correct ARIA attributes 1ms
   ✓ Modal > accessibility > supports aria-describedby 2ms
   ✓ Modal > accessibility > has backdrop that is accessible 4ms
   ✓ Modal > lifecycle > cleans up event listeners on unmount 2ms
   ✓ Modal > lifecycle > updates event listeners when isOpen changes 2ms
   × ModalBody > renders children with default padding 1ms
     → expected 'px-6 py-5 ' to contain 'p-4'
   × ModalBody > applies custom className 1ms
     → expected 'px-6 py-5 custom-body' to contain 'p-4'
   ✓ ModalBody > renders complex children 5ms
   × ModalFooter > renders children with border and padding 1ms
     → expected 'px-6 py-5 border-t border-gray-200 da…' to contain 'p-4'
   ✓ ModalFooter > applies custom className 0ms
   ✓ ModalFooter > renders action buttons 1ms
   ✓ Modal composition > works with ModalBody and ModalFooter 3ms
   ✓ Modal composition > handles form submission within modal 13ms
   ✓ real-world scenarios > works as a confirmation dialog 11ms
   ✓ real-world scenarios > works as a form modal 5ms
   ✓ real-world scenarios > works as an information modal 2ms
 ❯ src/components/RecurringTransactionModal.test.tsx (57 tests | 22 failed) 6972ms
   ✓ RecurringTransactionModal > basic rendering > renders when open 14ms
   ✓ RecurringTransactionModal > basic rendering > does not render when closed 1ms
   ✓ RecurringTransactionModal > basic rendering > displays modal structure correctly 2ms
   ✓ RecurringTransactionModal > basic rendering > has proper modal ARIA attributes 18ms
   ✓ RecurringTransactionModal > basic rendering > includes close button in header 2ms
   ✓ RecurringTransactionModal > basic rendering > displays icon and description 2ms
   ✓ RecurringTransactionModal > list view > displays add button by default 9ms
   × RecurringTransactionModal > list view > displays existing recurring transactions 8ms
     → Unable to find an element with the text: Monthly Rent. This could be because the text is broken up by multiple elements. In this case, you can provide a function for your text matcher to make your matcher more flexible.

Ignored nodes: comments, script, style
[36m<body>[39m
  [36m<div>[39m
    [36m<div[39m
      [33maria-label[39m=[32m"Recurring Transactions"[39m
      [33mdata-testid[39m=[32m"modal"[39m
      [33mrole[39m=[32m"dialog"[39m
    [36m>[39m
      [36m<div[39m
        [33mdata-testid[39m=[32m"modal-title"[39m
      [36m>[39m
        [0mRecurring Transactions[0m
      [36m</div>[39m
      [36m<button[39m
        [33mdata-testid[39m=[32m"modal-close"[39m
      [36m>[39m
        [0m×[0m
      [36m</button>[39m
      [36m<div[39m
        [33mdata-testid[39m=[32m"modal-body"[39m
      [36m>[39m
        [36m<div[39m
          [33mclass[39m=[32m"flex items-center gap-2 mb-4"[39m
        [36m>[39m
          [36m<span[39m
            [33mclass[39m=[32m"text-gray-600 dark:text-gray-400"[39m
            [33mdata-size[39m=[32m"20"[39m
            [33mdata-testid[39m=[32m"repeat-icon"[39m
          [36m>[39m
            [0m↻[0m
          [36m</span>[39m
          [36m<span[39m
            [33mclass[39m=[32m"text-sm text-gray-600 dark:text-gray-400"[39m
          [36m>[39m
            [0mManage your recurring transactions[0m
          [36m</span>[39m
        [36m</div>[39m
        [36m<button[39m
          [33mclass[39m=[32m"mb-4 px-4 py-2 bg-primary text-white rounded-lg hover:bg-secondary"[39m
        [36m>[39m
          [0mAdd Recurring Transaction[0m
        [36m</button>[39m
        [36m<div[39m
          [33mclass[39m=[32m"space-y-3"[39m
        [36m/>[39m
      [36m</div>[39m
    [36m</div>[39m
  [36m</div>[39m
[36m</body>[39m
   × RecurringTransactionModal > list view > displays transaction details correctly 3ms
     → Unable to find an element with the text: -£1200.00 · monthly. This could be because the text is broken up by multiple elements. In this case, you can provide a function for your text matcher to make your matcher more flexible.

Ignored nodes: comments, script, style
[36m<body>[39m
  [36m<div>[39m
    [36m<div[39m
      [33maria-label[39m=[32m"Recurring Transactions"[39m
      [33mdata-testid[39m=[32m"modal"[39m
      [33mrole[39m=[32m"dialog"[39m
    [36m>[39m
      [36m<div[39m
        [33mdata-testid[39m=[32m"modal-title"[39m
      [36m>[39m
        [0mRecurring Transactions[0m
      [36m</div>[39m
      [36m<button[39m
        [33mdata-testid[39m=[32m"modal-close"[39m
      [36m>[39m
        [0m×[0m
      [36m</button>[39m
      [36m<div[39m
        [33mdata-testid[39m=[32m"modal-body"[39m
      [36m>[39m
        [36m<div[39m
          [33mclass[39m=[32m"flex items-center gap-2 mb-4"[39m
        [36m>[39m
          [36m<span[39m
            [33mclass[39m=[32m"text-gray-600 dark:text-gray-400"[39m
            [33mdata-size[39m=[32m"20"[39m
            [33mdata-testid[39m=[32m"repeat-icon"[39m
          [36m>[39m
            [0m↻[0m
          [36m</span>[39m
          [36m<span[39m
            [33mclass[39m=[32m"text-sm text-gray-600 dark:text-gray-400"[39m
          [36m>[39m
            [0mManage your recurring transactions[0m
          [36m</span>[39m
        [36m</div>[39m
        [36m<button[39m
          [33mclass[39m=[32m"mb-4 px-4 py-2 bg-primary text-white rounded-lg hover:bg-secondary"[39m
        [36m>[39m
          [0mAdd Recurring Transaction[0m
        [36m</button>[39m
        [36m<div[39m
          [33mclass[39m=[32m"space-y-3"[39m
        [36m/>[39m
      [36m</div>[39m
    [36m</div>[39m
  [36m</div>[39m
[36m</body>[39m
   × RecurringTransactionModal > list view > displays process now buttons for each transaction 11ms
     → Unable to find an accessible element with the role "button" and name `/process now/i`

Here are the accessible roles:

  dialog:

  Name "Recurring Transactions":
  [36m<div[39m
    [33maria-label[39m=[32m"Recurring Transactions"[39m
    [33mdata-testid[39m=[32m"modal"[39m
    [33mrole[39m=[32m"dialog"[39m
  [36m/>[39m

  --------------------------------------------------
  button:

  Name "×":
  [36m<button[39m
    [33mdata-testid[39m=[32m"modal-close"[39m
  [36m/>[39m

  Name "Add Recurring Transaction":
  [36m<button[39m
    [33mclass[39m=[32m"mb-4 px-4 py-2 bg-primary text-white rounded-lg hover:bg-secondary"[39m
  [36m/>[39m

  --------------------------------------------------

Ignored nodes: comments, script, style
[36m<body>[39m
  [36m<div>[39m
    [36m<div[39m
      [33maria-label[39m=[32m"Recurring Transactions"[39m
      [33mdata-testid[39m=[32m"modal"[39m
      [33mrole[39m=[32m"dialog"[39m
    [36m>[39m
      [36m<div[39m
        [33mdata-testid[39m=[32m"modal-title"[39m
      [36m>[39m
        [0mRecurring Transactions[0m
      [36m</div>[39m
      [36m<button[39m
        [33mdata-testid[39m=[32m"modal-close"[39m
      [36m>[39m
        [0m×[0m
      [36m</button>[39m
      [36m<div[39m
        [33mdata-testid[39m=[32m"modal-body"[39m
      [36m>[39m
        [36m<div[39m
          [33mclass[39m=[32m"flex items-center gap-2 mb-4"[39m
        [36m>[39m
          [36m<span[39m
            [33mclass[39m=[32m"text-gray-600 dark:text-gray-400"[39m
            [33mdata-size[39m=[32m"20"[39m
            [33mdata-testid[39m=[32m"repeat-icon"[39m
          [36m>[39m
            [0m↻[0m
          [36m</span>[39m
          [36m<span[39m
            [33mclass[39m=[32m"text-sm text-gray-600 dark:text-gray-400"[39m
          [36m>[39m
            [0mManage your recurring transactions[0m
          [36m</span>[39m
        [36m</div>[39m
        [36m<button[39m
          [33mclass[39m=[32m"mb-4 px-4 py-2 bg-primary text-white rounded-lg hover:bg-secondary"[39m
        [36m>[39m
          [0mAdd Recurring Transaction[0m
        [36m</button>[39m
        [36m<div[39m
          [33mclass[39m=[32m"space-y-3"[39m
        [36m/>[39m
      [36m</div>[39m
    [36m</div>[39m
  [36m</div>[39m
[36m</body>[39m
   × RecurringTransactionModal > list view > displays delete buttons for each transaction 8ms
     → Unable to find an accessible element with the role "button" and name `/delete/i`

Here are the accessible roles:

  dialog:

  Name "Recurring Transactions":
  [36m<div[39m
    [33maria-label[39m=[32m"Recurring Transactions"[39m
    [33mdata-testid[39m=[32m"modal"[39m
    [33mrole[39m=[32m"dialog"[39m
  [36m/>[39m

  --------------------------------------------------
  button:

  Name "×":
  [36m<button[39m
    [33mdata-testid[39m=[32m"modal-close"[39m
  [36m/>[39m

  Name "Add Recurring Transaction":
  [36m<button[39m
    [33mclass[39m=[32m"mb-4 px-4 py-2 bg-primary text-white rounded-lg hover:bg-secondary"[39m
  [36m/>[39m

  --------------------------------------------------

Ignored nodes: comments, script, style
[36m<body>[39m
  [36m<div>[39m
    [36m<div[39m
      [33maria-label[39m=[32m"Recurring Transactions"[39m
      [33mdata-testid[39m=[32m"modal"[39m
      [33mrole[39m=[32m"dialog"[39m
    [36m>[39m
      [36m<div[39m
        [33mdata-testid[39m=[32m"modal-title"[39m
      [36m>[39m
        [0mRecurring Transactions[0m
      [36m</div>[39m
      [36m<button[39m
        [33mdata-testid[39m=[32m"modal-close"[39m
      [36m>[39m
        [0m×[0m
      [36m</button>[39m
      [36m<div[39m
        [33mdata-testid[39m=[32m"modal-body"[39m
      [36m>[39m
        [36m<div[39m
          [33mclass[39m=[32m"flex items-center gap-2 mb-4"[39m
        [36m>[39m
          [36m<span[39m
            [33mclass[39m=[32m"text-gray-600 dark:text-gray-400"[39m
            [33mdata-size[39m=[32m"20"[39m
            [33mdata-testid[39m=[32m"repeat-icon"[39m
          [36m>[39m
            [0m↻[0m
          [36m</span>[39m
          [36m<span[39m
            [33mclass[39m=[32m"text-sm text-gray-600 dark:text-gray-400"[39m
          [36m>[39m
            [0mManage your recurring transactions[0m
          [36m</span>[39m
        [36m</div>[39m
        [36m<button[39m
          [33mclass[39m=[32m"mb-4 px-4 py-2 bg-primary text-white rounded-lg hover:bg-secondary"[39m
        [36m>[39m
          [0mAdd Recurring Transaction[0m
        [36m</button>[39m
        [36m<div[39m
          [33mclass[39m=[32m"space-y-3"[39m
        [36m/>[39m
      [36m</div>[39m
    [36m</div>[39m
  [36m</div>[39m
[36m</body>[39m
   × RecurringTransactionModal > list view > handles process now button click 8ms
     → Unable to find an accessible element with the role "button" and name `/process now/i`

Here are the accessible roles:

  dialog:

  Name "Recurring Transactions":
  [36m<div[39m
    [33maria-label[39m=[32m"Recurring Transactions"[39m
    [33mdata-testid[39m=[32m"modal"[39m
    [33mrole[39m=[32m"dialog"[39m
  [36m/>[39m

  --------------------------------------------------
  button:

  Name "×":
  [36m<button[39m
    [33mdata-testid[39m=[32m"modal-close"[39m
  [36m/>[39m

  Name "Add Recurring Transaction":
  [36m<button[39m
    [33mclass[39m=[32m"mb-4 px-4 py-2 bg-primary text-white rounded-lg hover:bg-secondary"[39m
  [36m/>[39m

  --------------------------------------------------

Ignored nodes: comments, script, style
[36m<body>[39m
  [36m<div>[39m
    [36m<div[39m
      [33maria-label[39m=[32m"Recurring Transactions"[39m
      [33mdata-testid[39m=[32m"modal"[39m
      [33mrole[39m=[32m"dialog"[39m
    [36m>[39m
      [36m<div[39m
        [33mdata-testid[39m=[32m"modal-title"[39m
      [36m>[39m
        [0mRecurring Transactions[0m
      [36m</div>[39m
      [36m<button[39m
        [33mdata-testid[39m=[32m"modal-close"[39m
      [36m>[39m
        [0m×[0m
      [36m</button>[39m
      [36m<div[39m
        [33mdata-testid[39m=[32m"modal-body"[39m
      [36m>[39m
        [36m<div[39m
          [33mclass[39m=[32m"flex items-center gap-2 mb-4"[39m
        [36m>[39m
          [36m<span[39m
            [33mclass[39m=[32m"text-gray-600 dark:text-gray-400"[39m
            [33mdata-size[39m=[32m"20"[39m
            [33mdata-testid[39m=[32m"repeat-icon"[39m
          [36m>[39m
            [0m↻[0m
          [36m</span>[39m
          [36m<span[39m
            [33mclass[39m=[32m"text-sm text-gray-600 dark:text-gray-400"[39m
          [36m>[39m
            [0mManage your recurring transactions[0m
          [36m</span>[39m
        [36m</div>[39m
        [36m<button[39m
          [33mclass[39m=[32m"mb-4 px-4 py-2 bg-primary text-white rounded-lg hover:bg-secondary"[39m
        [36m>[39m
          [0mAdd Recurring Transaction[0m
        [36m</button>[39m
        [36m<div[39m
          [33mclass[39m=[32m"space-y-3"[39m
        [36m/>[39m
      [36m</div>[39m
    [36m</div>[39m
  [36m</div>[39m
[36m</body>[39m
   × RecurringTransactionModal > list view > handles delete button click 5ms
     → Unable to find an accessible element with the role "button" and name `/delete/i`

Here are the accessible roles:

  dialog:

  Name "Recurring Transactions":
  [36m<div[39m
    [33maria-label[39m=[32m"Recurring Transactions"[39m
    [33mdata-testid[39m=[32m"modal"[39m
    [33mrole[39m=[32m"dialog"[39m
  [36m/>[39m

  --------------------------------------------------
  button:

  Name "×":
  [36m<button[39m
    [33mdata-testid[39m=[32m"modal-close"[39m
  [36m/>[39m

  Name "Add Recurring Transaction":
  [36m<button[39m
    [33mclass[39m=[32m"mb-4 px-4 py-2 bg-primary text-white rounded-lg hover:bg-secondary"[39m
  [36m/>[39m

  --------------------------------------------------

Ignored nodes: comments, script, style
[36m<body>[39m
  [36m<div>[39m
    [36m<div[39m
      [33maria-label[39m=[32m"Recurring Transactions"[39m
      [33mdata-testid[39m=[32m"modal"[39m
      [33mrole[39m=[32m"dialog"[39m
    [36m>[39m
      [36m<div[39m
        [33mdata-testid[39m=[32m"modal-title"[39m
      [36m>[39m
        [0mRecurring Transactions[0m
      [36m</div>[39m
      [36m<button[39m
        [33mdata-testid[39m=[32m"modal-close"[39m
      [36m>[39m
        [0m×[0m
      [36m</button>[39m
      [36m<div[39m
        [33mdata-testid[39m=[32m"modal-body"[39m
      [36m>[39m
        [36m<div[39m
          [33mclass[39m=[32m"flex items-center gap-2 mb-4"[39m
        [36m>[39m
          [36m<span[39m
            [33mclass[39m=[32m"text-gray-600 dark:text-gray-400"[39m
            [33mdata-size[39m=[32m"20"[39m
            [33mdata-testid[39m=[32m"repeat-icon"[39m
          [36m>[39m
            [0m↻[0m
          [36m</span>[39m
          [36m<span[39m
            [33mclass[39m=[32m"text-sm text-gray-600 dark:text-gray-400"[39m
          [36m>[39m
            [0mManage your recurring transactions[0m
          [36m</span>[39m
        [36m</div>[39m
        [36m<button[39m
          [33mclass[39m=[32m"mb-4 px-4 py-2 bg-primary text-white rounded-lg hover:bg-secondary"[39m
        [36m>[39m
          [0mAdd Recurring Transaction[0m
        [36m</button>[39m
        [36m<div[39m
          [33mclass[39m=[32m"space-y-3"[39m
        [36m/>[39m
      [36m</div>[39m
    [36m</div>[39m
  [36m</div>[39m
[36m</body>[39m
   × RecurringTransactionModal > list view > formats income transactions with plus sign 1ms
     → Unable to find an element with the text: -£1200.00 · monthly. This could be because the text is broken up by multiple elements. In this case, you can provide a function for your text matcher to make your matcher more flexible.

Ignored nodes: comments, script, style
[36m<body>[39m
  [36m<div>[39m
    [36m<div[39m
      [33maria-label[39m=[32m"Recurring Transactions"[39m
      [33mdata-testid[39m=[32m"modal"[39m
      [33mrole[39m=[32m"dialog"[39m
    [36m>[39m
      [36m<div[39m
        [33mdata-testid[39m=[32m"modal-title"[39m
      [36m>[39m
        [0mRecurring Transactions[0m
      [36m</div>[39m
      [36m<button[39m
        [33mdata-testid[39m=[32m"modal-close"[39m
      [36m>[39m
        [0m×[0m
      [36m</button>[39m
      [36m<div[39m
        [33mdata-testid[39m=[32m"modal-body"[39m
      [36m>[39m
        [36m<div[39m
          [33mclass[39m=[32m"flex items-center gap-2 mb-4"[39m
        [36m>[39m
          [36m<span[39m
            [33mclass[39m=[32m"text-gray-600 dark:text-gray-400"[39m
            [33mdata-size[39m=[32m"20"[39m
            [33mdata-testid[39m=[32m"repeat-icon"[39m
          [36m>[39m
            [0m↻[0m
          [36m</span>[39m
          [36m<span[39m
            [33mclass[39m=[32m"text-sm text-gray-600 dark:text-gray-400"[39m
          [36m>[39m
            [0mManage your recurring transactions[0m
          [36m</span>[39m
        [36m</div>[39m
        [36m<button[39m
          [33mclass[39m=[32m"mb-4 px-4 py-2 bg-primary text-white rounded-lg hover:bg-secondary"[39m
        [36m>[39m
          [0mAdd Recurring Transaction[0m
        [36m</button>[39m
        [36m<div[39m
          [33mclass[39m=[32m"space-y-3"[39m
        [36m/>[39m
      [36m</div>[39m
    [36m</div>[39m
  [36m</div>[39m
[36m</body>[39m
   ✓ RecurringTransactionModal > form view > shows form when add button is clicked 22ms
   ✓ RecurringTransactionModal > form view > hides list when showing form 13ms
   ✓ RecurringTransactionModal > form view > displays all form fields 15ms
   ✓ RecurringTransactionModal > form view > has proper form structure 16ms
   ✓ RecurringTransactionModal > form view > displays type options 16ms
   ✓ RecurringTransactionModal > form view > displays frequency options 13ms
   × RecurringTransactionModal > form view > displays account options 13ms
     → Unable to find an element with the text: Checking Account. This could be because the text is broken up by multiple elements. In this case, you can provide a function for your text matcher to make your matcher more flexible.

Ignored nodes: comments, script, style
[36m<body>[39m
  [36m<div>[39m
    [36m<div[39m
      [33maria-label[39m=[32m"Recurring Transactions"[39m
      [33mdata-testid[39m=[32m"modal"[39m
      [33mrole[39m=[32m"dialog"[39m
    [36m>[39m
      [36m<div[39m
        [33mdata-testid[39m=[32m"modal-title"[39m
      [36m>[39m
        [0mRecurring Transactions[0m
      [36m</div>[39m
      [36m<button[39m
        [33mdata-testid[39m=[32m"modal-close"[39m
      [36m>[39m
        [0m×[0m
      [36m</button>[39m
      [36m<div[39m
        [33mdata-testid[39m=[32m"modal-body"[39m
      [36m>[39m
        [36m<div[39m
          [33mclass[39m=[32m"flex items-center gap-2 mb-4"[39m
        [36m>[39m
          [36m<span[39m
            [33mclass[39m=[32m"text-gray-600 dark:text-gray-400"[39m
            [33mdata-size[39m=[32m"20"[39m
            [33mdata-testid[39m=[32m"repeat-icon"[39m
          [36m>[39m
            [0m↻[0m
          [36m</span>[39m
          [36m<span[39m
            [33mclass[39m=[32m"text-sm text-gray-600 dark:text-gray-400"[39m
          [36m>[39m
            [0mManage your recurring transactions[0m
          [36m</span>[39m
        [36m</div>[39m
        [36m<form[39m
          [33mclass[39m=[32m"space-y-4"[39m
        [36m>[39m
          [36m<div>[39m
            [36m<label[39m
              [33mclass[39m=[32m"block text-sm font-medium text-gray-700 dark:text-gray-300 mb-1"[39m
            [36m>[39m
              [0mDescription[0m
            [36m</label>[39m
            [36m<input[39m
              [33mclass[39m=[32m"w-full px-3 py-2 bg-white/70 dark:bg-gray-800/70 backdrop-blur-sm border border-gray-300/50 dark:border-gray-600/50 rounded-xl focus:outline-none focus:ring-2 focus:ring-primary focus:border-transparent dark:text-white"[39m
              [33mrequired[39m=[32m""[39m
              [33mtype[39m=[32m"text"[39m
              [33mvalue[39m=[32m""[39m
            [36m/>[39m
          [36m</div>[39m
          [36m<div[39m
            [33mclass[39m=[32m"grid grid-cols-2 gap-4"[39m
          [36m>[39m
            [36m<div>[39m
              [36m<label[39m
                [33mclass[39m=[32m"block text-sm font-medium text-gray-700 dark:text-gray-300 mb-1"[39m
              [36m>[39m
                [0mType[0m
              [36m</label>[39m
              [36m<select[39m
                [33mclass[39m=[32m"w-full px-3 py-2 bg-white/70 dark:bg-gray-800/70 backdrop-blur-sm border border-gray-300/50 dark:border-gray-600/50 rounded-xl focus:outline-none focus:ring-2 focus:ring-primary focus:border-transparent dark:text-white"[39m
              [36m>[39m
                [36m<option[39m
                  [33mvalue[39m=[32m"expense"[39m
                [36m>[39m
                  [0mExpense[0m
                [36m</option>[39m
                [36m<option[39m
                  [33mvalue[39m=[32m"income"[39m
                [36m>[39m
                  [0mIncome[0m
                [36m</option>[39m
              [36m</select>[39m
            [36m</div>[39m
            [36m<div>[39m
              [36m<label[39m
                [33mclass[39m=[32m"block text-sm font-medium text-gray-700 dark:text-gray-300 mb-1"[39m
              [36m>[39m
                [0mAmount[0m
              [36m</label>[39m
              [36m<input[39m
                [33mclass[39m=[32m"w-full px-3 py-2 bg-white/70 dark:bg-gray-800/70 backdrop-blur-sm border border-gray-300/50 dark:border-gray-600/50 rounded-xl focus:outline-none focus:ring-2 focus:ring-primary focus:border-transparent dark:text-white"[39m
                [33mrequired[39m=[32m""[39m
                [33mstep[39m=[32m"0.01"[39m
                [33mtype[39m=[32m"number"[39m
                [33mvalue[39m=[32m"0"[39m
              [36m/>[39m
            [36m</div>[39m
          [36m</div>[39m
          [36m<div[39m
            [33mclass[39m=[32m"grid grid-cols-2 gap-4"[39m
          [36m>[39m
            [36m<div>[39m
              [36m<label[39m
                [33mclass[39m=[32m"block text-sm font-medium text-gray-700 dark:text-gray-300 mb-1"[39m
              [36m>[39m
                [0mCategory[0m
              [36m</label>[39m
              [36m<input[39m
                [33mclass[39m=[32m"w-full px-3 py-2 bg-white/70 dark:bg-gray-800/70 backdrop-blur-sm border border-gray-300/50 dark:border-gray-600/50 rounded-xl focus:outline-none focus:ring-2 focus:ring-primary focus:border-transparent dark:text-white"[39m
                [33mrequired[39m=[32m""[39m
                [33mtype[39m=[32m"text"[39m
                [33mvalue[39m=[32m""[39m
              [36m/>[39m
            [36m</div>[39m
            [36m<div>[39m
              [36m<label[39m
                [33mclass[39m=[32m"block text-sm font-medium text-gray-700 dark:text-gray-300 mb-1"[39m
              [36m>[39m
                [0mAccount[0m
              [36m</label>[39m
              [36m<select[39m
                [33mclass[39m=[32m"w-full px-3 py-2 bg-white/70 dark:bg-gray-800/70 backdrop-blur-sm border border-gray-300/50 dark:border-gray-600/50 rounded-xl focus:outline-none focus:ring-2 focus:ring-primary focus:border-transparent dark:text-white"[39m
              [36m>[39m
                [36m<option[39m
                  [33mvalue[39m=[32m"1"[39m
                [36m>[39m
                  [0mNatwest Current Account[0m
                [36m</option>[39m
                [36m<option[39m
                  [33mvalue[39m=[32m"2"[39m
                [36m>[39m
                  [0mMonzo Current Account[0m
                [36m</option>[39m
                [36m<option[39m
                  [33mvalue[39m=[32m"3"[39m
                [36m>[39m
                  [0mNatwest Savings Account[0m
                [36m</option>[39m
                [36m<option[39m
                  [33mvalue[39m=[32m"4"[39m
                [36m>[39m
                  [0mNS&I Premium Bonds[0m
                [36m</option>[39m
                [36m<option[39m
                  [33mvalue[39m=[32m"5"[39m
                [36m>[39m
                  [0mNatwest Credit Card[0m
                [36m</option>[39m
                [36m<option[39m
                  [33mvalue[39m=[32m"6"[39m
                [36m>[39m
                  [0mAmerican Express Gold[0m
                [36m</option>[39m
                [36m<option[39m
                  [33mvalue[39m=[32m"7"[39m
                [36m>[39m
                  [0mNatwest Personal Loan[0m
                [36m</option>[39m
                [36m<option[39m
                  [33mvalue[39m=[32m"8"[39m
                [36m>[39m
                  [0mNatwest Mortgage[0m
                [36m</option>[39m
                [36m<option[39m
                  [33mvalue[39m=[32m"9"[39m
                [36m>[39m
                  [0mHargreaves Lansdown SIPP[0m
                [36m</option>[39m
                [36m<option[39m
                  [33mvalue[39m=[32m"10"[39m
                [36m>[39m
                  [0mHargreaves Lansdown ISA[0m
                [36m</option>[39m
                [36m<option[39m
                  [33mvalue[39m=[32m"11"[39m
                [36m>[39m
                  [0mCity Trader Account[0m
                [36m</option>[39m
                [36m<option[39m
                  [33mvalue[39m=[32m"12"[39m
                [36m>[39m
                  [0mPrimary Residence[0m
                [36m</option>[39m
              [36m</select>[39m
            [36m</div>[39m
          [36m</div>[39m
          [36m<div>[39m
            [36m<label[39m
              [33mclass[39m=[32m"block text-sm font-medium text-gray-700 dark:text-gray-300 mb-1"[39m
            [36m>[39m
              [0mFrequency[0m
            [36m</label>[39m
            [36m<select[39m
              [33mclass[39m=[32m"w-full px-3 py-2 bg-white/70 dark:bg-gray-800/70 backdrop-blur-sm border border-gray-300/50 dark:border-gray-600/50 rounded-xl focus:outline-none focus:ring-2 focus:ring-primary focus:border-transparent dark:text-white"[39m
            [36m>[39m
              [36m<option[39m
                [33mvalue[39m=[32m"daily"[39m
              [36m>[39m
                [0mDaily[0m
              [36m</option>[39m
              [36m<option[39m
                [33mvalue[39m=[32m"weekly"[39m
              [36m>[39m
                [0mWeekly[0m
              [36m</option>[39m
              [36m<option[39m
                [33mvalue[39m=[32m"monthly"[39m
              [36m>[39m
                [0mMonthly[0m
              [36m</option>[39m
              [36m<option[39m
                [33mvalue[39m=[32m"yearly"[39m
              [36m>[39m
                [0mYearly[0m
              [36m</option>[39m
            [36m</select>[39m
          [36m</div>[39m
          [36m<div[39m
            [33mclass[39m=[32m"grid grid-cols-2 gap-4"[39m
          [36m>[39m
            [36m<div>[39m
              [36m<label[39m
                [33mclass[39m=[32m"block text-sm font-medium text-gray-700 dark:text-gray-300 mb-1"[39m
              [36m>[39m
                [0mStart Date[0m
              [36m</label>[39m
              [36m<input[39m
                [33mclass[39m=[32m"w-full px-3 py-2 bg-white/70 dark:bg-gray-800/70 backdrop-blur-sm border border-gray-300/50 dark:border-gray-600/50 rounded-xl focus:outline-none focus:ring-2 focus:ring-primary focus:border-transparent dark:text-white"[39m
                [33mrequired[39m=[32m""[39m
                [33mtype[39m=[32m"date"[39m
                [33mvalue[39m=[32m"2025-01-20"[39m
              [36m/>[39m
            [36m</div>[39m
            [36m<div>[39m
              [36m<label[39m
                [33mclass[39m=[32m"block text-sm font-medium text-gray-700 dark:text-gray-300 mb-1"[39m
              [36m>[39m
                [0mEnd Date (Optional)[0m
              [36m</label>[39m
              [36m<input[39m
                [33mclass[39m=[32m"w-full px-3 py-2 bg-white/70 dark:bg-gray-800/70 backdrop-blur-sm border border-gray-300/50 dark:border-gray-600/50 rounded-xl focus:outline-none focus:ring-2 focus:ring-primary focus:border-transparent dark:text-white"[39m
                [33mtype[39m=[32m"date"[39m
                [33mvalue[39m=[32m""[39m
              [36m/>[39m
            [36m</div>[39m
          [36m</div>[39m
          [36m<div[39m
            [33mclass[39m=[32m"flex gap-3 mt-6"[39m
          [36m>[39m
            [36m<button[39m
              [33mclass[39m=[32m"flex-1 px-4 py-2 border border-gray-300 dark:border-gray-600 text-gray-700 dark:text-gray-300 rounded-lg hover:bg-gray-50 dark:hover:bg-gray-700"[39m
              [33mtype[39m=[32m"button"[39m
            [36m>[39m
              [0mCancel[0m
            [36m</button>[39m
            [36m<button[39m
              [33mclass[39m=[32m"flex-1 px-4 py-2 bg-primary text-white rounded-lg hover:bg-secondary"[39m
              [33mtype[39m=[32m"submit"[39m
            [36m>[39m
              [0mAdd Recurring Transaction[0m
            [36m</button>[39m
          [36m</div>[39m
        [36m</form>[39m
      [36m</div>[39m
    [36m</div>[39m
  [36m</div>[39m
[36m</body>[39m
   ✓ RecurringTransactionModal > form view > marks required fields 16ms
   ✓ RecurringTransactionModal > form view > sets proper input types 12ms
   ✓ RecurringTransactionModal > form view > displays form action buttons 14ms
   × RecurringTransactionModal > form interactions > handles cancel button click 19ms
     → Unable to find an element with the text: Monthly Rent. This could be because the text is broken up by multiple elements. In this case, you can provide a function for your text matcher to make your matcher more flexible.

Ignored nodes: comments, script, style
[36m<body>[39m
  [36m<div>[39m
    [36m<div[39m
      [33maria-label[39m=[32m"Recurring Transactions"[39m
      [33mdata-testid[39m=[32m"modal"[39m
      [33mrole[39m=[32m"dialog"[39m
    [36m>[39m
      [36m<div[39m
        [33mdata-testid[39m=[32m"modal-title"[39m
      [36m>[39m
        [0mRecurring Transactions[0m
      [36m</div>[39m
      [36m<button[39m
        [33mdata-testid[39m=[32m"modal-close"[39m
      [36m>[39m
        [0m×[0m
      [36m</button>[39m
      [36m<div[39m
        [33mdata-testid[39m=[32m"modal-body"[39m
      [36m>[39m
        [36m<div[39m
          [33mclass[39m=[32m"flex items-center gap-2 mb-4"[39m
        [36m>[39m
          [36m<span[39m
            [33mclass[39m=[32m"text-gray-600 dark:text-gray-400"[39m
            [33mdata-size[39m=[32m"20"[39m
            [33mdata-testid[39m=[32m"repeat-icon"[39m
          [36m>[39m
            [0m↻[0m
          [36m</span>[39m
          [36m<span[39m
            [33mclass[39m=[32m"text-sm text-gray-600 dark:text-gray-400"[39m
          [36m>[39m
            [0mManage your recurring transactions[0m
          [36m</span>[39m
        [36m</div>[39m
        [36m<button[39m
          [33mclass[39m=[32m"mb-4 px-4 py-2 bg-primary text-white rounded-lg hover:bg-secondary"[39m
        [36m>[39m
          [0mAdd Recurring Transaction[0m
        [36m</button>[39m
        [36m<div[39m
          [33mclass[39m=[32m"space-y-3"[39m
        [36m/>[39m
      [36m</div>[39m
    [36m</div>[39m
  [36m</div>[39m
[36m</body>[39m
   × RecurringTransactionModal > form interactions > handles form submission 3105ms
     → expected "spy" to be called at least once

Ignored nodes: comments, script, style
[36m<html>[39m
  [36m<head />[39m
  [36m<body>[39m
    [36m<div>[39m
      [36m<div[39m
        [33maria-label[39m=[32m"Recurring Transactions"[39m
        [33mdata-testid[39m=[32m"modal"[39m
        [33mrole[39m=[32m"dialog"[39m
      [36m>[39m
        [36m<div[39m
          [33mdata-testid[39m=[32m"modal-title"[39m
        [36m>[39m
          [0mRecurring Transactions[0m
        [36m</div>[39m
        [36m<button[39m
          [33mdata-testid[39m=[32m"modal-close"[39m
        [36m>[39m
          [0m×[0m
        [36m</button>[39m
        [36m<div[39m
          [33mdata-testid[39m=[32m"modal-body"[39m
        [36m>[39m
          [36m<div[39m
            [33mclass[39m=[32m"flex items-center gap-2 mb-4"[39m
          [36m>[39m
            [36m<span[39m
              [33mclass[39m=[32m"text-gray-600 dark:text-gray-400"[39m
              [33mdata-size[39m=[32m"20"[39m
              [33mdata-testid[39m=[32m"repeat-icon"[39m
            [36m>[39m
              [0m↻[0m
            [36m</span>[39m
            [36m<span[39m
              [33mclass[39m=[32m"text-sm text-gray-600 dark:text-gray-400"[39m
            [36m>[39m
              [0mManage your recurring transactions[0m
            [36m</span>[39m
          [36m</div>[39m
          [36m<button[39m
            [33mclass[39m=[32m"mb-4 px-4 py-2 bg-primary text-white rounded-lg hover:bg-secondary"[39m
          [36m>[39m
            [0mAdd Recurring Transaction[0m
          [36m</button>[39m
          [36m<div[39m
            [33mclass[39m=[32m"space-y-3"[39m
          [36m/>[39m
        [36m</div>[39m
      [36m</div>[39m
    [36m</div>[39m
  [36m</body>[39m
[36m</html>[39m
   ✓ RecurringTransactionModal > form interactions > handles input changes 61ms
   ✓ RecurringTransactionModal > form interactions > handles amount input 44ms
   ✓ RecurringTransactionModal > form interactions > handles date input 45ms
   ✓ RecurringTransactionModal > form interactions > handles category input 53ms
   ✓ RecurringTransactionModal > form interactions > handles type selection 33ms
   ✓ RecurringTransactionModal > form interactions > handles frequency selection 29ms
   ✓ RecurringTransactionModal > user interactions > calls onClose when close button clicked 9ms
   ✓ RecurringTransactionModal > user interactions > supports keyboard navigation 3ms
   × RecurringTransactionModal > user interactions > handles multiple interactions 24ms
     → Unable to find an element with the text: Monthly Rent. This could be because the text is broken up by multiple elements. In this case, you can provide a function for your text matcher to make your matcher more flexible.

Ignored nodes: comments, script, style
[36m<body>[39m
  [36m<div>[39m
    [36m<div[39m
      [33maria-label[39m=[32m"Recurring Transactions"[39m
      [33mdata-testid[39m=[32m"modal"[39m
      [33mrole[39m=[32m"dialog"[39m
    [36m>[39m
      [36m<div[39m
        [33mdata-testid[39m=[32m"modal-title"[39m
      [36m>[39m
        [0mRecurring Transactions[0m
      [36m</div>[39m
      [36m<button[39m
        [33mdata-testid[39m=[32m"modal-close"[39m
      [36m>[39m
        [0m×[0m
      [36m</button>[39m
      [36m<div[39m
        [33mdata-testid[39m=[32m"modal-body"[39m
      [36m>[39m
        [36m<div[39m
          [33mclass[39m=[32m"flex items-center gap-2 mb-4"[39m
        [36m>[39m
          [36m<span[39m
            [33mclass[39m=[32m"text-gray-600 dark:text-gray-400"[39m
            [33mdata-size[39m=[32m"20"[39m
            [33mdata-testid[39m=[32m"repeat-icon"[39m
          [36m>[39m
            [0m↻[0m
          [36m</span>[39m
          [36m<span[39m
            [33mclass[39m=[32m"text-sm text-gray-600 dark:text-gray-400"[39m
          [36m>[39m
            [0mManage your recurring transactions[0m
          [36m</span>[39m
        [36m</div>[39m
        [36m<button[39m
          [33mclass[39m=[32m"mb-4 px-4 py-2 bg-primary text-white rounded-lg hover:bg-secondary"[39m
        [36m>[39m
          [0mAdd Recurring Transaction[0m
        [36m</button>[39m
        [36m<div[39m
          [33mclass[39m=[32m"space-y-3"[39m
        [36m/>[39m
      [36m</div>[39m
    [36m</div>[39m
  [36m</div>[39m
[36m</body>[39m
   ✓ RecurringTransactionModal > styling and layout > applies proper button styling 3ms
   × RecurringTransactionModal > styling and layout > applies proper transaction card styling 2ms
     → Unable to find an element with the text: Monthly Rent. This could be because the text is broken up by multiple elements. In this case, you can provide a function for your text matcher to make your matcher more flexible.

Ignored nodes: comments, script, style
[36m<body>[39m
  [36m<div>[39m
    [36m<div[39m
      [33maria-label[39m=[32m"Recurring Transactions"[39m
      [33mdata-testid[39m=[32m"modal"[39m
      [33mrole[39m=[32m"dialog"[39m
    [36m>[39m
      [36m<div[39m
        [33mdata-testid[39m=[32m"modal-title"[39m
      [36m>[39m
        [0mRecurring Transactions[0m
      [36m</div>[39m
      [36m<button[39m
        [33mdata-testid[39m=[32m"modal-close"[39m
      [36m>[39m
        [0m×[0m
      [36m</button>[39m
      [36m<div[39m
        [33mdata-testid[39m=[32m"modal-body"[39m
      [36m>[39m
        [36m<div[39m
          [33mclass[39m=[32m"flex items-center gap-2 mb-4"[39m
        [36m>[39m
          [36m<span[39m
            [33mclass[39m=[32m"text-gray-600 dark:text-gray-400"[39m
            [33mdata-size[39m=[32m"20"[39m
            [33mdata-testid[39m=[32m"repeat-icon"[39m
          [36m>[39m
            [0m↻[0m
          [36m</span>[39m
          [36m<span[39m
            [33mclass[39m=[32m"text-sm text-gray-600 dark:text-gray-400"[39m
          [36m>[39m
            [0mManage your recurring transactions[0m
          [36m</span>[39m
        [36m</div>[39m
        [36m<button[39m
          [33mclass[39m=[32m"mb-4 px-4 py-2 bg-primary text-white rounded-lg hover:bg-secondary"[39m
        [36m>[39m
          [0mAdd Recurring Transaction[0m
        [36m</button>[39m
        [36m<div[39m
          [33mclass[39m=[32m"space-y-3"[39m
        [36m/>[39m
      [36m</div>[39m
    [36m</div>[39m
  [36m</div>[39m
[36m</body>[39m
   × RecurringTransactionModal > styling and layout > applies proper action button styling 9ms
     → Unable to find an accessible element with the role "button" and name `/process now/i`

Here are the accessible roles:

  dialog:

  Name "Recurring Transactions":
  [36m<div[39m
    [33maria-label[39m=[32m"Recurring Transactions"[39m
    [33mdata-testid[39m=[32m"modal"[39m
    [33mrole[39m=[32m"dialog"[39m
  [36m/>[39m

  --------------------------------------------------
  button:

  Name "×":
  [36m<button[39m
    [33mdata-testid[39m=[32m"modal-close"[39m
  [36m/>[39m

  Name "Add Recurring Transaction":
  [36m<button[39m
    [33mclass[39m=[32m"mb-4 px-4 py-2 bg-primary text-white rounded-lg hover:bg-secondary"[39m
  [36m/>[39m

  --------------------------------------------------

Ignored nodes: comments, script, style
[36m<body>[39m
  [36m<div>[39m
    [36m<div[39m
      [33maria-label[39m=[32m"Recurring Transactions"[39m
      [33mdata-testid[39m=[32m"modal"[39m
      [33mrole[39m=[32m"dialog"[39m
    [36m>[39m
      [36m<div[39m
        [33mdata-testid[39m=[32m"modal-title"[39m
      [36m>[39m
        [0mRecurring Transactions[0m
      [36m</div>[39m
      [36m<button[39m
        [33mdata-testid[39m=[32m"modal-close"[39m
      [36m>[39m
        [0m×[0m
      [36m</button>[39m
      [36m<div[39m
        [33mdata-testid[39m=[32m"modal-body"[39m
      [36m>[39m
        [36m<div[39m
          [33mclass[39m=[32m"flex items-center gap-2 mb-4"[39m
        [36m>[39m
          [36m<span[39m
            [33mclass[39m=[32m"text-gray-600 dark:text-gray-400"[39m
            [33mdata-size[39m=[32m"20"[39m
            [33mdata-testid[39m=[32m"repeat-icon"[39m
          [36m>[39m
            [0m↻[0m
          [36m</span>[39m
          [36m<span[39m
            [33mclass[39m=[32m"text-sm text-gray-600 dark:text-gray-400"[39m
          [36m>[39m
            [0mManage your recurring transactions[0m
          [36m</span>[39m
        [36m</div>[39m
        [36m<button[39m
          [33mclass[39m=[32m"mb-4 px-4 py-2 bg-primary text-white rounded-lg hover:bg-secondary"[39m
        [36m>[39m
          [0mAdd Recurring Transaction[0m
        [36m</button>[39m
        [36m<div[39m
          [33mclass[39m=[32m"space-y-3"[39m
        [36m/>[39m
      [36m</div>[39m
    [36m</div>[39m
  [36m</div>[39m
[36m</body>[39m
   ✓ RecurringTransactionModal > styling and layout > has proper grid layout for form fields 15ms
   ✓ RecurringTransactionModal > styling and layout > applies consistent label styling 11ms
   ✓ RecurringTransactionModal > styling and layout > applies proper input styling 15ms
   ✓ RecurringTransactionModal > accessibility > has proper form control associations 20ms
   × RecurringTransactionModal > accessibility > has proper button roles 7ms
     → Unable to find an accessible element with the role "button" and name `/process now/i`

Here are the accessible roles:

  dialog:

  Name "Recurring Transactions":
  [36m<div[39m
    [33maria-label[39m=[32m"Recurring Transactions"[39m
    [33mdata-testid[39m=[32m"modal"[39m
    [33mrole[39m=[32m"dialog"[39m
  [36m/>[39m

  --------------------------------------------------
  button:

  Name "×":
  [36m<button[39m
    [33mdata-testid[39m=[32m"modal-close"[39m
  [36m/>[39m

  Name "Add Recurring Transaction":
  [36m<button[39m
    [33mclass[39m=[32m"mb-4 px-4 py-2 bg-primary text-white rounded-lg hover:bg-secondary"[39m
  [36m/>[39m

  --------------------------------------------------

Ignored nodes: comments, script, style
[36m<body>[39m
  [36m<div>[39m
    [36m<div[39m
      [33maria-label[39m=[32m"Recurring Transactions"[39m
      [33mdata-testid[39m=[32m"modal"[39m
      [33mrole[39m=[32m"dialog"[39m
    [36m>[39m
      [36m<div[39m
        [33mdata-testid[39m=[32m"modal-title"[39m
      [36m>[39m
        [0mRecurring Transactions[0m
      [36m</div>[39m
      [36m<button[39m
        [33mdata-testid[39m=[32m"modal-close"[39m
      [36m>[39m
        [0m×[0m
      [36m</button>[39m
      [36m<div[39m
        [33mdata-testid[39m=[32m"modal-body"[39m
      [36m>[39m
        [36m<div[39m
          [33mclass[39m=[32m"flex items-center gap-2 mb-4"[39m
        [36m>[39m
          [36m<span[39m
            [33mclass[39m=[32m"text-gray-600 dark:text-gray-400"[39m
            [33mdata-size[39m=[32m"20"[39m
            [33mdata-testid[39m=[32m"repeat-icon"[39m
          [36m>[39m
            [0m↻[0m
          [36m</span>[39m
          [36m<span[39m
            [33mclass[39m=[32m"text-sm text-gray-600 dark:text-gray-400"[39m
          [36m>[39m
            [0mManage your recurring transactions[0m
          [36m</span>[39m
        [36m</div>[39m
        [36m<button[39m
          [33mclass[39m=[32m"mb-4 px-4 py-2 bg-primary text-white rounded-lg hover:bg-secondary"[39m
        [36m>[39m
          [0mAdd Recurring Transaction[0m
        [36m</button>[39m
        [36m<div[39m
          [33mclass[39m=[32m"space-y-3"[39m
        [36m/>[39m
      [36m</div>[39m
    [36m</div>[39m
  [36m</div>[39m
[36m</body>[39m
   ✓ RecurringTransactionModal > accessibility > has proper modal dialog role 2ms
   ✓ RecurringTransactionModal > accessibility > supports form navigation 16ms
   ✓ RecurringTransactionModal > edge cases > handles modal state changes 2ms
   ✓ RecurringTransactionModal > edge cases > handles empty recurring transactions list 1ms
   × RecurringTransactionModal > edge cases > handles very long descriptions 1ms
     → Unable to find an element with the text: Monthly Rent. This could be because the text is broken up by multiple elements. In this case, you can provide a function for your text matcher to make your matcher more flexible.

Ignored nodes: comments, script, style
[36m<body>[39m
  [36m<div>[39m
    [36m<div[39m
      [33maria-label[39m=[32m"Recurring Transactions"[39m
      [33mdata-testid[39m=[32m"modal"[39m
      [33mrole[39m=[32m"dialog"[39m
    [36m>[39m
      [36m<div[39m
        [33mdata-testid[39m=[32m"modal-title"[39m
      [36m>[39m
        [0mRecurring Transactions[0m
      [36m</div>[39m
      [36m<button[39m
        [33mdata-testid[39m=[32m"modal-close"[39m
      [36m>[39m
        [0m×[0m
      [36m</button>[39m
      [36m<div[39m
        [33mdata-testid[39m=[32m"modal-body"[39m
      [36m>[39m
        [36m<div[39m
          [33mclass[39m=[32m"flex items-center gap-2 mb-4"[39m
        [36m>[39m
          [36m<span[39m
            [33mclass[39m=[32m"text-gray-600 dark:text-gray-400"[39m
            [33mdata-size[39m=[32m"20"[39m
            [33mdata-testid[39m=[32m"repeat-icon"[39m
          [36m>[39m
            [0m↻[0m
          [36m</span>[39m
          [36m<span[39m
            [33mclass[39m=[32m"text-sm text-gray-600 dark:text-gray-400"[39m
          [36m>[39m
            [0mManage your recurring transactions[0m
          [36m</span>[39m
        [36m</div>[39m
        [36m<button[39m
          [33mclass[39m=[32m"mb-4 px-4 py-2 bg-primary text-white rounded-lg hover:bg-secondary"[39m
        [36m>[39m
          [0mAdd Recurring Transaction[0m
        [36m</button>[39m
        [36m<div[39m
          [33mclass[39m=[32m"space-y-3"[39m
        [36m/>[39m
      [36m</div>[39m
    [36m</div>[39m
  [36m</div>[39m
[36m</body>[39m
   × RecurringTransactionModal > edge cases > handles large amounts 3ms
     → Unable to find an element with the text: -£1200.00 · monthly. This could be because the text is broken up by multiple elements. In this case, you can provide a function for your text matcher to make your matcher more flexible.

Ignored nodes: comments, script, style
[36m<body>[39m
  [36m<div>[39m
    [36m<div[39m
      [33maria-label[39m=[32m"Recurring Transactions"[39m
      [33mdata-testid[39m=[32m"modal"[39m
      [33mrole[39m=[32m"dialog"[39m
    [36m>[39m
      [36m<div[39m
        [33mdata-testid[39m=[32m"modal-title"[39m
      [36m>[39m
        [0mRecurring Transactions[0m
      [36m</div>[39m
      [36m<button[39m
        [33mdata-testid[39m=[32m"modal-close"[39m
      [36m>[39m
        [0m×[0m
      [36m</button>[39m
      [36m<div[39m
        [33mdata-testid[39m=[32m"modal-body"[39m
      [36m>[39m
        [36m<div[39m
          [33mclass[39m=[32m"flex items-center gap-2 mb-4"[39m
        [36m>[39m
          [36m<span[39m
            [33mclass[39m=[32m"text-gray-600 dark:text-gray-400"[39m
            [33mdata-size[39m=[32m"20"[39m
            [33mdata-testid[39m=[32m"repeat-icon"[39m
          [36m>[39m
            [0m↻[0m
          [36m</span>[39m
          [36m<span[39m
            [33mclass[39m=[32m"text-sm text-gray-600 dark:text-gray-400"[39m
          [36m>[39m
            [0mManage your recurring transactions[0m
          [36m</span>[39m
        [36m</div>[39m
        [36m<button[39m
          [33mclass[39m=[32m"mb-4 px-4 py-2 bg-primary text-white rounded-lg hover:bg-secondary"[39m
        [36m>[39m
          [0mAdd Recurring Transaction[0m
        [36m</button>[39m
        [36m<div[39m
          [33mclass[39m=[32m"space-y-3"[39m
        [36m/>[39m
      [36m</div>[39m
    [36m</div>[39m
  [36m</div>[39m
[36m</body>[39m
   × RecurringTransactionModal > edge cases > handles optional end date 2ms
     → Unable to find an element with the text: /Starts: 1\/1\/2024/. This could be because the text is broken up by multiple elements. In this case, you can provide a function for your text matcher to make your matcher more flexible.

Ignored nodes: comments, script, style
[36m<body>[39m
  [36m<div>[39m
    [36m<div[39m
      [33maria-label[39m=[32m"Recurring Transactions"[39m
      [33mdata-testid[39m=[32m"modal"[39m
      [33mrole[39m=[32m"dialog"[39m
    [36m>[39m
      [36m<div[39m
        [33mdata-testid[39m=[32m"modal-title"[39m
      [36m>[39m
        [0mRecurring Transactions[0m
      [36m</div>[39m
      [36m<button[39m
        [33mdata-testid[39m=[32m"modal-close"[39m
      [36m>[39m
        [0m×[0m
      [36m</button>[39m
      [36m<div[39m
        [33mdata-testid[39m=[32m"modal-body"[39m
      [36m>[39m
        [36m<div[39m
          [33mclass[39m=[32m"flex items-center gap-2 mb-4"[39m
        [36m>[39m
          [36m<span[39m
            [33mclass[39m=[32m"text-gray-600 dark:text-gray-400"[39m
            [33mdata-size[39m=[32m"20"[39m
            [33mdata-testid[39m=[32m"repeat-icon"[39m
          [36m>[39m
            [0m↻[0m
          [36m</span>[39m
          [36m<span[39m
            [33mclass[39m=[32m"text-sm text-gray-600 dark:text-gray-400"[39m
          [36m>[39m
            [0mManage your recurring transactions[0m
          [36m</span>[39m
        [36m</div>[39m
        [36m<button[39m
          [33mclass[39m=[32m"mb-4 px-4 py-2 bg-primary text-white rounded-lg hover:bg-secondary"[39m
        [36m>[39m
          [0mAdd Recurring Transaction[0m
        [36m</button>[39m
        [36m<div[39m
          [33mclass[39m=[32m"space-y-3"[39m
        [36m/>[39m
      [36m</div>[39m
    [36m</div>[39m
  [36m</div>[39m
[36m</body>[39m
   ✓ RecurringTransactionModal > edge cases > handles zero amounts 30ms
   × RecurringTransactionModal > processing logic > processes recurring transactions on demand 7ms
     → Unable to find an accessible element with the role "button" and name `/process now/i`

Here are the accessible roles:

  dialog:

  Name "Recurring Transactions":
  [36m<div[39m
    [33maria-label[39m=[32m"Recurring Transactions"[39m
    [33mdata-testid[39m=[32m"modal"[39m
    [33mrole[39m=[32m"dialog"[39m
  [36m/>[39m

  --------------------------------------------------
  button:

  Name "×":
  [36m<button[39m
    [33mdata-testid[39m=[32m"modal-close"[39m
  [36m/>[39m

  Name "Add Recurring Transaction":
  [36m<button[39m
    [33mclass[39m=[32m"mb-4 px-4 py-2 bg-primary text-white rounded-lg hover:bg-secondary"[39m
  [36m/>[39m

  --------------------------------------------------

Ignored nodes: comments, script, style
[36m<body>[39m
  [36m<div>[39m
    [36m<div[39m
      [33maria-label[39m=[32m"Recurring Transactions"[39m
      [33mdata-testid[39m=[32m"modal"[39m
      [33mrole[39m=[32m"dialog"[39m
    [36m>[39m
      [36m<div[39m
        [33mdata-testid[39m=[32m"modal-title"[39m
      [36m>[39m
        [0mRecurring Transactions[0m
      [36m</div>[39m
      [36m<button[39m
        [33mdata-testid[39m=[32m"modal-close"[39m
      [36m>[39m
        [0m×[0m
      [36m</button>[39m
      [36m<div[39m
        [33mdata-testid[39m=[32m"modal-body"[39m
      [36m>[39m
        [36m<div[39m
          [33mclass[39m=[32m"flex items-center gap-2 mb-4"[39m
        [36m>[39m
          [36m<span[39m
            [33mclass[39m=[32m"text-gray-600 dark:text-gray-400"[39m
            [33mdata-size[39m=[32m"20"[39m
            [33mdata-testid[39m=[32m"repeat-icon"[39m
          [36m>[39m
            [0m↻[0m
          [36m</span>[39m
          [36m<span[39m
            [33mclass[39m=[32m"text-sm text-gray-600 dark:text-gray-400"[39m
          [36m>[39m
            [0mManage your recurring transactions[0m
          [36m</span>[39m
        [36m</div>[39m
        [36m<button[39m
          [33mclass[39m=[32m"mb-4 px-4 py-2 bg-primary text-white rounded-lg hover:bg-secondary"[39m
        [36m>[39m
          [0mAdd Recurring Transaction[0m
        [36m</button>[39m
        [36m<div[39m
          [33mclass[39m=[32m"space-y-3"[39m
        [36m/>[39m
      [36m</div>[39m
    [36m</div>[39m
  [36m</div>[39m
[36m</body>[39m
   × RecurringTransactionModal > processing logic > deletes recurring transactions 6ms
     → Unable to find an accessible element with the role "button" and name `/delete/i`

Here are the accessible roles:

  dialog:

  Name "Recurring Transactions":
  [36m<div[39m
    [33maria-label[39m=[32m"Recurring Transactions"[39m
    [33mdata-testid[39m=[32m"modal"[39m
    [33mrole[39m=[32m"dialog"[39m
  [36m/>[39m

  --------------------------------------------------
  button:

  Name "×":
  [36m<button[39m
    [33mdata-testid[39m=[32m"modal-close"[39m
  [36m/>[39m

  Name "Add Recurring Transaction":
  [36m<button[39m
    [33mclass[39m=[32m"mb-4 px-4 py-2 bg-primary text-white rounded-lg hover:bg-secondary"[39m
  [36m/>[39m

  --------------------------------------------------

Ignored nodes: comments, script, style
[36m<body>[39m
  [36m<div>[39m
    [36m<div[39m
      [33maria-label[39m=[32m"Recurring Transactions"[39m
      [33mdata-testid[39m=[32m"modal"[39m
      [33mrole[39m=[32m"dialog"[39m
    [36m>[39m
      [36m<div[39m
        [33mdata-testid[39m=[32m"modal-title"[39m
      [36m>[39m
        [0mRecurring Transactions[0m
      [36m</div>[39m
      [36m<button[39m
        [33mdata-testid[39m=[32m"modal-close"[39m
      [36m>[39m
        [0m×[0m
      [36m</button>[39m
      [36m<div[39m
        [33mdata-testid[39m=[32m"modal-body"[39m
      [36m>[39m
        [36m<div[39m
          [33mclass[39m=[32m"flex items-center gap-2 mb-4"[39m
        [36m>[39m
          [36m<span[39m
            [33mclass[39m=[32m"text-gray-600 dark:text-gray-400"[39m
            [33mdata-size[39m=[32m"20"[39m
            [33mdata-testid[39m=[32m"repeat-icon"[39m
          [36m>[39m
            [0m↻[0m
          [36m</span>[39m
          [36m<span[39m
            [33mclass[39m=[32m"text-sm text-gray-600 dark:text-gray-400"[39m
          [36m>[39m
            [0mManage your recurring transactions[0m
          [36m</span>[39m
        [36m</div>[39m
        [36m<button[39m
          [33mclass[39m=[32m"mb-4 px-4 py-2 bg-primary text-white rounded-lg hover:bg-secondary"[39m
        [36m>[39m
          [0mAdd Recurring Transaction[0m
        [36m</button>[39m
        [36m<div[39m
          [33mclass[39m=[32m"space-y-3"[39m
        [36m/>[39m
      [36m</div>[39m
    [36m</div>[39m
  [36m</div>[39m
[36m</body>[39m
   × RecurringTransactionModal > real-world scenarios > handles creating a monthly bill 3103ms
     → expected "spy" to be called at least once

Ignored nodes: comments, script, style
[36m<html>[39m
  [36m<head />[39m
  [36m<body>[39m
    [36m<div>[39m
      [36m<div[39m
        [33maria-label[39m=[32m"Recurring Transactions"[39m
        [33mdata-testid[39m=[32m"modal"[39m
        [33mrole[39m=[32m"dialog"[39m
      [36m>[39m
        [36m<div[39m
          [33mdata-testid[39m=[32m"modal-title"[39m
        [36m>[39m
          [0mRecurring Transactions[0m
        [36m</div>[39m
        [36m<button[39m
          [33mdata-testid[39m=[32m"modal-close"[39m
        [36m>[39m
          [0m×[0m
        [36m</button>[39m
        [36m<div[39m
          [33mdata-testid[39m=[32m"modal-body"[39m
        [36m>[39m
          [36m<div[39m
            [33mclass[39m=[32m"flex items-center gap-2 mb-4"[39m
          [36m>[39m
            [36m<span[39m
              [33mclass[39m=[32m"text-gray-600 dark:text-gray-400"[39m
              [33mdata-size[39m=[32m"20"[39m
              [33mdata-testid[39m=[32m"repeat-icon"[39m
            [36m>[39m
              [0m↻[0m
            [36m</span>[39m
            [36m<span[39m
              [33mclass[39m=[32m"text-sm text-gray-600 dark:text-gray-400"[39m
            [36m>[39m
              [0mManage your recurring transactions[0m
            [36m</span>[39m
          [36m</div>[39m
          [36m<button[39m
            [33mclass[39m=[32m"mb-4 px-4 py-2 bg-primary text-white rounded-lg hover:bg-secondary"[39m
          [36m>[39m
            [0mAdd Recurring Transaction[0m
          [36m</button>[39m
          [36m<div[39m
            [33mclass[39m=[32m"space-y-3"[39m
          [36m/>[39m
        [36m</div>[39m
      [36m</div>[39m
    [36m</div>[39m
  [36m</body>[39m
[36m</html>[39m
   × RecurringTransactionModal > real-world scenarios > handles viewing and managing existing transactions 2ms
     → Unable to find an element with the text: Monthly Rent. This could be because the text is broken up by multiple elements. In this case, you can provide a function for your text matcher to make your matcher more flexible.

Ignored nodes: comments, script, style
[36m<body>[39m
  [36m<div>[39m
    [36m<div[39m
      [33maria-label[39m=[32m"Recurring Transactions"[39m
      [33mdata-testid[39m=[32m"modal"[39m
      [33mrole[39m=[32m"dialog"[39m
    [36m>[39m
      [36m<div[39m
        [33mdata-testid[39m=[32m"modal-title"[39m
      [36m>[39m
        [0mRecurring Transactions[0m
      [36m</div>[39m
      [36m<button[39m
        [33mdata-testid[39m=[32m"modal-close"[39m
      [36m>[39m
        [0m×[0m
      [36m</button>[39m
      [36m<div[39m
        [33mdata-testid[39m=[32m"modal-body"[39m
      [36m>[39m
        [36m<div[39m
          [33mclass[39m=[32m"flex items-center gap-2 mb-4"[39m
        [36m>[39m
          [36m<span[39m
            [33mclass[39m=[32m"text-gray-600 dark:text-gray-400"[39m
            [33mdata-size[39m=[32m"20"[39m
            [33mdata-testid[39m=[32m"repeat-icon"[39m
          [36m>[39m
            [0m↻[0m
          [36m</span>[39m
          [36m<span[39m
            [33mclass[39m=[32m"text-sm text-gray-600 dark:text-gray-400"[39m
          [36m>[39m
            [0mManage your recurring transactions[0m
          [36m</span>[39m
        [36m</div>[39m
        [36m<button[39m
          [33mclass[39m=[32m"mb-4 px-4 py-2 bg-primary text-white rounded-lg hover:bg-secondary"[39m
        [36m>[39m
          [0mAdd Recurring Transaction[0m
        [36m</button>[39m
        [36m<div[39m
          [33mclass[39m=[32m"space-y-3"[39m
        [36m/>[39m
      [36m</div>[39m
    [36m</div>[39m
  [36m</div>[39m
[36m</body>[39m
   × RecurringTransactionModal > real-world scenarios > handles canceling form entry 40ms
     → Unable to find an element with the text: Monthly Rent. This could be because the text is broken up by multiple elements. In this case, you can provide a function for your text matcher to make your matcher more flexible.

Ignored nodes: comments, script, style
[36m<body>[39m
  [36m<div>[39m
    [36m<div[39m
      [33maria-label[39m=[32m"Recurring Transactions"[39m
      [33mdata-testid[39m=[32m"modal"[39m
      [33mrole[39m=[32m"dialog"[39m
    [36m>[39m
      [36m<div[39m
        [33mdata-testid[39m=[32m"modal-title"[39m
      [36m>[39m
        [0mRecurring Transactions[0m
      [36m</div>[39m
      [36m<button[39m
        [33mdata-testid[39m=[32m"modal-close"[39m
      [36m>[39m
        [0m×[0m
      [36m</button>[39m
      [36m<div[39m
        [33mdata-testid[39m=[32m"modal-body"[39m
      [36m>[39m
        [36m<div[39m
          [33mclass[39m=[32m"flex items-center gap-2 mb-4"[39m
        [36m>[39m
          [36m<span[39m
            [33mclass[39m=[32m"text-gray-600 dark:text-gray-400"[39m
            [33mdata-size[39m=[32m"20"[39m
            [33mdata-testid[39m=[32m"repeat-icon"[39m
          [36m>[39m
            [0m↻[0m
          [36m</span>[39m
          [36m<span[39m
            [33mclass[39m=[32m"text-sm text-gray-600 dark:text-gray-400"[39m
          [36m>[39m
            [0mManage your recurring transactions[0m
          [36m</span>[39m
        [36m</div>[39m
        [36m<button[39m
          [33mclass[39m=[32m"mb-4 px-4 py-2 bg-primary text-white rounded-lg hover:bg-secondary"[39m
        [36m>[39m
          [0mAdd Recurring Transaction[0m
        [36m</button>[39m
        [36m<div[39m
          [33mclass[39m=[32m"space-y-3"[39m
        [36m/>[39m
      [36m</div>[39m
    [36m</div>[39m
  [36m</div>[39m
[36m</body>[39m
   ✓ RecurringTransactionModal > real-world scenarios > handles closing modal 9ms
 ❯ src/components/NotificationBell.test.tsx (30 tests | 1 failed) 149ms
   ✓ NotificationBell > Basic Rendering > renders bell icon button 19ms
   ✓ NotificationBell > Basic Rendering > shows unread count badge when there are unread notifications 5ms
   ✓ NotificationBell > Basic Rendering > shows 9+ when unread count exceeds 9 3ms
   ✓ NotificationBell > Basic Rendering > does not show badge when no unread notifications 2ms
   ✓ NotificationBell > Dropdown Behavior > toggles dropdown when bell is clicked 11ms
   ✓ NotificationBell > Dropdown Behavior > closes dropdown when clicking outside 10ms
   ✓ NotificationBell > Dropdown Behavior > shows notification list when open 5ms
   ✓ NotificationBell > Empty State > shows empty state when no notifications 2ms
   ✓ NotificationBell > Notification Display > shows correct icon for each notification type 4ms
   ✓ NotificationBell > Notification Display > highlights unread notifications 4ms
   × NotificationBell > Notification Display > shows message preview for long messages 13ms
     → Unable to find an element with the text: e system. This could be because the text is broken up by multiple elements. In this case, you can provide a function for your text matcher to make your matcher more flexible.

Ignored nodes: comments, script, style
[36m<body>[39m
  [36m<div>[39m
    [36m<div[39m
      [33mclass[39m=[32m"relative"[39m
    [36m>[39m
      [36m<button[39m
        [33maria-label[39m=[32m"Notifications, 2 unread"[39m
        [33mclass[39m=[32m"relative min-w-[44px] min-h-[44px] p-2 text-gray-600 dark:text-gray-400 hover:text-gray-900 dark:hover:text-white transition-colors rounded-lg"[39m
      [36m>[39m
        [36m<span[39m
          [33mdata-testid[39m=[32m"bell-icon"[39m
          [33mstyle[39m=[32m"font-size: 20px;"[39m
        [36m>[39m
          [0m🔔[0m
        [36m</span>[39m
        [36m<span[39m
          [33mclass[39m=[32m"absolute -top-0.5 -right-0.5 h-5 w-5 bg-red-500 text-white text-xs rounded-full flex items-center justify-center"[39m
        [36m>[39m
          [0m2[0m
        [36m</span>[39m
      [36m</button>[39m
      [36m<div[39m
        [33mclass[39m=[32m"absolute right-0 mt-2 w-80 bg-white dark:bg-gray-800 rounded-2xl shadow-lg border border-gray-200 dark:border-gray-700 max-h-[32rem] flex flex-col"[39m
      [36m>[39m
        [36m<div[39m
          [33mclass[39m=[32m"p-4 border-b border-gray-200 dark:border-gray-700"[39m
        [36m>[39m
          [36m<div[39m
            [33mclass[39m=[32m"flex items-center justify-between"[39m
          [36m>[39m
            [36m<h3[39m
              [33mclass[39m=[32m"font-semibold text-gray-900 dark:text-white"[39m
            [36m>[39m
              [0mNotifications[0m
            [36m</h3>[39m
            [36m<div[39m
              [33mclass[39m=[32m"flex items-center gap-2"[39m
            [36m>[39m
              [36m<button[39m
                [33mclass[39m=[32m"text-xs text-blue-600 hover:text-blue-700 font-medium"[39m
                [33mtitle[39m=[32m"Open notification center"[39m
              [36m>[39m
                [36m<span[39m
                  [33mdata-testid[39m=[32m"settings-icon"[39m
                  [33mstyle[39m=[32m"font-size: 14px;"[39m
                [36m>[39m
                  [0m⚙️[0m
                [36m</span>[39m
              [36m</button>[39m
              [36m<button[39m
                [33mclass[39m=[32m"text-xs text-primary hover:underline"[39m
              [36m>[39m
                [0mMark all read[0m
              [36m</button>[39m
              [36m<button[39m
                [33mclass[39m=[32m"text-xs text-gray-500 hover:text-gray-700 dark:text-gray-400 dark:hover:text-gray-200"[39m
              [36m>[39m
                [0mClear all[0m
              [36m</button>[39m
            [36m</div>[39m
          [36m</div>[39m
        [36m</div>[39m
        [36m<div[39m
          [33mclass[39m=[32m"flex-1 overflow-y-auto"[39m
        [36m>[39m
          [36m<div[39m
            [33mclass[39m=[32m"divide-y divide-gray-200 dark:divide-gray-700"[39m
          [36m>[39m
            [36m<div[39m
              [33mclass[39m=[32m"p-4 hover:bg-gray-50 dark:hover:bg-gray-700/50 transition-colors bg-blue-50/50 dark:bg-blue-900/20"[39m
            [36m>[39m
              [36m<div[39m
                [33mclass[39m=[32m"flex items-start gap-3"[39m
              [36m>[39m
                [36m<div[39m
                  [33mclass[39m=[32m"mt-0.5"[39m
                [36m>[39m
                  [36m<span[39m
                    [33mclass[39m=[32m"text-green-600"[39m
                    [33mdata-testid[39m=[32m"check-circle-icon"[39m
                    [33mstyle[39m=[32m"font-size: 16px;"[39m
                  [36m>[39m
                    [0m✅[0m
                  [36m</span>[39m
                [36m</div>[39m
                [36m<div[39m
                  [33mclass[39m=[32m"flex-1 min-w-0"[39m
                [36m>[39m
                  [36m<div[39m
                    [33mclass[39m=[32m"flex items-start justify-between gap-2"[39m
                  [36m>[39m
                    [36m<div[39m
                      [33mclass[39m=[32m"flex-1"[39m
                    [36m>[39m
                      [36m<p[39m
                        [33mclass[39m=[32m"font-medium text-sm text-gray-900 dark:text-white"[39m
                      [36m>[39m
                        [0mTransaction added[0m
                      [36m</p>[39m
                      [36m<p[39m
                        [33mclass[39m=[32m"text-xs text-gray-600 dark:text-gray-400 mt-1"[39m
                      [36m>[39m
                        [0mYour transaction has been successfully added to the system[0m
                      [36m</p>[39m
                      [36m<p[39m
                        [33mclass[39m=[32m"text-xs text-gray-500 dark:text-gray-500 mt-1"[39m
                      [36m>[39m
                        [0m1m ago[0m
                      [36m</p>[39m
                    [36m</div>[39m
                    [36m<button[39m
                      [33mclass[39m=[32m"text-gray-400 hover:text-gray-600 dark:hover:text-gray-300"[39m
                    [36m>[39m
                      [36m<span[39m
                        [33mdata-testid[39m=[32m"x-icon"[39m
                        [33mstyle[39m=[32m"font-size: 14px;"[39m
                      [36m>[39m
                        [0m✕[0m
                      [36m</span>[39m
                    [36m</button>[39m
                  [36m</div>[39m
                [36m</div>[39m
              [36m</div>[39m
              [36m<button[39m
                [33mclass[39m=[32m"text-xs text-gray-500 hover:text-gray-700 dark:text-gray-400 dark:hover:text-gray-200 mt-2 ml-7"[39m
              [36m>[39m
                [0mMark as read[0m
              [36m</button>[39m
            [36m</div>[39m
            [36m<div[39m
              [33mclass[39m=[32m"p-4 hover:bg-gray-50 dark:hover:bg-gray-700/50 transition-colors "[39m
            [36m>[39m
              [36m<div[39m
                [33mclass[39m=[32m"flex items-start gap-3"[39m
              [36m>[39m
                [36m<div[39m
                  [33mclass[39m=[32m"mt-0.5"[39m
                [36m>[39m
                  [36m<span[39m
                    [33mclass[39m=[32m"text-yellow-600"[39m
                    [33mdata-testid[39m=[32m"alert-circle-icon"[39m
                    [33mstyle[39m=[32m"font-size: 16px;"[39m
                  [36m>[39m
                    [0m⚠️[0m
                  [36m</span>[39m
                [36m</div>[39m
                [36m<div[39m
                  [33mclass[39m=[32m"flex-1 min-w-0"[39m
                [36m>[39m
                  [36m<div[39m
                    [33mclass[39m=[32m"flex items-start justify-between gap-2"[39m
                  [36m>[39m
                    [36m<div[39m
                      [33mclass[39m=[32m"flex-1"[39m
                    [36m>[39m
                      [36m<p[39m
                        [33mclass[39m=[32m"font-medium text-sm text-gray-900 dark:text-white"[39m
                      [36m>[39m
                        [0mBudget limit reached[0m
                      [36m</p>[39m
                      [36m<p[39m
                        [33mclass[39m=[32m"text-xs text-gray-600 dark:text-gray-400 mt-1"[39m
                      [36m>[39m
                        [0mYou've reached 90% of your monthly budget[0m
                      [36m</p>[39m
                      [36m<p[39m
                        [33mclass[39m=[32m"text-xs text-gray-500 dark:text-gray-500 mt-1"[39m
                      [36m>[39m
                        [0m1h ago[0m
                      [36m</p>[39m
                    [36m</div>[39m
                    [36m<button[39m
                      [33mclass[39m=[32m"text-gray-400 hover:text-gray-600 dark:hover:text-gray-300"[39m
                    [36m>[39m
                      [36m<span[39m
                        [33mdata-testid[39m=[32m"x-icon"[39m
                        [33mstyle[39m=[32m"font-size: 14px;"[39m
                      [36m>[39m
                        [0m✕[0m
                      [36m</span>[39m
                    [36m</button>[39m
                  [36m</div>[39m
                  [36m<button[39m
                    [33mclass[39m=[32m"text-xs text-primary hover:underline mt-2"[39m
                  [36m>[39m
                    [0mView Budget[0m
                  [36m</button>[39m
                [36m</div>[39m
              [36m</div>[39m
            [36m</div>[39m
            [36m<div[39m
              [33mclass[39m=[32m"p-4 hover:bg-gray-50 dark:hover:bg-gray-700/50 transition-colors bg-blue-50/50 dark:bg-blue-900/20"[39m
            [36m>[39m
              [36m<div[39m
                [33mclass[39m=[32m"flex items-start gap-3"[39m
              [36m>[39m
                [36m<div[39m
                  [33mclass[39m=[32m"mt-0.5"[39m
                [36m>[39m
                  [36m<span[39m
                    [33mclass[39m=[32m"text-red-600"[39m
                    [33mdata-testid[39m=[32m"x-circle-icon"[39m
                    [33mstyle[39m=[32m"font-size: 16px;"[39m
                  [36m>[39m
                    [0m❌[0m
                  [36m</span>[39m
                [36m</div>[39m
                [36m<div[39m
                  [33mclass[39m=[32m"flex-1 min-w-0"[39m
                [36m>[39m
                  [36m<div[39m
                    [33mclass[39m=[32m"flex items-start justify-between gap-2"[39m
                  [36m>[39m
                    [36m<div[39m
                      [33mclass[39m=[32m"flex-1"[39m
                    [36m>[39m
                      [36m<p[39m
                        [33mclass[39m=[32m"font-medium text-sm text-gray-900 dark:text-white"[39m
                      [36m>[39m
                        [0mSync failed[0m
                      [36m</p>[39m
                      [36m<p[39m
                        [33mclass[39m=[32m"text-xs text-gray-600 dark:text-gray-400 mt-1"[39m
                      [36m>[39m
                        [0mUnable to sync your data[0m
                      [36m</p>[39m
                      [36m<p[39m
                        [33mclass[39m=[32m"text-xs text-gray-500 dark:text-gray-500 mt-1"[39m
                      [36m>[39m
                        [0m1d ago[0m
                      [36m</p>[39m
                    [36m</div>[39m
                    [36m<button[39m
                      [33mclass[39m=[32m"text-gray-400 hover:text-gray-600 dark:hover:text-gray-300"[39m
                    [36m>[39m
                      [36m<span[39m
                        [33mdata-testid[39m=[32m"x-icon"[39m
                        [33mstyle[39m=[32m"font-size: 14px;"[39m
                      [36m>[39m
                        [0m✕[0m
                      [36m</span>[39m
                    [36m</button>[39m
                  [36m</div>[39m
                [36m</div>[39m
              [36m</div>[39m
              [36m<button[39m
                [33mclass[39m=[32m"text-xs text-gray-500 hover:text-gray-700 dark:text-gray-400 dark:hover:text-gray-200 mt-2 ml-7"[39m
              [36m>[39m
                [0mMark as read[0m
              [36m</button>[39m
            [36m</div>[39m
          [36m</div>[39m
        [36m</div>[39m
      [36m</div>[39m
    [36m</div>[39m
  [36m</div>[39m
[36m</body>[39m
   ✓ NotificationBell > Notification Display > shows action button when notification has action 5ms
   ✓ NotificationBell > Notification Display > shows mark as read button for unread notifications 7ms
   ✓ NotificationBell > Time Formatting > shows "Just now" for very recent notifications 3ms
   ✓ NotificationBell > Time Formatting > shows minutes for notifications less than an hour old 4ms
   ✓ NotificationBell > Time Formatting > shows hours for notifications less than a day old 6ms
   ✓ NotificationBell > Time Formatting > shows days for notifications less than a week old 3ms
   ✓ NotificationBell > Actions > calls markAsRead when clicking mark as read button 4ms
   ✓ NotificationBell > Actions > calls markAllAsRead when clicking mark all read 4ms
   ✓ NotificationBell > Actions > calls clearAll when clicking clear all 4ms
   ✓ NotificationBell > Actions > calls removeNotification when clicking remove button 4ms
   ✓ NotificationBell > Actions > executes action and closes dropdown when action button clicked 4ms
   ✓ NotificationBell > Actions > opens notification center when settings clicked 3ms
   ✓ NotificationBell > Header Actions > shows mark all read only when there are unread notifications 6ms
   ✓ NotificationBell > Header Actions > hides mark all read when no unread notifications 3ms
   ✓ NotificationBell > Header Actions > shows clear all when there are notifications 3ms
   ✓ NotificationBell > Header Actions > hides action buttons when no notifications 2ms
   ✓ NotificationBell > Styling > applies correct badge styling 1ms
   ✓ NotificationBell > Styling > applies correct dropdown styling 3ms
   ✓ NotificationBell > Styling > applies hover states to notifications 3ms
 ❯ src/components/AddTransactionModal.test.tsx (29 tests | 28 failed | 1 skipped) 74ms
   × AddTransactionModal > rendering > renders when open 21ms
     → useToast must be used within a ToastProvider
   × AddTransactionModal > rendering > does not render when closed 3ms
     → useToast must be used within a ToastProvider
   × AddTransactionModal > rendering > renders all form fields 2ms
     → useToast must be used within a ToastProvider
   × AddTransactionModal > rendering > renders account options 2ms
     → useToast must be used within a ToastProvider
   × AddTransactionModal > transaction type selection > defaults to expense type 3ms
     → useToast must be used within a ToastProvider
   × AddTransactionModal > transaction type selection > changes transaction type when clicked 2ms
     → useToast must be used within a ToastProvider
   × AddTransactionModal > transaction type selection > updates categories when type changes 1ms
     → useToast must be used within a ToastProvider
   × AddTransactionModal > form validation > shows required field indicators 1ms
     → useToast must be used within a ToastProvider
   × AddTransactionModal > form validation > validates amount format 2ms
     → useToast must be used within a ToastProvider
   × AddTransactionModal > form validation > limits description length 1ms
     → useToast must be used within a ToastProvider
   × AddTransactionModal > category selection > shows sub-categories based on transaction type 1ms
     → useToast must be used within a ToastProvider
   × AddTransactionModal > category selection > shows detail categories when sub-category selected 1ms
     → useToast must be used within a ToastProvider
   × AddTransactionModal > category selection > opens category creation modal 3ms
     → useToast must be used within a ToastProvider
   × AddTransactionModal > category selection > handles category creation 2ms
     → useToast must be used within a ToastProvider
   × AddTransactionModal > form submission > submits form with valid data 2ms
     → useToast must be used within a ToastProvider
   × AddTransactionModal > form submission > calls onClose after successful submission 2ms
     → useToast must be used within a ToastProvider
   ↓ AddTransactionModal > form submission > handles validation errors
   × AddTransactionModal > form submission > handles submission errors 3ms
     → useToast must be used within a ToastProvider
   × AddTransactionModal > modal interaction > closes modal when cancel clicked 1ms
     → useToast must be used within a ToastProvider
   × AddTransactionModal > modal interaction > shows currency symbol for selected account 1ms
     → useToast must be used within a ToastProvider
   × AddTransactionModal > accessibility > has proper ARIA labels 1ms
     → useToast must be used within a ToastProvider
   × AddTransactionModal > accessibility > has proper button states 1ms
     → useToast must be used within a ToastProvider
   × AddTransactionModal > date handling > defaults to current date 1ms
     → useToast must be used within a ToastProvider
   × AddTransactionModal > date handling > allows date selection 1ms
     → useToast must be used within a ToastProvider
   × AddTransactionModal > notes functionality > renders notes editor 1ms
     → useToast must be used within a ToastProvider
   × AddTransactionModal > notes functionality > limits notes length 1ms
     → useToast must be used within a ToastProvider
   × AddTransactionModal > notes functionality > shows character counter near limit 6ms
     → useToast must be used within a ToastProvider
   × AddTransactionModal > responsive behavior > has proper responsive classes on inputs 3ms
     → useToast must be used within a ToastProvider
   × AddTransactionModal > responsive behavior > has responsive button layout 2ms
     → useToast must be used within a ToastProvider
 ❯ src/utils/__tests__/financialCalculations.test.ts (32 tests | 1 failed) 66ms
   ✓ Financial Calculations > Income and Expense Calculations > calculates total income correctly 2ms
   ✓ Financial Calculations > Income and Expense Calculations > calculates total expenses correctly 1ms
   ✓ Financial Calculations > Income and Expense Calculations > handles empty transaction list 0ms
   ✓ Financial Calculations > Income and Expense Calculations > filters by date range 0ms
   ✓ Financial Calculations > Income and Expense Calculations > handles decimal precision correctly 0ms
   ✓ Financial Calculations > Net Worth Calculations > calculates net worth correctly 0ms
   ✓ Financial Calculations > Net Worth Calculations > handles negative net worth 0ms
   ✓ Financial Calculations > Net Worth Calculations > excludes inactive accounts if specified 0ms
   ✓ Financial Calculations > Category Analysis > calculates spending by category 0ms
   ✓ Financial Calculations > Category Analysis > gets top spending categories 1ms
   ✓ Financial Calculations > Category Analysis > limits number of top categories returned 0ms
   ✓ Financial Calculations > Category Analysis > handles case with no expenses 0ms
   ✓ Financial Calculations > Time-Based Analysis > gets recent transactions 0ms
   ✓ Financial Calculations > Time-Based Analysis > calculates monthly trends 0ms
   ✓ Financial Calculations > Budget Analysis > calculates budget progress 0ms
   ✓ Financial Calculations > Budget Analysis > identifies over-budget scenarios 0ms
   × Financial Calculations > Budget Analysis > calculates average spending rate 6ms
     → expected +0 to be 32.5 // Object.is equality
   ✓ Financial Calculations > Goal Tracking > calculates goal progress 0ms
   ✓ Financial Calculations > Goal Tracking > identifies completed goals 0ms
   ✓ Financial Calculations > Goal Tracking > calculates time-based goal projections 0ms
   ✓ Financial Calculations > Cash Flow Analysis > calculates monthly cash flow 0ms
   ✓ Financial Calculations > Cash Flow Analysis > handles negative cash flow 0ms
   ✓ Financial Calculations > Growth and Trend Analysis > calculates growth rate between periods 0ms
   ✓ Financial Calculations > Growth and Trend Analysis > handles negative growth 0ms
   ✓ Financial Calculations > Growth and Trend Analysis > handles zero previous period 0ms
   ✓ Financial Calculations > Financial Ratios > calculates debt-to-income ratio 0ms
   ✓ Financial Calculations > Financial Ratios > calculates emergency fund coverage 0ms
   ✓ Financial Calculations > Financial Ratios > identifies inadequate emergency fund 0ms
   ✓ Financial Calculations > Performance and Edge Cases > handles large datasets efficiently 49ms
   ✓ Financial Calculations > Performance and Edge Cases > handles missing or undefined values gracefully 1ms
   ✓ Financial Calculations > Performance and Edge Cases > maintains precision with decimal calculations 0ms
   ✓ Financial Calculations > Performance and Edge Cases > handles extreme values 0ms
 ❯ src/components/AccountBalancesChart.test.tsx (17 tests | 17 failed) 10ms
   × AccountBalancesChart > renders the chart with correct title 5ms
     → mockUseApp.mockReturnValue is not a function
   × AccountBalancesChart > renders all chart components 1ms
     → mockUseApp.mockReturnValue is not a function
   × AccountBalancesChart > configures chart components correctly for horizontal layout 0ms
     → mockUseApp.mockReturnValue is not a function
   × AccountBalancesChart > processes account data correctly 0ms
     → mockUseApp.mockReturnValue is not a function
   × AccountBalancesChart > handles empty accounts array 0ms
     → mockUseApp.mockReturnValue is not a function
   × AccountBalancesChart > handles accounts with zero balances 0ms
     → mockUseApp.mockReturnValue is not a function
   × AccountBalancesChart > handles negative balances correctly 0ms
     → mockUseApp.mockReturnValue is not a function
   × AccountBalancesChart > handles accounts with very large balances 0ms
     → mockUseApp.mockReturnValue is not a function
   × AccountBalancesChart > memoizes data calculation correctly 0ms
     → mockUseApp.mockReturnValue is not a function
   × AccountBalancesChart > updates when accounts change 0ms
     → mockUseApp.mockReturnValue is not a function
   × AccountBalancesChart > applies correct styling classes 0ms
     → mockUseApp.mockReturnValue is not a function
   × AccountBalancesChart > uses correct colors for different account types 0ms
     → mockUseApp.mockReturnValue is not a function
   × AccountBalancesChart > handles accounts with long names 0ms
     → mockUseApp.mockReturnValue is not a function
   × AccountBalancesChart > maintains component memo behavior 0ms
     → mockUseApp.mockReturnValue is not a function
   × AccountBalancesChart > handles different currency symbols 0ms
     → mockUseApp.mockReturnValue is not a function
   × AccountBalancesChart > handles unknown account types with default color 0ms
     → mockUseApp.mockReturnValue is not a function
   × AccountBalancesChart > handles mixed account types correctly 0ms
     → mockUseApp.mockReturnValue is not a function
 ❯ src/components/CategoryTransactionsModal.test.tsx (36 tests | 15 failed) 1198ms
   ✓ CategoryTransactionsModal > Rendering > renders nothing when closed 15ms
   ✓ CategoryTransactionsModal > Rendering > renders modal when open 17ms
   ✓ CategoryTransactionsModal > Rendering > displays category name in header 5ms
   × CategoryTransactionsModal > Rendering > shows total transaction count 17ms
     → Unable to find an element with the text: 3 total transactions. This could be because the text is broken up by multiple elements. In this case, you can provide a function for your text matcher to make your matcher more flexible.

Ignored nodes: comments, script, style
[36m<body>[39m
  [36m<div>[39m
    [36m<div[39m
      [33mclass[39m=[32m"fixed inset-0 bg-black bg-opacity-50 flex items-end sm:items-center justify-center z-50"[39m
    [36m>[39m
      [36m<div[39m
        [33mclass[39m=[32m"bg-white dark:bg-gray-800 rounded-t-lg sm:rounded-lg shadow-xl w-full sm:max-w-4xl max-h-[90vh] sm:max-h-[85vh] flex flex-col"[39m
      [36m>[39m
        [36m<div[39m
          [33mclass[39m=[32m"px-4 sm:px-6 py-3 sm:py-4 border-b border-gray-200 dark:border-gray-700"[39m
        [36m>[39m
          [36m<div[39m
            [33mclass[39m=[32m"flex justify-between items-center"[39m
          [36m>[39m
            [36m<div>[39m
              [36m<h2[39m
                [33mclass[39m=[32m"text-lg sm:text-xl font-semibold text-gray-900 dark:text-white"[39m
              [36m>[39m
                [0mTransactions in "[0m
                [0mFood[0m
                [0m"[0m
              [36m</h2>[39m
              [36m<p[39m
                [33mclass[39m=[32m"text-xs sm:text-sm text-gray-500 dark:text-gray-400 mt-1"[39m
              [36m>[39m
                [0m0[0m
                [0m total transactions[0m
              [36m</p>[39m
            [36m</div>[39m
            [36m<button[39m
              [33mclass[39m=[32m"p-1 -m-1 text-gray-500 hover:text-gray-700 dark:text-gray-400 dark:hover:text-gray-200"[39m
            [36m>[39m
              [36m<div[39m
                [33mdata-testid[39m=[32m"x-icon"[39m
              [36m>[39m
                [0mX[0m
              [36m</div>[39m
            [36m</button>[39m
          [36m</div>[39m
        [36m</div>[39m
        [36m<div[39m
          [33mclass[39m=[32m"px-4 sm:px-6 py-3 sm:py-4 border-b border-gray-200 dark:border-gray-700 space-y-3"[39m
        [36m>[39m
          [36m<div[39m
            [33mclass[39m=[32m"flex flex-wrap gap-2"[39m
          [36m>[39m
            [36m<button[39m
              [33mclass[39m=[32m"px-3 py-1.5 rounded-lg text-sm font-medium transition-colors bg-primary text-white"[39m
            [36m>[39m
              [0mAll Transactions[0m
            [36m</button>[39m
            [36m<button[39m
              [33mclass[39m=[32m"px-3 py-1.5 rounded-lg text-sm font-medium transition-colors bg-gray-100 dark:bg-gray-700 text-gray-700 dark:text-gray-300 hover:bg-gray-200 dark:hover:bg-gray-600"[39m
            [36m>[39m
              [0mAll Income[0m
            [36m</button>[39m
            [36m<button[39m
              [33mclass[39m=[32m"px-3 py-1.5 rounded-lg text-sm font-medium transition-colors bg-gray-100 dark:bg-gray-700 text-gray-700 dark:text-gray-300 hover:bg-gray-200 dark:hover:bg-gray-600"[39m
            [36m>[39m
              [0mAll Outgoings[0m
            [36m</button>[39m
          [36m</div>[39m
          [36m<div[39m
            [33mclass[39m=[32m"flex flex-col gap-3"[39m
          [36m>[39m
            [36m<div[39m
              [33mclass[39m=[32m"flex flex-wrap gap-2 items-center"[39m
            [36m>[39m
              [36m<div[39m
                [33mclass[39m=[32m"text-gray-400 hidden sm:block"[39m
                [33mdata-testid[39m=[32m"calendar-icon"[39m
              [36m>[39m
                [0mCalendar[0m
              [36m</div>[39m
              [36m<div[39m
                [33mclass[39m=[32m"flex flex-wrap gap-2 items-center flex-1"[39m
              [36m>[39m
                [36m<input[39m
                  [33mclass[39m=[32m"flex-1 min-w-[130px] px-2 py-1.5 border border-gray-300 dark:border-gray-600 rounded-lg dark:bg-gray-700 dark:text-white text-sm"[39m
                  [33mtype[39m=[32m"date"[39m
                  [33mvalue[39m=[32m""[39m
                [36m/>[39m
                [36m<span[39m
                  [33mclass[39m=[32m"text-gray-500 dark:text-gray-400 text-sm"[39m
                [36m>[39m
                  [0mto[0m
                [36m</span>[39m
                [36m<input[39m
                  [33mclass[39m=[32m"flex-1 min-w-[130px] px-2 py-1.5 border border-gray-300 dark:border-gray-600 rounded-lg dark:bg-gray-700 dark:text-white text-sm"[39m
                  [33mtype[39m=[32m"date"[39m
                  [33mvalue[39m=[32m""[39m
                [36m/>[39m
              [36m</div>[39m
            [36m</div>[39m
            [36m<div[39m
              [33mclass[39m=[32m"relative"[39m
            [36m>[39m
              [36m<div[39m
                [33mclass[39m=[32m"absolute left-3 top-1/2 transform -translate-y-1/2 text-gray-400"[39m
                [33mdata-testid[39m=[32m"search-icon"[39m
              [36m>[39m
                [0mSearch[0m
              [36m</div>[39m
              [36m<input[39m
                [33mclass[39m=[32m"w-full pl-9 pr-3 py-1.5 border border-gray-300 dark:border-gray-600 rounded-lg dark:bg-gray-700 dark:text-white text-sm"[39m
                [33mplaceholder[39m=[32m"Search transactions..."[39m
                [33mtype[39m=[32m"text"[39m
                [33mvalue[39m=[32m""[39m
              [36m/>[39m
            [36m</div>[39m
          [36m</div>[39m
          [36m<div[39m
            [33mclass[39m=[32m"grid grid-cols-3 gap-4 text-sm"[39m
          [36m>[39m
            [36m<div>[39m
              [36m<span[39m
                [33mclass[39m=[32m"text-gray-500 dark:text-gray-400"[39m
              [36m>[39m
                [0mIncome:[0m
              [36m</span>[39m
              [36m<span[39m
                [33mclass[39m=[32m"ml-2 font-medium text-green-600 dark:text-green-400"[39m
              [36m>[39m
                [0m$0.00[0m
              [36m</span>[39m
            [36m</div>[39m
            [36m<div>[39m
              [36m<span[39m
                [33mclass[39m=[32m"text-gray-500 dark:text-gray-400"[39m
              [36m>[39m
                [0mExpense:[0m
              [36m</span>[39m
              [36m<span[39m
                [33mclass[39m=[32m"ml-2 font-medium text-red-600 dark:text-red-400"[39m
              [36m>[39m
                [0m$0.00[0m
              [36m</span>[39m
            [36m</div>[39m
            [36m<div>[39m
              [36m<span[39m
                [33mclass[39m=[32m"text-gray-500 dark:text-gray-400"[39m
              [36m>[39m
                [0mNet:[0m
              [36m</span>[39m
              [36m<span[39m
                [33mclass[39m=[32m"ml-2 font-medium text-green-600 dark:text-green-400"[39m
              [36m>[39m
                [0m$0.00[0m
              [36m</span>[39m
            [36m</div>[39m
          [36m</div>[39m
        [36m</div>[39m
        [36m<div[39m
          [33mclass[39m=[32m"flex-1 overflow-y-auto px-6 py-4"[39m
        [36m>[39m
          [36m<div[39m
            [33mclass[39m=[32m"text-center py-12"[39m
          [36m>[39m
            [36m<p[39m
              [33mclass[39m=[32m"text-gray-500 dark:text-gray-400 text-lg"[39m
            [36m>[39m
              [0mNo transactions in this category[0m
            [36m</p>[39m
          [36m</div>[39m
        [36m</div>[39m
        [36m<div[39m
          [33mclass[39m=[32m"px-6 py-4 border-t border-gray-200 dark:border-gray-700"[39m
        [36m>[39m
          [36m<div[39m
            [33mclass[39m=[32m"flex justify-between items-center"[39m
          [36m>[39m
            [36m<p[39m
              [33mclass[39m=[32m"text-sm text-gray-500 dark:text-gray-400"[39m
            [36m>[39m
              [0mShowing [0m
              [0m0[0m
              [0m of [0m
              [0m0[0m
              [0m transactions[0m
            [36m</p>[39m
            [36m<button[39m
              [33mclass[39m=[32m"px-4 py-2 bg-gray-200 dark:bg-gray-700 text-gray-700 dark:text-gray-300 rounded-lg hover:bg-gray-300 dark:hover:bg-gray-600"[39m
            [36m>[39m
              [0mClose[0m
            [36m</button>[39m
          [36m</div>[39m
        [36m</div>[39m
      [36m</div>[39m
    [36m</div>[39m
  [36m</div>[39m
[36m</body>[39m
   ✓ CategoryTransactionsModal > Rendering > displays all filter buttons 6ms
   ✓ CategoryTransactionsModal > Rendering > shows date range inputs 4ms
   ✓ CategoryTransactionsModal > Rendering > shows search input 3ms
   × CategoryTransactionsModal > Transaction Display > displays transactions for the category 4ms
     → Unable to find an element with the text: Grocery Store. This could be because the text is broken up by multiple elements. In this case, you can provide a function for your text matcher to make your matcher more flexible.

Ignored nodes: comments, script, style
[36m<body>[39m
  [36m<div>[39m
    [36m<div[39m
      [33mclass[39m=[32m"fixed inset-0 bg-black bg-opacity-50 flex items-end sm:items-center justify-center z-50"[39m
    [36m>[39m
      [36m<div[39m
        [33mclass[39m=[32m"bg-white dark:bg-gray-800 rounded-t-lg sm:rounded-lg shadow-xl w-full sm:max-w-4xl max-h-[90vh] sm:max-h-[85vh] flex flex-col"[39m
      [36m>[39m
        [36m<div[39m
          [33mclass[39m=[32m"px-4 sm:px-6 py-3 sm:py-4 border-b border-gray-200 dark:border-gray-700"[39m
        [36m>[39m
          [36m<div[39m
            [33mclass[39m=[32m"flex justify-between items-center"[39m
          [36m>[39m
            [36m<div>[39m
              [36m<h2[39m
                [33mclass[39m=[32m"text-lg sm:text-xl font-semibold text-gray-900 dark:text-white"[39m
              [36m>[39m
                [0mTransactions in "[0m
                [0mFood[0m
                [0m"[0m
              [36m</h2>[39m
              [36m<p[39m
                [33mclass[39m=[32m"text-xs sm:text-sm text-gray-500 dark:text-gray-400 mt-1"[39m
              [36m>[39m
                [0m0[0m
                [0m total transactions[0m
              [36m</p>[39m
            [36m</div>[39m
            [36m<button[39m
              [33mclass[39m=[32m"p-1 -m-1 text-gray-500 hover:text-gray-700 dark:text-gray-400 dark:hover:text-gray-200"[39m
            [36m>[39m
              [36m<div[39m
                [33mdata-testid[39m=[32m"x-icon"[39m
              [36m>[39m
                [0mX[0m
              [36m</div>[39m
            [36m</button>[39m
          [36m</div>[39m
        [36m</div>[39m
        [36m<div[39m
          [33mclass[39m=[32m"px-4 sm:px-6 py-3 sm:py-4 border-b border-gray-200 dark:border-gray-700 space-y-3"[39m
        [36m>[39m
          [36m<div[39m
            [33mclass[39m=[32m"flex flex-wrap gap-2"[39m
          [36m>[39m
            [36m<button[39m
              [33mclass[39m=[32m"px-3 py-1.5 rounded-lg text-sm font-medium transition-colors bg-primary text-white"[39m
            [36m>[39m
              [0mAll Transactions[0m
            [36m</button>[39m
            [36m<button[39m
              [33mclass[39m=[32m"px-3 py-1.5 rounded-lg text-sm font-medium transition-colors bg-gray-100 dark:bg-gray-700 text-gray-700 dark:text-gray-300 hover:bg-gray-200 dark:hover:bg-gray-600"[39m
            [36m>[39m
              [0mAll Income[0m
            [36m</button>[39m
            [36m<button[39m
              [33mclass[39m=[32m"px-3 py-1.5 rounded-lg text-sm font-medium transition-colors bg-gray-100 dark:bg-gray-700 text-gray-700 dark:text-gray-300 hover:bg-gray-200 dark:hover:bg-gray-600"[39m
            [36m>[39m
              [0mAll Outgoings[0m
            [36m</button>[39m
          [36m</div>[39m
          [36m<div[39m
            [33mclass[39m=[32m"flex flex-col gap-3"[39m
          [36m>[39m
            [36m<div[39m
              [33mclass[39m=[32m"flex flex-wrap gap-2 items-center"[39m
            [36m>[39m
              [36m<div[39m
                [33mclass[39m=[32m"text-gray-400 hidden sm:block"[39m
                [33mdata-testid[39m=[32m"calendar-icon"[39m
              [36m>[39m
                [0mCalendar[0m
              [36m</div>[39m
              [36m<div[39m
                [33mclass[39m=[32m"flex flex-wrap gap-2 items-center flex-1"[39m
              [36m>[39m
                [36m<input[39m
                  [33mclass[39m=[32m"flex-1 min-w-[130px] px-2 py-1.5 border border-gray-300 dark:border-gray-600 rounded-lg dark:bg-gray-700 dark:text-white text-sm"[39m
                  [33mtype[39m=[32m"date"[39m
                  [33mvalue[39m=[32m""[39m
                [36m/>[39m
                [36m<span[39m
                  [33mclass[39m=[32m"text-gray-500 dark:text-gray-400 text-sm"[39m
                [36m>[39m
                  [0mto[0m
                [36m</span>[39m
                [36m<input[39m
                  [33mclass[39m=[32m"flex-1 min-w-[130px] px-2 py-1.5 border border-gray-300 dark:border-gray-600 rounded-lg dark:bg-gray-700 dark:text-white text-sm"[39m
                  [33mtype[39m=[32m"date"[39m
                  [33mvalue[39m=[32m""[39m
                [36m/>[39m
              [36m</div>[39m
            [36m</div>[39m
            [36m<div[39m
              [33mclass[39m=[32m"relative"[39m
            [36m>[39m
              [36m<div[39m
                [33mclass[39m=[32m"absolute left-3 top-1/2 transform -translate-y-1/2 text-gray-400"[39m
                [33mdata-testid[39m=[32m"search-icon"[39m
              [36m>[39m
                [0mSearch[0m
              [36m</div>[39m
              [36m<input[39m
                [33mclass[39m=[32m"w-full pl-9 pr-3 py-1.5 border border-gray-300 dark:border-gray-600 rounded-lg dark:bg-gray-700 dark:text-white text-sm"[39m
                [33mplaceholder[39m=[32m"Search transactions..."[39m
                [33mtype[39m=[32m"text"[39m
                [33mvalue[39m=[32m""[39m
              [36m/>[39m
            [36m</div>[39m
          [36m</div>[39m
          [36m<div[39m
            [33mclass[39m=[32m"grid grid-cols-3 gap-4 text-sm"[39m
          [36m>[39m
            [36m<div>[39m
              [36m<span[39m
                [33mclass[39m=[32m"text-gray-500 dark:text-gray-400"[39m
              [36m>[39m
                [0mIncome:[0m
              [36m</span>[39m
              [36m<span[39m
                [33mclass[39m=[32m"ml-2 font-medium text-green-600 dark:text-green-400"[39m
              [36m>[39m
                [0m$0.00[0m
              [36m</span>[39m
            [36m</div>[39m
            [36m<div>[39m
              [36m<span[39m
                [33mclass[39m=[32m"text-gray-500 dark:text-gray-400"[39m
              [36m>[39m
                [0mExpense:[0m
              [36m</span>[39m
              [36m<span[39m
                [33mclass[39m=[32m"ml-2 font-medium text-red-600 dark:text-red-400"[39m
              [36m>[39m
                [0m$0.00[0m
              [36m</span>[39m
            [36m</div>[39m
            [36m<div>[39m
              [36m<span[39m
                [33mclass[39m=[32m"text-gray-500 dark:text-gray-400"[39m
              [36m>[39m
                [0mNet:[0m
              [36m</span>[39m
              [36m<span[39m
                [33mclass[39m=[32m"ml-2 font-medium text-green-600 dark:text-green-400"[39m
              [36m>[39m
                [0m$0.00[0m
              [36m</span>[39m
            [36m</div>[39m
          [36m</div>[39m
        [36m</div>[39m
        [36m<div[39m
          [33mclass[39m=[32m"flex-1 overflow-y-auto px-6 py-4"[39m
        [36m>[39m
          [36m<div[39m
            [33mclass[39m=[32m"text-center py-12"[39m
          [36m>[39m
            [36m<p[39m
              [33mclass[39m=[32m"text-gray-500 dark:text-gray-400 text-lg"[39m
            [36m>[39m
              [0mNo transactions in this category[0m
            [36m</p>[39m
          [36m</div>[39m
        [36m</div>[39m
        [36m<div[39m
          [33mclass[39m=[32m"px-6 py-4 border-t border-gray-200 dark:border-gray-700"[39m
        [36m>[39m
          [36m<div[39m
            [33mclass[39m=[32m"flex justify-between items-center"[39m
          [36m>[39m
            [36m<p[39m
              [33mclass[39m=[32m"text-sm text-gray-500 dark:text-gray-400"[39m
            [36m>[39m
              [0mShowing [0m
              [0m0[0m
              [0m of [0m
              [0m0[0m
              [0m transactions[0m
            [36m</p>[39m
            [36m<button[39m
              [33mclass[39m=[32m"px-4 py-2 bg-gray-200 dark:bg-gray-700 text-gray-700 dark:text-gray-300 rounded-lg hover:bg-gray-300 dark:hover:bg-gray-600"[39m
            [36m>[39m
              [0mClose[0m
            [36m</button>[39m
          [36m</div>[39m
        [36m</div>[39m
      [36m</div>[39m
    [36m</div>[39m
  [36m</div>[39m
[36m</body>[39m
   ✓ CategoryTransactionsModal > Transaction Display > does not display transactions from other categories 5ms
   × CategoryTransactionsModal > Transaction Display > shows transaction amounts with correct colors 5ms
     → [2mexpect([22m[31mreceived[39m[2m).toHaveClass()[22m

[31mreceived[39m value must be an HTMLElement or an SVGElement.
Received has type:  Undefined
Received has value: [31mundefined[39m
   × CategoryTransactionsModal > Transaction Display > shows transaction dates 5ms
     → Unable to find an element with the text: /1\/15\/2024/. This could be because the text is broken up by multiple elements. In this case, you can provide a function for your text matcher to make your matcher more flexible.

Ignored nodes: comments, script, style
[36m<body>[39m
  [36m<div>[39m
    [36m<div[39m
      [33mclass[39m=[32m"fixed inset-0 bg-black bg-opacity-50 flex items-end sm:items-center justify-center z-50"[39m
    [36m>[39m
      [36m<div[39m
        [33mclass[39m=[32m"bg-white dark:bg-gray-800 rounded-t-lg sm:rounded-lg shadow-xl w-full sm:max-w-4xl max-h-[90vh] sm:max-h-[85vh] flex flex-col"[39m
      [36m>[39m
        [36m<div[39m
          [33mclass[39m=[32m"px-4 sm:px-6 py-3 sm:py-4 border-b border-gray-200 dark:border-gray-700"[39m
        [36m>[39m
          [36m<div[39m
            [33mclass[39m=[32m"flex justify-between items-center"[39m
          [36m>[39m
            [36m<div>[39m
              [36m<h2[39m
                [33mclass[39m=[32m"text-lg sm:text-xl font-semibold text-gray-900 dark:text-white"[39m
              [36m>[39m
                [0mTransactions in "[0m
                [0mFood[0m
                [0m"[0m
              [36m</h2>[39m
              [36m<p[39m
                [33mclass[39m=[32m"text-xs sm:text-sm text-gray-500 dark:text-gray-400 mt-1"[39m
              [36m>[39m
                [0m0[0m
                [0m total transactions[0m
              [36m</p>[39m
            [36m</div>[39m
            [36m<button[39m
              [33mclass[39m=[32m"p-1 -m-1 text-gray-500 hover:text-gray-700 dark:text-gray-400 dark:hover:text-gray-200"[39m
            [36m>[39m
              [36m<div[39m
                [33mdata-testid[39m=[32m"x-icon"[39m
              [36m>[39m
                [0mX[0m
              [36m</div>[39m
            [36m</button>[39m
          [36m</div>[39m
        [36m</div>[39m
        [36m<div[39m
          [33mclass[39m=[32m"px-4 sm:px-6 py-3 sm:py-4 border-b border-gray-200 dark:border-gray-700 space-y-3"[39m
        [36m>[39m
          [36m<div[39m
            [33mclass[39m=[32m"flex flex-wrap gap-2"[39m
          [36m>[39m
            [36m<button[39m
              [33mclass[39m=[32m"px-3 py-1.5 rounded-lg text-sm font-medium transition-colors bg-primary text-white"[39m
            [36m>[39m
              [0mAll Transactions[0m
            [36m</button>[39m
            [36m<button[39m
              [33mclass[39m=[32m"px-3 py-1.5 rounded-lg text-sm font-medium transition-colors bg-gray-100 dark:bg-gray-700 text-gray-700 dark:text-gray-300 hover:bg-gray-200 dark:hover:bg-gray-600"[39m
            [36m>[39m
              [0mAll Income[0m
            [36m</button>[39m
            [36m<button[39m
              [33mclass[39m=[32m"px-3 py-1.5 rounded-lg text-sm font-medium transition-colors bg-gray-100 dark:bg-gray-700 text-gray-700 dark:text-gray-300 hover:bg-gray-200 dark:hover:bg-gray-600"[39m
            [36m>[39m
              [0mAll Outgoings[0m
            [36m</button>[39m
          [36m</div>[39m
          [36m<div[39m
            [33mclass[39m=[32m"flex flex-col gap-3"[39m
          [36m>[39m
            [36m<div[39m
              [33mclass[39m=[32m"flex flex-wrap gap-2 items-center"[39m
            [36m>[39m
              [36m<div[39m
                [33mclass[39m=[32m"text-gray-400 hidden sm:block"[39m
                [33mdata-testid[39m=[32m"calendar-icon"[39m
              [36m>[39m
                [0mCalendar[0m
              [36m</div>[39m
              [36m<div[39m
                [33mclass[39m=[32m"flex flex-wrap gap-2 items-center flex-1"[39m
              [36m>[39m
                [36m<input[39m
                  [33mclass[39m=[32m"flex-1 min-w-[130px] px-2 py-1.5 border border-gray-300 dark:border-gray-600 rounded-lg dark:bg-gray-700 dark:text-white text-sm"[39m
                  [33mtype[39m=[32m"date"[39m
                  [33mvalue[39m=[32m""[39m
                [36m/>[39m
                [36m<span[39m
                  [33mclass[39m=[32m"text-gray-500 dark:text-gray-400 text-sm"[39m
                [36m>[39m
                  [0mto[0m
                [36m</span>[39m
                [36m<input[39m
                  [33mclass[39m=[32m"flex-1 min-w-[130px] px-2 py-1.5 border border-gray-300 dark:border-gray-600 rounded-lg dark:bg-gray-700 dark:text-white text-sm"[39m
                  [33mtype[39m=[32m"date"[39m
                  [33mvalue[39m=[32m""[39m
                [36m/>[39m
              [36m</div>[39m
            [36m</div>[39m
            [36m<div[39m
              [33mclass[39m=[32m"relative"[39m
            [36m>[39m
              [36m<div[39m
                [33mclass[39m=[32m"absolute left-3 top-1/2 transform -translate-y-1/2 text-gray-400"[39m
                [33mdata-testid[39m=[32m"search-icon"[39m
              [36m>[39m
                [0mSearch[0m
              [36m</div>[39m
              [36m<input[39m
                [33mclass[39m=[32m"w-full pl-9 pr-3 py-1.5 border border-gray-300 dark:border-gray-600 rounded-lg dark:bg-gray-700 dark:text-white text-sm"[39m
                [33mplaceholder[39m=[32m"Search transactions..."[39m
                [33mtype[39m=[32m"text"[39m
                [33mvalue[39m=[32m""[39m
              [36m/>[39m
            [36m</div>[39m
          [36m</div>[39m
          [36m<div[39m
            [33mclass[39m=[32m"grid grid-cols-3 gap-4 text-sm"[39m
          [36m>[39m
            [36m<div>[39m
              [36m<span[39m
                [33mclass[39m=[32m"text-gray-500 dark:text-gray-400"[39m
              [36m>[39m
                [0mIncome:[0m
              [36m</span>[39m
              [36m<span[39m
                [33mclass[39m=[32m"ml-2 font-medium text-green-600 dark:text-green-400"[39m
              [36m>[39m
                [0m$0.00[0m
              [36m</span>[39m
            [36m</div>[39m
            [36m<div>[39m
              [36m<span[39m
                [33mclass[39m=[32m"text-gray-500 dark:text-gray-400"[39m
              [36m>[39m
                [0mExpense:[0m
              [36m</span>[39m
              [36m<span[39m
                [33mclass[39m=[32m"ml-2 font-medium text-red-600 dark:text-red-400"[39m
              [36m>[39m
                [0m$0.00[0m
              [36m</span>[39m
            [36m</div>[39m
            [36m<div>[39m
              [36m<span[39m
                [33mclass[39m=[32m"text-gray-500 dark:text-gray-400"[39m
              [36m>[39m
                [0mNet:[0m
              [36m</span>[39m
              [36m<span[39m
                [33mclass[39m=[32m"ml-2 font-medium text-green-600 dark:text-green-400"[39m
              [36m>[39m
                [0m$0.00[0m
              [36m</span>[39m
            [36m</div>[39m
          [36m</div>[39m
        [36m</div>[39m
        [36m<div[39m
          [33mclass[39m=[32m"flex-1 overflow-y-auto px-6 py-4"[39m
        [36m>[39m
          [36m<div[39m
            [33mclass[39m=[32m"text-center py-12"[39m
          [36m>[39m
            [36m<p[39m
              [33mclass[39m=[32m"text-gray-500 dark:text-gray-400 text-lg"[39m
            [36m>[39m
              [0mNo transactions in this category[0m
            [36m</p>[39m
          [36m</div>[39m
        [36m</div>[39m
        [36m<div[39m
          [33mclass[39m=[32m"px-6 py-4 border-t border-gray-200 dark:border-gray-700"[39m
        [36m>[39m
          [36m<div[39m
            [33mclass[39m=[32m"flex justify-between items-center"[39m
          [36m>[39m
            [36m<p[39m
              [33mclass[39m=[32m"text-sm text-gray-500 dark:text-gray-400"[39m
            [36m>[39m
              [0mShowing [0m
              [0m0[0m
              [0m of [0m
              [0m0[0m
              [0m transactions[0m
            [36m</p>[39m
            [36m<button[39m
              [33mclass[39m=[32m"px-4 py-2 bg-gray-200 dark:bg-gray-700 text-gray-700 dark:text-gray-300 rounded-lg hover:bg-gray-300 dark:hover:bg-gray-600"[39m
            [36m>[39m
              [0mClose[0m
            [36m</button>[39m
          [36m</div>[39m
        [36m</div>[39m
      [36m</div>[39m
    [36m</div>[39m
  [36m</div>[39m
[36m</body>[39m
   × CategoryTransactionsModal > Transaction Display > shows account names 6ms
     → Unable to find an element with the text: /Checking/. This could be because the text is broken up by multiple elements. In this case, you can provide a function for your text matcher to make your matcher more flexible.

Ignored nodes: comments, script, style
[36m<body>[39m
  [36m<div>[39m
    [36m<div[39m
      [33mclass[39m=[32m"fixed inset-0 bg-black bg-opacity-50 flex items-end sm:items-center justify-center z-50"[39m
    [36m>[39m
      [36m<div[39m
        [33mclass[39m=[32m"bg-white dark:bg-gray-800 rounded-t-lg sm:rounded-lg shadow-xl w-full sm:max-w-4xl max-h-[90vh] sm:max-h-[85vh] flex flex-col"[39m
      [36m>[39m
        [36m<div[39m
          [33mclass[39m=[32m"px-4 sm:px-6 py-3 sm:py-4 border-b border-gray-200 dark:border-gray-700"[39m
        [36m>[39m
          [36m<div[39m
            [33mclass[39m=[32m"flex justify-between items-center"[39m
          [36m>[39m
            [36m<div>[39m
              [36m<h2[39m
                [33mclass[39m=[32m"text-lg sm:text-xl font-semibold text-gray-900 dark:text-white"[39m
              [36m>[39m
                [0mTransactions in "[0m
                [0mFood[0m
                [0m"[0m
              [36m</h2>[39m
              [36m<p[39m
                [33mclass[39m=[32m"text-xs sm:text-sm text-gray-500 dark:text-gray-400 mt-1"[39m
              [36m>[39m
                [0m0[0m
                [0m total transactions[0m
              [36m</p>[39m
            [36m</div>[39m
            [36m<button[39m
              [33mclass[39m=[32m"p-1 -m-1 text-gray-500 hover:text-gray-700 dark:text-gray-400 dark:hover:text-gray-200"[39m
            [36m>[39m
              [36m<div[39m
                [33mdata-testid[39m=[32m"x-icon"[39m
              [36m>[39m
                [0mX[0m
              [36m</div>[39m
            [36m</button>[39m
          [36m</div>[39m
        [36m</div>[39m
        [36m<div[39m
          [33mclass[39m=[32m"px-4 sm:px-6 py-3 sm:py-4 border-b border-gray-200 dark:border-gray-700 space-y-3"[39m
        [36m>[39m
          [36m<div[39m
            [33mclass[39m=[32m"flex flex-wrap gap-2"[39m
          [36m>[39m
            [36m<button[39m
              [33mclass[39m=[32m"px-3 py-1.5 rounded-lg text-sm font-medium transition-colors bg-primary text-white"[39m
            [36m>[39m
              [0mAll Transactions[0m
            [36m</button>[39m
            [36m<button[39m
              [33mclass[39m=[32m"px-3 py-1.5 rounded-lg text-sm font-medium transition-colors bg-gray-100 dark:bg-gray-700 text-gray-700 dark:text-gray-300 hover:bg-gray-200 dark:hover:bg-gray-600"[39m
            [36m>[39m
              [0mAll Income[0m
            [36m</button>[39m
            [36m<button[39m
              [33mclass[39m=[32m"px-3 py-1.5 rounded-lg text-sm font-medium transition-colors bg-gray-100 dark:bg-gray-700 text-gray-700 dark:text-gray-300 hover:bg-gray-200 dark:hover:bg-gray-600"[39m
            [36m>[39m
              [0mAll Outgoings[0m
            [36m</button>[39m
          [36m</div>[39m
          [36m<div[39m
            [33mclass[39m=[32m"flex flex-col gap-3"[39m
          [36m>[39m
            [36m<div[39m
              [33mclass[39m=[32m"flex flex-wrap gap-2 items-center"[39m
            [36m>[39m
              [36m<div[39m
                [33mclass[39m=[32m"text-gray-400 hidden sm:block"[39m
                [33mdata-testid[39m=[32m"calendar-icon"[39m
              [36m>[39m
                [0mCalendar[0m
              [36m</div>[39m
              [36m<div[39m
                [33mclass[39m=[32m"flex flex-wrap gap-2 items-center flex-1"[39m
              [36m>[39m
                [36m<input[39m
                  [33mclass[39m=[32m"flex-1 min-w-[130px] px-2 py-1.5 border border-gray-300 dark:border-gray-600 rounded-lg dark:bg-gray-700 dark:text-white text-sm"[39m
                  [33mtype[39m=[32m"date"[39m
                  [33mvalue[39m=[32m""[39m
                [36m/>[39m
                [36m<span[39m
                  [33mclass[39m=[32m"text-gray-500 dark:text-gray-400 text-sm"[39m
                [36m>[39m
                  [0mto[0m
                [36m</span>[39m
                [36m<input[39m
                  [33mclass[39m=[32m"flex-1 min-w-[130px] px-2 py-1.5 border border-gray-300 dark:border-gray-600 rounded-lg dark:bg-gray-700 dark:text-white text-sm"[39m
                  [33mtype[39m=[32m"date"[39m
                  [33mvalue[39m=[32m""[39m
                [36m/>[39m
              [36m</div>[39m
            [36m</div>[39m
            [36m<div[39m
              [33mclass[39m=[32m"relative"[39m
            [36m>[39m
              [36m<div[39m
                [33mclass[39m=[32m"absolute left-3 top-1/2 transform -translate-y-1/2 text-gray-400"[39m
                [33mdata-testid[39m=[32m"search-icon"[39m
              [36m>[39m
                [0mSearch[0m
              [36m</div>[39m
              [36m<input[39m
                [33mclass[39m=[32m"w-full pl-9 pr-3 py-1.5 border border-gray-300 dark:border-gray-600 rounded-lg dark:bg-gray-700 dark:text-white text-sm"[39m
                [33mplaceholder[39m=[32m"Search transactions..."[39m
                [33mtype[39m=[32m"text"[39m
                [33mvalue[39m=[32m""[39m
              [36m/>[39m
            [36m</div>[39m
          [36m</div>[39m
          [36m<div[39m
            [33mclass[39m=[32m"grid grid-cols-3 gap-4 text-sm"[39m
          [36m>[39m
            [36m<div>[39m
              [36m<span[39m
                [33mclass[39m=[32m"text-gray-500 dark:text-gray-400"[39m
              [36m>[39m
                [0mIncome:[0m
              [36m</span>[39m
              [36m<span[39m
                [33mclass[39m=[32m"ml-2 font-medium text-green-600 dark:text-green-400"[39m
              [36m>[39m
                [0m$0.00[0m
              [36m</span>[39m
            [36m</div>[39m
            [36m<div>[39m
              [36m<span[39m
                [33mclass[39m=[32m"text-gray-500 dark:text-gray-400"[39m
              [36m>[39m
                [0mExpense:[0m
              [36m</span>[39m
              [36m<span[39m
                [33mclass[39m=[32m"ml-2 font-medium text-red-600 dark:text-red-400"[39m
              [36m>[39m
                [0m$0.00[0m
              [36m</span>[39m
            [36m</div>[39m
            [36m<div>[39m
              [36m<span[39m
                [33mclass[39m=[32m"text-gray-500 dark:text-gray-400"[39m
              [36m>[39m
                [0mNet:[0m
              [36m</span>[39m
              [36m<span[39m
                [33mclass[39m=[32m"ml-2 font-medium text-green-600 dark:text-green-400"[39m
              [36m>[39m
                [0m$0.00[0m
              [36m</span>[39m
            [36m</div>[39m
          [36m</div>[39m
        [36m</div>[39m
        [36m<div[39m
          [33mclass[39m=[32m"flex-1 overflow-y-auto px-6 py-4"[39m
        [36m>[39m
          [36m<div[39m
            [33mclass[39m=[32m"text-center py-12"[39m
          [36m>[39m
            [36m<p[39m
              [33mclass[39m=[32m"text-gray-500 dark:text-gray-400 text-lg"[39m
            [36m>[39m
              [0mNo transactions in this category[0m
            [36m</p>[39m
          [36m</div>[39m
        [36m</div>[39m
        [36m<div[39m
          [33mclass[39m=[32m"px-6 py-4 border-t border-gray-200 dark:border-gray-700"[39m
        [36m>[39m
          [36m<div[39m
            [33mclass[39m=[32m"flex justify-between items-center"[39m
          [36m>[39m
            [36m<p[39m
              [33mclass[39m=[32m"text-sm text-gray-500 dark:text-gray-400"[39m
            [36m>[39m
              [0mShowing [0m
              [0m0[0m
              [0m of [0m
              [0m0[0m
              [0m transactions[0m
            [36m</p>[39m
            [36m<button[39m
              [33mclass[39m=[32m"px-4 py-2 bg-gray-200 dark:bg-gray-700 text-gray-700 dark:text-gray-300 rounded-lg hover:bg-gray-300 dark:hover:bg-gray-600"[39m
            [36m>[39m
              [0mClose[0m
            [36m</button>[39m
          [36m</div>[39m
        [36m</div>[39m
      [36m</div>[39m
    [36m</div>[39m
  [36m</div>[39m
[36m</body>[39m
   × CategoryTransactionsModal > Transaction Display > sorts transactions by date (newest first) 4ms
     → Unable to find an element with the text: /Grocery Store|Restaurant|Food Delivery Service/. This could be because the text is broken up by multiple elements. In this case, you can provide a function for your text matcher to make your matcher more flexible.

Ignored nodes: comments, script, style
[36m<body>[39m
  [36m<div>[39m
    [36m<div[39m
      [33mclass[39m=[32m"fixed inset-0 bg-black bg-opacity-50 flex items-end sm:items-center justify-center z-50"[39m
    [36m>[39m
      [36m<div[39m
        [33mclass[39m=[32m"bg-white dark:bg-gray-800 rounded-t-lg sm:rounded-lg shadow-xl w-full sm:max-w-4xl max-h-[90vh] sm:max-h-[85vh] flex flex-col"[39m
      [36m>[39m
        [36m<div[39m
          [33mclass[39m=[32m"px-4 sm:px-6 py-3 sm:py-4 border-b border-gray-200 dark:border-gray-700"[39m
        [36m>[39m
          [36m<div[39m
            [33mclass[39m=[32m"flex justify-between items-center"[39m
          [36m>[39m
            [36m<div>[39m
              [36m<h2[39m
                [33mclass[39m=[32m"text-lg sm:text-xl font-semibold text-gray-900 dark:text-white"[39m
              [36m>[39m
                [0mTransactions in "[0m
                [0mFood[0m
                [0m"[0m
              [36m</h2>[39m
              [36m<p[39m
                [33mclass[39m=[32m"text-xs sm:text-sm text-gray-500 dark:text-gray-400 mt-1"[39m
              [36m>[39m
                [0m0[0m
                [0m total transactions[0m
              [36m</p>[39m
            [36m</div>[39m
            [36m<button[39m
              [33mclass[39m=[32m"p-1 -m-1 text-gray-500 hover:text-gray-700 dark:text-gray-400 dark:hover:text-gray-200"[39m
            [36m>[39m
              [36m<div[39m
                [33mdata-testid[39m=[32m"x-icon"[39m
              [36m>[39m
                [0mX[0m
              [36m</div>[39m
            [36m</button>[39m
          [36m</div>[39m
        [36m</div>[39m
        [36m<div[39m
          [33mclass[39m=[32m"px-4 sm:px-6 py-3 sm:py-4 border-b border-gray-200 dark:border-gray-700 space-y-3"[39m
        [36m>[39m
          [36m<div[39m
            [33mclass[39m=[32m"flex flex-wrap gap-2"[39m
          [36m>[39m
            [36m<button[39m
              [33mclass[39m=[32m"px-3 py-1.5 rounded-lg text-sm font-medium transition-colors bg-primary text-white"[39m
            [36m>[39m
              [0mAll Transactions[0m
            [36m</button>[39m
            [36m<button[39m
              [33mclass[39m=[32m"px-3 py-1.5 rounded-lg text-sm font-medium transition-colors bg-gray-100 dark:bg-gray-700 text-gray-700 dark:text-gray-300 hover:bg-gray-200 dark:hover:bg-gray-600"[39m
            [36m>[39m
              [0mAll Income[0m
            [36m</button>[39m
            [36m<button[39m
              [33mclass[39m=[32m"px-3 py-1.5 rounded-lg text-sm font-medium transition-colors bg-gray-100 dark:bg-gray-700 text-gray-700 dark:text-gray-300 hover:bg-gray-200 dark:hover:bg-gray-600"[39m
            [36m>[39m
              [0mAll Outgoings[0m
            [36m</button>[39m
          [36m</div>[39m
          [36m<div[39m
            [33mclass[39m=[32m"flex flex-col gap-3"[39m
          [36m>[39m
            [36m<div[39m
              [33mclass[39m=[32m"flex flex-wrap gap-2 items-center"[39m
            [36m>[39m
              [36m<div[39m
                [33mclass[39m=[32m"text-gray-400 hidden sm:block"[39m
                [33mdata-testid[39m=[32m"calendar-icon"[39m
              [36m>[39m
                [0mCalendar[0m
              [36m</div>[39m
              [36m<div[39m
                [33mclass[39m=[32m"flex flex-wrap gap-2 items-center flex-1"[39m
              [36m>[39m
                [36m<input[39m
                  [33mclass[39m=[32m"flex-1 min-w-[130px] px-2 py-1.5 border border-gray-300 dark:border-gray-600 rounded-lg dark:bg-gray-700 dark:text-white text-sm"[39m
                  [33mtype[39m=[32m"date"[39m
                  [33mvalue[39m=[32m""[39m
                [36m/>[39m
                [36m<span[39m
                  [33mclass[39m=[32m"text-gray-500 dark:text-gray-400 text-sm"[39m
                [36m>[39m
                  [0mto[0m
                [36m</span>[39m
                [36m<input[39m
                  [33mclass[39m=[32m"flex-1 min-w-[130px] px-2 py-1.5 border border-gray-300 dark:border-gray-600 rounded-lg dark:bg-gray-700 dark:text-white text-sm"[39m
                  [33mtype[39m=[32m"date"[39m
                  [33mvalue[39m=[32m""[39m
                [36m/>[39m
              [36m</div>[39m
            [36m</div>[39m
            [36m<div[39m
              [33mclass[39m=[32m"relative"[39m
            [36m>[39m
              [36m<div[39m
                [33mclass[39m=[32m"absolute left-3 top-1/2 transform -translate-y-1/2 text-gray-400"[39m
                [33mdata-testid[39m=[32m"search-icon"[39m
              [36m>[39m
                [0mSearch[0m
              [36m</div>[39m
              [36m<input[39m
                [33mclass[39m=[32m"w-full pl-9 pr-3 py-1.5 border border-gray-300 dark:border-gray-600 rounded-lg dark:bg-gray-700 dark:text-white text-sm"[39m
                [33mplaceholder[39m=[32m"Search transactions..."[39m
                [33mtype[39m=[32m"text"[39m
                [33mvalue[39m=[32m""[39m
              [36m/>[39m
            [36m</div>[39m
          [36m</div>[39m
          [36m<div[39m
            [33mclass[39m=[32m"grid grid-cols-3 gap-4 text-sm"[39m
          [36m>[39m
            [36m<div>[39m
              [36m<span[39m
                [33mclass[39m=[32m"text-gray-500 dark:text-gray-400"[39m
              [36m>[39m
                [0mIncome:[0m
              [36m</span>[39m
              [36m<span[39m
                [33mclass[39m=[32m"ml-2 font-medium text-green-600 dark:text-green-400"[39m
              [36m>[39m
                [0m$0.00[0m
              [36m</span>[39m
            [36m</div>[39m
            [36m<div>[39m
              [36m<span[39m
                [33mclass[39m=[32m"text-gray-500 dark:text-gray-400"[39m
              [36m>[39m
                [0mExpense:[0m
              [36m</span>[39m
              [36m<span[39m
                [33mclass[39m=[32m"ml-2 font-medium text-red-600 dark:text-red-400"[39m
              [36m>[39m
                [0m$0.00[0m
              [36m</span>[39m
            [36m</div>[39m
            [36m<div>[39m
              [36m<span[39m
                [33mclass[39m=[32m"text-gray-500 dark:text-gray-400"[39m
              [36m>[39m
                [0mNet:[0m
              [36m</span>[39m
              [36m<span[39m
                [33mclass[39m=[32m"ml-2 font-medium text-green-600 dark:text-green-400"[39m
              [36m>[39m
                [0m$0.00[0m
              [36m</span>[39m
            [36m</div>[39m
          [36m</div>[39m
        [36m</div>[39m
        [36m<div[39m
          [33mclass[39m=[32m"flex-1 overflow-y-auto px-6 py-4"[39m
        [36m>[39m
          [36m<div[39m
            [33mclass[39m=[32m"text-center py-12"[39m
          [36m>[39m
            [36m<p[39m
              [33mclass[39m=[32m"text-gray-500 dark:text-gray-400 text-lg"[39m
            [36m>[39m
              [0mNo transactions in this category[0m
            [36m</p>[39m
          [36m</div>[39m
        [36m</div>[39m
        [36m<div[39m
          [33mclass[39m=[32m"px-6 py-4 border-t border-gray-200 dark:border-gray-700"[39m
        [36m>[39m
          [36m<div[39m
            [33mclass[39m=[32m"flex justify-between items-center"[39m
          [36m>[39m
            [36m<p[39m
              [33mclass[39m=[32m"text-sm text-gray-500 dark:text-gray-400"[39m
            [36m>[39m
              [0mShowing [0m
              [0m0[0m
              [0m of [0m
              [0m0[0m
              [0m transactions[0m
            [36m</p>[39m
            [36m<button[39m
              [33mclass[39m=[32m"px-4 py-2 bg-gray-200 dark:bg-gray-700 text-gray-700 dark:text-gray-300 rounded-lg hover:bg-gray-300 dark:hover:bg-gray-600"[39m
            [36m>[39m
              [0mClose[0m
            [36m</button>[39m
          [36m</div>[39m
        [36m</div>[39m
      [36m</div>[39m
    [36m</div>[39m
  [36m</div>[39m
[36m</body>[39m
   × CategoryTransactionsModal > Summary Calculations > calculates totals correctly 6ms
     → Unable to find an element with the text: $200.00. This could be because the text is broken up by multiple elements. In this case, you can provide a function for your text matcher to make your matcher more flexible.

Ignored nodes: comments, script, style
[36m<body>[39m
  [36m<div>[39m
    [36m<div[39m
      [33mclass[39m=[32m"fixed inset-0 bg-black bg-opacity-50 flex items-end sm:items-center justify-center z-50"[39m
    [36m>[39m
      [36m<div[39m
        [33mclass[39m=[32m"bg-white dark:bg-gray-800 rounded-t-lg sm:rounded-lg shadow-xl w-full sm:max-w-4xl max-h-[90vh] sm:max-h-[85vh] flex flex-col"[39m
      [36m>[39m
        [36m<div[39m
          [33mclass[39m=[32m"px-4 sm:px-6 py-3 sm:py-4 border-b border-gray-200 dark:border-gray-700"[39m
        [36m>[39m
          [36m<div[39m
            [33mclass[39m=[32m"flex justify-between items-center"[39m
          [36m>[39m
            [36m<div>[39m
              [36m<h2[39m
                [33mclass[39m=[32m"text-lg sm:text-xl font-semibold text-gray-900 dark:text-white"[39m
              [36m>[39m
                [0mTransactions in "[0m
                [0mFood[0m
                [0m"[0m
              [36m</h2>[39m
              [36m<p[39m
                [33mclass[39m=[32m"text-xs sm:text-sm text-gray-500 dark:text-gray-400 mt-1"[39m
              [36m>[39m
                [0m0[0m
                [0m total transactions[0m
              [36m</p>[39m
            [36m</div>[39m
            [36m<button[39m
              [33mclass[39m=[32m"p-1 -m-1 text-gray-500 hover:text-gray-700 dark:text-gray-400 dark:hover:text-gray-200"[39m
            [36m>[39m
              [36m<div[39m
                [33mdata-testid[39m=[32m"x-icon"[39m
              [36m>[39m
                [0mX[0m
              [36m</div>[39m
            [36m</button>[39m
          [36m</div>[39m
        [36m</div>[39m
        [36m<div[39m
          [33mclass[39m=[32m"px-4 sm:px-6 py-3 sm:py-4 border-b border-gray-200 dark:border-gray-700 space-y-3"[39m
        [36m>[39m
          [36m<div[39m
            [33mclass[39m=[32m"flex flex-wrap gap-2"[39m
          [36m>[39m
            [36m<button[39m
              [33mclass[39m=[32m"px-3 py-1.5 rounded-lg text-sm font-medium transition-colors bg-primary text-white"[39m
            [36m>[39m
              [0mAll Transactions[0m
            [36m</button>[39m
            [36m<button[39m
              [33mclass[39m=[32m"px-3 py-1.5 rounded-lg text-sm font-medium transition-colors bg-gray-100 dark:bg-gray-700 text-gray-700 dark:text-gray-300 hover:bg-gray-200 dark:hover:bg-gray-600"[39m
            [36m>[39m
              [0mAll Income[0m
            [36m</button>[39m
            [36m<button[39m
              [33mclass[39m=[32m"px-3 py-1.5 rounded-lg text-sm font-medium transition-colors bg-gray-100 dark:bg-gray-700 text-gray-700 dark:text-gray-300 hover:bg-gray-200 dark:hover:bg-gray-600"[39m
            [36m>[39m
              [0mAll Outgoings[0m
            [36m</button>[39m
          [36m</div>[39m
          [36m<div[39m
            [33mclass[39m=[32m"flex flex-col gap-3"[39m
          [36m>[39m
            [36m<div[39m
              [33mclass[39m=[32m"flex flex-wrap gap-2 items-center"[39m
            [36m>[39m
              [36m<div[39m
                [33mclass[39m=[32m"text-gray-400 hidden sm:block"[39m
                [33mdata-testid[39m=[32m"calendar-icon"[39m
              [36m>[39m
                [0mCalendar[0m
              [36m</div>[39m
              [36m<div[39m
                [33mclass[39m=[32m"flex flex-wrap gap-2 items-center flex-1"[39m
              [36m>[39m
                [36m<input[39m
                  [33mclass[39m=[32m"flex-1 min-w-[130px] px-2 py-1.5 border border-gray-300 dark:border-gray-600 rounded-lg dark:bg-gray-700 dark:text-white text-sm"[39m
                  [33mtype[39m=[32m"date"[39m
                  [33mvalue[39m=[32m""[39m
                [36m/>[39m
                [36m<span[39m
                  [33mclass[39m=[32m"text-gray-500 dark:text-gray-400 text-sm"[39m
                [36m>[39m
                  [0mto[0m
                [36m</span>[39m
                [36m<input[39m
                  [33mclass[39m=[32m"flex-1 min-w-[130px] px-2 py-1.5 border border-gray-300 dark:border-gray-600 rounded-lg dark:bg-gray-700 dark:text-white text-sm"[39m
                  [33mtype[39m=[32m"date"[39m
                  [33mvalue[39m=[32m""[39m
                [36m/>[39m
              [36m</div>[39m
            [36m</div>[39m
            [36m<div[39m
              [33mclass[39m=[32m"relative"[39m
            [36m>[39m
              [36m<div[39m
                [33mclass[39m=[32m"absolute left-3 top-1/2 transform -translate-y-1/2 text-gray-400"[39m
                [33mdata-testid[39m=[32m"search-icon"[39m
              [36m>[39m
                [0mSearch[0m
              [36m</div>[39m
              [36m<input[39m
                [33mclass[39m=[32m"w-full pl-9 pr-3 py-1.5 border border-gray-300 dark:border-gray-600 rounded-lg dark:bg-gray-700 dark:text-white text-sm"[39m
                [33mplaceholder[39m=[32m"Search transactions..."[39m
                [33mtype[39m=[32m"text"[39m
                [33mvalue[39m=[32m""[39m
              [36m/>[39m
            [36m</div>[39m
          [36m</div>[39m
          [36m<div[39m
            [33mclass[39m=[32m"grid grid-cols-3 gap-4 text-sm"[39m
          [36m>[39m
            [36m<div>[39m
              [36m<span[39m
                [33mclass[39m=[32m"text-gray-500 dark:text-gray-400"[39m
              [36m>[39m
                [0mIncome:[0m
              [36m</span>[39m
              [36m<span[39m
                [33mclass[39m=[32m"ml-2 font-medium text-green-600 dark:text-green-400"[39m
              [36m>[39m
                [0m$0.00[0m
              [36m</span>[39m
            [36m</div>[39m
            [36m<div>[39m
              [36m<span[39m
                [33mclass[39m=[32m"text-gray-500 dark:text-gray-400"[39m
              [36m>[39m
                [0mExpense:[0m
              [36m</span>[39m
              [36m<span[39m
                [33mclass[39m=[32m"ml-2 font-medium text-red-600 dark:text-red-400"[39m
              [36m>[39m
                [0m$0.00[0m
              [36m</span>[39m
            [36m</div>[39m
            [36m<div>[39m
              [36m<span[39m
                [33mclass[39m=[32m"text-gray-500 dark:text-gray-400"[39m
              [36m>[39m
                [0mNet:[0m
              [36m</span>[39m
              [36m<span[39m
                [33mclass[39m=[32m"ml-2 font-medium text-green-600 dark:text-green-400"[39m
              [36m>[39m
                [0m$0.00[0m
              [36m</span>[39m
            [36m</div>[39m
          [36m</div>[39m
        [36m</div>[39m
        [36m<div[39m
          [33mclass[39m=[32m"flex-1 overflow-y-auto px-6 py-4"[39m
        [36m>[39m
          [36m<div[39m
            [33mclass[39m=[32m"text-center py-12"[39m
          [36m>[39m
            [36m<p[39m
              [33mclass[39m=[32m"text-gray-500 dark:text-gray-400 text-lg"[39m
            [36m>[39m
              [0mNo transactions in this category[0m
            [36m</p>[39m
          [36m</div>[39m
        [36m</div>[39m
        [36m<div[39m
          [33mclass[39m=[32m"px-6 py-4 border-t border-gray-200 dark:border-gray-700"[39m
        [36m>[39m
          [36m<div[39m
            [33mclass[39m=[32m"flex justify-between items-center"[39m
          [36m>[39m
            [36m<p[39m
              [33mclass[39m=[32m"text-sm text-gray-500 dark:text-gray-400"[39m
            [36m>[39m
              [0mShowing [0m
              [0m0[0m
              [0m of [0m
              [0m0[0m
              [0m transactions[0m
            [36m</p>[39m
            [36m<button[39m
              [33mclass[39m=[32m"px-4 py-2 bg-gray-200 dark:bg-gray-700 text-gray-700 dark:text-gray-300 rounded-lg hover:bg-gray-300 dark:hover:bg-gray-600"[39m
            [36m>[39m
              [0mClose[0m
            [36m</button>[39m
          [36m</div>[39m
        [36m</div>[39m
      [36m</div>[39m
    [36m</div>[39m
  [36m</div>[39m
[36m</body>[39m
   ✓ CategoryTransactionsModal > Summary Calculations > shows transfer labels for transfer category 3ms
   ✓ CategoryTransactionsModal > Summary Calculations > shows checkmark for balanced transfers 3ms
   × CategoryTransactionsModal > Filter Functionality > filters by transaction type - income 11ms
     → Unable to find an element with the text: Food Delivery Service. This could be because the text is broken up by multiple elements. In this case, you can provide a function for your text matcher to make your matcher more flexible.

Ignored nodes: comments, script, style
[36m<body>[39m
  [36m<div>[39m
    [36m<div[39m
      [33mclass[39m=[32m"fixed inset-0 bg-black bg-opacity-50 flex items-end sm:items-center justify-center z-50"[39m
    [36m>[39m
      [36m<div[39m
        [33mclass[39m=[32m"bg-white dark:bg-gray-800 rounded-t-lg sm:rounded-lg shadow-xl w-full sm:max-w-4xl max-h-[90vh] sm:max-h-[85vh] flex flex-col"[39m
      [36m>[39m
        [36m<div[39m
          [33mclass[39m=[32m"px-4 sm:px-6 py-3 sm:py-4 border-b border-gray-200 dark:border-gray-700"[39m
        [36m>[39m
          [36m<div[39m
            [33mclass[39m=[32m"flex justify-between items-center"[39m
          [36m>[39m
            [36m<div>[39m
              [36m<h2[39m
                [33mclass[39m=[32m"text-lg sm:text-xl font-semibold text-gray-900 dark:text-white"[39m
              [36m>[39m
                [0mTransactions in "[0m
                [0mFood[0m
                [0m"[0m
              [36m</h2>[39m
              [36m<p[39m
                [33mclass[39m=[32m"text-xs sm:text-sm text-gray-500 dark:text-gray-400 mt-1"[39m
              [36m>[39m
                [0m0[0m
                [0m total transactions[0m
              [36m</p>[39m
            [36m</div>[39m
            [36m<button[39m
              [33mclass[39m=[32m"p-1 -m-1 text-gray-500 hover:text-gray-700 dark:text-gray-400 dark:hover:text-gray-200"[39m
            [36m>[39m
              [36m<div[39m
                [33mdata-testid[39m=[32m"x-icon"[39m
              [36m>[39m
                [0mX[0m
              [36m</div>[39m
            [36m</button>[39m
          [36m</div>[39m
        [36m</div>[39m
        [36m<div[39m
          [33mclass[39m=[32m"px-4 sm:px-6 py-3 sm:py-4 border-b border-gray-200 dark:border-gray-700 space-y-3"[39m
        [36m>[39m
          [36m<div[39m
            [33mclass[39m=[32m"flex flex-wrap gap-2"[39m
          [36m>[39m
            [36m<button[39m
              [33mclass[39m=[32m"px-3 py-1.5 rounded-lg text-sm font-medium transition-colors bg-gray-100 dark:bg-gray-700 text-gray-700 dark:text-gray-300 hover:bg-gray-200 dark:hover:bg-gray-600"[39m
            [36m>[39m
              [0mAll Transactions[0m
            [36m</button>[39m
            [36m<button[39m
              [33mclass[39m=[32m"px-3 py-1.5 rounded-lg text-sm font-medium transition-colors bg-green-500 text-white"[39m
            [36m>[39m
              [0mAll Income[0m
            [36m</button>[39m
            [36m<button[39m
              [33mclass[39m=[32m"px-3 py-1.5 rounded-lg text-sm font-medium transition-colors bg-gray-100 dark:bg-gray-700 text-gray-700 dark:text-gray-300 hover:bg-gray-200 dark:hover:bg-gray-600"[39m
            [36m>[39m
              [0mAll Outgoings[0m
            [36m</button>[39m
          [36m</div>[39m
          [36m<div[39m
            [33mclass[39m=[32m"flex flex-col gap-3"[39m
          [36m>[39m
            [36m<div[39m
              [33mclass[39m=[32m"flex flex-wrap gap-2 items-center"[39m
            [36m>[39m
              [36m<div[39m
                [33mclass[39m=[32m"text-gray-400 hidden sm:block"[39m
                [33mdata-testid[39m=[32m"calendar-icon"[39m
              [36m>[39m
                [0mCalendar[0m
              [36m</div>[39m
              [36m<div[39m
                [33mclass[39m=[32m"flex flex-wrap gap-2 items-center flex-1"[39m
              [36m>[39m
                [36m<input[39m
                  [33mclass[39m=[32m"flex-1 min-w-[130px] px-2 py-1.5 border border-gray-300 dark:border-gray-600 rounded-lg dark:bg-gray-700 dark:text-white text-sm"[39m
                  [33mtype[39m=[32m"date"[39m
                  [33mvalue[39m=[32m""[39m
                [36m/>[39m
                [36m<span[39m
                  [33mclass[39m=[32m"text-gray-500 dark:text-gray-400 text-sm"[39m
                [36m>[39m
                  [0mto[0m
                [36m</span>[39m
                [36m<input[39m
                  [33mclass[39m=[32m"flex-1 min-w-[130px] px-2 py-1.5 border border-gray-300 dark:border-gray-600 rounded-lg dark:bg-gray-700 dark:text-white text-sm"[39m
                  [33mtype[39m=[32m"date"[39m
                  [33mvalue[39m=[32m""[39m
                [36m/>[39m
              [36m</div>[39m
            [36m</div>[39m
            [36m<div[39m
              [33mclass[39m=[32m"relative"[39m
            [36m>[39m
              [36m<div[39m
                [33mclass[39m=[32m"absolute left-3 top-1/2 transform -translate-y-1/2 text-gray-400"[39m
                [33mdata-testid[39m=[32m"search-icon"[39m
              [36m>[39m
                [0mSearch[0m
              [36m</div>[39m
              [36m<input[39m
                [33mclass[39m=[32m"w-full pl-9 pr-3 py-1.5 border border-gray-300 dark:border-gray-600 rounded-lg dark:bg-gray-700 dark:text-white text-sm"[39m
                [33mplaceholder[39m=[32m"Search transactions..."[39m
                [33mtype[39m=[32m"text"[39m
                [33mvalue[39m=[32m""[39m
              [36m/>[39m
            [36m</div>[39m
          [36m</div>[39m
          [36m<div[39m
            [33mclass[39m=[32m"grid grid-cols-3 gap-4 text-sm"[39m
          [36m>[39m
            [36m<div>[39m
              [36m<span[39m
                [33mclass[39m=[32m"text-gray-500 dark:text-gray-400"[39m
              [36m>[39m
                [0mIncome:[0m
              [36m</span>[39m
              [36m<span[39m
                [33mclass[39m=[32m"ml-2 font-medium text-green-600 dark:text-green-400"[39m
              [36m>[39m
                [0m$0.00[0m
              [36m</span>[39m
            [36m</div>[39m
            [36m<div>[39m
              [36m<span[39m
                [33mclass[39m=[32m"text-gray-500 dark:text-gray-400"[39m
              [36m>[39m
                [0mExpense:[0m
              [36m</span>[39m
              [36m<span[39m
                [33mclass[39m=[32m"ml-2 font-medium text-red-600 dark:text-red-400"[39m
              [36m>[39m
                [0m$0.00[0m
              [36m</span>[39m
            [36m</div>[39m
            [36m<div>[39m
              [36m<span[39m
                [33mclass[39m=[32m"text-gray-500 dark:text-gray-400"[39m
              [36m>[39m
                [0mNet:[0m
              [36m</span>[39m
              [36m<span[39m
                [33mclass[39m=[32m"ml-2 font-medium text-green-600 dark:text-green-400"[39m
              [36m>[39m
                [0m$0.00[0m
              [36m</span>[39m
            [36m</div>[39m
          [36m</div>[39m
        [36m</div>[39m
        [36m<div[39m
          [33mclass[39m=[32m"flex-1 overflow-y-auto px-6 py-4"[39m
        [36m>[39m
          [36m<div[39m
            [33mclass[39m=[32m"text-center py-12"[39m
          [36m>[39m
            [36m<p[39m
              [33mclass[39m=[32m"text-gray-500 dark:text-gray-400 text-lg"[39m
            [36m>[39m
              [0mNo matching transactions found[0m
            [36m</p>[39m
            [36m<p[39m
              [33mclass[39m=[32m"text-sm text-gray-400 dark:text-gray-500 mt-2"[39m
            [36m>[39m
              [0mTry adjusting your filters or date range[0m
            [36m</p>[39m
          [36m</div>[39m
        [36m</div>[39m
        [36m<div[39m
          [33mclass[39m=[32m"px-6 py-4 border-t border-gray-200 dark:border-gray-700"[39m
        [36m>[39m
          [36m<div[39m
            [33mclass[39m=[32m"flex justify-between items-center"[39m
          [36m>[39m
            [36m<p[39m
              [33mclass[39m=[32m"text-sm text-gray-500 dark:text-gray-400"[39m
            [36m>[39m
              [0mShowing [0m
              [0m0[0m
              [0m of [0m
              [0m0[0m
              [0m transactions[0m
            [36m</p>[39m
            [36m<button[39m
              [33mclass[39m=[32m"px-4 py-2 bg-gray-200 dark:bg-gray-700 text-gray-700 dark:text-gray-300 rounded-lg hover:bg-gray-300 dark:hover:bg-gray-600"[39m
            [36m>[39m
              [0mClose[0m
            [36m</button>[39m
          [36m</div>[39m
        [36m</div>[39m
      [36m</div>[39m
    [36m</div>[39m
  [36m</div>[39m
[36m</body>[39m
   × CategoryTransactionsModal > Filter Functionality > filters by transaction type - expense 6ms
     → Unable to find an element with the text: Grocery Store. This could be because the text is broken up by multiple elements. In this case, you can provide a function for your text matcher to make your matcher more flexible.

Ignored nodes: comments, script, style
[36m<body>[39m
  [36m<div>[39m
    [36m<div[39m
      [33mclass[39m=[32m"fixed inset-0 bg-black bg-opacity-50 flex items-end sm:items-center justify-center z-50"[39m
    [36m>[39m
      [36m<div[39m
        [33mclass[39m=[32m"bg-white dark:bg-gray-800 rounded-t-lg sm:rounded-lg shadow-xl w-full sm:max-w-4xl max-h-[90vh] sm:max-h-[85vh] flex flex-col"[39m
      [36m>[39m
        [36m<div[39m
          [33mclass[39m=[32m"px-4 sm:px-6 py-3 sm:py-4 border-b border-gray-200 dark:border-gray-700"[39m
        [36m>[39m
          [36m<div[39m
            [33mclass[39m=[32m"flex justify-between items-center"[39m
          [36m>[39m
            [36m<div>[39m
              [36m<h2[39m
                [33mclass[39m=[32m"text-lg sm:text-xl font-semibold text-gray-900 dark:text-white"[39m
              [36m>[39m
                [0mTransactions in "[0m
                [0mFood[0m
                [0m"[0m
              [36m</h2>[39m
              [36m<p[39m
                [33mclass[39m=[32m"text-xs sm:text-sm text-gray-500 dark:text-gray-400 mt-1"[39m
              [36m>[39m
                [0m0[0m
                [0m total transactions[0m
              [36m</p>[39m
            [36m</div>[39m
            [36m<button[39m
              [33mclass[39m=[32m"p-1 -m-1 text-gray-500 hover:text-gray-700 dark:text-gray-400 dark:hover:text-gray-200"[39m
            [36m>[39m
              [36m<div[39m
                [33mdata-testid[39m=[32m"x-icon"[39m
              [36m>[39m
                [0mX[0m
              [36m</div>[39m
            [36m</button>[39m
          [36m</div>[39m
        [36m</div>[39m
        [36m<div[39m
          [33mclass[39m=[32m"px-4 sm:px-6 py-3 sm:py-4 border-b border-gray-200 dark:border-gray-700 space-y-3"[39m
        [36m>[39m
          [36m<div[39m
            [33mclass[39m=[32m"flex flex-wrap gap-2"[39m
          [36m>[39m
            [36m<button[39m
              [33mclass[39m=[32m"px-3 py-1.5 rounded-lg text-sm font-medium transition-colors bg-gray-100 dark:bg-gray-700 text-gray-700 dark:text-gray-300 hover:bg-gray-200 dark:hover:bg-gray-600"[39m
            [36m>[39m
              [0mAll Transactions[0m
            [36m</button>[39m
            [36m<button[39m
              [33mclass[39m=[32m"px-3 py-1.5 rounded-lg text-sm font-medium transition-colors bg-gray-100 dark:bg-gray-700 text-gray-700 dark:text-gray-300 hover:bg-gray-200 dark:hover:bg-gray-600"[39m
            [36m>[39m
              [0mAll Income[0m
            [36m</button>[39m
            [36m<button[39m
              [33mclass[39m=[32m"px-3 py-1.5 rounded-lg text-sm font-medium transition-colors bg-red-500 text-white"[39m
            [36m>[39m
              [0mAll Outgoings[0m
            [36m</button>[39m
          [36m</div>[39m
          [36m<div[39m
            [33mclass[39m=[32m"flex flex-col gap-3"[39m
          [36m>[39m
            [36m<div[39m
              [33mclass[39m=[32m"flex flex-wrap gap-2 items-center"[39m
            [36m>[39m
              [36m<div[39m
                [33mclass[39m=[32m"text-gray-400 hidden sm:block"[39m
                [33mdata-testid[39m=[32m"calendar-icon"[39m
              [36m>[39m
                [0mCalendar[0m
              [36m</div>[39m
              [36m<div[39m
                [33mclass[39m=[32m"flex flex-wrap gap-2 items-center flex-1"[39m
              [36m>[39m
                [36m<input[39m
                  [33mclass[39m=[32m"flex-1 min-w-[130px] px-2 py-1.5 border border-gray-300 dark:border-gray-600 rounded-lg dark:bg-gray-700 dark:text-white text-sm"[39m
                  [33mtype[39m=[32m"date"[39m
                  [33mvalue[39m=[32m""[39m
                [36m/>[39m
                [36m<span[39m
                  [33mclass[39m=[32m"text-gray-500 dark:text-gray-400 text-sm"[39m
                [36m>[39m
                  [0mto[0m
                [36m</span>[39m
                [36m<input[39m
                  [33mclass[39m=[32m"flex-1 min-w-[130px] px-2 py-1.5 border border-gray-300 dark:border-gray-600 rounded-lg dark:bg-gray-700 dark:text-white text-sm"[39m
                  [33mtype[39m=[32m"date"[39m
                  [33mvalue[39m=[32m""[39m
                [36m/>[39m
              [36m</div>[39m
            [36m</div>[39m
            [36m<div[39m
              [33mclass[39m=[32m"relative"[39m
            [36m>[39m
              [36m<div[39m
                [33mclass[39m=[32m"absolute left-3 top-1/2 transform -translate-y-1/2 text-gray-400"[39m
                [33mdata-testid[39m=[32m"search-icon"[39m
              [36m>[39m
                [0mSearch[0m
              [36m</div>[39m
              [36m<input[39m
                [33mclass[39m=[32m"w-full pl-9 pr-3 py-1.5 border border-gray-300 dark:border-gray-600 rounded-lg dark:bg-gray-700 dark:text-white text-sm"[39m
                [33mplaceholder[39m=[32m"Search transactions..."[39m
                [33mtype[39m=[32m"text"[39m
                [33mvalue[39m=[32m""[39m
              [36m/>[39m
            [36m</div>[39m
          [36m</div>[39m
          [36m<div[39m
            [33mclass[39m=[32m"grid grid-cols-3 gap-4 text-sm"[39m
          [36m>[39m
            [36m<div>[39m
              [36m<span[39m
                [33mclass[39m=[32m"text-gray-500 dark:text-gray-400"[39m
              [36m>[39m
                [0mIncome:[0m
              [36m</span>[39m
              [36m<span[39m
                [33mclass[39m=[32m"ml-2 font-medium text-green-600 dark:text-green-400"[39m
              [36m>[39m
                [0m$0.00[0m
              [36m</span>[39m
            [36m</div>[39m
            [36m<div>[39m
              [36m<span[39m
                [33mclass[39m=[32m"text-gray-500 dark:text-gray-400"[39m
              [36m>[39m
                [0mExpense:[0m
              [36m</span>[39m
              [36m<span[39m
                [33mclass[39m=[32m"ml-2 font-medium text-red-600 dark:text-red-400"[39m
              [36m>[39m
                [0m$0.00[0m
              [36m</span>[39m
            [36m</div>[39m
            [36m<div>[39m
              [36m<span[39m
                [33mclass[39m=[32m"text-gray-500 dark:text-gray-400"[39m
              [36m>[39m
                [0mNet:[0m
              [36m</span>[39m
              [36m<span[39m
                [33mclass[39m=[32m"ml-2 font-medium text-green-600 dark:text-green-400"[39m
              [36m>[39m
                [0m$0.00[0m
              [36m</span>[39m
            [36m</div>[39m
          [36m</div>[39m
        [36m</div>[39m
        [36m<div[39m
          [33mclass[39m=[32m"flex-1 overflow-y-auto px-6 py-4"[39m
        [36m>[39m
          [36m<div[39m
            [33mclass[39m=[32m"text-center py-12"[39m
          [36m>[39m
            [36m<p[39m
              [33mclass[39m=[32m"text-gray-500 dark:text-gray-400 text-lg"[39m
            [36m>[39m
              [0mNo matching transactions found[0m
            [36m</p>[39m
            [36m<p[39m
              [33mclass[39m=[32m"text-sm text-gray-400 dark:text-gray-500 mt-2"[39m
            [36m>[39m
              [0mTry adjusting your filters or date range[0m
            [36m</p>[39m
          [36m</div>[39m
        [36m</div>[39m
        [36m<div[39m
          [33mclass[39m=[32m"px-6 py-4 border-t border-gray-200 dark:border-gray-700"[39m
        [36m>[39m
          [36m<div[39m
            [33mclass[39m=[32m"flex justify-between items-center"[39m
          [36m>[39m
            [36m<p[39m
              [33mclass[39m=[32m"text-sm text-gray-500 dark:text-gray-400"[39m
            [36m>[39m
              [0mShowing [0m
              [0m0[0m
              [0m of [0m
              [0m0[0m
              [0m transactions[0m
            [36m</p>[39m
            [36m<button[39m
              [33mclass[39m=[32m"px-4 py-2 bg-gray-200 dark:bg-gray-700 text-gray-700 dark:text-gray-300 rounded-lg hover:bg-gray-300 dark:hover:bg-gray-600"[39m
            [36m>[39m
              [0mClose[0m
            [36m</button>[39m
          [36m</div>[39m
        [36m</div>[39m
      [36m</div>[39m
    [36m</div>[39m
  [36m</div>[39m
[36m</body>[39m
   ✓ CategoryTransactionsModal > Filter Functionality > highlights active filter button 5ms
   × CategoryTransactionsModal > Filter Functionality > filters by date range 6ms
     → Unable to find an element with the text: Grocery Store. This could be because the text is broken up by multiple elements. In this case, you can provide a function for your text matcher to make your matcher more flexible.

Ignored nodes: comments, script, style
[36m<body>[39m
  [36m<div>[39m
    [36m<div[39m
      [33mclass[39m=[32m"fixed inset-0 bg-black bg-opacity-50 flex items-end sm:items-center justify-center z-50"[39m
    [36m>[39m
      [36m<div[39m
        [33mclass[39m=[32m"bg-white dark:bg-gray-800 rounded-t-lg sm:rounded-lg shadow-xl w-full sm:max-w-4xl max-h-[90vh] sm:max-h-[85vh] flex flex-col"[39m
      [36m>[39m
        [36m<div[39m
          [33mclass[39m=[32m"px-4 sm:px-6 py-3 sm:py-4 border-b border-gray-200 dark:border-gray-700"[39m
        [36m>[39m
          [36m<div[39m
            [33mclass[39m=[32m"flex justify-between items-center"[39m
          [36m>[39m
            [36m<div>[39m
              [36m<h2[39m
                [33mclass[39m=[32m"text-lg sm:text-xl font-semibold text-gray-900 dark:text-white"[39m
              [36m>[39m
                [0mTransactions in "[0m
                [0mFood[0m
                [0m"[0m
              [36m</h2>[39m
              [36m<p[39m
                [33mclass[39m=[32m"text-xs sm:text-sm text-gray-500 dark:text-gray-400 mt-1"[39m
              [36m>[39m
                [0m0[0m
                [0m total transactions[0m
              [36m</p>[39m
            [36m</div>[39m
            [36m<button[39m
              [33mclass[39m=[32m"p-1 -m-1 text-gray-500 hover:text-gray-700 dark:text-gray-400 dark:hover:text-gray-200"[39m
            [36m>[39m
              [36m<div[39m
                [33mdata-testid[39m=[32m"x-icon"[39m
              [36m>[39m
                [0mX[0m
              [36m</div>[39m
            [36m</button>[39m
          [36m</div>[39m
        [36m</div>[39m
        [36m<div[39m
          [33mclass[39m=[32m"px-4 sm:px-6 py-3 sm:py-4 border-b border-gray-200 dark:border-gray-700 space-y-3"[39m
        [36m>[39m
          [36m<div[39m
            [33mclass[39m=[32m"flex flex-wrap gap-2"[39m
          [36m>[39m
            [36m<button[39m
              [33mclass[39m=[32m"px-3 py-1.5 rounded-lg text-sm font-medium transition-colors bg-primary text-white"[39m
            [36m>[39m
              [0mAll Transactions[0m
            [36m</button>[39m
            [36m<button[39m
              [33mclass[39m=[32m"px-3 py-1.5 rounded-lg text-sm font-medium transition-colors bg-gray-100 dark:bg-gray-700 text-gray-700 dark:text-gray-300 hover:bg-gray-200 dark:hover:bg-gray-600"[39m
            [36m>[39m
              [0mAll Income[0m
            [36m</button>[39m
            [36m<button[39m
              [33mclass[39m=[32m"px-3 py-1.5 rounded-lg text-sm font-medium transition-colors bg-gray-100 dark:bg-gray-700 text-gray-700 dark:text-gray-300 hover:bg-gray-200 dark:hover:bg-gray-600"[39m
            [36m>[39m
              [0mAll Outgoings[0m
            [36m</button>[39m
          [36m</div>[39m
          [36m<div[39m
            [33mclass[39m=[32m"flex flex-col gap-3"[39m
          [36m>[39m
            [36m<div[39m
              [33mclass[39m=[32m"flex flex-wrap gap-2 items-center"[39m
            [36m>[39m
              [36m<div[39m
                [33mclass[39m=[32m"text-gray-400 hidden sm:block"[39m
                [33mdata-testid[39m=[32m"calendar-icon"[39m
              [36m>[39m
                [0mCalendar[0m
              [36m</div>[39m
              [36m<div[39m
                [33mclass[39m=[32m"flex flex-wrap gap-2 items-center flex-1"[39m
              [36m>[39m
                [36m<input[39m
                  [33mclass[39m=[32m"flex-1 min-w-[130px] px-2 py-1.5 border border-gray-300 dark:border-gray-600 rounded-lg dark:bg-gray-700 dark:text-white text-sm"[39m
                  [33mtype[39m=[32m"date"[39m
                  [33mvalue[39m=[32m"2024-01-10"[39m
                [36m/>[39m
                [36m<span[39m
                  [33mclass[39m=[32m"text-gray-500 dark:text-gray-400 text-sm"[39m
                [36m>[39m
                  [0mto[0m
                [36m</span>[39m
                [36m<input[39m
                  [33mclass[39m=[32m"flex-1 min-w-[130px] px-2 py-1.5 border border-gray-300 dark:border-gray-600 rounded-lg dark:bg-gray-700 dark:text-white text-sm"[39m
                  [33mtype[39m=[32m"date"[39m
                  [33mvalue[39m=[32m""[39m
                [36m/>[39m
              [36m</div>[39m
            [36m</div>[39m
            [36m<div[39m
              [33mclass[39m=[32m"relative"[39m
            [36m>[39m
              [36m<div[39m
                [33mclass[39m=[32m"absolute left-3 top-1/2 transform -translate-y-1/2 text-gray-400"[39m
                [33mdata-testid[39m=[32m"search-icon"[39m
              [36m>[39m
                [0mSearch[0m
              [36m</div>[39m
              [36m<input[39m
                [33mclass[39m=[32m"w-full pl-9 pr-3 py-1.5 border border-gray-300 dark:border-gray-600 rounded-lg dark:bg-gray-700 dark:text-white text-sm"[39m
                [33mplaceholder[39m=[32m"Search transactions..."[39m
                [33mtype[39m=[32m"text"[39m
                [33mvalue[39m=[32m""[39m
              [36m/>[39m
            [36m</div>[39m
          [36m</div>[39m
          [36m<div[39m
            [33mclass[39m=[32m"grid grid-cols-3 gap-4 text-sm"[39m
          [36m>[39m
            [36m<div>[39m
              [36m<span[39m
                [33mclass[39m=[32m"text-gray-500 dark:text-gray-400"[39m
              [36m>[39m
                [0mIncome:[0m
              [36m</span>[39m
              [36m<span[39m
                [33mclass[39m=[32m"ml-2 font-medium text-green-600 dark:text-green-400"[39m
              [36m>[39m
                [0m$0.00[0m
              [36m</span>[39m
            [36m</div>[39m
            [36m<div>[39m
              [36m<span[39m
                [33mclass[39m=[32m"text-gray-500 dark:text-gray-400"[39m
              [36m>[39m
                [0mExpense:[0m
              [36m</span>[39m
              [36m<span[39m
                [33mclass[39m=[32m"ml-2 font-medium text-red-600 dark:text-red-400"[39m
              [36m>[39m
                [0m$0.00[0m
              [36m</span>[39m
            [36m</div>[39m
            [36m<div>[39m
              [36m<span[39m
                [33mclass[39m=[32m"text-gray-500 dark:text-gray-400"[39m
              [36m>[39m
                [0mNet:[0m
              [36m</span>[39m
              [36m<span[39m
                [33mclass[39m=[32m"ml-2 font-medium text-green-600 dark:text-green-400"[39m
              [36m>[39m
                [0m$0.00[0m
              [36m</span>[39m
            [36m</div>[39m
          [36m</div>[39m
        [36m</div>[39m
        [36m<div[39m
          [33mclass[39m=[32m"flex-1 overflow-y-auto px-6 py-4"[39m
        [36m>[39m
          [36m<div[39m
            [33mclass[39m=[32m"text-center py-12"[39m
          [36m>[39m
            [36m<p[39m
              [33mclass[39m=[32m"text-gray-500 dark:text-gray-400 text-lg"[39m
            [36m>[39m
              [0mNo matching transactions found[0m
            [36m</p>[39m
            [36m<p[39m
              [33mclass[39m=[32m"text-sm text-gray-400 dark:text-gray-500 mt-2"[39m
            [36m>[39m
              [0mTry adjusting your filters or date range[0m
            [36m</p>[39m
          [36m</div>[39m
        [36m</div>[39m
        [36m<div[39m
          [33mclass[39m=[32m"px-6 py-4 border-t border-gray-200 dark:border-gray-700"[39m
        [36m>[39m
          [36m<div[39m
            [33mclass[39m=[32m"flex justify-between items-center"[39m
          [36m>[39m
            [36m<p[39m
              [33mclass[39m=[32m"text-sm text-gray-500 dark:text-gray-400"[39m
            [36m>[39m
              [0mShowing [0m
              [0m0[0m
              [0m of [0m
              [0m0[0m
              [0m transactions[0m
            [36m</p>[39m
            [36m<button[39m
              [33mclass[39m=[32m"px-4 py-2 bg-gray-200 dark:bg-gray-700 text-gray-700 dark:text-gray-300 rounded-lg hover:bg-gray-300 dark:hover:bg-gray-600"[39m
            [36m>[39m
              [0mClose[0m
            [36m</button>[39m
          [36m</div>[39m
        [36m</div>[39m
      [36m</div>[39m
    [36m</div>[39m
  [36m</div>[39m
[36m</body>[39m
   × CategoryTransactionsModal > Filter Functionality > sets initial date range from transactions 1011ms
     → [2mexpect([22m[31melement[39m[2m).toHaveValue([22m[32m2024-01-05[39m[2m)[22m

Expected the element to have value:
[32m  2024-01-05[39m
Received:
[31m[39m

Ignored nodes: comments, script, style
[36m<html>[39m
  [36m<head />[39m
  [36m<body>[39m
    [36m<div>[39m
      [36m<div[39m
        [33mclass[39m=[32m"fixed inset-0 bg-black bg-opacity-50 flex items-end sm:items-center justify-center z-50"[39m
      [36m>[39m
        [36m<div[39m
          [33mclass[39m=[32m"bg-white dark:bg-gray-800 rounded-t-lg sm:rounded-lg shadow-xl w-full sm:max-w-4xl max-h-[90vh] sm:max-h-[85vh] flex flex-col"[39m
        [36m>[39m
          [36m<div[39m
            [33mclass[39m=[32m"px-4 sm:px-6 py-3 sm:py-4 border-b border-gray-200 dark:border-gray-700"[39m
          [36m>[39m
            [36m<div[39m
              [33mclass[39m=[32m"flex justify-between items-center"[39m
            [36m>[39m
              [36m<div>[39m
                [36m<h2[39m
                  [33mclass[39m=[32m"text-lg sm:text-xl font-semibold text-gray-900 dark:text-white"[39m
                [36m>[39m
                  [0mTransactions in "[0m
                  [0mFood[0m
                  [0m"[0m
                [36m</h2>[39m
                [36m<p[39m
                  [33mclass[39m=[32m"text-xs sm:text-sm text-gray-500 dark:text-gray-400 mt-1"[39m
                [36m>[39m
                  [0m0[0m
                  [0m total transactions[0m
                [36m</p>[39m
              [36m</div>[39m
              [36m<button[39m
                [33mclass[39m=[32m"p-1 -m-1 text-gray-500 hover:text-gray-700 dark:text-gray-400 dark:hover:text-gray-200"[39m
              [36m>[39m
                [36m<div[39m
                  [33mdata-testid[39m=[32m"x-icon"[39m
                [36m>[39m
                  [0mX[0m
                [36m</div>[39m
              [36m</button>[39m
            [36m</div>[39m
          [36m</div>[39m
          [36m<div[39m
            [33mclass[39m=[32m"px-4 sm:px-6 py-3 sm:py-4 border-b border-gray-200 dark:border-gray-700 space-y-3"[39m
          [36m>[39m
            [36m<div[39m
              [33mclass[39m=[32m"flex flex-wrap gap-2"[39m
            [36m>[39m
              [36m<button[39m
                [33mclass[39m=[32m"px-3 py-1.5 rounded-lg text-sm font-medium transition-colors bg-primary text-white"[39m
              [36m>[39m
                [0mAll Transactions[0m
              [36m</button>[39m
              [36m<button[39m
                [33mclass[39m=[32m"px-3 py-1.5 rounded-lg text-sm font-medium transition-colors bg-gray-100 dark:bg-gray-700 text-gray-700 dark:text-gray-300 hover:bg-gray-200 dark:hover:bg-gray-600"[39m
              [36m>[39m
                [0mAll Income[0m
              [36m</button>[39m
              [36m<button[39m
                [33mclass[39m=[32m"px-3 py-1.5 rounded-lg text-sm font-medium transition-colors bg-gray-100 dark:bg-gray-700 text-gray-700 dark:text-gray-300 hover:bg-gray-200 dark:hover:bg-gray-600"[39m
              [36m>[39m
                [0mAll Outgoings[0m
              [36m</button>[39m
            [36m</div>[39m
            [36m<div[39m
              [33mclass[39m=[32m"flex flex-col gap-3"[39m
            [36m>[39m
              [36m<div[39m
                [33mclass[39m=[32m"flex flex-wrap gap-2 items-center"[39m
              [36m>[39m
                [36m<div[39m
                  [33mclass[39m=[32m"text-gray-400 hidden sm:block"[39m
                  [33mdata-testid[39m=[32m"calendar-icon"[39m
                [36m>[39m
                  [0mCalendar[0m
                [36m</div>[39m
                [36m<div[39m
                  [33mclass[39m=[32m"flex flex-wrap gap-2 items-center flex-1"[39m
                [36m>[39m
                  [36m<input[39m
                    [33mclass[39m=[32m"flex-1 min-w-[130px] px-2 py-1.5 border border-gray-300 dark:border-gray-600 rounded-lg dark:bg-gray-700 dark:text-white text-sm"[39m
                    [33mtype[39m=[32m"date"[39m
                    [33mvalue[39m=[32m""[39m
                  [36m/>[39m
                  [36m<span[39m
                    [33mclass[39m=[32m"text-gray-500 dark:text-gray-400 text-sm"[39m
                  [36m>[39m
                    [0mto[0m
                  [36m</span>[39m
                  [36m<input[39m
                    [33mclass[39m=[32m"flex-1 min-w-[130px] px-2 py-1.5 border border-gray-300 dark:border-gray-600 rounded-lg dark:bg-gray-700 dark:text-white text-sm"[39m
                    [33mtype[39m=[32m"date"[39m
                    [33mvalue[39m=[32m""[39m
                  [36m/>[39m
                [36m</div>[39m
              [36m</div>[39m
              [36m<div[39m
                [33mclass[39m=[32m"relative"[39m
              [36m>[39m
                [36m<div[39m
                  [33mclass[39m=[32m"absolute left-3 top-1/2 transform -translate-y-1/2 text-gray-400"[39m
                  [33mdata-testid[39m=[32m"search-icon"[39m
                [36m>[39m
                  [0mSearch[0m
                [36m</div>[39m
                [36m<input[39m
                  [33mclass[39m=[32m"w-full pl-9 pr-3 py-1.5 border border-gray-300 dark:border-gray-600 rounded-lg dark:bg-gray-700 dark:text-white text-sm"[39m
                  [33mplaceholder[39m=[32m"Search transactions..."[39m
                  [33mtype[39m=[32m"text"[39m
                  [33mvalue[39m=[32m""[39m
                [36m/>[39m
              [36m</div>[39m
            [36m</div>[39m
            [36m<div[39m
              [33mclass[39m=[32m"grid grid-cols-3 gap-4 text-sm"[39m
            [36m>[39m
              [36m<div>[39m
                [36m<span[39m
                  [33mclass[39m=[32m"text-gray-500 dark:text-gray-400"[39m
                [36m>[39m
                  [0mIncome:[0m
                [36m</span>[39m
                [36m<span[39m
                  [33mclass[39m=[32m"ml-2 font-medium text-green-600 dark:text-green-400"[39m
                [36m>[39m
                  [0m$0.00[0m
                [36m</span>[39m
              [36m</div>[39m
              [36m<div>[39m
                [36m<span[39m
                  [33mclass[39m=[32m"text-gray-500 dark:text-gray-400"[39m
                [36m>[39m
                  [0mExpense:[0m
                [36m</span>[39m
                [36m<span[39m
                  [33mclass[39m=[32m"ml-2 font-medium text-red-600 dark:text-red-400"[39m
                [36m>[39m
                  [0m$0.00[0m
                [36m</span>[39m
              [36m</div>[39m
              [36m<div>[39m
                [36m<span[39m
                  [33mclass[39m=[32m"text-gray-500 dark:text-gray-400"[39m
                [36m>[39m
                  [0mNet:[0m
                [36m</span>[39m
                [36m<span[39m
                  [33mclass[39m=[32m"ml-2 font-medium text-green-600 dark:text-green-400"[39m
                [36m>[39m
                  [0m$0.00[0m
                [36m</span>[39m
              [36m</div>[39m
            [36m</div>[39m
          [36m</div>[39m
          [36m<div[39m
            [33mclass[39m=[32m"flex-1 overflow-y-auto px-6 py-4"[39m
          [36m>[39m
            [36m<div[39m
              [33mclass[39m=[32m"text-center py-12"[39m
            [36m>[39m
              [36m<p[39m
                [33mclass[39m=[32m"text-gray-500 dark:text-gray-400 text-lg"[39m
              [36m>[39m
                [0mNo transactions in this category[0m
              [36m</p>[39m
            [36m</div>[39m
          [36m</div>[39m
          [36m<div[39m
            [33mclass[39m=[32m"px-6 py-4 border-t border-gray-200 dark:border-gray-700"[39m
          [36m>[39m
            [36m<div[39m
              [33mclass[39m=[32m"flex justify-between items-center"[39m
            [36m>[39m
              [36m<p[39m
                [33mclass[39m=[32m"text-sm text-gray-500 dark:text-gray-400"[39m
              [36m>[39m
                [0mShowing [0m
                [0m0[0m
                [0m of [0m
                [0m0[0m
                [0m transactions[0m
              [36m</p>[39m
              [36m<button[39m
                [33mclass[39m=[32m"px-4 py-2 bg-gray-200 dark:bg-gray-700 text-gray-700 dark:text-gray-300 rounded-lg hover:bg-gray-300 dark:hover:bg-gray-600"[39m
              [36m>[39m
                [0mClose[0m
              [36m</button>[39m
            [36m</div>[39m
          [36m</div>[39m
        [36m</div>[39m
      [36m</div>[39m
    [36m</div>[39m
  [36m</body>[39m
[36m</html>[39m
   ✓ CategoryTransactionsModal > Search Functionality > shows search input functionality 4ms
   ✓ CategoryTransactionsModal > Search Functionality > shows clear search button 3ms
   ✓ CategoryTransactionsModal > Search Functionality > clears search when clear button clicked 4ms
   ✓ CategoryTransactionsModal > Empty States > shows empty state for category with no transactions 2ms
   ✓ CategoryTransactionsModal > Empty States > shows placeholder text when empty 2ms
   ✓ CategoryTransactionsModal > Empty States > shows empty state for filtered results 4ms
   × CategoryTransactionsModal > Transfer Transactions > shows transfer type correctly 3ms
     → Unable to find an element with the text: transfer (out). This could be because the text is broken up by multiple elements. In this case, you can provide a function for your text matcher to make your matcher more flexible.

Ignored nodes: comments, script, style
[36m<body>[39m
  [36m<div>[39m
    [36m<div[39m
      [33mclass[39m=[32m"fixed inset-0 bg-black bg-opacity-50 flex items-end sm:items-center justify-center z-50"[39m
    [36m>[39m
      [36m<div[39m
        [33mclass[39m=[32m"bg-white dark:bg-gray-800 rounded-t-lg sm:rounded-lg shadow-xl w-full sm:max-w-4xl max-h-[90vh] sm:max-h-[85vh] flex flex-col"[39m
      [36m>[39m
        [36m<div[39m
          [33mclass[39m=[32m"px-4 sm:px-6 py-3 sm:py-4 border-b border-gray-200 dark:border-gray-700"[39m
        [36m>[39m
          [36m<div[39m
            [33mclass[39m=[32m"flex justify-between items-center"[39m
          [36m>[39m
            [36m<div>[39m
              [36m<h2[39m
                [33mclass[39m=[32m"text-lg sm:text-xl font-semibold text-gray-900 dark:text-white"[39m
              [36m>[39m
                [0mTransactions in "[0m
                [0mTransfers[0m
                [0m"[0m
              [36m</h2>[39m
              [36m<p[39m
                [33mclass[39m=[32m"text-xs sm:text-sm text-gray-500 dark:text-gray-400 mt-1"[39m
              [36m>[39m
                [0m0[0m
                [0m total transactions[0m
              [36m</p>[39m
            [36m</div>[39m
            [36m<button[39m
              [33mclass[39m=[32m"p-1 -m-1 text-gray-500 hover:text-gray-700 dark:text-gray-400 dark:hover:text-gray-200"[39m
            [36m>[39m
              [36m<div[39m
                [33mdata-testid[39m=[32m"x-icon"[39m
              [36m>[39m
                [0mX[0m
              [36m</div>[39m
            [36m</button>[39m
          [36m</div>[39m
        [36m</div>[39m
        [36m<div[39m
          [33mclass[39m=[32m"px-4 sm:px-6 py-3 sm:py-4 border-b border-gray-200 dark:border-gray-700 space-y-3"[39m
        [36m>[39m
          [36m<div[39m
            [33mclass[39m=[32m"flex flex-wrap gap-2"[39m
          [36m>[39m
            [36m<button[39m
              [33mclass[39m=[32m"px-3 py-1.5 rounded-lg text-sm font-medium transition-colors bg-primary text-white"[39m
            [36m>[39m
              [0mAll Transactions[0m
            [36m</button>[39m
            [36m<button[39m
              [33mclass[39m=[32m"px-3 py-1.5 rounded-lg text-sm font-medium transition-colors bg-gray-100 dark:bg-gray-700 text-gray-700 dark:text-gray-300 hover:bg-gray-200 dark:hover:bg-gray-600"[39m
            [36m>[39m
              [0mAll Income[0m
            [36m</button>[39m
            [36m<button[39m
              [33mclass[39m=[32m"px-3 py-1.5 rounded-lg text-sm font-medium transition-colors bg-gray-100 dark:bg-gray-700 text-gray-700 dark:text-gray-300 hover:bg-gray-200 dark:hover:bg-gray-600"[39m
            [36m>[39m
              [0mAll Outgoings[0m
            [36m</button>[39m
          [36m</div>[39m
          [36m<div[39m
            [33mclass[39m=[32m"flex flex-col gap-3"[39m
          [36m>[39m
            [36m<div[39m
              [33mclass[39m=[32m"flex flex-wrap gap-2 items-center"[39m
            [36m>[39m
              [36m<div[39m
                [33mclass[39m=[32m"text-gray-400 hidden sm:block"[39m
                [33mdata-testid[39m=[32m"calendar-icon"[39m
              [36m>[39m
                [0mCalendar[0m
              [36m</div>[39m
              [36m<div[39m
                [33mclass[39m=[32m"flex flex-wrap gap-2 items-center flex-1"[39m
              [36m>[39m
                [36m<input[39m
                  [33mclass[39m=[32m"flex-1 min-w-[130px] px-2 py-1.5 border border-gray-300 dark:border-gray-600 rounded-lg dark:bg-gray-700 dark:text-white text-sm"[39m
                  [33mtype[39m=[32m"date"[39m
                  [33mvalue[39m=[32m""[39m
                [36m/>[39m
                [36m<span[39m
                  [33mclass[39m=[32m"text-gray-500 dark:text-gray-400 text-sm"[39m
                [36m>[39m
                  [0mto[0m
                [36m</span>[39m
                [36m<input[39m
                  [33mclass[39m=[32m"flex-1 min-w-[130px] px-2 py-1.5 border border-gray-300 dark:border-gray-600 rounded-lg dark:bg-gray-700 dark:text-white text-sm"[39m
                  [33mtype[39m=[32m"date"[39m
                  [33mvalue[39m=[32m""[39m
                [36m/>[39m
              [36m</div>[39m
            [36m</div>[39m
            [36m<div[39m
              [33mclass[39m=[32m"relative"[39m
            [36m>[39m
              [36m<div[39m
                [33mclass[39m=[32m"absolute left-3 top-1/2 transform -translate-y-1/2 text-gray-400"[39m
                [33mdata-testid[39m=[32m"search-icon"[39m
              [36m>[39m
                [0mSearch[0m
              [36m</div>[39m
              [36m<input[39m
                [33mclass[39m=[32m"w-full pl-9 pr-3 py-1.5 border border-gray-300 dark:border-gray-600 rounded-lg dark:bg-gray-700 dark:text-white text-sm"[39m
                [33mplaceholder[39m=[32m"Search transactions..."[39m
                [33mtype[39m=[32m"text"[39m
                [33mvalue[39m=[32m""[39m
              [36m/>[39m
            [36m</div>[39m
          [36m</div>[39m
          [36m<div[39m
            [33mclass[39m=[32m"grid grid-cols-3 gap-4 text-sm"[39m
          [36m>[39m
            [36m<div>[39m
              [36m<span[39m
                [33mclass[39m=[32m"text-gray-500 dark:text-gray-400"[39m
              [36m>[39m
                [0mMoney In:[0m
              [36m</span>[39m
              [36m<span[39m
                [33mclass[39m=[32m"ml-2 font-medium text-green-600 dark:text-green-400"[39m
              [36m>[39m
                [0m$0.00[0m
              [36m</span>[39m
            [36m</div>[39m
            [36m<div>[39m
              [36m<span[39m
                [33mclass[39m=[32m"text-gray-500 dark:text-gray-400"[39m
              [36m>[39m
                [0mMoney Out:[0m
              [36m</span>[39m
              [36m<span[39m
                [33mclass[39m=[32m"ml-2 font-medium text-red-600 dark:text-red-400"[39m
              [36m>[39m
                [0m$0.00[0m
              [36m</span>[39m
            [36m</div>[39m
            [36m<div>[39m
              [36m<span[39m
                [33mclass[39m=[32m"text-gray-500 dark:text-gray-400"[39m
              [36m>[39m
                [0mNet:[0m
              [36m</span>[39m
              [36m<span[39m
                [33mclass[39m=[32m"ml-2 font-medium text-green-600 dark:text-green-400"[39m
              [36m>[39m
                [0m$0.00[0m
                [0m ✓[0m
              [36m</span>[39m
            [36m</div>[39m
          [36m</div>[39m
        [36m</div>[39m
        [36m<div[39m
          [33mclass[39m=[32m"flex-1 overflow-y-auto px-6 py-4"[39m
        [36m>[39m
          [36m<div[39m
            [33mclass[39m=[32m"text-center py-12"[39m
          [36m>[39m
            [36m<p[39m
              [33mclass[39m=[32m"text-gray-500 dark:text-gray-400 text-lg"[39m
            [36m>[39m
              [0mNo transactions in this category[0m
            [36m</p>[39m
          [36m</div>[39m
        [36m</div>[39m
        [36m<div[39m
          [33mclass[39m=[32m"px-6 py-4 border-t border-gray-200 dark:border-gray-700"[39m
        [36m>[39m
          [36m<div[39m
            [33mclass[39m=[32m"flex justify-between items-center"[39m
          [36m>[39m
            [36m<p[39m
              [33mclass[39m=[32m"text-sm text-gray-500 dark:text-gray-400"[39m
            [36m>[39m
              [0mShowing [0m
              [0m0[0m
              [0m of [0m
              [0m0[0m
              [0m transactions[0m
            [36m</p>[39m
            [36m<button[39m
              [33mclass[39m=[32m"px-4 py-2 bg-gray-200 dark:bg-gray-700 text-gray-700 dark:text-gray-300 rounded-lg hover:bg-gray-300 dark:hover:bg-gray-600"[39m
            [36m>[39m
              [0mClose[0m
            [36m</button>[39m
          [36m</div>[39m
        [36m</div>[39m
      [36m</div>[39m
    [36m</div>[39m
  [36m</div>[39m
[36m</body>[39m
   × CategoryTransactionsModal > Transfer Transactions > filters transfers as income/expense based on amount 4ms
     → Unable to find an element with the text: Transfer from Checking. This could be because the text is broken up by multiple elements. In this case, you can provide a function for your text matcher to make your matcher more flexible.

Ignored nodes: comments, script, style
[36m<body>[39m
  [36m<div>[39m
    [36m<div[39m
      [33mclass[39m=[32m"fixed inset-0 bg-black bg-opacity-50 flex items-end sm:items-center justify-center z-50"[39m
    [36m>[39m
      [36m<div[39m
        [33mclass[39m=[32m"bg-white dark:bg-gray-800 rounded-t-lg sm:rounded-lg shadow-xl w-full sm:max-w-4xl max-h-[90vh] sm:max-h-[85vh] flex flex-col"[39m
      [36m>[39m
        [36m<div[39m
          [33mclass[39m=[32m"px-4 sm:px-6 py-3 sm:py-4 border-b border-gray-200 dark:border-gray-700"[39m
        [36m>[39m
          [36m<div[39m
            [33mclass[39m=[32m"flex justify-between items-center"[39m
          [36m>[39m
            [36m<div>[39m
              [36m<h2[39m
                [33mclass[39m=[32m"text-lg sm:text-xl font-semibold text-gray-900 dark:text-white"[39m
              [36m>[39m
                [0mTransactions in "[0m
                [0mTransfers[0m
                [0m"[0m
              [36m</h2>[39m
              [36m<p[39m
                [33mclass[39m=[32m"text-xs sm:text-sm text-gray-500 dark:text-gray-400 mt-1"[39m
              [36m>[39m
                [0m0[0m
                [0m total transactions[0m
              [36m</p>[39m
            [36m</div>[39m
            [36m<button[39m
              [33mclass[39m=[32m"p-1 -m-1 text-gray-500 hover:text-gray-700 dark:text-gray-400 dark:hover:text-gray-200"[39m
            [36m>[39m
              [36m<div[39m
                [33mdata-testid[39m=[32m"x-icon"[39m
              [36m>[39m
                [0mX[0m
              [36m</div>[39m
            [36m</button>[39m
          [36m</div>[39m
        [36m</div>[39m
        [36m<div[39m
          [33mclass[39m=[32m"px-4 sm:px-6 py-3 sm:py-4 border-b border-gray-200 dark:border-gray-700 space-y-3"[39m
        [36m>[39m
          [36m<div[39m
            [33mclass[39m=[32m"flex flex-wrap gap-2"[39m
          [36m>[39m
            [36m<button[39m
              [33mclass[39m=[32m"px-3 py-1.5 rounded-lg text-sm font-medium transition-colors bg-gray-100 dark:bg-gray-700 text-gray-700 dark:text-gray-300 hover:bg-gray-200 dark:hover:bg-gray-600"[39m
            [36m>[39m
              [0mAll Transactions[0m
            [36m</button>[39m
            [36m<button[39m
              [33mclass[39m=[32m"px-3 py-1.5 rounded-lg text-sm font-medium transition-colors bg-green-500 text-white"[39m
            [36m>[39m
              [0mAll Income[0m
            [36m</button>[39m
            [36m<button[39m
              [33mclass[39m=[32m"px-3 py-1.5 rounded-lg text-sm font-medium transition-colors bg-gray-100 dark:bg-gray-700 text-gray-700 dark:text-gray-300 hover:bg-gray-200 dark:hover:bg-gray-600"[39m
            [36m>[39m
              [0mAll Outgoings[0m
            [36m</button>[39m
          [36m</div>[39m
          [36m<div[39m
            [33mclass[39m=[32m"flex flex-col gap-3"[39m
          [36m>[39m
            [36m<div[39m
              [33mclass[39m=[32m"flex flex-wrap gap-2 items-center"[39m
            [36m>[39m
              [36m<div[39m
                [33mclass[39m=[32m"text-gray-400 hidden sm:block"[39m
                [33mdata-testid[39m=[32m"calendar-icon"[39m
              [36m>[39m
                [0mCalendar[0m
              [36m</div>[39m
              [36m<div[39m
                [33mclass[39m=[32m"flex flex-wrap gap-2 items-center flex-1"[39m
              [36m>[39m
                [36m<input[39m
                  [33mclass[39m=[32m"flex-1 min-w-[130px] px-2 py-1.5 border border-gray-300 dark:border-gray-600 rounded-lg dark:bg-gray-700 dark:text-white text-sm"[39m
                  [33mtype[39m=[32m"date"[39m
                  [33mvalue[39m=[32m""[39m
                [36m/>[39m
                [36m<span[39m
                  [33mclass[39m=[32m"text-gray-500 dark:text-gray-400 text-sm"[39m
                [36m>[39m
                  [0mto[0m
                [36m</span>[39m
                [36m<input[39m
                  [33mclass[39m=[32m"flex-1 min-w-[130px] px-2 py-1.5 border border-gray-300 dark:border-gray-600 rounded-lg dark:bg-gray-700 dark:text-white text-sm"[39m
                  [33mtype[39m=[32m"date"[39m
                  [33mvalue[39m=[32m""[39m
                [36m/>[39m
              [36m</div>[39m
            [36m</div>[39m
            [36m<div[39m
              [33mclass[39m=[32m"relative"[39m
            [36m>[39m
              [36m<div[39m
                [33mclass[39m=[32m"absolute left-3 top-1/2 transform -translate-y-1/2 text-gray-400"[39m
                [33mdata-testid[39m=[32m"search-icon"[39m
              [36m>[39m
                [0mSearch[0m
              [36m</div>[39m
              [36m<input[39m
                [33mclass[39m=[32m"w-full pl-9 pr-3 py-1.5 border border-gray-300 dark:border-gray-600 rounded-lg dark:bg-gray-700 dark:text-white text-sm"[39m
                [33mplaceholder[39m=[32m"Search transactions..."[39m
                [33mtype[39m=[32m"text"[39m
                [33mvalue[39m=[32m""[39m
              [36m/>[39m
            [36m</div>[39m
          [36m</div>[39m
          [36m<div[39m
            [33mclass[39m=[32m"grid grid-cols-3 gap-4 text-sm"[39m
          [36m>[39m
            [36m<div>[39m
              [36m<span[39m
                [33mclass[39m=[32m"text-gray-500 dark:text-gray-400"[39m
              [36m>[39m
                [0mMoney In:[0m
              [36m</span>[39m
              [36m<span[39m
                [33mclass[39m=[32m"ml-2 font-medium text-green-600 dark:text-green-400"[39m
              [36m>[39m
                [0m$0.00[0m
              [36m</span>[39m
            [36m</div>[39m
            [36m<div>[39m
              [36m<span[39m
                [33mclass[39m=[32m"text-gray-500 dark:text-gray-400"[39m
              [36m>[39m
                [0mMoney Out:[0m
              [36m</span>[39m
              [36m<span[39m
                [33mclass[39m=[32m"ml-2 font-medium text-red-600 dark:text-red-400"[39m
              [36m>[39m
                [0m$0.00[0m
              [36m</span>[39m
            [36m</div>[39m
            [36m<div>[39m
              [36m<span[39m
                [33mclass[39m=[32m"text-gray-500 dark:text-gray-400"[39m
              [36m>[39m
                [0mNet:[0m
              [36m</span>[39m
              [36m<span[39m
                [33mclass[39m=[32m"ml-2 font-medium text-green-600 dark:text-green-400"[39m
              [36m>[39m
                [0m$0.00[0m
                [0m ✓[0m
              [36m</span>[39m
            [36m</div>[39m
          [36m</div>[39m
        [36m</div>[39m
        [36m<div[39m
          [33mclass[39m=[32m"flex-1 overflow-y-auto px-6 py-4"[39m
        [36m>[39m
          [36m<div[39m
            [33mclass[39m=[32m"text-center py-12"[39m
          [36m>[39m
            [36m<p[39m
              [33mclass[39m=[32m"text-gray-500 dark:text-gray-400 text-lg"[39m
            [36m>[39m
              [0mNo matching transactions found[0m
            [36m</p>[39m
            [36m<p[39m
              [33mclass[39m=[32m"text-sm text-gray-400 dark:text-gray-500 mt-2"[39m
            [36m>[39m
              [0mTry adjusting your filters or date range[0m
            [36m</p>[39m
          [36m</div>[39m
        [36m</div>[39m
        [36m<div[39m
          [33mclass[39m=[32m"px-6 py-4 border-t border-gray-200 dark:border-gray-700"[39m
        [36m>[39m
          [36m<div[39m
            [33mclass[39m=[32m"flex justify-between items-center"[39m
          [36m>[39m
            [36m<p[39m
              [33mclass[39m=[32m"text-sm text-gray-500 dark:text-gray-400"[39m
            [36m>[39m
              [0mShowing [0m
              [0m0[0m
              [0m of [0m
              [0m0[0m
              [0m transactions[0m
            [36m</p>[39m
            [36m<button[39m
              [33mclass[39m=[32m"px-4 py-2 bg-gray-200 dark:bg-gray-700 text-gray-700 dark:text-gray-300 rounded-lg hover:bg-gray-300 dark:hover:bg-gray-600"[39m
            [36m>[39m
              [0mClose[0m
            [36m</button>[39m
          [36m</div>[39m
        [36m</div>[39m
      [36m</div>[39m
    [36m</div>[39m
  [36m</div>[39m
[36m</body>[39m
   × CategoryTransactionsModal > Footer > shows filtered count 3ms
     → Unable to find an element with the text: Showing 3 of 3 transactions. This could be because the text is broken up by multiple elements. In this case, you can provide a function for your text matcher to make your matcher more flexible.

Ignored nodes: comments, script, style
[36m<body>[39m
  [36m<div>[39m
    [36m<div[39m
      [33mclass[39m=[32m"fixed inset-0 bg-black bg-opacity-50 flex items-end sm:items-center justify-center z-50"[39m
    [36m>[39m
      [36m<div[39m
        [33mclass[39m=[32m"bg-white dark:bg-gray-800 rounded-t-lg sm:rounded-lg shadow-xl w-full sm:max-w-4xl max-h-[90vh] sm:max-h-[85vh] flex flex-col"[39m
      [36m>[39m
        [36m<div[39m
          [33mclass[39m=[32m"px-4 sm:px-6 py-3 sm:py-4 border-b border-gray-200 dark:border-gray-700"[39m
        [36m>[39m
          [36m<div[39m
            [33mclass[39m=[32m"flex justify-between items-center"[39m
          [36m>[39m
            [36m<div>[39m
              [36m<h2[39m
                [33mclass[39m=[32m"text-lg sm:text-xl font-semibold text-gray-900 dark:text-white"[39m
              [36m>[39m
                [0mTransactions in "[0m
                [0mFood[0m
                [0m"[0m
              [36m</h2>[39m
              [36m<p[39m
                [33mclass[39m=[32m"text-xs sm:text-sm text-gray-500 dark:text-gray-400 mt-1"[39m
              [36m>[39m
                [0m0[0m
                [0m total transactions[0m
              [36m</p>[39m
            [36m</div>[39m
            [36m<button[39m
              [33mclass[39m=[32m"p-1 -m-1 text-gray-500 hover:text-gray-700 dark:text-gray-400 dark:hover:text-gray-200"[39m
            [36m>[39m
              [36m<div[39m
                [33mdata-testid[39m=[32m"x-icon"[39m
              [36m>[39m
                [0mX[0m
              [36m</div>[39m
            [36m</button>[39m
          [36m</div>[39m
        [36m</div>[39m
        [36m<div[39m
          [33mclass[39m=[32m"px-4 sm:px-6 py-3 sm:py-4 border-b border-gray-200 dark:border-gray-700 space-y-3"[39m
        [36m>[39m
          [36m<div[39m
            [33mclass[39m=[32m"flex flex-wrap gap-2"[39m
          [36m>[39m
            [36m<button[39m
              [33mclass[39m=[32m"px-3 py-1.5 rounded-lg text-sm font-medium transition-colors bg-primary text-white"[39m
            [36m>[39m
              [0mAll Transactions[0m
            [36m</button>[39m
            [36m<button[39m
              [33mclass[39m=[32m"px-3 py-1.5 rounded-lg text-sm font-medium transition-colors bg-gray-100 dark:bg-gray-700 text-gray-700 dark:text-gray-300 hover:bg-gray-200 dark:hover:bg-gray-600"[39m
            [36m>[39m
              [0mAll Income[0m
            [36m</button>[39m
            [36m<button[39m
              [33mclass[39m=[32m"px-3 py-1.5 rounded-lg text-sm font-medium transition-colors bg-gray-100 dark:bg-gray-700 text-gray-700 dark:text-gray-300 hover:bg-gray-200 dark:hover:bg-gray-600"[39m
            [36m>[39m
              [0mAll Outgoings[0m
            [36m</button>[39m
          [36m</div>[39m
          [36m<div[39m
            [33mclass[39m=[32m"flex flex-col gap-3"[39m
          [36m>[39m
            [36m<div[39m
              [33mclass[39m=[32m"flex flex-wrap gap-2 items-center"[39m
            [36m>[39m
              [36m<div[39m
                [33mclass[39m=[32m"text-gray-400 hidden sm:block"[39m
                [33mdata-testid[39m=[32m"calendar-icon"[39m
              [36m>[39m
                [0mCalendar[0m
              [36m</div>[39m
              [36m<div[39m
                [33mclass[39m=[32m"flex flex-wrap gap-2 items-center flex-1"[39m
              [36m>[39m
                [36m<input[39m
                  [33mclass[39m=[32m"flex-1 min-w-[130px] px-2 py-1.5 border border-gray-300 dark:border-gray-600 rounded-lg dark:bg-gray-700 dark:text-white text-sm"[39m
                  [33mtype[39m=[32m"date"[39m
                  [33mvalue[39m=[32m""[39m
                [36m/>[39m
                [36m<span[39m
                  [33mclass[39m=[32m"text-gray-500 dark:text-gray-400 text-sm"[39m
                [36m>[39m
                  [0mto[0m
                [36m</span>[39m
                [36m<input[39m
                  [33mclass[39m=[32m"flex-1 min-w-[130px] px-2 py-1.5 border border-gray-300 dark:border-gray-600 rounded-lg dark:bg-gray-700 dark:text-white text-sm"[39m
                  [33mtype[39m=[32m"date"[39m
                  [33mvalue[39m=[32m""[39m
                [36m/>[39m
              [36m</div>[39m
            [36m</div>[39m
            [36m<div[39m
              [33mclass[39m=[32m"relative"[39m
            [36m>[39m
              [36m<div[39m
                [33mclass[39m=[32m"absolute left-3 top-1/2 transform -translate-y-1/2 text-gray-400"[39m
                [33mdata-testid[39m=[32m"search-icon"[39m
              [36m>[39m
                [0mSearch[0m
              [36m</div>[39m
              [36m<input[39m
                [33mclass[39m=[32m"w-full pl-9 pr-3 py-1.5 border border-gray-300 dark:border-gray-600 rounded-lg dark:bg-gray-700 dark:text-white text-sm"[39m
                [33mplaceholder[39m=[32m"Search transactions..."[39m
                [33mtype[39m=[32m"text"[39m
                [33mvalue[39m=[32m""[39m
              [36m/>[39m
            [36m</div>[39m
          [36m</div>[39m
          [36m<div[39m
            [33mclass[39m=[32m"grid grid-cols-3 gap-4 text-sm"[39m
          [36m>[39m
            [36m<div>[39m
              [36m<span[39m
                [33mclass[39m=[32m"text-gray-500 dark:text-gray-400"[39m
              [36m>[39m
                [0mIncome:[0m
              [36m</span>[39m
              [36m<span[39m
                [33mclass[39m=[32m"ml-2 font-medium text-green-600 dark:text-green-400"[39m
              [36m>[39m
                [0m$0.00[0m
              [36m</span>[39m
            [36m</div>[39m
            [36m<div>[39m
              [36m<span[39m
                [33mclass[39m=[32m"text-gray-500 dark:text-gray-400"[39m
              [36m>[39m
                [0mExpense:[0m
              [36m</span>[39m
              [36m<span[39m
                [33mclass[39m=[32m"ml-2 font-medium text-red-600 dark:text-red-400"[39m
              [36m>[39m
                [0m$0.00[0m
              [36m</span>[39m
            [36m</div>[39m
            [36m<div>[39m
              [36m<span[39m
                [33mclass[39m=[32m"text-gray-500 dark:text-gray-400"[39m
              [36m>[39m
                [0mNet:[0m
              [36m</span>[39m
              [36m<span[39m
                [33mclass[39m=[32m"ml-2 font-medium text-green-600 dark:text-green-400"[39m
              [36m>[39m
                [0m$0.00[0m
              [36m</span>[39m
            [36m</div>[39m
          [36m</div>[39m
        [36m</div>[39m
        [36m<div[39m
          [33mclass[39m=[32m"flex-1 overflow-y-auto px-6 py-4"[39m
        [36m>[39m
          [36m<div[39m
            [33mclass[39m=[32m"text-center py-12"[39m
          [36m>[39m
            [36m<p[39m
              [33mclass[39m=[32m"text-gray-500 dark:text-gray-400 text-lg"[39m
            [36m>[39m
              [0mNo transactions in this category[0m
            [36m</p>[39m
          [36m</div>[39m
        [36m</div>[39m
        [36m<div[39m
          [33mclass[39m=[32m"px-6 py-4 border-t border-gray-200 dark:border-gray-700"[39m
        [36m>[39m
          [36m<div[39m
            [33mclass[39m=[32m"flex justify-between items-center"[39m
          [36m>[39m
            [36m<p[39m
              [33mclass[39m=[32m"text-sm text-gray-500 dark:text-gray-400"[39m
            [36m>[39m
              [0mShowing [0m
              [0m0[0m
              [0m of [0m
              [0m0[0m
              [0m transactions[0m
            [36m</p>[39m
            [36m<button[39m
              [33mclass[39m=[32m"px-4 py-2 bg-gray-200 dark:bg-gray-700 text-gray-700 dark:text-gray-300 rounded-lg hover:bg-gray-300 dark:hover:bg-gray-600"[39m
            [36m>[39m
              [0mClose[0m
            [36m</button>[39m
          [36m</div>[39m
        [36m</div>[39m
      [36m</div>[39m
    [36m</div>[39m
  [36m</div>[39m
[36m</body>[39m
   ✓ CategoryTransactionsModal > Footer > has close button in footer 2ms
   ✓ CategoryTransactionsModal > User Actions > calls onClose when X button clicked 3ms
   ✓ CategoryTransactionsModal > User Actions > calls onClose when Close button clicked 4ms
   ✓ CategoryTransactionsModal > User Actions > resets filters when modal closes 6ms
   × CategoryTransactionsModal > Edge Cases > displays all filter counts correctly 3ms
     → Unable to find an element with the text: Showing 1 of 3 transactions. This could be because the text is broken up by multiple elements. In this case, you can provide a function for your text matcher to make your matcher more flexible.

Ignored nodes: comments, script, style
[36m<body>[39m
  [36m<div>[39m
    [36m<div[39m
      [33mclass[39m=[32m"fixed inset-0 bg-black bg-opacity-50 flex items-end sm:items-center justify-center z-50"[39m
    [36m>[39m
      [36m<div[39m
        [33mclass[39m=[32m"bg-white dark:bg-gray-800 rounded-t-lg sm:rounded-lg shadow-xl w-full sm:max-w-4xl max-h-[90vh] sm:max-h-[85vh] flex flex-col"[39m
      [36m>[39m
        [36m<div[39m
          [33mclass[39m=[32m"px-4 sm:px-6 py-3 sm:py-4 border-b border-gray-200 dark:border-gray-700"[39m
        [36m>[39m
          [36m<div[39m
            [33mclass[39m=[32m"flex justify-between items-center"[39m
          [36m>[39m
            [36m<div>[39m
              [36m<h2[39m
                [33mclass[39m=[32m"text-lg sm:text-xl font-semibold text-gray-900 dark:text-white"[39m
              [36m>[39m
                [0mTransactions in "[0m
                [0mFood[0m
                [0m"[0m
              [36m</h2>[39m
              [36m<p[39m
                [33mclass[39m=[32m"text-xs sm:text-sm text-gray-500 dark:text-gray-400 mt-1"[39m
              [36m>[39m
                [0m0[0m
                [0m total transactions[0m
              [36m</p>[39m
            [36m</div>[39m
            [36m<button[39m
              [33mclass[39m=[32m"p-1 -m-1 text-gray-500 hover:text-gray-700 dark:text-gray-400 dark:hover:text-gray-200"[39m
            [36m>[39m
              [36m<div[39m
                [33mdata-testid[39m=[32m"x-icon"[39m
              [36m>[39m
                [0mX[0m
              [36m</div>[39m
            [36m</button>[39m
          [36m</div>[39m
        [36m</div>[39m
        [36m<div[39m
          [33mclass[39m=[32m"px-4 sm:px-6 py-3 sm:py-4 border-b border-gray-200 dark:border-gray-700 space-y-3"[39m
        [36m>[39m
          [36m<div[39m
            [33mclass[39m=[32m"flex flex-wrap gap-2"[39m
          [36m>[39m
            [36m<button[39m
              [33mclass[39m=[32m"px-3 py-1.5 rounded-lg text-sm font-medium transition-colors bg-gray-100 dark:bg-gray-700 text-gray-700 dark:text-gray-300 hover:bg-gray-200 dark:hover:bg-gray-600"[39m
            [36m>[39m
              [0mAll Transactions[0m
            [36m</button>[39m
            [36m<button[39m
              [33mclass[39m=[32m"px-3 py-1.5 rounded-lg text-sm font-medium transition-colors bg-green-500 text-white"[39m
            [36m>[39m
              [0mAll Income[0m
            [36m</button>[39m
            [36m<button[39m
              [33mclass[39m=[32m"px-3 py-1.5 rounded-lg text-sm font-medium transition-colors bg-gray-100 dark:bg-gray-700 text-gray-700 dark:text-gray-300 hover:bg-gray-200 dark:hover:bg-gray-600"[39m
            [36m>[39m
              [0mAll Outgoings[0m
            [36m</button>[39m
          [36m</div>[39m
          [36m<div[39m
            [33mclass[39m=[32m"flex flex-col gap-3"[39m
          [36m>[39m
            [36m<div[39m
              [33mclass[39m=[32m"flex flex-wrap gap-2 items-center"[39m
            [36m>[39m
              [36m<div[39m
                [33mclass[39m=[32m"text-gray-400 hidden sm:block"[39m
                [33mdata-testid[39m=[32m"calendar-icon"[39m
              [36m>[39m
                [0mCalendar[0m
              [36m</div>[39m
              [36m<div[39m
                [33mclass[39m=[32m"flex flex-wrap gap-2 items-center flex-1"[39m
              [36m>[39m
                [36m<input[39m
                  [33mclass[39m=[32m"flex-1 min-w-[130px] px-2 py-1.5 border border-gray-300 dark:border-gray-600 rounded-lg dark:bg-gray-700 dark:text-white text-sm"[39m
                  [33mtype[39m=[32m"date"[39m
                  [33mvalue[39m=[32m""[39m
                [36m/>[39m
                [36m<span[39m
                  [33mclass[39m=[32m"text-gray-500 dark:text-gray-400 text-sm"[39m
                [36m>[39m
                  [0mto[0m
                [36m</span>[39m
                [36m<input[39m
                  [33mclass[39m=[32m"flex-1 min-w-[130px] px-2 py-1.5 border border-gray-300 dark:border-gray-600 rounded-lg dark:bg-gray-700 dark:text-white text-sm"[39m
                  [33mtype[39m=[32m"date"[39m
                  [33mvalue[39m=[32m""[39m
                [36m/>[39m
              [36m</div>[39m
            [36m</div>[39m
            [36m<div[39m
              [33mclass[39m=[32m"relative"[39m
            [36m>[39m
              [36m<div[39m
                [33mclass[39m=[32m"absolute left-3 top-1/2 transform -translate-y-1/2 text-gray-400"[39m
                [33mdata-testid[39m=[32m"search-icon"[39m
              [36m>[39m
                [0mSearch[0m
              [36m</div>[39m
              [36m<input[39m
                [33mclass[39m=[32m"w-full pl-9 pr-3 py-1.5 border border-gray-300 dark:border-gray-600 rounded-lg dark:bg-gray-700 dark:text-white text-sm"[39m
                [33mplaceholder[39m=[32m"Search transactions..."[39m
                [33mtype[39m=[32m"text"[39m
                [33mvalue[39m=[32m""[39m
              [36m/>[39m
            [36m</div>[39m
          [36m</div>[39m
          [36m<div[39m
            [33mclass[39m=[32m"grid grid-cols-3 gap-4 text-sm"[39m
          [36m>[39m
            [36m<div>[39m
              [36m<span[39m
                [33mclass[39m=[32m"text-gray-500 dark:text-gray-400"[39m
              [36m>[39m
                [0mIncome:[0m
              [36m</span>[39m
              [36m<span[39m
                [33mclass[39m=[32m"ml-2 font-medium text-green-600 dark:text-green-400"[39m
              [36m>[39m
                [0m$0.00[0m
              [36m</span>[39m
            [36m</div>[39m
            [36m<div>[39m
              [36m<span[39m
                [33mclass[39m=[32m"text-gray-500 dark:text-gray-400"[39m
              [36m>[39m
                [0mExpense:[0m
              [36m</span>[39m
              [36m<span[39m
                [33mclass[39m=[32m"ml-2 font-medium text-red-600 dark:text-red-400"[39m
              [36m>[39m
                [0m$0.00[0m
              [36m</span>[39m
            [36m</div>[39m
            [36m<div>[39m
              [36m<span[39m
                [33mclass[39m=[32m"text-gray-500 dark:text-gray-400"[39m
              [36m>[39m
                [0mNet:[0m
              [36m</span>[39m
              [36m<span[39m
                [33mclass[39m=[32m"ml-2 font-medium text-green-600 dark:text-green-400"[39m
              [36m>[39m
                [0m$0.00[0m
              [36m</span>[39m
            [36m</div>[39m
          [36m</div>[39m
        [36m</div>[39m
        [36m<div[39m
          [33mclass[39m=[32m"flex-1 overflow-y-auto px-6 py-4"[39m
        [36m>[39m
          [36m<div[39m
            [33mclass[39m=[32m"text-center py-12"[39m
          [36m>[39m
            [36m<p[39m
              [33mclass[39m=[32m"text-gray-500 dark:text-gray-400 text-lg"[39m
            [36m>[39m
              [0mNo matching transactions found[0m
            [36m</p>[39m
            [36m<p[39m
              [33mclass[39m=[32m"text-sm text-gray-400 dark:text-gray-500 mt-2"[39m
            [36m>[39m
              [0mTry adjusting your filters or date range[0m
            [36m</p>[39m
          [36m</div>[39m
        [36m</div>[39m
        [36m<div[39m
          [33mclass[39m=[32m"px-6 py-4 border-t border-gray-200 dark:border-gray-700"[39m
        [36m>[39m
          [36m<div[39m
            [33mclass[39m=[32m"flex justify-between items-center"[39m
          [36m>[39m
            [36m<p[39m
              [33mclass[39m=[32m"text-sm text-gray-500 dark:text-gray-400"[39m
            [36m>[39m
              [0mShowing [0m
              [0m0[0m
              [0m of [0m
              [0m0[0m
              [0m transactions[0m
            [36m</p>[39m
            [36m<button[39m
              [33mclass[39m=[32m"px-4 py-2 bg-gray-200 dark:bg-gray-700 text-gray-700 dark:text-gray-300 rounded-lg hover:bg-gray-300 dark:hover:bg-gray-600"[39m
            [36m>[39m
              [0mClose[0m
            [36m</button>[39m
          [36m</div>[39m
        [36m</div>[39m
      [36m</div>[39m
    [36m</div>[39m
  [36m</div>[39m
[36m</body>[39m
   ✓ CategoryTransactionsModal > Edge Cases > handles empty category gracefully 2ms
 ✓ src/components/TestDataWarningModal.test.tsx (41 tests) 253ms
 ✓ src/services/bankConnectionService.test.ts (33 tests | 2 skipped) 12ms
 ❯ src/components/IncomeVsExpensesChart.test.tsx (16 tests | 16 failed) 10ms
   × IncomeVsExpensesChart > renders the chart with correct title 5ms
     → mockUseApp.mockReturnValue is not a function
   × IncomeVsExpensesChart > renders all chart components 0ms
     → mockUseApp.mockReturnValue is not a function
   × IncomeVsExpensesChart > configures chart components correctly 0ms
     → mockUseApp.mockReturnValue is not a function
   × IncomeVsExpensesChart > processes transaction data correctly for last 6 months 1ms
     → mockUseApp.mockReturnValue is not a function
   × IncomeVsExpensesChart > calculates income and expenses correctly 0ms
     → mockUseApp.mockReturnValue is not a function
   × IncomeVsExpensesChart > handles months with no transactions 0ms
     → mockUseApp.mockReturnValue is not a function
   × IncomeVsExpensesChart > handles empty transactions array 0ms
     → mockUseApp.mockReturnValue is not a function
   × IncomeVsExpensesChart > rounds amounts to 2 decimal places 0ms
     → mockUseApp.mockReturnValue is not a function
   × IncomeVsExpensesChart > formats months correctly 0ms
     → mockUseApp.mockReturnValue is not a function
   × IncomeVsExpensesChart > handles transactions from different years correctly 0ms
     → mockUseApp.mockReturnValue is not a function
   × IncomeVsExpensesChart > memoizes data calculation correctly 0ms
     → mockUseApp.mockReturnValue is not a function
   × IncomeVsExpensesChart > updates when transactions change 0ms
     → mockUseApp.mockReturnValue is not a function
   × IncomeVsExpensesChart > applies correct styling classes 0ms
     → mockUseApp.mockReturnValue is not a function
   × IncomeVsExpensesChart > uses correct chart colors 0ms
     → mockUseApp.mockReturnValue is not a function
   × IncomeVsExpensesChart > handles large amounts correctly 0ms
     → mockUseApp.mockReturnValue is not a function
   × IncomeVsExpensesChart > maintains component memo behavior 0ms
     → mockUseApp.mockReturnValue is not a function
 ❯ src/components/EnvelopeBudgeting.test.tsx (28 tests | 10 failed | 2 skipped) 2486ms
   ✓ EnvelopeBudgeting > rendering > renders the component header 39ms
   ✓ EnvelopeBudgeting > rendering > renders action buttons 34ms
   ✓ EnvelopeBudgeting > rendering > displays summary cards 11ms
   ✓ EnvelopeBudgeting > rendering > shows icons in summary cards 6ms
   × EnvelopeBudgeting > envelope display > creates envelopes from budgets 17ms
     → Unable to find an element with the text: Groceries. This could be because the text is broken up by multiple elements. In this case, you can provide a function for your text matcher to make your matcher more flexible.

Ignored nodes: comments, script, style
[36m<body>[39m
  [36m<div>[39m
    [36m<div[39m
      [33mclass[39m=[32m"space-y-6"[39m
    [36m>[39m
      [36m<div[39m
        [33mclass[39m=[32m"bg-white/70 dark:bg-gray-800/70 backdrop-blur-xl rounded-2xl shadow-lg border border-white/20 dark:border-gray-700/50 p-6"[39m
      [36m>[39m
        [36m<div[39m
          [33mclass[39m=[32m"flex items-center justify-between mb-4"[39m
        [36m>[39m
          [36m<h2[39m
            [33mclass[39m=[32m"text-xl font-semibold text-gray-900 dark:text-white"[39m
          [36m>[39m
            [0mEnvelope Budgeting[0m
          [36m</h2>[39m
          [36m<div[39m
            [33mclass[39m=[32m"flex gap-2"[39m
          [36m>[39m
            [36m<button[39m
              [33mclass[39m=[32m"flex items-center gap-2 px-4 py-2 bg-blue-600 text-white rounded-lg hover:bg-blue-700"[39m
            [36m>[39m
              [36m<div[39m
                [33mdata-size[39m=[32m"16"[39m
                [33mdata-testid[39m=[32m"arrow-right-icon"[39m
              [36m/>[39m
              [0mTransfer[0m
            [36m</button>[39m
            [36m<button[39m
              [33mclass[39m=[32m"flex items-center gap-2 px-4 py-2 bg-[var(--color-primary)] text-white rounded-lg hover:bg-[var(--color-primary)]/90"[39m
            [36m>[39m
              [36m<div[39m
                [33mdata-size[39m=[32m"16"[39m
                [33mdata-testid[39m=[32m"plus-icon"[39m
              [36m/>[39m
              [0mAdd Envelope[0m
            [36m</button>[39m
          [36m</div>[39m
        [36m</div>[39m
        [36m<div[39m
          [33mclass[39m=[32m"grid grid-cols-1 md:grid-cols-4 gap-4"[39m
        [36m>[39m
          [36m<div[39m
            [33mclass[39m=[32m"bg-blue-50 dark:bg-blue-900/20 rounded-lg p-4"[39m
          [36m>[39m
            [36m<div[39m
              [33mclass[39m=[32m"flex items-center gap-2 mb-2"[39m
            [36m>[39m
              [36m<div[39m
                [33mdata-size[39m=[32m"20"[39m
                [33mdata-testid[39m=[32m"piggy-bank-icon"[39m
              [36m/>[39m
              [36m<span[39m
                [33mclass[39m=[32m"text-sm font-medium text-blue-800 dark:text-blue-300"[39m
              [36m>[39m
                [0mTotal Budgeted[0m
              [36m</span>[39m
            [36m</div>[39m
            [36m<span[39m
              [33mclass[39m=[32m"text-2xl font-bold text-blue-900 dark:text-blue-100"[39m
            [36m>[39m
              [0m$1000.00[0m
            [36m</span>[39m
          [36m</div>[39m
          [36m<div[39m
            [33mclass[39m=[32m"bg-red-50 dark:bg-red-900/20 rounded-lg p-4"[39m
          [36m>[39m
            [36m<div[39m
              [33mclass[39m=[32m"flex items-center gap-2 mb-2"[39m
            [36m>[39m
              [36m<div[39m
                [33mdata-size[39m=[32m"20"[39m
                [33mdata-testid[39m=[32m"dollar-sign-icon"[39m
              [36m/>[39m
              [36m<span[39m
                [33mclass[39m=[32m"text-sm font-medium text-red-800 dark:text-red-300"[39m
              [36m>[39m
                [0mTotal Spent[0m
              [36m</span>[39m
            [36m</div>[39m
            [36m<span[39m
              [33mclass[39m=[32m"text-2xl font-bold text-red-900 dark:text-red-100"[39m
            [36m>[39m
              [0m$0.00[0m
            [36m</span>[39m
          [36m</div>[39m
          [36m<div[39m
            [33mclass[39m=[32m"rounded-lg p-4 bg-green-50 dark:bg-green-900/20"[39m
          [36m>[39m
            [36m<div[39m
              [33mclass[39m=[32m"flex items-center gap-2 mb-2"[39m
            [36m>[39m
              [36m<div[39m
                [33mdata-size[39m=[32m"20"[39m
                [33mdata-testid[39m=[32m"check-circle-icon"[39m
              [36m/>[39m
              [36m<span[39m
                [33mclass[39m=[32m"text-sm font-medium text-green-800 dark:text-green-300"[39m
              [36m>[39m
                [0mRemaining[0m
              [36m</span>[39m
            [36m</div>[39m
            [36m<span[39m
              [33mclass[39m=[32m"text-2xl font-bold text-green-900 dark:text-green-100"[39m
            [36m>[39m
              [0m$1000.00[0m
            [36m</span>[39m
          [36m</div>[39m
          [36m<div[39m
            [33mclass[39m=[32m"bg-orange-50 dark:bg-orange-900/20 rounded-lg p-4"[39m
          [36m>[39m
            [36m<div[39m
              [33mclass[39m=[32m"flex items-center gap-2 mb-2"[39m
            [36m>[39m
              [36m<div[39m
                [33mdata-size[39m=[32m"20"[39m
                [33mdata-testid[39m=[32m"alert-circle-icon"[39m
              [36m/>[39m
              [36m<span[39m
                [33mclass[39m=[32m"text-sm font-medium text-orange-800 dark:text-orange-300"[39m
              [36m>[39m
                [0mOverbudget[0m
              [36m</span>[39m
            [36m</div>[39m
            [36m<span[39m
              [33mclass[39m=[32m"text-2xl font-bold text-orange-900 dark:text-orange-100"[39m
            [36m>[39m
              [0m0[0m
            [36m</span>[39m
          [36m</div>[39m
        [36m</div>[39m
      [36m</div>[39m
      [36m<div[39m
        [33mclass[39m=[32m"grid grid-cols-1 md:grid-cols-2 lg:grid-cols-3 gap-6"[39m
      [36m>[39m
        [36m<div[39m
          [33mclass[39m=[32m"bg-white/70 dark:bg-gray-800/70 backdrop-blur-xl rounded-2xl shadow-lg border border-white/20 dark:border-gray-700/50 p-6 cursor-pointer transition-all hover:shadow-xl "[39m
        [36m>[39m
          [36m<div[39m
            [33mclass[39m=[32m"flex items-center justify-between mb-4"[39m
          [36m>[39m
            [36m<div[39m
              [33mclass[39m=[32m"flex items-center gap-3"[39m
            [36m>[39m
              [36m<div[39m
                [33mclass[39m=[32m"w-4 h-4 rounded-full"[39m
                [33mstyle[39m=[32m"background-color: rgb(59, 130, 246);"[39m
              [36m/>[39m
              [36m<h3[39m
                [33mclass[39m=[32m"font-semibold text-gray-900 dark:text-white text-sm"[39m
              [36m/>[39m
            [36m</div>[39m
            [36m<span[39m
              [33mclass[39m=[32m"px-2 py-1 rounded-full text-xs font-medium border bg-yellow-100 text-yellow-800 border-yellow-200"[39m
            [36m>[39m
              [0mmedium[0m
            [36m</span>[39m
          [36m</div>[39m
          [36m<div[39m
            [33mclass[39m=[32m"mb-4"[39m
          [36m>[39m
            [36m<div[39m
              [33mclass[39m=[32m"flex justify-between text-sm text-gray-600 dark:text-gray-400 mb-1"[39m
            [36m>...
   × EnvelopeBudgeting > envelope display > displays budgeted amounts 7ms
     → Found multiple elements with the text: $500.00

Here are the matching elements:

Ignored nodes: comments, script, style
[36m<span[39m
  [33mclass[39m=[32m"text-sm font-medium text-gray-900 dark:text-white"[39m
[36m>[39m
  [0m$500.00[0m
[36m</span>[39m

Ignored nodes: comments, script, style
[36m<span[39m
  [33mclass[39m=[32m"text-sm font-medium text-green-600 dark:text-green-400"[39m
[36m>[39m
  [0m$500.00[0m
[36m</span>[39m

(If this is intentional, then use the `*AllBy*` variant of the query (like `queryAllByText`, `getAllByText`, or `findAllByText`)).

Ignored nodes: comments, script, style
[36m<body>[39m
  [36m<div>[39m
    [36m<div[39m
      [33mclass[39m=[32m"space-y-6"[39m
    [36m>[39m
      [36m<div[39m
        [33mclass[39m=[32m"bg-white/70 dark:bg-gray-800/70 backdrop-blur-xl rounded-2xl shadow-lg border border-white/20 dark:border-gray-700/50 p-6"[39m
      [36m>[39m
        [36m<div[39m
          [33mclass[39m=[32m"flex items-center justify-between mb-4"[39m
        [36m>[39m
          [36m<h2[39m
            [33mclass[39m=[32m"text-xl font-semibold text-gray-900 dark:text-white"[39m
          [36m>[39m
            [0mEnvelope Budgeting[0m
          [36m</h2>[39m
          [36m<div[39m
            [33mclass[39m=[32m"flex gap-2"[39m
          [36m>[39m
            [36m<button[39m
              [33mclass[39m=[32m"flex items-center gap-2 px-4 py-2 bg-blue-600 text-white rounded-lg hover:bg-blue-700"[39m
            [36m>[39m
              [36m<div[39m
                [33mdata-size[39m=[32m"16"[39m
                [33mdata-testid[39m=[32m"arrow-right-icon"[39m
              [36m/>[39m
              [0mTransfer[0m
            [36m</button>[39m
            [36m<button[39m
              [33mclass[39m=[32m"flex items-center gap-2 px-4 py-2 bg-[var(--color-primary)] text-white rounded-lg hover:bg-[var(--color-primary)]/90"[39m
            [36m>[39m
              [36m<div[39m
                [33mdata-size[39m=[32m"16"[39m
                [33mdata-testid[39m=[32m"plus-icon"[39m
              [36m/>[39m
              [0mAdd Envelope[0m
            [36m</button>[39m
          [36m</div>[39m
        [36m</div>[39m
        [36m<div[39m
          [33mclass[39m=[32m"grid grid-cols-1 md:grid-cols-4 gap-4"[39m
        [36m>[39m
          [36m<div[39m
            [33mclass[39m=[32m"bg-blue-50 dark:bg-blue-900/20 rounded-lg p-4"[39m
          [36m>[39m
            [36m<div[39m
              [33mclass[39m=[32m"flex items-center gap-2 mb-2"[39m
            [36m>[39m
              [36m<div[39m
                [33mdata-size[39m=[32m"20"[39m
                [33mdata-testid[39m=[32m"piggy-bank-icon"[39m
              [36m/>[39m
              [36m<span[39m
                [33mclass[39m=[32m"text-sm font-medium text-blue-800 dark:text-blue-300"[39m
              [36m>[39m
                [0mTotal Budgeted[0m
              [36m</span>[39m
            [36m</div>[39m
            [36m<span[39m
              [33mclass[39m=[32m"text-2xl font-bold text-blue-900 dark:text-blue-100"[39m
            [36m>[39m
              [0m$1000.00[0m
            [36m</span>[39m
          [36m</div>[39m
          [36m<div[39m
            [33mclass[39m=[32m"bg-red-50 dark:bg-red-900/20 rounded-lg p-4"[39m
          [36m>[39m
            [36m<div[39m
              [33mclass[39m=[32m"flex items-center gap-2 mb-2"[39m
            [36m>[39m
              [36m<div[39m
                [33mdata-size[39m=[32m"20"[39m
                [33mdata-testid[39m=[32m"dollar-sign-icon"[39m
              [36m/>[39m
              [36m<span[39m
                [33mclass[39m=[32m"text-sm font-medium text-red-800 dark:text-red-300"[39m
              [36m>[39m
                [0mTotal Spent[0m
              [36m</span>[39m
            [36m</div>[39m
            [36m<span[39m
              [33mclass[39m=[32m"text-2xl font-bold text-red-900 dark:text-red-100"[39m
            [36m>[39m
              [0m$0.00[0m
            [36m</span>[39m
          [36m</div>[39m
          [36m<div[39m
            [33mclass[39m=[32m"rounded-lg p-4 bg-green-50 dark:bg-green-900/20"[39m
          [36m>[39m
            [36m<div[39m
              [33mclass[39m=[32m"flex items-center gap-2 mb-2"[39m
            [36m>[39m
              [36m<div[39m
                [33mdata-size[39m=[32m"20"[39m
                [33mdata-testid[39m=[32m"check-circle-icon"[39m
              [36m/>[39m
              [36m<span[39m
                [33mclass[39m=[32m"text-sm font-medium text-green-800 dark:text-green-300"[39m
              [36m>[39m
                [0mRemaining[0m
              [36m</span>[39m
            [36m</div>[39m
            [36m<span[39m
              [33mclass[39m=[32m"text-2xl font-bold text-green-900 dark:text-green-100"[39m
            [36m>[39m
              [0m$1000.00[0m
            [36m</span>[39m
          [36m</div>[39m
          [36m<div[39m
            [33mclass[39m=[32m"bg-orange-50 dark:bg-orange-900/20 rounded-lg p-4"[39m
          [36m>[39m
            [36m<div[39m
              [33mclass[39m=[32m"flex items-center gap-2 mb-2"[39m
            [36m>[39m
              [36m<div[39m
                [33mdata-size[39m=[32m"20"[39m
                [33mdata-testid[39m=[32m"alert-circle-icon"[39m
              [36m/>[39m
              [36m<span[39m
                [33mclass[39m=[32m"text-sm font-medium text-orange-800 dark:text-orange-300"[39m
              [36m>[39m
                [0mOverbudget[0m
              [36m</span>[39m
            [36m</div>[39m
            [36m<span[39m
              [33mclass[39m=[32m"text-2xl font-bold text-orange-900 dark:text-orange-100"[39m
            [36m>[39m
              [0m0[0m
            [36m</span>[39m
          [36m</div>[39m
        [36m</div>[39m
      [36m</div>[39m
      [36m<div[39m
        [33mclass[39m=[32m"grid grid-cols-1 md:grid-cols-2 lg:grid-cols-3 gap-6"[39m
      [36m>[39m
        [36m<div[39m
          [33mclass[39m=[32m"bg-white/70 dark:bg-gray-800/70 backdrop-blur-xl rounded-2xl shadow-lg border border-white/20 dark:border-gray-700/50 p-6 cursor-pointer transition-all hover:shadow-xl "[39m
        [36m>[39m
          [36m<div[39m
            [33mclass[39m=[32m"flex items-center justify-between mb-4"[39m
          [36m>[39m
            [36m<div[39m
              [33mclass[39m=[32m"flex items-center gap-3"[39m
            [36m>[39m
              [36m<div[39m
                [33mclass[39m=[32m"w-4 h-4 rounded-full"[39m
                [33mstyle[39m=[32m"background-color: rgb(59, 130, 246);"[39m
              [36m/>[39m
              [36m<h3[39m
                [33mclass[39m=[32m"font-semibold text-gray-900 dark:text-white text-sm"[39m
              [36m/>[39m
            [36m</div>[39m
            [36m<span[39m
              [33mclass[39m=[32m"px-2 py-1 rounded-full text-xs font-medium border bg-yellow-100 text-yellow-800 border-yellow-200"[39m
            [36m>[39m
              [0mmedium[0m
            [36m</span>[39m
          [36m</div>[39m
          [36m<div[39m
            [33mclass[39m=[32m"mb-4"[39m
          [36m>[39m
            [36m<div[39m
              [33mclass[39m=[32m"flex justify-between text-sm text-gray-600 dark:text-gray-400 mb-1"[39m
            [36m>...
   ✓ EnvelopeBudgeting > envelope display > shows priority badges 7ms
   × EnvelopeBudgeting > envelope display > displays progress bars 7ms
     → Unable to find an element with the text: 30.0%. This could be because the text is broken up by multiple elements. In this case, you can provide a function for your text matcher to make your matcher more flexible.

Ignored nodes: comments, script, style
[36m<body>[39m
  [36m<div>[39m
    [36m<div[39m
      [33mclass[39m=[32m"space-y-6"[39m
    [36m>[39m
      [36m<div[39m
        [33mclass[39m=[32m"bg-white/70 dark:bg-gray-800/70 backdrop-blur-xl rounded-2xl shadow-lg border border-white/20 dark:border-gray-700/50 p-6"[39m
      [36m>[39m
        [36m<div[39m
          [33mclass[39m=[32m"flex items-center justify-between mb-4"[39m
        [36m>[39m
          [36m<h2[39m
            [33mclass[39m=[32m"text-xl font-semibold text-gray-900 dark:text-white"[39m
          [36m>[39m
            [0mEnvelope Budgeting[0m
          [36m</h2>[39m
          [36m<div[39m
            [33mclass[39m=[32m"flex gap-2"[39m
          [36m>[39m
            [36m<button[39m
              [33mclass[39m=[32m"flex items-center gap-2 px-4 py-2 bg-blue-600 text-white rounded-lg hover:bg-blue-700"[39m
            [36m>[39m
              [36m<div[39m
                [33mdata-size[39m=[32m"16"[39m
                [33mdata-testid[39m=[32m"arrow-right-icon"[39m
              [36m/>[39m
              [0mTransfer[0m
            [36m</button>[39m
            [36m<button[39m
              [33mclass[39m=[32m"flex items-center gap-2 px-4 py-2 bg-[var(--color-primary)] text-white rounded-lg hover:bg-[var(--color-primary)]/90"[39m
            [36m>[39m
              [36m<div[39m
                [33mdata-size[39m=[32m"16"[39m
                [33mdata-testid[39m=[32m"plus-icon"[39m
              [36m/>[39m
              [0mAdd Envelope[0m
            [36m</button>[39m
          [36m</div>[39m
        [36m</div>[39m
        [36m<div[39m
          [33mclass[39m=[32m"grid grid-cols-1 md:grid-cols-4 gap-4"[39m
        [36m>[39m
          [36m<div[39m
            [33mclass[39m=[32m"bg-blue-50 dark:bg-blue-900/20 rounded-lg p-4"[39m
          [36m>[39m
            [36m<div[39m
              [33mclass[39m=[32m"flex items-center gap-2 mb-2"[39m
            [36m>[39m
              [36m<div[39m
                [33mdata-size[39m=[32m"20"[39m
                [33mdata-testid[39m=[32m"piggy-bank-icon"[39m
              [36m/>[39m
              [36m<span[39m
                [33mclass[39m=[32m"text-sm font-medium text-blue-800 dark:text-blue-300"[39m
              [36m>[39m
                [0mTotal Budgeted[0m
              [36m</span>[39m
            [36m</div>[39m
            [36m<span[39m
              [33mclass[39m=[32m"text-2xl font-bold text-blue-900 dark:text-blue-100"[39m
            [36m>[39m
              [0m$1000.00[0m
            [36m</span>[39m
          [36m</div>[39m
          [36m<div[39m
            [33mclass[39m=[32m"bg-red-50 dark:bg-red-900/20 rounded-lg p-4"[39m
          [36m>[39m
            [36m<div[39m
              [33mclass[39m=[32m"flex items-center gap-2 mb-2"[39m
            [36m>[39m
              [36m<div[39m
                [33mdata-size[39m=[32m"20"[39m
                [33mdata-testid[39m=[32m"dollar-sign-icon"[39m
              [36m/>[39m
              [36m<span[39m
                [33mclass[39m=[32m"text-sm font-medium text-red-800 dark:text-red-300"[39m
              [36m>[39m
                [0mTotal Spent[0m
              [36m</span>[39m
            [36m</div>[39m
            [36m<span[39m
              [33mclass[39m=[32m"text-2xl font-bold text-red-900 dark:text-red-100"[39m
            [36m>[39m
              [0m$0.00[0m
            [36m</span>[39m
          [36m</div>[39m
          [36m<div[39m
            [33mclass[39m=[32m"rounded-lg p-4 bg-green-50 dark:bg-green-900/20"[39m
          [36m>[39m
            [36m<div[39m
              [33mclass[39m=[32m"flex items-center gap-2 mb-2"[39m
            [36m>[39m
              [36m<div[39m
                [33mdata-size[39m=[32m"20"[39m
                [33mdata-testid[39m=[32m"check-circle-icon"[39m
              [36m/>[39m
              [36m<span[39m
                [33mclass[39m=[32m"text-sm font-medium text-green-800 dark:text-green-300"[39m
              [36m>[39m
                [0mRemaining[0m
              [36m</span>[39m
            [36m</div>[39m
            [36m<span[39m
              [33mclass[39m=[32m"text-2xl font-bold text-green-900 dark:text-green-100"[39m
            [36m>[39m
              [0m$1000.00[0m
            [36m</span>[39m
          [36m</div>[39m
          [36m<div[39m
            [33mclass[39m=[32m"bg-orange-50 dark:bg-orange-900/20 rounded-lg p-4"[39m
          [36m>[39m
            [36m<div[39m
              [33mclass[39m=[32m"flex items-center gap-2 mb-2"[39m
            [36m>[39m
              [36m<div[39m
                [33mdata-size[39m=[32m"20"[39m
                [33mdata-testid[39m=[32m"alert-circle-icon"[39m
              [36m/>[39m
              [36m<span[39m
                [33mclass[39m=[32m"text-sm font-medium text-orange-800 dark:text-orange-300"[39m
              [36m>[39m
                [0mOverbudget[0m
              [36m</span>[39m
            [36m</div>[39m
            [36m<span[39m
              [33mclass[39m=[32m"text-2xl font-bold text-orange-900 dark:text-orange-100"[39m
            [36m>[39m
              [0m0[0m
            [36m</span>[39m
          [36m</div>[39m
        [36m</div>[39m
      [36m</div>[39m
      [36m<div[39m
        [33mclass[39m=[32m"grid grid-cols-1 md:grid-cols-2 lg:grid-cols-3 gap-6"[39m
      [36m>[39m
        [36m<div[39m
          [33mclass[39m=[32m"bg-white/70 dark:bg-gray-800/70 backdrop-blur-xl rounded-2xl shadow-lg border border-white/20 dark:border-gray-700/50 p-6 cursor-pointer transition-all hover:shadow-xl "[39m
        [36m>[39m
          [36m<div[39m
            [33mclass[39m=[32m"flex items-center justify-between mb-4"[39m
          [36m>[39m
            [36m<div[39m
              [33mclass[39m=[32m"flex items-center gap-3"[39m
            [36m>[39m
              [36m<div[39m
                [33mclass[39m=[32m"w-4 h-4 rounded-full"[39m
                [33mstyle[39m=[32m"background-color: rgb(59, 130, 246);"[39m
              [36m/>[39m
              [36m<h3[39m
                [33mclass[39m=[32m"font-semibold text-gray-900 dark:text-white text-sm"[39m
              [36m/>[39m
            [36m</div>[39m
            [36m<span[39m
              [33mclass[39m=[32m"px-2 py-1 rounded-full text-xs font-medium border bg-yellow-100 text-yellow-800 border-yellow-200"[39m
            [36m>[39m
              [0mmedium[0m
            [36m</span>[39m
          [36m</div>[39m
          [36m<div[39m
            [33mclass[39m=[32m"mb-4"[39m
          [36m>[39m
            [36m<div[39m
              [33mclass[39m=[32m"flex justify-between text-sm text-gray-600 dark:text-gray-400 mb-1"[39m
            [36m>...
   × EnvelopeBudgeting > calculations > calculates total budgeted correctly 8ms
     → Found multiple elements with the text: $1000.00

Here are the matching elements:

Ignored nodes: comments, script, style
[36m<span[39m
  [33mclass[39m=[32m"text-2xl font-bold text-blue-900 dark:text-blue-100"[39m
[36m>[39m
  [0m$1000.00[0m
[36m</span>[39m

Ignored nodes: comments, script, style
[36m<span[39m
  [33mclass[39m=[32m"text-2xl font-bold text-green-900 dark:text-green-100"[39m
[36m>[39m
  [0m$1000.00[0m
[36m</span>[39m

(If this is intentional, then use the `*AllBy*` variant of the query (like `queryAllByText`, `getAllByText`, or `findAllByText`)).

Ignored nodes: comments, script, style
[36m<body>[39m
  [36m<div>[39m
    [36m<div[39m
      [33mclass[39m=[32m"space-y-6"[39m
    [36m>[39m
      [36m<div[39m
        [33mclass[39m=[32m"bg-white/70 dark:bg-gray-800/70 backdrop-blur-xl rounded-2xl shadow-lg border border-white/20 dark:border-gray-700/50 p-6"[39m
      [36m>[39m
        [36m<div[39m
          [33mclass[39m=[32m"flex items-center justify-between mb-4"[39m
        [36m>[39m
          [36m<h2[39m
            [33mclass[39m=[32m"text-xl font-semibold text-gray-900 dark:text-white"[39m
          [36m>[39m
            [0mEnvelope Budgeting[0m
          [36m</h2>[39m
          [36m<div[39m
            [33mclass[39m=[32m"flex gap-2"[39m
          [36m>[39m
            [36m<button[39m
              [33mclass[39m=[32m"flex items-center gap-2 px-4 py-2 bg-blue-600 text-white rounded-lg hover:bg-blue-700"[39m
            [36m>[39m
              [36m<div[39m
                [33mdata-size[39m=[32m"16"[39m
                [33mdata-testid[39m=[32m"arrow-right-icon"[39m
              [36m/>[39m
              [0mTransfer[0m
            [36m</button>[39m
            [36m<button[39m
              [33mclass[39m=[32m"flex items-center gap-2 px-4 py-2 bg-[var(--color-primary)] text-white rounded-lg hover:bg-[var(--color-primary)]/90"[39m
            [36m>[39m
              [36m<div[39m
                [33mdata-size[39m=[32m"16"[39m
                [33mdata-testid[39m=[32m"plus-icon"[39m
              [36m/>[39m
              [0mAdd Envelope[0m
            [36m</button>[39m
          [36m</div>[39m
        [36m</div>[39m
        [36m<div[39m
          [33mclass[39m=[32m"grid grid-cols-1 md:grid-cols-4 gap-4"[39m
        [36m>[39m
          [36m<div[39m
            [33mclass[39m=[32m"bg-blue-50 dark:bg-blue-900/20 rounded-lg p-4"[39m
          [36m>[39m
            [36m<div[39m
              [33mclass[39m=[32m"flex items-center gap-2 mb-2"[39m
            [36m>[39m
              [36m<div[39m
                [33mdata-size[39m=[32m"20"[39m
                [33mdata-testid[39m=[32m"piggy-bank-icon"[39m
              [36m/>[39m
              [36m<span[39m
                [33mclass[39m=[32m"text-sm font-medium text-blue-800 dark:text-blue-300"[39m
              [36m>[39m
                [0mTotal Budgeted[0m
              [36m</span>[39m
            [36m</div>[39m
            [36m<span[39m
              [33mclass[39m=[32m"text-2xl font-bold text-blue-900 dark:text-blue-100"[39m
            [36m>[39m
              [0m$1000.00[0m
            [36m</span>[39m
          [36m</div>[39m
          [36m<div[39m
            [33mclass[39m=[32m"bg-red-50 dark:bg-red-900/20 rounded-lg p-4"[39m
          [36m>[39m
            [36m<div[39m
              [33mclass[39m=[32m"flex items-center gap-2 mb-2"[39m
            [36m>[39m
              [36m<div[39m
                [33mdata-size[39m=[32m"20"[39m
                [33mdata-testid[39m=[32m"dollar-sign-icon"[39m
              [36m/>[39m
              [36m<span[39m
                [33mclass[39m=[32m"text-sm font-medium text-red-800 dark:text-red-300"[39m
              [36m>[39m
                [0mTotal Spent[0m
              [36m</span>[39m
            [36m</div>[39m
            [36m<span[39m
              [33mclass[39m=[32m"text-2xl font-bold text-red-900 dark:text-red-100"[39m
            [36m>[39m
              [0m$0.00[0m
            [36m</span>[39m
          [36m</div>[39m
          [36m<div[39m
            [33mclass[39m=[32m"rounded-lg p-4 bg-green-50 dark:bg-green-900/20"[39m
          [36m>[39m
            [36m<div[39m
              [33mclass[39m=[32m"flex items-center gap-2 mb-2"[39m
            [36m>[39m
              [36m<div[39m
                [33mdata-size[39m=[32m"20"[39m
                [33mdata-testid[39m=[32m"check-circle-icon"[39m
              [36m/>[39m
              [36m<span[39m
                [33mclass[39m=[32m"text-sm font-medium text-green-800 dark:text-green-300"[39m
              [36m>[39m
                [0mRemaining[0m
              [36m</span>[39m
            [36m</div>[39m
            [36m<span[39m
              [33mclass[39m=[32m"text-2xl font-bold text-green-900 dark:text-green-100"[39m
            [36m>[39m
              [0m$1000.00[0m
            [36m</span>[39m
          [36m</div>[39m
          [36m<div[39m
            [33mclass[39m=[32m"bg-orange-50 dark:bg-orange-900/20 rounded-lg p-4"[39m
          [36m>[39m
            [36m<div[39m
              [33mclass[39m=[32m"flex items-center gap-2 mb-2"[39m
            [36m>[39m
              [36m<div[39m
                [33mdata-size[39m=[32m"20"[39m
                [33mdata-testid[39m=[32m"alert-circle-icon"[39m
              [36m/>[39m
              [36m<span[39m
                [33mclass[39m=[32m"text-sm font-medium text-orange-800 dark:text-orange-300"[39m
              [36m>[39m
                [0mOverbudget[0m
              [36m</span>[39m
            [36m</div>[39m
            [36m<span[39m
              [33mclass[39m=[32m"text-2xl font-bold text-orange-900 dark:text-orange-100"[39m
            [36m>[39m
              [0m0[0m
            [36m</span>[39m
          [36m</div>[39m
        [36m</div>[39m
      [36m</div>[39m
      [36m<div[39m
        [33mclass[39m=[32m"grid grid-cols-1 md:grid-cols-2 lg:grid-cols-3 gap-6"[39m
      [36m>[39m
        [36m<div[39m
          [33mclass[39m=[32m"bg-white/70 dark:bg-gray-800/70 backdrop-blur-xl rounded-2xl shadow-lg border border-white/20 dark:border-gray-700/50 p-6 cursor-pointer transition-all hover:shadow-xl "[39m
        [36m>[39m
          [36m<div[39m
            [33mclass[39m=[32m"flex items-center justify-between mb-4"[39m
          [36m>[39m
            [36m<div[39m
              [33mclass[39m=[32m"flex items-center gap-3"[39m
            [36m>[39m
              [36m<div[39m
                [33mclass[39m=[32m"w-4 h-4 rounded-full"[39m
                [33mstyle[39m=[32m"background-color: rgb(59, 130, 246);"[39m
              [36m/>[39m
              [36m<h3[39m
                [33mclass[39m=[32m"font-semibold text-gray-900 dark:text-white text-sm"[39m
              [36m/>[39m
            [36m</div>[39m
            [36m<span[39m
              [33mclass[39m=[32m"px-2 py-1 rounded-full text-xs font-medium border bg-yellow-100 text-yellow-800 border-yellow-200"[39m
            [36m>[39m
              [0mmedium[0m
            [36m</span>[39m
          [36m</div>[39m
          [36m<div[39m
            [33mclass[39m=[32m"mb-4"[39m
          [36m>[39m
            [36m<div[39m
              [33mclass[39m=[32m"flex justify-between text-sm text-gray-600 dark:text-gray-400 mb-1"[39m
            [36m>...
   × EnvelopeBudgeting > calculations > calculates total spent correctly 10ms
     → [2mexpect([22m[31melement[39m[2m).toHaveTextContent()[22m

Expected element to have text content:
[32m  $200.00[39m
Received:
[31m  Total Spent$0.00[39m
   × EnvelopeBudgeting > calculations > calculates remaining correctly 7ms
     → Unable to find an element with the text: $800.00. This could be because the text is broken up by multiple elements. In this case, you can provide a function for your text matcher to make your matcher more flexible.

Ignored nodes: comments, script, style
[36m<body>[39m
  [36m<div>[39m
    [36m<div[39m
      [33mclass[39m=[32m"space-y-6"[39m
    [36m>[39m
      [36m<div[39m
        [33mclass[39m=[32m"bg-white/70 dark:bg-gray-800/70 backdrop-blur-xl rounded-2xl shadow-lg border border-white/20 dark:border-gray-700/50 p-6"[39m
      [36m>[39m
        [36m<div[39m
          [33mclass[39m=[32m"flex items-center justify-between mb-4"[39m
        [36m>[39m
          [36m<h2[39m
            [33mclass[39m=[32m"text-xl font-semibold text-gray-900 dark:text-white"[39m
          [36m>[39m
            [0mEnvelope Budgeting[0m
          [36m</h2>[39m
          [36m<div[39m
            [33mclass[39m=[32m"flex gap-2"[39m
          [36m>[39m
            [36m<button[39m
              [33mclass[39m=[32m"flex items-center gap-2 px-4 py-2 bg-blue-600 text-white rounded-lg hover:bg-blue-700"[39m
            [36m>[39m
              [36m<div[39m
                [33mdata-size[39m=[32m"16"[39m
                [33mdata-testid[39m=[32m"arrow-right-icon"[39m
              [36m/>[39m
              [0mTransfer[0m
            [36m</button>[39m
            [36m<button[39m
              [33mclass[39m=[32m"flex items-center gap-2 px-4 py-2 bg-[var(--color-primary)] text-white rounded-lg hover:bg-[var(--color-primary)]/90"[39m
            [36m>[39m
              [36m<div[39m
                [33mdata-size[39m=[32m"16"[39m
                [33mdata-testid[39m=[32m"plus-icon"[39m
              [36m/>[39m
              [0mAdd Envelope[0m
            [36m</button>[39m
          [36m</div>[39m
        [36m</div>[39m
        [36m<div[39m
          [33mclass[39m=[32m"grid grid-cols-1 md:grid-cols-4 gap-4"[39m
        [36m>[39m
          [36m<div[39m
            [33mclass[39m=[32m"bg-blue-50 dark:bg-blue-900/20 rounded-lg p-4"[39m
          [36m>[39m
            [36m<div[39m
              [33mclass[39m=[32m"flex items-center gap-2 mb-2"[39m
            [36m>[39m
              [36m<div[39m
                [33mdata-size[39m=[32m"20"[39m
                [33mdata-testid[39m=[32m"piggy-bank-icon"[39m
              [36m/>[39m
              [36m<span[39m
                [33mclass[39m=[32m"text-sm font-medium text-blue-800 dark:text-blue-300"[39m
              [36m>[39m
                [0mTotal Budgeted[0m
              [36m</span>[39m
            [36m</div>[39m
            [36m<span[39m
              [33mclass[39m=[32m"text-2xl font-bold text-blue-900 dark:text-blue-100"[39m
            [36m>[39m
              [0m$1000.00[0m
            [36m</span>[39m
          [36m</div>[39m
          [36m<div[39m
            [33mclass[39m=[32m"bg-red-50 dark:bg-red-900/20 rounded-lg p-4"[39m
          [36m>[39m
            [36m<div[39m
              [33mclass[39m=[32m"flex items-center gap-2 mb-2"[39m
            [36m>[39m
              [36m<div[39m
                [33mdata-size[39m=[32m"20"[39m
                [33mdata-testid[39m=[32m"dollar-sign-icon"[39m
              [36m/>[39m
              [36m<span[39m
                [33mclass[39m=[32m"text-sm font-medium text-red-800 dark:text-red-300"[39m
              [36m>[39m
                [0mTotal Spent[0m
              [36m</span>[39m
            [36m</div>[39m
            [36m<span[39m
              [33mclass[39m=[32m"text-2xl font-bold text-red-900 dark:text-red-100"[39m
            [36m>[39m
              [0m$0.00[0m
            [36m</span>[39m
          [36m</div>[39m
          [36m<div[39m
            [33mclass[39m=[32m"rounded-lg p-4 bg-green-50 dark:bg-green-900/20"[39m
          [36m>[39m
            [36m<div[39m
              [33mclass[39m=[32m"flex items-center gap-2 mb-2"[39m
            [36m>[39m
              [36m<div[39m
                [33mdata-size[39m=[32m"20"[39m
                [33mdata-testid[39m=[32m"check-circle-icon"[39m
              [36m/>[39m
              [36m<span[39m
                [33mclass[39m=[32m"text-sm font-medium text-green-800 dark:text-green-300"[39m
              [36m>[39m
                [0mRemaining[0m
              [36m</span>[39m
            [36m</div>[39m
            [36m<span[39m
              [33mclass[39m=[32m"text-2xl font-bold text-green-900 dark:text-green-100"[39m
            [36m>[39m
              [0m$1000.00[0m
            [36m</span>[39m
          [36m</div>[39m
          [36m<div[39m
            [33mclass[39m=[32m"bg-orange-50 dark:bg-orange-900/20 rounded-lg p-4"[39m
          [36m>[39m
            [36m<div[39m
              [33mclass[39m=[32m"flex items-center gap-2 mb-2"[39m
            [36m>[39m
              [36m<div[39m
                [33mdata-size[39m=[32m"20"[39m
                [33mdata-testid[39m=[32m"alert-circle-icon"[39m
              [36m/>[39m
              [36m<span[39m
                [33mclass[39m=[32m"text-sm font-medium text-orange-800 dark:text-orange-300"[39m
              [36m>[39m
                [0mOverbudget[0m
              [36m</span>[39m
            [36m</div>[39m
            [36m<span[39m
              [33mclass[39m=[32m"text-2xl font-bold text-orange-900 dark:text-orange-100"[39m
            [36m>[39m
              [0m0[0m
            [36m</span>[39m
          [36m</div>[39m
        [36m</div>[39m
      [36m</div>[39m
      [36m<div[39m
        [33mclass[39m=[32m"grid grid-cols-1 md:grid-cols-2 lg:grid-cols-3 gap-6"[39m
      [36m>[39m
        [36m<div[39m
          [33mclass[39m=[32m"bg-white/70 dark:bg-gray-800/70 backdrop-blur-xl rounded-2xl shadow-lg border border-white/20 dark:border-gray-700/50 p-6 cursor-pointer transition-all hover:shadow-xl "[39m
        [36m>[39m
          [36m<div[39m
            [33mclass[39m=[32m"flex items-center justify-between mb-4"[39m
          [36m>[39m
            [36m<div[39m
              [33mclass[39m=[32m"flex items-center gap-3"[39m
            [36m>[39m
              [36m<div[39m
                [33mclass[39m=[32m"w-4 h-4 rounded-full"[39m
                [33mstyle[39m=[32m"background-color: rgb(59, 130, 246);"[39m
              [36m/>[39m
              [36m<h3[39m
                [33mclass[39m=[32m"font-semibold text-gray-900 dark:text-white text-sm"[39m
              [36m/>[39m
            [36m</div>[39m
            [36m<span[39m
              [33mclass[39m=[32m"px-2 py-1 rounded-full text-xs font-medium border bg-yellow-100 text-yellow-800 border-yellow-200"[39m
            [36m>[39m
              [0mmedium[0m
            [36m</span>[39m
          [36m</div>[39m
          [36m<div[39m
            [33mclass[39m=[32m"mb-4"[39m
          [36m>[39m
            [36m<div[39m
              [33mclass[39m=[32m"flex justify-between text-sm text-gray-600 dark:text-gray-400 mb-1"[39m
            [36m>...
   ✓ EnvelopeBudgeting > calculations > counts overbudget envelopes 5ms
   × EnvelopeBudgeting > envelope selection > selects envelope on click 8ms
     → Unable to find an element with the text: Groceries. This could be because the text is broken up by multiple elements. In this case, you can provide a function for your text matcher to make your matcher more flexible.

Ignored nodes: comments, script, style
[36m<body>[39m
  [36m<div>[39m
    [36m<div[39m
      [33mclass[39m=[32m"space-y-6"[39m
    [36m>[39m
      [36m<div[39m
        [33mclass[39m=[32m"bg-white/70 dark:bg-gray-800/70 backdrop-blur-xl rounded-2xl shadow-lg border border-white/20 dark:border-gray-700/50 p-6"[39m
      [36m>[39m
        [36m<div[39m
          [33mclass[39m=[32m"flex items-center justify-between mb-4"[39m
        [36m>[39m
          [36m<h2[39m
            [33mclass[39m=[32m"text-xl font-semibold text-gray-900 dark:text-white"[39m
          [36m>[39m
            [0mEnvelope Budgeting[0m
          [36m</h2>[39m
          [36m<div[39m
            [33mclass[39m=[32m"flex gap-2"[39m
          [36m>[39m
            [36m<button[39m
              [33mclass[39m=[32m"flex items-center gap-2 px-4 py-2 bg-blue-600 text-white rounded-lg hover:bg-blue-700"[39m
            [36m>[39m
              [36m<div[39m
                [33mdata-size[39m=[32m"16"[39m
                [33mdata-testid[39m=[32m"arrow-right-icon"[39m
              [36m/>[39m
              [0mTransfer[0m
            [36m</button>[39m
            [36m<button[39m
              [33mclass[39m=[32m"flex items-center gap-2 px-4 py-2 bg-[var(--color-primary)] text-white rounded-lg hover:bg-[var(--color-primary)]/90"[39m
            [36m>[39m
              [36m<div[39m
                [33mdata-size[39m=[32m"16"[39m
                [33mdata-testid[39m=[32m"plus-icon"[39m
              [36m/>[39m
              [0mAdd Envelope[0m
            [36m</button>[39m
          [36m</div>[39m
        [36m</div>[39m
        [36m<div[39m
          [33mclass[39m=[32m"grid grid-cols-1 md:grid-cols-4 gap-4"[39m
        [36m>[39m
          [36m<div[39m
            [33mclass[39m=[32m"bg-blue-50 dark:bg-blue-900/20 rounded-lg p-4"[39m
          [36m>[39m
            [36m<div[39m
              [33mclass[39m=[32m"flex items-center gap-2 mb-2"[39m
            [36m>[39m
              [36m<div[39m
                [33mdata-size[39m=[32m"20"[39m
                [33mdata-testid[39m=[32m"piggy-bank-icon"[39m
              [36m/>[39m
              [36m<span[39m
                [33mclass[39m=[32m"text-sm font-medium text-blue-800 dark:text-blue-300"[39m
              [36m>[39m
                [0mTotal Budgeted[0m
              [36m</span>[39m
            [36m</div>[39m
            [36m<span[39m
              [33mclass[39m=[32m"text-2xl font-bold text-blue-900 dark:text-blue-100"[39m
            [36m>[39m
              [0m$1000.00[0m
            [36m</span>[39m
          [36m</div>[39m
          [36m<div[39m
            [33mclass[39m=[32m"bg-red-50 dark:bg-red-900/20 rounded-lg p-4"[39m
          [36m>[39m
            [36m<div[39m
              [33mclass[39m=[32m"flex items-center gap-2 mb-2"[39m
            [36m>[39m
              [36m<div[39m
                [33mdata-size[39m=[32m"20"[39m
                [33mdata-testid[39m=[32m"dollar-sign-icon"[39m
              [36m/>[39m
              [36m<span[39m
                [33mclass[39m=[32m"text-sm font-medium text-red-800 dark:text-red-300"[39m
              [36m>[39m
                [0mTotal Spent[0m
              [36m</span>[39m
            [36m</div>[39m
            [36m<span[39m
              [33mclass[39m=[32m"text-2xl font-bold text-red-900 dark:text-red-100"[39m
            [36m>[39m
              [0m$0.00[0m
            [36m</span>[39m
          [36m</div>[39m
          [36m<div[39m
            [33mclass[39m=[32m"rounded-lg p-4 bg-green-50 dark:bg-green-900/20"[39m
          [36m>[39m
            [36m<div[39m
              [33mclass[39m=[32m"flex items-center gap-2 mb-2"[39m
            [36m>[39m
              [36m<div[39m
                [33mdata-size[39m=[32m"20"[39m
                [33mdata-testid[39m=[32m"check-circle-icon"[39m
              [36m/>[39m
              [36m<span[39m
                [33mclass[39m=[32m"text-sm font-medium text-green-800 dark:text-green-300"[39m
              [36m>[39m
                [0mRemaining[0m
              [36m</span>[39m
            [36m</div>[39m
            [36m<span[39m
              [33mclass[39m=[32m"text-2xl font-bold text-green-900 dark:text-green-100"[39m
            [36m>[39m
              [0m$1000.00[0m
            [36m</span>[39m
          [36m</div>[39m
          [36m<div[39m
            [33mclass[39m=[32m"bg-orange-50 dark:bg-orange-900/20 rounded-lg p-4"[39m
          [36m>[39m
            [36m<div[39m
              [33mclass[39m=[32m"flex items-center gap-2 mb-2"[39m
            [36m>[39m
              [36m<div[39m
                [33mdata-size[39m=[32m"20"[39m
                [33mdata-testid[39m=[32m"alert-circle-icon"[39m
              [36m/>[39m
              [36m<span[39m
                [33mclass[39m=[32m"text-sm font-medium text-orange-800 dark:text-orange-300"[39m
              [36m>[39m
                [0mOverbudget[0m
              [36m</span>[39m
            [36m</div>[39m
            [36m<span[39m
              [33mclass[39m=[32m"text-2xl font-bold text-orange-900 dark:text-orange-100"[39m
            [36m>[39m
              [0m0[0m
            [36m</span>[39m
          [36m</div>[39m
        [36m</div>[39m
      [36m</div>[39m
      [36m<div[39m
        [33mclass[39m=[32m"grid grid-cols-1 md:grid-cols-2 lg:grid-cols-3 gap-6"[39m
      [36m>[39m
        [36m<div[39m
          [33mclass[39m=[32m"bg-white/70 dark:bg-gray-800/70 backdrop-blur-xl rounded-2xl shadow-lg border border-white/20 dark:border-gray-700/50 p-6 cursor-pointer transition-all hover:shadow-xl "[39m
        [36m>[39m
          [36m<div[39m
            [33mclass[39m=[32m"flex items-center justify-between mb-4"[39m
          [36m>[39m
            [36m<div[39m
              [33mclass[39m=[32m"flex items-center gap-3"[39m
            [36m>[39m
              [36m<div[39m
                [33mclass[39m=[32m"w-4 h-4 rounded-full"[39m
                [33mstyle[39m=[32m"background-color: rgb(59, 130, 246);"[39m
              [36m/>[39m
              [36m<h3[39m
                [33mclass[39m=[32m"font-semibold text-gray-900 dark:text-white text-sm"[39m
              [36m/>[39m
            [36m</div>[39m
            [36m<span[39m
              [33mclass[39m=[32m"px-2 py-1 rounded-full text-xs font-medium border bg-yellow-100 text-yellow-800 border-yellow-200"[39m
            [36m>[39m
              [0mmedium[0m
            [36m</span>[39m
          [36m</div>[39m
          [36m<div[39m
            [33mclass[39m=[32m"mb-4"[39m
          [36m>[39m
            [36m<div[39m
              [33mclass[39m=[32m"flex justify-between text-sm text-gray-600 dark:text-gray-400 mb-1"[39m
            [36m>...
   ✓ EnvelopeBudgeting > add envelope modal > opens add envelope modal 28ms
   ✓ EnvelopeBudgeting > add envelope modal > displays form fields 46ms
   ✓ EnvelopeBudgeting > add envelope modal > shows category checkboxes 145ms
   ↓ EnvelopeBudgeting > add envelope modal > creates new envelope
   ✓ EnvelopeBudgeting > transfer modal > opens transfer modal 14ms
   ✓ EnvelopeBudgeting > transfer modal > displays transfer form fields 12ms
   × EnvelopeBudgeting > transfer modal > populates envelope options 1013ms
     → [2mexpect([22m[31melement[39m[2m).toHaveTextContent()[22m

Expected element to have text content:
[32m  Groceries[39m
Received:
[31m  Select envelope... ($500.00) ($200.00) ($300.00)[39m

Ignored nodes: comments, script, style
[36m<html>[39m
  [36m<head />[39m
  [36m<body>[39m
    [36m<div>[39m
      [36m<div[39m
        [33mclass[39m=[32m"space-y-6"[39m
      [36m>[39m
        [36m<div[39m
          [33mclass[39m=[32m"bg-white/70 dark:bg-gray-800/70 backdrop-blur-xl rounded-2xl shadow-lg border border-white/20 dark:border-gray-700/50 p-6"[39m
        [36m>[39m
          [36m<div[39m
            [33mclass[39m=[32m"flex items-center justify-between mb-4"[39m
          [36m>[39m
            [36m<h2[39m
              [33mclass[39m=[32m"text-xl font-semibold text-gray-900 dark:text-white"[39m
            [36m>[39m
              [0mEnvelope Budgeting[0m
            [36m</h2>[39m
            [36m<div[39m
              [33mclass[39m=[32m"flex gap-2"[39m
            [36m>[39m
              [36m<button[39m
                [33mclass[39m=[32m"flex items-center gap-2 px-4 py-2 bg-blue-600 text-white rounded-lg hover:bg-blue-700"[39m
              [36m>[39m
                [36m<div[39m
                  [33mdata-size[39m=[32m"16"[39m
                  [33mdata-testid[39m=[32m"arrow-right-icon"[39m
                [36m/>[39m
                [0mTransfer[0m
              [36m</button>[39m
              [36m<button[39m
                [33mclass[39m=[32m"flex items-center gap-2 px-4 py-2 bg-[var(--color-primary)] text-white rounded-lg hover:bg-[var(--color-primary)]/90"[39m
              [36m>[39m
                [36m<div[39m
                  [33mdata-size[39m=[32m"16"[39m
                  [33mdata-testid[39m=[32m"plus-icon"[39m
                [36m/>[39m
                [0mAdd Envelope[0m
              [36m</button>[39m
            [36m</div>[39m
          [36m</div>[39m
          [36m<div[39m
            [33mclass[39m=[32m"grid grid-cols-1 md:grid-cols-4 gap-4"[39m
          [36m>[39m
            [36m<div[39m
              [33mclass[39m=[32m"bg-blue-50 dark:bg-blue-900/20 rounded-lg p-4"[39m
            [36m>[39m
              [36m<div[39m
                [33mclass[39m=[32m"flex items-center gap-2 mb-2"[39m
              [36m>[39m
                [36m<div[39m
                  [33mdata-size[39m=[32m"20"[39m
                  [33mdata-testid[39m=[32m"piggy-bank-icon"[39m
                [36m/>[39m
                [36m<span[39m
                  [33mclass[39m=[32m"text-sm font-medium text-blue-800 dark:text-blue-300"[39m
                [36m>[39m
                  [0mTotal Budgeted[0m
                [36m</span>[39m
              [36m</div>[39m
              [36m<span[39m
                [33mclass[39m=[32m"text-2xl font-bold text-blue-900 dark:text-blue-100"[39m
              [36m>[39m
                [0m$1000.00[0m
              [36m</span>[39m
            [36m</div>[39m
            [36m<div[39m
              [33mclass[39m=[32m"bg-red-50 dark:bg-red-900/20 rounded-lg p-4"[39m
            [36m>[39m
              [36m<div[39m
                [33mclass[39m=[32m"flex items-center gap-2 mb-2"[39m
              [36m>[39m
                [36m<div[39m
                  [33mdata-size[39m=[32m"20"[39m
                  [33mdata-testid[39m=[32m"dollar-sign-icon"[39m
                [36m/>[39m
                [36m<span[39m
                  [33mclass[39m=[32m"text-sm font-medium text-red-800 dark:text-red-300"[39m
                [36m>[39m
                  [0mTotal Spent[0m
                [36m</span>[39m
              [36m</div>[39m
              [36m<span[39m
                [33mclass[39m=[32m"text-2xl font-bold text-red-900 dark:text-red-100"[39m
              [36m>[39m
                [0m$0.00[0m
              [36m</span>[39m
            [36m</div>[39m
            [36m<div[39m
              [33mclass[39m=[32m"rounded-lg p-4 bg-green-50 dark:bg-green-900/20"[39m
            [36m>[39m
              [36m<div[39m
                [33mclass[39m=[32m"flex items-center gap-2 mb-2"[39m
              [36m>[39m
                [36m<div[39m
                  [33mdata-size[39m=[32m"20"[39m
                  [33mdata-testid[39m=[32m"check-circle-icon"[39m
                [36m/>[39m
                [36m<span[39m
                  [33mclass[39m=[32m"text-sm font-medium text-green-800 dark:text-green-300"[39m
                [36m>[39m
                  [0mRemaining[0m
                [36m</span>[39m
              [36m</div>[39m
              [36m<span[39m
                [33mclass[39m=[32m"text-2xl font-bold text-green-900 dark:text-green-100"[39m
              [36m>[39m
                [0m$1000.00[0m
              [36m</span>[39m
            [36m</div>[39m
            [36m<div[39m
              [33mclass[39m=[32m"bg-orange-50 dark:bg-orange-900/20 rounded-lg p-4"[39m
            [36m>[39m
              [36m<div[39m
                [33mclass[39m=[32m"flex items-center gap-2 mb-2"[39m
              [36m>[39m
                [36m<div[39m
                  [33mdata-size[39m=[32m"20"[39m
                  [33mdata-testid[39m=[32m"alert-circle-icon"[39m
                [36m/>[39m
                [36m<span[39m
                  [33mclass[39m=[32m"text-sm font-medium text-orange-800 dark:text-orange-300"[39m
                [36m>[39m
                  [0mOverbudget[0m
                [36m</span>[39m
              [36m</div>[39m
              [36m<span[39m
                [33mclass[39m=[32m"text-2xl font-bold text-orange-900 dark:text-orange-100"[39m
              [36m>[39m
                [0m0[0m
              [36m</span>[39m
            [36m</div>[39m
          [36m</div>[39m
        [36m</div>[39m
        [36m<div[39m
          [33mclass[39m=[32m"grid grid-cols-1 md:grid-cols-2 lg:grid-cols-3 gap-6"[39m
        [36m>[39m
          [36m<div[39m
            [33mclass[39m=[32m"bg-white/70 dark:bg-gray-800/70 backdrop-blur-xl rounded-2xl shadow-lg border border-white/20 dark:border-gray-700/50 p-6 cursor-pointer transition-all hover:shadow-xl "[39m
          [36m>[39m
            [36m<div[39m
              [33mclass[39m=[32m"flex items-center justify-between mb-4"[39m
            [36m>[39m
              [36m<div[39m
                [33mclass[39m=[32m"flex items-center gap-3"[39m
              [36m>[39m
                [36m<div[39m
                  [33mclass[39m=[32m"w-4 h-4 rounded-full"[39m
                  [33mstyle[39m=[32m"background-color: rgb(59, 130, 246);"[39m
                [36m/>[39m
                [36m<h3[39m
                  [33mclass[39m=[32m"font-semibold text-gray-900 dark:text-white text-sm"[39m
                [36m/>[39m
              [36m</div>[39m
              [36m<span[39m
                [33mclass[39m=[32m"px-2 py-1 rounded-full text-xs font-medium border bg-yellow-100 text-yellow-800 border-yellow-200"[39m
           ...
   × EnvelopeBudgeting > transfer modal > filters to envelope based on from selection 1014ms
     → [2mexpect([22m[31melement[39m[2m).toHaveTextContent()[22m

Expected element to have text content:
[32m  Entertainment[39m
Received:
[31m  Select envelope...[39m

Ignored nodes: comments, script, style
[36m<html>[39m
  [36m<head />[39m
  [36m<body>[39m
    [36m<div>[39m
      [36m<div[39m
        [33mclass[39m=[32m"space-y-6"[39m
      [36m>[39m
        [36m<div[39m
          [33mclass[39m=[32m"bg-white/70 dark:bg-gray-800/70 backdrop-blur-xl rounded-2xl shadow-lg border border-white/20 dark:border-gray-700/50 p-6"[39m
        [36m>[39m
          [36m<div[39m
            [33mclass[39m=[32m"flex items-center justify-between mb-4"[39m
          [36m>[39m
            [36m<h2[39m
              [33mclass[39m=[32m"text-xl font-semibold text-gray-900 dark:text-white"[39m
            [36m>[39m
              [0mEnvelope Budgeting[0m
            [36m</h2>[39m
            [36m<div[39m
              [33mclass[39m=[32m"flex gap-2"[39m
            [36m>[39m
              [36m<button[39m
                [33mclass[39m=[32m"flex items-center gap-2 px-4 py-2 bg-blue-600 text-white rounded-lg hover:bg-blue-700"[39m
              [36m>[39m
                [36m<div[39m
                  [33mdata-size[39m=[32m"16"[39m
                  [33mdata-testid[39m=[32m"arrow-right-icon"[39m
                [36m/>[39m
                [0mTransfer[0m
              [36m</button>[39m
              [36m<button[39m
                [33mclass[39m=[32m"flex items-center gap-2 px-4 py-2 bg-[var(--color-primary)] text-white rounded-lg hover:bg-[var(--color-primary)]/90"[39m
              [36m>[39m
                [36m<div[39m
                  [33mdata-size[39m=[32m"16"[39m
                  [33mdata-testid[39m=[32m"plus-icon"[39m
                [36m/>[39m
                [0mAdd Envelope[0m
              [36m</button>[39m
            [36m</div>[39m
          [36m</div>[39m
          [36m<div[39m
            [33mclass[39m=[32m"grid grid-cols-1 md:grid-cols-4 gap-4"[39m
          [36m>[39m
            [36m<div[39m
              [33mclass[39m=[32m"bg-blue-50 dark:bg-blue-900/20 rounded-lg p-4"[39m
            [36m>[39m
              [36m<div[39m
                [33mclass[39m=[32m"flex items-center gap-2 mb-2"[39m
              [36m>[39m
                [36m<div[39m
                  [33mdata-size[39m=[32m"20"[39m
                  [33mdata-testid[39m=[32m"piggy-bank-icon"[39m
                [36m/>[39m
                [36m<span[39m
                  [33mclass[39m=[32m"text-sm font-medium text-blue-800 dark:text-blue-300"[39m
                [36m>[39m
                  [0mTotal Budgeted[0m
                [36m</span>[39m
              [36m</div>[39m
              [36m<span[39m
                [33mclass[39m=[32m"text-2xl font-bold text-blue-900 dark:text-blue-100"[39m
              [36m>[39m
                [0m$1000.00[0m
              [36m</span>[39m
            [36m</div>[39m
            [36m<div[39m
              [33mclass[39m=[32m"bg-red-50 dark:bg-red-900/20 rounded-lg p-4"[39m
            [36m>[39m
              [36m<div[39m
                [33mclass[39m=[32m"flex items-center gap-2 mb-2"[39m
              [36m>[39m
                [36m<div[39m
                  [33mdata-size[39m=[32m"20"[39m
                  [33mdata-testid[39m=[32m"dollar-sign-icon"[39m
                [36m/>[39m
                [36m<span[39m
                  [33mclass[39m=[32m"text-sm font-medium text-red-800 dark:text-red-300"[39m
                [36m>[39m
                  [0mTotal Spent[0m
                [36m</span>[39m
              [36m</div>[39m
              [36m<span[39m
                [33mclass[39m=[32m"text-2xl font-bold text-red-900 dark:text-red-100"[39m
              [36m>[39m
                [0m$0.00[0m
              [36m</span>[39m
            [36m</div>[39m
            [36m<div[39m
              [33mclass[39m=[32m"rounded-lg p-4 bg-green-50 dark:bg-green-900/20"[39m
            [36m>[39m
              [36m<div[39m
                [33mclass[39m=[32m"flex items-center gap-2 mb-2"[39m
              [36m>[39m
                [36m<div[39m
                  [33mdata-size[39m=[32m"20"[39m
                  [33mdata-testid[39m=[32m"check-circle-icon"[39m
                [36m/>[39m
                [36m<span[39m
                  [33mclass[39m=[32m"text-sm font-medium text-green-800 dark:text-green-300"[39m
                [36m>[39m
                  [0mRemaining[0m
                [36m</span>[39m
              [36m</div>[39m
              [36m<span[39m
                [33mclass[39m=[32m"text-2xl font-bold text-green-900 dark:text-green-100"[39m
              [36m>[39m
                [0m$1000.00[0m
              [36m</span>[39m
            [36m</div>[39m
            [36m<div[39m
              [33mclass[39m=[32m"bg-orange-50 dark:bg-orange-900/20 rounded-lg p-4"[39m
            [36m>[39m
              [36m<div[39m
                [33mclass[39m=[32m"flex items-center gap-2 mb-2"[39m
              [36m>[39m
                [36m<div[39m
                  [33mdata-size[39m=[32m"20"[39m
                  [33mdata-testid[39m=[32m"alert-circle-icon"[39m
                [36m/>[39m
                [36m<span[39m
                  [33mclass[39m=[32m"text-sm font-medium text-orange-800 dark:text-orange-300"[39m
                [36m>[39m
                  [0mOverbudget[0m
                [36m</span>[39m
              [36m</div>[39m
              [36m<span[39m
                [33mclass[39m=[32m"text-2xl font-bold text-orange-900 dark:text-orange-100"[39m
              [36m>[39m
                [0m0[0m
              [36m</span>[39m
            [36m</div>[39m
          [36m</div>[39m
        [36m</div>[39m
        [36m<div[39m
          [33mclass[39m=[32m"grid grid-cols-1 md:grid-cols-2 lg:grid-cols-3 gap-6"[39m
        [36m>[39m
          [36m<div[39m
            [33mclass[39m=[32m"bg-white/70 dark:bg-gray-800/70 backdrop-blur-xl rounded-2xl shadow-lg border border-white/20 dark:border-gray-700/50 p-6 cursor-pointer transition-all hover:shadow-xl "[39m
          [36m>[39m
            [36m<div[39m
              [33mclass[39m=[32m"flex items-center justify-between mb-4"[39m
            [36m>[39m
              [36m<div[39m
                [33mclass[39m=[32m"flex items-center gap-3"[39m
              [36m>[39m
                [36m<div[39m
                  [33mclass[39m=[32m"w-4 h-4 rounded-full"[39m
                  [33mstyle[39m=[32m"background-color: rgb(59, 130, 246);"[39m
                [36m/>[39m
                [36m<h3[39m
                  [33mclass[39m=[32m"font-semibold text-gray-900 dark:text-white text-sm"[39m
                [36m/>[39m
              [36m</div>[39m
              [36m<span[39m
                [33mclass[39m=[32m"px-2 py-1 rounded-full text-xs font-medium border bg-yellow-100 text-yellow-800 border-yellow-200"[39m
           ...
   ↓ EnvelopeBudgeting > transfer modal > executes transfer
   ✓ EnvelopeBudgeting > visual indicators > uses green for positive remaining 4ms
   ✓ EnvelopeBudgeting > visual indicators > shows spent percentage 3ms
   × EnvelopeBudgeting > visual indicators > displays color indicators for envelopes 4ms
     → Unable to find an element with the text: Groceries. This could be because the text is broken up by multiple elements. In this case, you can provide a function for your text matcher to make your matcher more flexible.

Ignored nodes: comments, script, style
[36m<body>[39m
  [36m<div>[39m
    [36m<div[39m
      [33mclass[39m=[32m"space-y-6"[39m
    [36m>[39m
      [36m<div[39m
        [33mclass[39m=[32m"bg-white/70 dark:bg-gray-800/70 backdrop-blur-xl rounded-2xl shadow-lg border border-white/20 dark:border-gray-700/50 p-6"[39m
      [36m>[39m
        [36m<div[39m
          [33mclass[39m=[32m"flex items-center justify-between mb-4"[39m
        [36m>[39m
          [36m<h2[39m
            [33mclass[39m=[32m"text-xl font-semibold text-gray-900 dark:text-white"[39m
          [36m>[39m
            [0mEnvelope Budgeting[0m
          [36m</h2>[39m
          [36m<div[39m
            [33mclass[39m=[32m"flex gap-2"[39m
          [36m>[39m
            [36m<button[39m
              [33mclass[39m=[32m"flex items-center gap-2 px-4 py-2 bg-blue-600 text-white rounded-lg hover:bg-blue-700"[39m
            [36m>[39m
              [36m<div[39m
                [33mdata-size[39m=[32m"16"[39m
                [33mdata-testid[39m=[32m"arrow-right-icon"[39m
              [36m/>[39m
              [0mTransfer[0m
            [36m</button>[39m
            [36m<button[39m
              [33mclass[39m=[32m"flex items-center gap-2 px-4 py-2 bg-[var(--color-primary)] text-white rounded-lg hover:bg-[var(--color-primary)]/90"[39m
            [36m>[39m
              [36m<div[39m
                [33mdata-size[39m=[32m"16"[39m
                [33mdata-testid[39m=[32m"plus-icon"[39m
              [36m/>[39m
              [0mAdd Envelope[0m
            [36m</button>[39m
          [36m</div>[39m
        [36m</div>[39m
        [36m<div[39m
          [33mclass[39m=[32m"grid grid-cols-1 md:grid-cols-4 gap-4"[39m
        [36m>[39m
          [36m<div[39m
            [33mclass[39m=[32m"bg-blue-50 dark:bg-blue-900/20 rounded-lg p-4"[39m
          [36m>[39m
            [36m<div[39m
              [33mclass[39m=[32m"flex items-center gap-2 mb-2"[39m
            [36m>[39m
              [36m<div[39m
                [33mdata-size[39m=[32m"20"[39m
                [33mdata-testid[39m=[32m"piggy-bank-icon"[39m
              [36m/>[39m
              [36m<span[39m
                [33mclass[39m=[32m"text-sm font-medium text-blue-800 dark:text-blue-300"[39m
              [36m>[39m
                [0mTotal Budgeted[0m
              [36m</span>[39m
            [36m</div>[39m
            [36m<span[39m
              [33mclass[39m=[32m"text-2xl font-bold text-blue-900 dark:text-blue-100"[39m
            [36m>[39m
              [0m$1000.00[0m
            [36m</span>[39m
          [36m</div>[39m
          [36m<div[39m
            [33mclass[39m=[32m"bg-red-50 dark:bg-red-900/20 rounded-lg p-4"[39m
          [36m>[39m
            [36m<div[39m
              [33mclass[39m=[32m"flex items-center gap-2 mb-2"[39m
            [36m>[39m
              [36m<div[39m
                [33mdata-size[39m=[32m"20"[39m
                [33mdata-testid[39m=[32m"dollar-sign-icon"[39m
              [36m/>[39m
              [36m<span[39m
                [33mclass[39m=[32m"text-sm font-medium text-red-800 dark:text-red-300"[39m
              [36m>[39m
                [0mTotal Spent[0m
              [36m</span>[39m
            [36m</div>[39m
            [36m<span[39m
              [33mclass[39m=[32m"text-2xl font-bold text-red-900 dark:text-red-100"[39m
            [36m>[39m
              [0m$0.00[0m
            [36m</span>[39m
          [36m</div>[39m
          [36m<div[39m
            [33mclass[39m=[32m"rounded-lg p-4 bg-green-50 dark:bg-green-900/20"[39m
          [36m>[39m
            [36m<div[39m
              [33mclass[39m=[32m"flex items-center gap-2 mb-2"[39m
            [36m>[39m
              [36m<div[39m
                [33mdata-size[39m=[32m"20"[39m
                [33mdata-testid[39m=[32m"check-circle-icon"[39m
              [36m/>[39m
              [36m<span[39m
                [33mclass[39m=[32m"text-sm font-medium text-green-800 dark:text-green-300"[39m
              [36m>[39m
                [0mRemaining[0m
              [36m</span>[39m
            [36m</div>[39m
            [36m<span[39m
              [33mclass[39m=[32m"text-2xl font-bold text-green-900 dark:text-green-100"[39m
            [36m>[39m
              [0m$1000.00[0m
            [36m</span>[39m
          [36m</div>[39m
          [36m<div[39m
            [33mclass[39m=[32m"bg-orange-50 dark:bg-orange-900/20 rounded-lg p-4"[39m
          [36m>[39m
            [36m<div[39m
              [33mclass[39m=[32m"flex items-center gap-2 mb-2"[39m
            [36m>[39m
              [36m<div[39m
                [33mdata-size[39m=[32m"20"[39m
                [33mdata-testid[39m=[32m"alert-circle-icon"[39m
              [36m/>[39m
              [36m<span[39m
                [33mclass[39m=[32m"text-sm font-medium text-orange-800 dark:text-orange-300"[39m
              [36m>[39m
                [0mOverbudget[0m
              [36m</span>[39m
            [36m</div>[39m
            [36m<span[39m
              [33mclass[39m=[32m"text-2xl font-bold text-orange-900 dark:text-orange-100"[39m
            [36m>[39m
              [0m0[0m
            [36m</span>[39m
          [36m</div>[39m
        [36m</div>[39m
      [36m</div>[39m
      [36m<div[39m
        [33mclass[39m=[32m"grid grid-cols-1 md:grid-cols-2 lg:grid-cols-3 gap-6"[39m
      [36m>[39m
        [36m<div[39m
          [33mclass[39m=[32m"bg-white/70 dark:bg-gray-800/70 backdrop-blur-xl rounded-2xl shadow-lg border border-white/20 dark:border-gray-700/50 p-6 cursor-pointer transition-all hover:shadow-xl "[39m
        [36m>[39m
          [36m<div[39m
            [33mclass[39m=[32m"flex items-center justify-between mb-4"[39m
          [36m>[39m
            [36m<div[39m
              [33mclass[39m=[32m"flex items-center gap-3"[39m
            [36m>[39m
              [36m<div[39m
                [33mclass[39m=[32m"w-4 h-4 rounded-full"[39m
                [33mstyle[39m=[32m"background-color: rgb(59, 130, 246);"[39m
              [36m/>[39m
              [36m<h3[39m
                [33mclass[39m=[32m"font-semibold text-gray-900 dark:text-white text-sm"[39m
              [36m/>[39m
            [36m</div>[39m
            [36m<span[39m
              [33mclass[39m=[32m"px-2 py-1 rounded-full text-xs font-medium border bg-yellow-100 text-yellow-800 border-yellow-200"[39m
            [36m>[39m
              [0mmedium[0m
            [36m</span>[39m
          [36m</div>[39m
          [36m<div[39m
            [33mclass[39m=[32m"mb-4"[39m
          [36m>[39m
            [36m<div[39m
              [33mclass[39m=[32m"flex justify-between text-sm text-gray-600 dark:text-gray-400 mb-1"[39m
            [36m>...
   ✓ EnvelopeBudgeting > accessibility > has accessible form controls in add modal 18ms
   ✓ EnvelopeBudgeting > accessibility > has proper labels for all form inputs 14ms
   ✓ EnvelopeBudgeting > empty states > handles no budgets gracefully 1ms
 ✓ src/utils/__tests__/decimal-converters.test.ts (24 tests) 10ms
 ✓ src/services/__tests__/storageAdapter.test.ts (26 tests) 11ms
 ❯ src/components/SplitTransactionModal.test.tsx (31 tests | 31 failed) 73ms
   × SplitTransactionModal > Rendering > renders nothing when closed 21ms
     → usePreferences must be used within PreferencesProvider
   × SplitTransactionModal > Rendering > renders nothing when transaction is null 3ms
     → usePreferences must be used within PreferencesProvider
   × SplitTransactionModal > Rendering > renders modal when open with transaction 3ms
     → usePreferences must be used within PreferencesProvider
   × SplitTransactionModal > Rendering > displays original amount 2ms
     → usePreferences must be used within PreferencesProvider
   × SplitTransactionModal > Rendering > displays remaining amount 3ms
     → usePreferences must be used within PreferencesProvider
   × SplitTransactionModal > Rendering > initializes with transaction data 2ms
     → usePreferences must be used within PreferencesProvider
   × SplitTransactionModal > Rendering > loads existing splits if present 1ms
     → usePreferences must be used within PreferencesProvider
   × SplitTransactionModal > Split Management > adds new split when Add Split clicked 1ms
     → usePreferences must be used within PreferencesProvider
   × SplitTransactionModal > Split Management > sets remaining amount as default for new split 2ms
     → usePreferences must be used within PreferencesProvider
   × SplitTransactionModal > Split Management > removes split when delete button clicked 1ms
     → usePreferences must be used within PreferencesProvider
   × SplitTransactionModal > Split Management > does not show delete button when only one split 4ms
     → usePreferences must be used within PreferencesProvider
   × SplitTransactionModal > Input Handling > updates category input 1ms
     → usePreferences must be used within PreferencesProvider
   × SplitTransactionModal > Input Handling > updates amount input 1ms
     → usePreferences must be used within PreferencesProvider
   × SplitTransactionModal > Input Handling > updates description input 1ms
     → usePreferences must be used within PreferencesProvider
   × SplitTransactionModal > Input Handling > handles invalid amount input 1ms
     → usePreferences must be used within PreferencesProvider
   × SplitTransactionModal > Remaining Amount Calculation > updates remaining amount when split amounts change 1ms
     → usePreferences must be used within PreferencesProvider
   × SplitTransactionModal > Remaining Amount Calculation > shows red text when remaining amount is not zero 1ms
     → usePreferences must be used within PreferencesProvider
   × SplitTransactionModal > Remaining Amount Calculation > shows green text when remaining amount is zero 1ms
     → usePreferences must be used within PreferencesProvider
   × SplitTransactionModal > Remaining Amount Calculation > calculates correctly with multiple splits 1ms
     → usePreferences must be used within PreferencesProvider
   × SplitTransactionModal > Save Functionality > prevents save when amounts do not match total 1ms
     → usePreferences must be used within PreferencesProvider
   × SplitTransactionModal > Save Functionality > updates transaction when single split 1ms
     → usePreferences must be used within PreferencesProvider
   × SplitTransactionModal > Save Functionality > creates split transactions when multiple splits 1ms
     → usePreferences must be used within PreferencesProvider
   × SplitTransactionModal > Save Functionality > calls onClose after successful save 1ms
     → usePreferences must be used within PreferencesProvider
   × SplitTransactionModal > Button States > disables save button when amounts do not match 8ms
     → usePreferences must be used within PreferencesProvider
   × SplitTransactionModal > Button States > enables save button when amounts match 1ms
     → usePreferences must be used within PreferencesProvider
   × SplitTransactionModal > User Actions > calls onClose when X button clicked 1ms
     → usePreferences must be used within PreferencesProvider
   × SplitTransactionModal > User Actions > calls onClose when Cancel button clicked 1ms
     → usePreferences must be used within PreferencesProvider
   × SplitTransactionModal > Edge Cases > handles zero amount transaction 1ms
     → usePreferences must be used within PreferencesProvider
   × SplitTransactionModal > Edge Cases > handles negative amount transaction 1ms
     → usePreferences must be used within PreferencesProvider
   × SplitTransactionModal > Edge Cases > handles very small remaining amounts (floating point precision) 1ms
     → usePreferences must be used within PreferencesProvider
   × SplitTransactionModal > Edge Cases > handles many splits 1ms
     → usePreferences must be used within PreferencesProvider
 ✓ src/utils/__tests__/qifParser.test.ts (40 tests) 11ms
 ✓ src/hooks/__tests__/useBulkOperations.test.ts (25 tests) 40ms
 ✓ src/utils/__tests__/api-error-handler.test.ts (28 tests) 14ms
 ✓ src/hooks/useCurrency.test.ts (33 tests) 41ms
 ✓ src/components/__tests__/VirtualizedTransactionList.test.tsx (21 tests) 266ms
 ✓ src/components/AccountSettingsModal.test.tsx (29 tests) 220ms
 ✓ src/components/GoalCelebrationModal.test.tsx (39 tests) 197ms
 ✓ src/services/encryptedStorageService.test.ts (24 tests) 20ms
 ✓ src/contexts/NavigationContext.test.tsx (22 tests) 43ms
 ❯ src/components/ExcelExport.test.tsx (28 tests | 10 failed) 4375ms
   ✓ ExcelExport > Modal Rendering > does not render when closed 15ms
   × ExcelExport > Modal Rendering > renders when open 28ms
     → Found multiple elements with the text: Export to Excel

Here are the matching elements:

Ignored nodes: comments, script, style
[36m<div[39m
  [33mid[39m=[32m"modal-title"[39m
[36m>[39m
  [0mExport to Excel[0m
[36m</div>[39m

Ignored nodes: comments, script, style
[36m<button[39m
  [33mclass[39m=[32m"flex items-center gap-2 px-4 py-2 bg-primary text-white rounded-lg
                     hover:bg-primary-dark disabled:opacity-50 disabled:cursor-not-allowed"[39m
[36m>[39m
  [36m<span[39m
    [33mdata-testid[39m=[32m"download-icon"[39m
    [33mstyle[39m=[32m"font-size: 20px;"[39m
  [36m>[39m
    [0m⬇[0m
  [36m</span>[39m
  [0mExport to Excel[0m
[36m</button>[39m

(If this is intentional, then use the `*AllBy*` variant of the query (like `queryAllByText`, `getAllByText`, or `findAllByText`)).

Ignored nodes: comments, script, style
[36m<body>[39m
  [36m<div>[39m
    [36m<div[39m
      [33maria-labelledby[39m=[32m"modal-title"[39m
      [33mdata-testid[39m=[32m"modal"[39m
      [33mrole[39m=[32m"dialog"[39m
    [36m>[39m
      [36m<div[39m
        [33mid[39m=[32m"modal-title"[39m
      [36m>[39m
        [0mExport to Excel[0m
      [36m</div>[39m
      [36m<button[39m
        [33maria-label[39m=[32m"Close modal"[39m
      [36m>[39m
        [0mClose[0m
      [36m</button>[39m
      [36m<div[39m
        [33mclass[39m=[32m"p-6"[39m
      [36m>[39m
        [36m<div[39m
          [33mclass[39m=[32m"space-y-6"[39m
        [36m>[39m
          [36m<div>[39m
            [36m<h3[39m
              [33mclass[39m=[32m"text-lg font-medium mb-3 flex items-center gap-2"[39m
            [36m>[39m
              [36m<span[39m
                [33mdata-testid[39m=[32m"filetext-icon"[39m
                [33mstyle[39m=[32m"font-size: 20px;"[39m
              [36m>[39m
                [0m📄[0m
              [36m</span>[39m
              [0mSelect Data to Export[0m
            [36m</h3>[39m
            [36m<div[39m
              [33mclass[39m=[32m"space-y-2"[39m
            [36m>[39m
              [36m<label[39m
                [33mclass[39m=[32m"flex items-center gap-3 p-2 rounded hover:bg-gray-50 
                                          dark:hover:bg-gray-800 cursor-pointer"[39m
              [36m>[39m
                [36m<input[39m
                  [33mchecked[39m=[32m""[39m
                  [33mclass[39m=[32m"rounded"[39m
                  [33mtype[39m=[32m"checkbox"[39m
                [36m/>[39m
                [36m<span[39m
                  [33mclass[39m=[32m"flex items-center gap-2"[39m
                [36m>[39m
                  [36m<span[39m
                    [33mdata-testid[39m=[32m"arrowrightleft-icon"[39m
                  [36m>[39m
                    [0m↔️[0m
                  [36m</span>[39m
                  [0mTransactions[0m
                [36m</span>[39m
              [36m</label>[39m
              [36m<label[39m
                [33mclass[39m=[32m"flex items-center gap-3 p-2 rounded hover:bg-gray-50 
                                          dark:hover:bg-gray-800 cursor-pointer"[39m
              [36m>[39m
                [36m<input[39m
                  [33mchecked[39m=[32m""[39m
                  [33mclass[39m=[32m"rounded"[39m
                  [33mtype[39m=[32m"checkbox"[39m
                [36m/>[39m
                [36m<span[39m
                  [33mclass[39m=[32m"flex items-center gap-2"[39m
                [36m>[39m
                  [36m<span[39m
                    [33mdata-testid[39m=[32m"wallet-icon"[39m
                  [36m>[39m
                    [0m👛[0m
                  [36m</span>[39m
                  [0mAccounts[0m
                [36m</span>[39m
              [36m</label>[39m
              [36m<label[39m
                [33mclass[39m=[32m"flex items-center gap-3 p-2 rounded hover:bg-gray-50 
                                          dark:hover:bg-gray-800 cursor-pointer"[39m
              [36m>[39m
                [36m<input[39m
                  [33mchecked[39m=[32m""[39m
                  [33mclass[39m=[32m"rounded"[39m
                  [33mtype[39m=[32m"checkbox"[39m
                [36m/>[39m
                [36m<span[39m
                  [33mclass[39m=[32m"flex items-center gap-2"[39m
                [36m>[39m
                  [36m<span[39m
                    [33mdata-testid[39m=[32m"piechart-icon"[39m
                  [36m>[39m
                    [0m📊[0m
                  [36m</span>[39m
                  [0mBudgets[0m
                [36m</span>[39m
              [36m</label>[39m
              [36m<label[39m
                [33mclass[39m=[32m"flex items-center gap-3 p-2 rounded hover:bg-gray-50 
                                          dark:hover:bg-gray-800 cursor-pointer"[39m
              [36m>[39m
                [36m<input[39m
                  [33mchecked[39m=[32m""[39m
                  [33mclass[39m=[32m"rounded"[39m
                  [33mtype[39m=[32m"checkbox"[39m
                [36m/>[39m
                [36m<span[39m
                  [33mclass[39m=[32m"flex items-center gap-2"[39m
                [36m>[39m
                  [36m<span[39m
                    [33mdata-testid[39m=[32m"tag-icon"[39m
                  [36m>[39m
                    [0m🏷️[0m
                  [36m</span>[39m
                  [0mCategories[0m
                [36m</span>[39m
              [36m</label>[39m
              [36m<label[39m
                [33mclass[39m=[32m"flex items-center gap-3 p-2 rounded hover:bg-gray-50 
                                          dark:hover:bg-gray-800 cursor-pointer"[39m
              [36m>[39m
                [36m<input[39m
                  [33mchecked[39m=[32m""[39m
                  [33mclass[39m=[32m"rounded"[39m
                  [33mtype[39m=[32m"checkbox"[39m
                [36m/>[39m
                [36m<span[39m
                  [33mclass[39m=[32m"flex items-center gap-2"[39m
                [36m>[39m
                  [36m<span[39m
                    [33mdata-testid[39m=[32m"barchart3-icon"[39m
                  [36m>[39m
                    [0m📊[0m
                  [36m</span>[39m
                  [0mSummary Report[0m
                [36m</span>[39m
              [36m</label>[39m
            [36m</div>[39m
          [36m</div>[39m
          [36m<div>[39m
            [36m<h3[39m
              [33mclass[39m=[32m"text-lg font-medium mb-3 flex items-center gap-2"[39m
            [36m>[39m
              [36m<span[39m
                [33mdata-testid[39m=[32m"calendar-icon"[39m
                [33mstyle[39m=[32m"font-size: 20px;"[39m
              [36m>[39m
                [0m📅[0m
              [36m</span>[39m
              [0mDate Range (for transactions)[0m
            [36m</h3>[39m
            [36m<div[39m
              [33mclass[39m=[32m"grid grid-cols-2 gap-4"[39m
            [36m>[39m
              [36m<div>[39m
                [36m<label[39m
                  [33mclass[39m=[32m"block text-sm font-medium mb-1"[39m
                [36m>[39m
                  [0mStart Date[0m
                [36m</label>[39m
                [36m<input[39m
                  [33mclass[39m=[32m"w-full px-3 py-2 border border-gray-300 dark:border-gray-600 rounded-lg
                           bg-white dark:bg-gray-800"[39m
                  [33mtype[39m=[32m"date"[39m
                  [33mvalue[39m=[32m"2025-01-01"[39m
                [36m/>[39m
              [36m</div>[39m
              [36m<div>[39m
                [36m<label[39m
                  [33mclass[39m=[32m"block text-sm font-medium mb-1"[39m
                [36m>[39m
                  [0mEnd Date[0m
                [36m</label>[39m
                [36m<input[39m
                  [33mclass[39m=[32m"w-full px-3 py-2 border border-gray-300 dark:border-gray-600 rounded-lg
                           bg-white dark:bg-gray-800"[39m
                  [33mtype[39m=[32m"date"[39m
                  [33mvalue[39m=[32m"2025-01-20"[39m
                [36m/>[39m
              [36m</div>[39m
            [36m</div>[39m
          [36m</div>[39m
          [36m<div>[39m
            [36m<h3[39m
              [33mclass[39m=[32m"text-lg font-medium mb-3 flex items-center gap-2"[39m
            [36m>[39m
              [36m<span[39m
                [33mdata-testid[39m=[32m"settings-icon"[39m
                [33mstyle[39m=[32m"font-size: 20px;"[39m
              [36m>[39m
                [0m⚙️[0m
              [36m</span>[39m
              [0mTransaction Grouping[0m
            [36m</h3>[39m
            [36m<select[39m
              [33mclass[39m=[32m"w-full px-3 py-2 border border-gray-300 dark:border-gray-600 rounded-lg
                       bg-white dark:bg-gray-800"[39m
            [36m>[39m
              [36m<option[39m
                [33mvalue[39m=[32m"none"[39m
              [36m>[39m
                [0mNo Grouping[0m
              [36m</option>[39m
              [36m<option[39m
                [33mvalue[39m=[32m"month"[39m
              [36m>[39m
                [0mGroup by Month[0m
              [36m</option>[39m
              [36m<option[39m
                [33mvalue[39m=[32m"category"[39m
              [36m>[39m
                [0mGroup by Category[0m
              [36m</option>[39m
              [36m<option[39m
                [33mvalue[39m=[32m"account"[39m
              [36m>[39m
                [0mGroup by Account[0m
              [36m</option>[39m
            [36m</select>[39m
          [36m</div>[39m
          [36m<div>[39m
            [36m<h3[39m
              [33mclass[39m=[32m"text-lg font-medium mb-3"[39m
            [36m>[39m
              [0mFormatting Options[0m
            [36m</h3>[39m
            [36m<div[39m
              [33mclass[39m=[32m"space-y-2"[39m
            [36m>[39m
              [36m<label[39m
                [33mclass[39m=[32m"flex items-center gap-2"[39m
              [36m>[39m
                [36m<input[39m
                  [33mchecked[39m=[32m""[39m
                  [33mclass[39m=[32m"rounded"[39m
                  [33mtype[39m=[32m"checkbox"[39m
                [36m/>[39m
                [36m<span[39m
                  [33mclass[39m=[32m"text-sm"[39m
                [36m>[39m
                  [0mHighlight negative values[0m
                [36m</span>[39m
              [36m</label>[39m
              [36m<label[39m
                [33mclass[39m=[32m"flex items-center gap-2"[39m
              [36m>[39m
                [36m<input[39m
                  [33mchecked[39m=[32m""[39m
                  [33mclass[39m=[32m"rounded"[39m
                  [33mtype[39m=[32m"checkbox"[39m
                [36m/>[39m
                [36m<span[39m
                  [33mclass[39m=[32m"text-sm"[39m
                [36m>[39m
                  [0mZebra striping[0m
                [36m</span>[39m
              [36m</label>[39m
              [36m<label[39m
                [33mclass[39m=[32m"flex items-center gap-2"[39m
              [36m>[39m
                [36m<input[39m
                  [33mchecked[39m=[32m""[39m
                  [33mclass[39m=[32m"rounded"[39m
                  [33mtype[39m=[32m"checkbox"[39m
                [36m/>[39m
                [36m<span[39m
                  [33mclass[39m=[32m"text-sm"[39m
                [36m>[39m
                  [0mEnable auto-filters[0m
                [36m</span>[39m
              [36m</label>[39m
            [36m</div>[39m
          [36m</div>[39m
        [36m</div>[39m
        [36m<div[39m
          [33mclass[39m=[32m"flex justify-end gap-3 mt-6 pt-6 border-t border-gray-200 dark:border-gray-700"[39m
        [36m>[39m
          [36m<button[39m
            [33mclass[39m=[32m"px-4 py-2 text-gray-700 dark:text-gray-300 hover:bg-gray-100 
                     dark:hover:bg-gray-700 rounded-lg"[39m
          [36m>[39m
            [0mCancel[0m
          [36m</button>[39m
          [36m<button[39m
            [33mclass[39m=[32m"flex items-center gap-2 px-4 py-2 bg-primary text-white rounded-lg
                     hover:bg-primary-dark disabled:opacity-50 disabled:cursor-not-allowed"[39m
          [36m>[39m
            [36m<span[39m
              [33mdata-testid[39m=[32m"download-icon"[39m
              [33mstyle[39m=[32m"font-size: 20px;"[39m
            [36m>[39m
              [0m⬇[0m
            [36m</span>[39m
            [0mExport to Excel[0m
          [36m</button>[39m
        [36m</div>[39m
      [36m</div>[39m
    [36m</div>[39m
  [36m</div>[39m
[36m</body>[39m
   ✓ ExcelExport > Export Options > displays all export options 8ms
   ✓ ExcelExport > Export Options > has all options checked by default 44ms
   ✓ ExcelExport > Export Options > can toggle export options 30ms
   ✓ ExcelExport > Export Options > shows icons for each option 6ms
   × ExcelExport > Date Range > shows date range inputs 10ms
     → Found a label with the text of: Start Date, however no form control was found associated to that label. Make sure you're using the "for" attribute or "aria-labelledby" attribute correctly.

Ignored nodes: comments, script, style
[36m<body>[39m
  [36m<div>[39m
    [36m<div[39m
      [33maria-labelledby[39m=[32m"modal-title"[39m
      [33mdata-testid[39m=[32m"modal"[39m
      [33mrole[39m=[32m"dialog"[39m
    [36m>[39m
      [36m<div[39m
        [33mid[39m=[32m"modal-title"[39m
      [36m>[39m
        [0mExport to Excel[0m
      [36m</div>[39m
      [36m<button[39m
        [33maria-label[39m=[32m"Close modal"[39m
      [36m>[39m
        [0mClose[0m
      [36m</button>[39m
      [36m<div[39m
        [33mclass[39m=[32m"p-6"[39m
      [36m>[39m
        [36m<div[39m
          [33mclass[39m=[32m"space-y-6"[39m
        [36m>[39m
          [36m<div>[39m
            [36m<h3[39m
              [33mclass[39m=[32m"text-lg font-medium mb-3 flex items-center gap-2"[39m
            [36m>[39m
              [36m<span[39m
                [33mdata-testid[39m=[32m"filetext-icon"[39m
                [33mstyle[39m=[32m"font-size: 20px;"[39m
              [36m>[39m
                [0m📄[0m
              [36m</span>[39m
              [0mSelect Data to Export[0m
            [36m</h3>[39m
            [36m<div[39m
              [33mclass[39m=[32m"space-y-2"[39m
            [36m>[39m
              [36m<label[39m
                [33mclass[39m=[32m"flex items-center gap-3 p-2 rounded hover:bg-gray-50 
                                          dark:hover:bg-gray-800 cursor-pointer"[39m
              [36m>[39m
                [36m<input[39m
                  [33mchecked[39m=[32m""[39m
                  [33mclass[39m=[32m"rounded"[39m
                  [33mtype[39m=[32m"checkbox"[39m
                [36m/>[39m
                [36m<span[39m
                  [33mclass[39m=[32m"flex items-center gap-2"[39m
                [36m>[39m
                  [36m<span[39m
                    [33mdata-testid[39m=[32m"arrowrightleft-icon"[39m
                  [36m>[39m
                    [0m↔️[0m
                  [36m</span>[39m
                  [0mTransactions[0m
                [36m</span>[39m
              [36m</label>[39m
              [36m<label[39m
                [33mclass[39m=[32m"flex items-center gap-3 p-2 rounded hover:bg-gray-50 
                                          dark:hover:bg-gray-800 cursor-pointer"[39m
              [36m>[39m
                [36m<input[39m
                  [33mchecked[39m=[32m""[39m
                  [33mclass[39m=[32m"rounded"[39m
                  [33mtype[39m=[32m"checkbox"[39m
                [36m/>[39m
                [36m<span[39m
                  [33mclass[39m=[32m"flex items-center gap-2"[39m
                [36m>[39m
                  [36m<span[39m
                    [33mdata-testid[39m=[32m"wallet-icon"[39m
                  [36m>[39m
                    [0m👛[0m
                  [36m</span>[39m
                  [0mAccounts[0m
                [36m</span>[39m
              [36m</label>[39m
              [36m<label[39m
                [33mclass[39m=[32m"flex items-center gap-3 p-2 rounded hover:bg-gray-50 
                                          dark:hover:bg-gray-800 cursor-pointer"[39m
              [36m>[39m
                [36m<input[39m
                  [33mchecked[39m=[32m""[39m
                  [33mclass[39m=[32m"rounded"[39m
                  [33mtype[39m=[32m"checkbox"[39m
                [36m/>[39m
                [36m<span[39m
                  [33mclass[39m=[32m"flex items-center gap-2"[39m
                [36m>[39m
                  [36m<span[39m
                    [33mdata-testid[39m=[32m"piechart-icon"[39m
                  [36m>[39m
                    [0m📊[0m
                  [36m</span>[39m
                  [0mBudgets[0m
                [36m</span>[39m
              [36m</label>[39m
              [36m<label[39m
                [33mclass[39m=[32m"flex items-center gap-3 p-2 rounded hover:bg-gray-50 
                                          dark:hover:bg-gray-800 cursor-pointer"[39m
              [36m>[39m
                [36m<input[39m
                  [33mchecked[39m=[32m""[39m
                  [33mclass[39m=[32m"rounded"[39m
                  [33mtype[39m=[32m"checkbox"[39m
                [36m/>[39m
                [36m<span[39m
                  [33mclass[39m=[32m"flex items-center gap-2"[39m
                [36m>[39m
                  [36m<span[39m
                    [33mdata-testid[39m=[32m"tag-icon"[39m
                  [36m>[39m
                    [0m🏷️[0m
                  [36m</span>[39m
                  [0mCategories[0m
                [36m</span>[39m
              [36m</label>[39m
              [36m<label[39m
                [33mclass[39m=[32m"flex items-center gap-3 p-2 rounded hover:bg-gray-50 
                                          dark:hover:bg-gray-800 cursor-pointer"[39m
              [36m>[39m
                [36m<input[39m
                  [33mchecked[39m=[32m""[39m
                  [33mclass[39m=[32m"rounded"[39m
                  [33mtype[39m=[32m"checkbox"[39m
                [36m/>[39m
                [36m<span[39m
                  [33mclass[39m=[32m"flex items-center gap-2"[39m
                [36m>[39m
                  [36m<span[39m
                    [33mdata-testid[39m=[32m"barchart3-icon"[39m
                  [36m>[39m
                    [0m📊[0m
                  [36m</span>[39m
                  [0mSummary Report[0m
                [36m</span>[39m
              [36m</label>[39m
            [36m</div>[39m
          [36m</div>[39m
          [36m<div>[39m
            [36m<h3[39m
              [33mclass[39m=[32m"text-lg font-medium mb-3 flex items-center gap-2"[39m
            [36m>[39m
              [36m<span[39m
                [33mdata-testid[39m=[32m"calendar-icon"[39m
                [33mstyle[39m=[32m"font-size: 20px;"[39m
              [36m>[39m
                [0m📅[0m
              [36m</span>[39m
              [0mDate Range (for transactions)[0m
            [36m</h3>[39m
            [36m<div[39m
              [33mclass[39m=[32m"grid grid-cols-2 gap-4"[39m
            [36m>[39m
              [36m<div>[39m
                [36m<label[39m
                  [33mclass[39m=[32m"block text-sm font-medium mb-1"[39m
                [36m>[39m
                  [0mStart Date[0m
                [36m</label>[39m
                [36m<input[39m
                  [33mclass[39m=[32m"w-full px-3 py-2 border border-gray-300 dark:border-gray-600 rounded-lg
                           bg-white dark:bg-gray-800"[39m
                  [33mtype[39m=[32m"date"[39m
                  [33mvalue[39m=[32m"2025-01-01"[39m
                [36m/>[39m
              [36m</div>[39m
              [36m<div>[39m
                [36m<label[39m
                  [33mclass[39m=[32m"block text-sm font-medium mb-1"[39m
                [36m>[39m
                  [0mEnd Date[0m
                [36m</label>[39m
                [36m<input[39m
                  [33mclass[39m=[32m"w-full px-3 py-2 border border-gray-300 dark:border-gray-600 rounded-lg
                           bg-white dark:bg-gray-800"[39m
                  [33mtype[39m=[32m"date"[39m
                  [33mvalue[39m=[32m"2025-01-20"[39m
                [36m/>[39m
              [36m</div>[39m
            [36m</div>[39m
          [36m</div>[39m
          [36m<div>[39m
            [36m<h3[39m
              [33mclass[39m=[32m"text-lg font-medium mb-3 flex items-center gap-2"[39m
            [36m>[39m
              [36m<span[39m
                [33mdata-testid[39m=[32m"settings-icon"[39m
                [33mstyle[39m=[32m"font-size: 20px;"[39m
              [36m>[39m
                [0m⚙️[0m
              [36m</span>[39m
              [0mTransaction Grouping[0m
            [36m</h3>[39m
            [36m<select[39m
              [33mclass[39m=[32m"w-full px-3 py-2 border border-gray-300 dark:border-gray-600 rounded-lg
                       bg-white dark:bg-gray-800"[39m
            [36m>[39m
              [36m<option[39m
                [33mvalue[39m=[32m"none"[39m
              [36m>[39m
                [0mNo Grouping[0m
              [36m</option>[39m
              [36m<option[39m
                [33mvalue[39m=[32m"month"[39m
              [36m>[39m
                [0mGroup by Month[0m
              [36m</option>[39m
              [36m<option[39m
                [33mvalue[39m=[32m"category"[39m
              [36m>[39m
                [0mGroup by Category[0m
              [36m</option>[39m
              [36m<option[39m
                [33mvalue[39m=[32m"account"[39m
              [36m>[39m
                [0mGroup by Account[0m
              [36m</option>[39m
            [36m</select>[39m
          [36m</div>[39m
          [36m<div>[39m
            [36m<h3[39m
              [33mclass[39m=[32m"text-lg font-medium mb-3"[39m
            [36m>[39m
              [0mFormatting Options[0m
            [36m</h3>[39m
            [36m<div[39m
              [33mclass[39m=[32m"space-y-2"[39m
            [36m>[39m
              [36m<label[39m
                [33mclass[39m=[32m"flex items-center gap-2"[39m
              [36m>[39m
                [36m<input[39m
                  [33mchecked[39m=[32m""[39m
                  [33mclass[39m=[32m"rounded"[39m
                  [33mtype[39m=[32m"checkbox"[39m
                [36m/>[39m
                [36m<span[39m
                  [33mclass[39m=[32m"text-sm"[39m
                [36m>[39m
                  [0mHighlight negative values[0m
                [36m</span>[39m
              [36m</label>[39m
              [36m<label[39m
                [33mclass[39m=[32m"flex items-center gap-2"[39m
              [36m>[39m
                [36m<input[39m
                  [33mchecked[39m=[32m""[39m
                  [33mclass[39m=[32m"rounded"[39m
                  [33mtype[39m=[32m"checkbox"[39m
                [36m/>[39m
                [36m<span[39m
                  [33mclass[39m=[32m"text-sm"[39m
                [36m>[39m
                  [0mZebra striping[0m
                [36m</span>[39m
              [36m</label>[39m
              [36m<label[39m
                [33mclass[39m=[32m"flex items-center gap-2"[39m
              [36m>[39m
                [36m<input[39m
                  [33mchecked[39m=[32m""[39m
                  [33mclass[39m=[32m"rounded"[39m
                  [33mtype[39m=[32m"checkbox"[39m
                [36m/>[39m
                [36m<span[39m
                  [33mclass[39m=[32m"text-sm"[39m
                [36m>[39m
                  [0mEnable auto-filters[0m
                [36m</span>[39m
              [36m</label>[39m
            [36m</div>[39m
          [36m</div>[39m
        [36m</div>[39m
        [36m<div[39m
          [33mclass[39m=[32m"flex justify-end gap-3 mt-6 pt-6 border-t border-gray-200 dark:border-gray-700"[39m
        [36m>[39m
          [36m<button[39m
            [33mclass[39m=[32m"px-4 py-2 text-gray-700 dark:text-gray-300 hover:bg-gray-100 
                     dark:hover:bg-gray-700 rounded-lg"[39m
          [36m>[39m
            [0mCancel[0m
          [36m</button>[39m
          [36m<button[39m
            [33mclass[39m=[32m"flex items-center gap-2 px-4 py-2 bg-primary text-white rounded-lg
                     hover:bg-primary-dark disabled:opacity-50 disabled:cursor-not-allowed"[39m
          [36m>[39m
            [36m<span[39m
              [33mdata-testid[39m=[32m"download-icon"[39m
              [33mstyle[39m=[32m"font-size: 20px;"[39m
            [36m>[39m
              [0m⬇[0m
            [36m</span>[39m
            [0mExport to Excel[0m
          [36m</button>[39m
        [36m</div>[39m
      [36m</div>[39m
    [36m</div>[39m
  [36m</div>[39m
[36m</body>[39m
   × ExcelExport > Date Range > has default date range set 12ms
     → Found a label with the text of: Start Date, however no form control was found associated to that label. Make sure you're using the "for" attribute or "aria-labelledby" attribute correctly.

Ignored nodes: comments, script, style
[36m<body>[39m
  [36m<div>[39m
    [36m<div[39m
      [33maria-labelledby[39m=[32m"modal-title"[39m
      [33mdata-testid[39m=[32m"modal"[39m
      [33mrole[39m=[32m"dialog"[39m
    [36m>[39m
      [36m<div[39m
        [33mid[39m=[32m"modal-title"[39m
      [36m>[39m
        [0mExport to Excel[0m
      [36m</div>[39m
      [36m<button[39m
        [33maria-label[39m=[32m"Close modal"[39m
      [36m>[39m
        [0mClose[0m
      [36m</button>[39m
      [36m<div[39m
        [33mclass[39m=[32m"p-6"[39m
      [36m>[39m
        [36m<div[39m
          [33mclass[39m=[32m"space-y-6"[39m
        [36m>[39m
          [36m<div>[39m
            [36m<h3[39m
              [33mclass[39m=[32m"text-lg font-medium mb-3 flex items-center gap-2"[39m
            [36m>[39m
              [36m<span[39m
                [33mdata-testid[39m=[32m"filetext-icon"[39m
                [33mstyle[39m=[32m"font-size: 20px;"[39m
              [36m>[39m
                [0m📄[0m
              [36m</span>[39m
              [0mSelect Data to Export[0m
            [36m</h3>[39m
            [36m<div[39m
              [33mclass[39m=[32m"space-y-2"[39m
            [36m>[39m
              [36m<label[39m
                [33mclass[39m=[32m"flex items-center gap-3 p-2 rounded hover:bg-gray-50 
                                          dark:hover:bg-gray-800 cursor-pointer"[39m
              [36m>[39m
                [36m<input[39m
                  [33mchecked[39m=[32m""[39m
                  [33mclass[39m=[32m"rounded"[39m
                  [33mtype[39m=[32m"checkbox"[39m
                [36m/>[39m
                [36m<span[39m
                  [33mclass[39m=[32m"flex items-center gap-2"[39m
                [36m>[39m
                  [36m<span[39m
                    [33mdata-testid[39m=[32m"arrowrightleft-icon"[39m
                  [36m>[39m
                    [0m↔️[0m
                  [36m</span>[39m
                  [0mTransactions[0m
                [36m</span>[39m
              [36m</label>[39m
              [36m<label[39m
                [33mclass[39m=[32m"flex items-center gap-3 p-2 rounded hover:bg-gray-50 
                                          dark:hover:bg-gray-800 cursor-pointer"[39m
              [36m>[39m
                [36m<input[39m
                  [33mchecked[39m=[32m""[39m
                  [33mclass[39m=[32m"rounded"[39m
                  [33mtype[39m=[32m"checkbox"[39m
                [36m/>[39m
                [36m<span[39m
                  [33mclass[39m=[32m"flex items-center gap-2"[39m
                [36m>[39m
                  [36m<span[39m
                    [33mdata-testid[39m=[32m"wallet-icon"[39m
                  [36m>[39m
                    [0m👛[0m
                  [36m</span>[39m
                  [0mAccounts[0m
                [36m</span>[39m
              [36m</label>[39m
              [36m<label[39m
                [33mclass[39m=[32m"flex items-center gap-3 p-2 rounded hover:bg-gray-50 
                                          dark:hover:bg-gray-800 cursor-pointer"[39m
              [36m>[39m
                [36m<input[39m
                  [33mchecked[39m=[32m""[39m
                  [33mclass[39m=[32m"rounded"[39m
                  [33mtype[39m=[32m"checkbox"[39m
                [36m/>[39m
                [36m<span[39m
                  [33mclass[39m=[32m"flex items-center gap-2"[39m
                [36m>[39m
                  [36m<span[39m
                    [33mdata-testid[39m=[32m"piechart-icon"[39m
                  [36m>[39m
                    [0m📊[0m
                  [36m</span>[39m
                  [0mBudgets[0m
                [36m</span>[39m
              [36m</label>[39m
              [36m<label[39m
                [33mclass[39m=[32m"flex items-center gap-3 p-2 rounded hover:bg-gray-50 
                                          dark:hover:bg-gray-800 cursor-pointer"[39m
              [36m>[39m
                [36m<input[39m
                  [33mchecked[39m=[32m""[39m
                  [33mclass[39m=[32m"rounded"[39m
                  [33mtype[39m=[32m"checkbox"[39m
                [36m/>[39m
                [36m<span[39m
                  [33mclass[39m=[32m"flex items-center gap-2"[39m
                [36m>[39m
                  [36m<span[39m
                    [33mdata-testid[39m=[32m"tag-icon"[39m
                  [36m>[39m
                    [0m🏷️[0m
                  [36m</span>[39m
                  [0mCategories[0m
                [36m</span>[39m
              [36m</label>[39m
              [36m<label[39m
                [33mclass[39m=[32m"flex items-center gap-3 p-2 rounded hover:bg-gray-50 
                                          dark:hover:bg-gray-800 cursor-pointer"[39m
              [36m>[39m
                [36m<input[39m
                  [33mchecked[39m=[32m""[39m
                  [33mclass[39m=[32m"rounded"[39m
                  [33mtype[39m=[32m"checkbox"[39m
                [36m/>[39m
                [36m<span[39m
                  [33mclass[39m=[32m"flex items-center gap-2"[39m
                [36m>[39m
                  [36m<span[39m
                    [33mdata-testid[39m=[32m"barchart3-icon"[39m
                  [36m>[39m
                    [0m📊[0m
                  [36m</span>[39m
                  [0mSummary Report[0m
                [36m</span>[39m
              [36m</label>[39m
            [36m</div>[39m
          [36m</div>[39m
          [36m<div>[39m
            [36m<h3[39m
              [33mclass[39m=[32m"text-lg font-medium mb-3 flex items-center gap-2"[39m
            [36m>[39m
              [36m<span[39m
                [33mdata-testid[39m=[32m"calendar-icon"[39m
                [33mstyle[39m=[32m"font-size: 20px;"[39m
              [36m>[39m
                [0m📅[0m
              [36m</span>[39m
              [0mDate Range (for transactions)[0m
            [36m</h3>[39m
            [36m<div[39m
              [33mclass[39m=[32m"grid grid-cols-2 gap-4"[39m
            [36m>[39m
              [36m<div>[39m
                [36m<label[39m
                  [33mclass[39m=[32m"block text-sm font-medium mb-1"[39m
                [36m>[39m
                  [0mStart Date[0m
                [36m</label>[39m
                [36m<input[39m
                  [33mclass[39m=[32m"w-full px-3 py-2 border border-gray-300 dark:border-gray-600 rounded-lg
                           bg-white dark:bg-gray-800"[39m
                  [33mtype[39m=[32m"date"[39m
                  [33mvalue[39m=[32m"2025-01-01"[39m
                [36m/>[39m
              [36m</div>[39m
              [36m<div>[39m
                [36m<label[39m
                  [33mclass[39m=[32m"block text-sm font-medium mb-1"[39m
                [36m>[39m
                  [0mEnd Date[0m
                [36m</label>[39m
                [36m<input[39m
                  [33mclass[39m=[32m"w-full px-3 py-2 border border-gray-300 dark:border-gray-600 rounded-lg
                           bg-white dark:bg-gray-800"[39m
                  [33mtype[39m=[32m"date"[39m
                  [33mvalue[39m=[32m"2025-01-20"[39m
                [36m/>[39m
              [36m</div>[39m
            [36m</div>[39m
          [36m</div>[39m
          [36m<div>[39m
            [36m<h3[39m
              [33mclass[39m=[32m"text-lg font-medium mb-3 flex items-center gap-2"[39m
            [36m>[39m
              [36m<span[39m
                [33mdata-testid[39m=[32m"settings-icon"[39m
                [33mstyle[39m=[32m"font-size: 20px;"[39m
              [36m>[39m
                [0m⚙️[0m
              [36m</span>[39m
              [0mTransaction Grouping[0m
            [36m</h3>[39m
            [36m<select[39m
              [33mclass[39m=[32m"w-full px-3 py-2 border border-gray-300 dark:border-gray-600 rounded-lg
                       bg-white dark:bg-gray-800"[39m
            [36m>[39m
              [36m<option[39m
                [33mvalue[39m=[32m"none"[39m
              [36m>[39m
                [0mNo Grouping[0m
              [36m</option>[39m
              [36m<option[39m
                [33mvalue[39m=[32m"month"[39m
              [36m>[39m
                [0mGroup by Month[0m
              [36m</option>[39m
              [36m<option[39m
                [33mvalue[39m=[32m"category"[39m
              [36m>[39m
                [0mGroup by Category[0m
              [36m</option>[39m
              [36m<option[39m
                [33mvalue[39m=[32m"account"[39m
              [36m>[39m
                [0mGroup by Account[0m
              [36m</option>[39m
            [36m</select>[39m
          [36m</div>[39m
          [36m<div>[39m
            [36m<h3[39m
              [33mclass[39m=[32m"text-lg font-medium mb-3"[39m
            [36m>[39m
              [0mFormatting Options[0m
            [36m</h3>[39m
            [36m<div[39m
              [33mclass[39m=[32m"space-y-2"[39m
            [36m>[39m
              [36m<label[39m
                [33mclass[39m=[32m"flex items-center gap-2"[39m
              [36m>[39m
                [36m<input[39m
                  [33mchecked[39m=[32m""[39m
                  [33mclass[39m=[32m"rounded"[39m
                  [33mtype[39m=[32m"checkbox"[39m
                [36m/>[39m
                [36m<span[39m
                  [33mclass[39m=[32m"text-sm"[39m
                [36m>[39m
                  [0mHighlight negative values[0m
                [36m</span>[39m
              [36m</label>[39m
              [36m<label[39m
                [33mclass[39m=[32m"flex items-center gap-2"[39m
              [36m>[39m
                [36m<input[39m
                  [33mchecked[39m=[32m""[39m
                  [33mclass[39m=[32m"rounded"[39m
                  [33mtype[39m=[32m"checkbox"[39m
                [36m/>[39m
                [36m<span[39m
                  [33mclass[39m=[32m"text-sm"[39m
                [36m>[39m
                  [0mZebra striping[0m
                [36m</span>[39m
              [36m</label>[39m
              [36m<label[39m
                [33mclass[39m=[32m"flex items-center gap-2"[39m
              [36m>[39m
                [36m<input[39m
                  [33mchecked[39m=[32m""[39m
                  [33mclass[39m=[32m"rounded"[39m
                  [33mtype[39m=[32m"checkbox"[39m
                [36m/>[39m
                [36m<span[39m
                  [33mclass[39m=[32m"text-sm"[39m
                [36m>[39m
                  [0mEnable auto-filters[0m
                [36m</span>[39m
              [36m</label>[39m
            [36m</div>[39m
          [36m</div>[39m
        [36m</div>[39m
        [36m<div[39m
          [33mclass[39m=[32m"flex justify-end gap-3 mt-6 pt-6 border-t border-gray-200 dark:border-gray-700"[39m
        [36m>[39m
          [36m<button[39m
            [33mclass[39m=[32m"px-4 py-2 text-gray-700 dark:text-gray-300 hover:bg-gray-100 
                     dark:hover:bg-gray-700 rounded-lg"[39m
          [36m>[39m
            [0mCancel[0m
          [36m</button>[39m
          [36m<button[39m
            [33mclass[39m=[32m"flex items-center gap-2 px-4 py-2 bg-primary text-white rounded-lg
                     hover:bg-primary-dark disabled:opacity-50 disabled:cursor-not-allowed"[39m
          [36m>[39m
            [36m<span[39m
              [33mdata-testid[39m=[32m"download-icon"[39m
              [33mstyle[39m=[32m"font-size: 20px;"[39m
            [36m>[39m
              [0m⬇[0m
            [36m</span>[39m
            [0mExport to Excel[0m
          [36m</button>[39m
        [36m</div>[39m
      [36m</div>[39m
    [36m</div>[39m
  [36m</div>[39m
[36m</body>[39m
   × ExcelExport > Date Range > can change date range 7ms
     → Found a label with the text of: Start Date, however no form control was found associated to that label. Make sure you're using the "for" attribute or "aria-labelledby" attribute correctly.

Ignored nodes: comments, script, style
[36m<body>[39m
  [36m<div>[39m
    [36m<div[39m
      [33maria-labelledby[39m=[32m"modal-title"[39m
      [33mdata-testid[39m=[32m"modal"[39m
      [33mrole[39m=[32m"dialog"[39m
    [36m>[39m
      [36m<div[39m
        [33mid[39m=[32m"modal-title"[39m
      [36m>[39m
        [0mExport to Excel[0m
      [36m</div>[39m
      [36m<button[39m
        [33maria-label[39m=[32m"Close modal"[39m
      [36m>[39m
        [0mClose[0m
      [36m</button>[39m
      [36m<div[39m
        [33mclass[39m=[32m"p-6"[39m
      [36m>[39m
        [36m<div[39m
          [33mclass[39m=[32m"space-y-6"[39m
        [36m>[39m
          [36m<div>[39m
            [36m<h3[39m
              [33mclass[39m=[32m"text-lg font-medium mb-3 flex items-center gap-2"[39m
            [36m>[39m
              [36m<span[39m
                [33mdata-testid[39m=[32m"filetext-icon"[39m
                [33mstyle[39m=[32m"font-size: 20px;"[39m
              [36m>[39m
                [0m📄[0m
              [36m</span>[39m
              [0mSelect Data to Export[0m
            [36m</h3>[39m
            [36m<div[39m
              [33mclass[39m=[32m"space-y-2"[39m
            [36m>[39m
              [36m<label[39m
                [33mclass[39m=[32m"flex items-center gap-3 p-2 rounded hover:bg-gray-50 
                                          dark:hover:bg-gray-800 cursor-pointer"[39m
              [36m>[39m
                [36m<input[39m
                  [33mchecked[39m=[32m""[39m
                  [33mclass[39m=[32m"rounded"[39m
                  [33mtype[39m=[32m"checkbox"[39m
                [36m/>[39m
                [36m<span[39m
                  [33mclass[39m=[32m"flex items-center gap-2"[39m
                [36m>[39m
                  [36m<span[39m
                    [33mdata-testid[39m=[32m"arrowrightleft-icon"[39m
                  [36m>[39m
                    [0m↔️[0m
                  [36m</span>[39m
                  [0mTransactions[0m
                [36m</span>[39m
              [36m</label>[39m
              [36m<label[39m
                [33mclass[39m=[32m"flex items-center gap-3 p-2 rounded hover:bg-gray-50 
                                          dark:hover:bg-gray-800 cursor-pointer"[39m
              [36m>[39m
                [36m<input[39m
                  [33mchecked[39m=[32m""[39m
                  [33mclass[39m=[32m"rounded"[39m
                  [33mtype[39m=[32m"checkbox"[39m
                [36m/>[39m
                [36m<span[39m
                  [33mclass[39m=[32m"flex items-center gap-2"[39m
                [36m>[39m
                  [36m<span[39m
                    [33mdata-testid[39m=[32m"wallet-icon"[39m
                  [36m>[39m
                    [0m👛[0m
                  [36m</span>[39m
                  [0mAccounts[0m
                [36m</span>[39m
              [36m</label>[39m
              [36m<label[39m
                [33mclass[39m=[32m"flex items-center gap-3 p-2 rounded hover:bg-gray-50 
                                          dark:hover:bg-gray-800 cursor-pointer"[39m
              [36m>[39m
                [36m<input[39m
                  [33mchecked[39m=[32m""[39m
                  [33mclass[39m=[32m"rounded"[39m
                  [33mtype[39m=[32m"checkbox"[39m
                [36m/>[39m
                [36m<span[39m
                  [33mclass[39m=[32m"flex items-center gap-2"[39m
                [36m>[39m
                  [36m<span[39m
                    [33mdata-testid[39m=[32m"piechart-icon"[39m
                  [36m>[39m
                    [0m📊[0m
                  [36m</span>[39m
                  [0mBudgets[0m
                [36m</span>[39m
              [36m</label>[39m
              [36m<label[39m
                [33mclass[39m=[32m"flex items-center gap-3 p-2 rounded hover:bg-gray-50 
                                          dark:hover:bg-gray-800 cursor-pointer"[39m
              [36m>[39m
                [36m<input[39m
                  [33mchecked[39m=[32m""[39m
                  [33mclass[39m=[32m"rounded"[39m
                  [33mtype[39m=[32m"checkbox"[39m
                [36m/>[39m
                [36m<span[39m
                  [33mclass[39m=[32m"flex items-center gap-2"[39m
                [36m>[39m
                  [36m<span[39m
                    [33mdata-testid[39m=[32m"tag-icon"[39m
                  [36m>[39m
                    [0m🏷️[0m
                  [36m</span>[39m
                  [0mCategories[0m
                [36m</span>[39m
              [36m</label>[39m
              [36m<label[39m
                [33mclass[39m=[32m"flex items-center gap-3 p-2 rounded hover:bg-gray-50 
                                          dark:hover:bg-gray-800 cursor-pointer"[39m
              [36m>[39m
                [36m<input[39m
                  [33mchecked[39m=[32m""[39m
                  [33mclass[39m=[32m"rounded"[39m
                  [33mtype[39m=[32m"checkbox"[39m
                [36m/>[39m
                [36m<span[39m
                  [33mclass[39m=[32m"flex items-center gap-2"[39m
                [36m>[39m
                  [36m<span[39m
                    [33mdata-testid[39m=[32m"barchart3-icon"[39m
                  [36m>[39m
                    [0m📊[0m
                  [36m</span>[39m
                  [0mSummary Report[0m
                [36m</span>[39m
              [36m</label>[39m
            [36m</div>[39m
          [36m</div>[39m
          [36m<div>[39m
            [36m<h3[39m
              [33mclass[39m=[32m"text-lg font-medium mb-3 flex items-center gap-2"[39m
            [36m>[39m
              [36m<span[39m
                [33mdata-testid[39m=[32m"calendar-icon"[39m
                [33mstyle[39m=[32m"font-size: 20px;"[39m
              [36m>[39m
                [0m📅[0m
              [36m</span>[39m
              [0mDate Range (for transactions)[0m
            [36m</h3>[39m
            [36m<div[39m
              [33mclass[39m=[32m"grid grid-cols-2 gap-4"[39m
            [36m>[39m
              [36m<div>[39m
                [36m<label[39m
                  [33mclass[39m=[32m"block text-sm font-medium mb-1"[39m
                [36m>[39m
                  [0mStart Date[0m
                [36m</label>[39m
                [36m<input[39m
                  [33mclass[39m=[32m"w-full px-3 py-2 border border-gray-300 dark:border-gray-600 rounded-lg
                           bg-white dark:bg-gray-800"[39m
                  [33mtype[39m=[32m"date"[39m
                  [33mvalue[39m=[32m"2025-01-01"[39m
                [36m/>[39m
              [36m</div>[39m
              [36m<div>[39m
                [36m<label[39m
                  [33mclass[39m=[32m"block text-sm font-medium mb-1"[39m
                [36m>[39m
                  [0mEnd Date[0m
                [36m</label>[39m
                [36m<input[39m
                  [33mclass[39m=[32m"w-full px-3 py-2 border border-gray-300 dark:border-gray-600 rounded-lg
                           bg-white dark:bg-gray-800"[39m
                  [33mtype[39m=[32m"date"[39m
                  [33mvalue[39m=[32m"2025-01-20"[39m
                [36m/>[39m
              [36m</div>[39m
            [36m</div>[39m
          [36m</div>[39m
          [36m<div>[39m
            [36m<h3[39m
              [33mclass[39m=[32m"text-lg font-medium mb-3 flex items-center gap-2"[39m
            [36m>[39m
              [36m<span[39m
                [33mdata-testid[39m=[32m"settings-icon"[39m
                [33mstyle[39m=[32m"font-size: 20px;"[39m
              [36m>[39m
                [0m⚙️[0m
              [36m</span>[39m
              [0mTransaction Grouping[0m
            [36m</h3>[39m
            [36m<select[39m
              [33mclass[39m=[32m"w-full px-3 py-2 border border-gray-300 dark:border-gray-600 rounded-lg
                       bg-white dark:bg-gray-800"[39m
            [36m>[39m
              [36m<option[39m
                [33mvalue[39m=[32m"none"[39m
              [36m>[39m
                [0mNo Grouping[0m
              [36m</option>[39m
              [36m<option[39m
                [33mvalue[39m=[32m"month"[39m
              [36m>[39m
                [0mGroup by Month[0m
              [36m</option>[39m
              [36m<option[39m
                [33mvalue[39m=[32m"category"[39m
              [36m>[39m
                [0mGroup by Category[0m
              [36m</option>[39m
              [36m<option[39m
                [33mvalue[39m=[32m"account"[39m
              [36m>[39m
                [0mGroup by Account[0m
              [36m</option>[39m
            [36m</select>[39m
          [36m</div>[39m
          [36m<div>[39m
            [36m<h3[39m
              [33mclass[39m=[32m"text-lg font-medium mb-3"[39m
            [36m>[39m
              [0mFormatting Options[0m
            [36m</h3>[39m
            [36m<div[39m
              [33mclass[39m=[32m"space-y-2"[39m
            [36m>[39m
              [36m<label[39m
                [33mclass[39m=[32m"flex items-center gap-2"[39m
              [36m>[39m
                [36m<input[39m
                  [33mchecked[39m=[32m""[39m
                  [33mclass[39m=[32m"rounded"[39m
                  [33mtype[39m=[32m"checkbox"[39m
                [36m/>[39m
                [36m<span[39m
                  [33mclass[39m=[32m"text-sm"[39m
                [36m>[39m
                  [0mHighlight negative values[0m
                [36m</span>[39m
              [36m</label>[39m
              [36m<label[39m
                [33mclass[39m=[32m"flex items-center gap-2"[39m
              [36m>[39m
                [36m<input[39m
                  [33mchecked[39m=[32m""[39m
                  [33mclass[39m=[32m"rounded"[39m
                  [33mtype[39m=[32m"checkbox"[39m
                [36m/>[39m
                [36m<span[39m
                  [33mclass[39m=[32m"text-sm"[39m
                [36m>[39m
                  [0mZebra striping[0m
                [36m</span>[39m
              [36m</label>[39m
              [36m<label[39m
                [33mclass[39m=[32m"flex items-center gap-2"[39m
              [36m>[39m
                [36m<input[39m
                  [33mchecked[39m=[32m""[39m
                  [33mclass[39m=[32m"rounded"[39m
                  [33mtype[39m=[32m"checkbox"[39m
                [36m/>[39m
                [36m<span[39m
                  [33mclass[39m=[32m"text-sm"[39m
                [36m>[39m
                  [0mEnable auto-filters[0m
                [36m</span>[39m
              [36m</label>[39m
            [36m</div>[39m
          [36m</div>[39m
        [36m</div>[39m
        [36m<div[39m
          [33mclass[39m=[32m"flex justify-end gap-3 mt-6 pt-6 border-t border-gray-200 dark:border-gray-700"[39m
        [36m>[39m
          [36m<button[39m
            [33mclass[39m=[32m"px-4 py-2 text-gray-700 dark:text-gray-300 hover:bg-gray-100 
                     dark:hover:bg-gray-700 rounded-lg"[39m
          [36m>[39m
            [0mCancel[0m
          [36m</button>[39m
          [36m<button[39m
            [33mclass[39m=[32m"flex items-center gap-2 px-4 py-2 bg-primary text-white rounded-lg
                     hover:bg-primary-dark disabled:opacity-50 disabled:cursor-not-allowed"[39m
          [36m>[39m
            [36m<span[39m
              [33mdata-testid[39m=[32m"download-icon"[39m
              [33mstyle[39m=[32m"font-size: 20px;"[39m
            [36m>[39m
              [0m⬇[0m
            [36m</span>[39m
            [0mExport to Excel[0m
          [36m</button>[39m
        [36m</div>[39m
      [36m</div>[39m
    [36m</div>[39m
  [36m</div>[39m
[36m</body>[39m
   ✓ ExcelExport > Grouping Options > shows grouping dropdown 7ms
   ✓ ExcelExport > Grouping Options > has correct grouping options 5ms
   ✓ ExcelExport > Grouping Options > defaults to no grouping 5ms
   ✓ ExcelExport > Formatting Options > shows formatting checkboxes 5ms
   ✓ ExcelExport > Formatting Options > has formatting options checked by default 26ms
   ✓ ExcelExport > Formatting Options > can toggle formatting options 16ms
   ✓ ExcelExport > Export Button > is enabled when at least one option is selected 10ms
   ✓ ExcelExport > Export Button > is disabled when no options are selected 16ms
   ✓ ExcelExport > Export Button > shows loading state when exporting 12ms
   ✓ ExcelExport > Cancel Button > calls onClose when clicked 7ms
   × ExcelExport > Export Functionality > handles export with all options 1017ms
     → expected "spy" to be called at least once

Ignored nodes: comments, script, style
[36m<html>[39m
  [36m<head />[39m
  [36m<body>[39m
    [36m<div>[39m
      [36m<div[39m
        [33maria-labelledby[39m=[32m"modal-title"[39m
        [33mdata-testid[39m=[32m"modal"[39m
        [33mrole[39m=[32m"dialog"[39m
      [36m>[39m
        [36m<div[39m
          [33mid[39m=[32m"modal-title"[39m
        [36m>[39m
          [0mExport to Excel[0m
        [36m</div>[39m
        [36m<button[39m
          [33maria-label[39m=[32m"Close modal"[39m
        [36m>[39m
          [0mClose[0m
        [36m</button>[39m
        [36m<div[39m
          [33mclass[39m=[32m"p-6"[39m
        [36m>[39m
          [36m<div[39m
            [33mclass[39m=[32m"space-y-6"[39m
          [36m>[39m
            [36m<div>[39m
              [36m<h3[39m
                [33mclass[39m=[32m"text-lg font-medium mb-3 flex items-center gap-2"[39m
              [36m>[39m
                [36m<span[39m
                  [33mdata-testid[39m=[32m"filetext-icon"[39m
                  [33mstyle[39m=[32m"font-size: 20px;"[39m
                [36m>[39m
                  [0m📄[0m
                [36m</span>[39m
                [0mSelect Data to Export[0m
              [36m</h3>[39m
              [36m<div[39m
                [33mclass[39m=[32m"space-y-2"[39m
              [36m>[39m
                [36m<label[39m
                  [33mclass[39m=[32m"flex items-center gap-3 p-2 rounded hover:bg-gray-50 
                                          dark:hover:bg-gray-800 cursor-pointer"[39m
                [36m>[39m
                  [36m<input[39m
                    [33mchecked[39m=[32m""[39m
                    [33mclass[39m=[32m"rounded"[39m
                    [33mtype[39m=[32m"checkbox"[39m
                  [36m/>[39m
                  [36m<span[39m
                    [33mclass[39m=[32m"flex items-center gap-2"[39m
                  [36m>[39m
                    [36m<span[39m
                      [33mdata-testid[39m=[32m"arrowrightleft-icon"[39m
                    [36m>[39m
                      [0m↔️[0m
                    [36m</span>[39m
                    [0mTransactions[0m
                  [36m</span>[39m
                [36m</label>[39m
                [36m<label[39m
                  [33mclass[39m=[32m"flex items-center gap-3 p-2 rounded hover:bg-gray-50 
                                          dark:hover:bg-gray-800 cursor-pointer"[39m
                [36m>[39m
                  [36m<input[39m
                    [33mchecked[39m=[32m""[39m
                    [33mclass[39m=[32m"rounded"[39m
                    [33mtype[39m=[32m"checkbox"[39m
                  [36m/>[39m
                  [36m<span[39m
                    [33mclass[39m=[32m"flex items-center gap-2"[39m
                  [36m>[39m
                    [36m<span[39m
                      [33mdata-testid[39m=[32m"wallet-icon"[39m
                    [36m>[39m
                      [0m👛[0m
                    [36m</span>[39m
                    [0mAccounts[0m
                  [36m</span>[39m
                [36m</label>[39m
                [36m<label[39m
                  [33mclass[39m=[32m"flex items-center gap-3 p-2 rounded hover:bg-gray-50 
                                          dark:hover:bg-gray-800 cursor-pointer"[39m
                [36m>[39m
                  [36m<input[39m
                    [33mchecked[39m=[32m""[39m
                    [33mclass[39m=[32m"rounded"[39m
                    [33mtype[39m=[32m"checkbox"[39m
                  [36m/>[39m
                  [36m<span[39m
                    [33mclass[39m=[32m"flex items-center gap-2"[39m
                  [36m>[39m
                    [36m<span[39m
                      [33mdata-testid[39m=[32m"piechart-icon"[39m
                    [36m>[39m
                      [0m📊[0m
                    [36m</span>[39m
                    [0mBudgets[0m
                  [36m</span>[39m
                [36m</label>[39m
                [36m<label[39m
                  [33mclass[39m=[32m"flex items-center gap-3 p-2 rounded hover:bg-gray-50 
                                          dark:hover:bg-gray-800 cursor-pointer"[39m
                [36m>[39m
                  [36m<input[39m
                    [33mchecked[39m=[32m""[39m
                    [33mclass[39m=[32m"rounded"[39m
                    [33mtype[39m=[32m"checkbox"[39m
                  [36m/>[39m
                  [36m<span[39m
                    [33mclass[39m=[32m"flex items-center gap-2"[39m
                  [36m>[39m
                    [36m<span[39m
                      [33mdata-testid[39m=[32m"tag-icon"[39m
                    [36m>[39m
                      [0m🏷️[0m
                    [36m</span>[39m
                    [0mCategories[0m
                  [36m</span>[39m
                [36m</label>[39m
                [36m<label[39m
                  [33mclass[39m=[32m"flex items-center gap-3 p-2 rounded hover:bg-gray-50 
                                          dark:hover:bg-gray-800 cursor-pointer"[39m
                [36m>[39m
                  [36m<input[39m
                    [33mchecked[39m=[32m""[39m
                    [33mclass[39m=[32m"rounded"[39m
                    [33mtype[39m=[32m"checkbox"[39m
                  [36m/>[39m
                  [36m<span[39m
                    [33mclass[39m=[32m"flex items-center gap-2"[39m
                  [36m>[39m
                    [36m<span[39m
                      [33mdata-testid[39m=[32m"barchart3-icon"[39m
                    [36m>[39m
                      [0m📊[0m
                    [36m</span>[39m
                    [0mSummary Report[0m
                  [36m</span>[39m
                [36m</label>[39m
              [36m</div>[39m
            [36m</div>[39m
            [36m<div>[39m
              [36m<h3[39m
                [33mclass[39m=[32m"text-lg font-medium mb-3 flex items-center gap-2"[39m
              [36m>[39m
                [36m<span[39m
                  [33mdata-testid[39m=[32m"calendar-icon"[39m
                  [33mstyle[39m=[32m"font-size: 20px;"[39m
                [36m>[39m
                  [0m📅[0m
                [36m</span>[39m
                [0mDate Range (for transactions)[0m
              [36m</h3>[39m
              [36m<div[39m
                [33mclass[39m=[32m"grid grid-cols-2 gap-4"[39m
              [36m>[39m
                [36m<div>[39m
                  [36m<label[39m
                    [33mclass[39m=[32m"block text-sm font-medium mb-1"[39m
                  [36m>[39m
                    [0mStart Date[0m
                  [36m</label>[39m
                  [36m<input[39m
                    [33mclass[39m=[32m"w-full px-3 py-2 border border-gray-300 dark:border-gray-600 rounded-lg
                           bg-white dark:bg-gray-800"[39m
                    [33mtype[39m=[32m"date"[39m
                    [33mvalue[39m=[32m"2025-01-01"[39m
                  [36m/>[39m
                [36m</div>[39m
                [36m<div>[39m
                  [36m<label[39m
                    [33mclass[39m=[32m"block text-sm font-medium mb-1"[39m
                  [36m>[39m
                    [0mEnd Date[0m
                  [36m</label>[39m
                  [36m<input[39m
                    [33mclass[39m=[32m"w-full px-3 py-2 border border-gray-300 dark:border-gray-600 rounded-lg
                           bg-white dark:bg-gray-800"[39m
                    [33mtype[39m=[32m"date"[39m
                    [33mvalue[39m=[32m"2025-01-20"[39m
                  [36m/>[39m
                [36m</div>[39m
              [36m</div>[39m
            [36m</div>[39m
            [36m<div>[39m
              [36m<h3[39m
                [33mclass[39m=[32m"text-lg font-medium mb-3 flex items-center gap-2"[39m
              [36m>[39m
                [36m<span[39m
                  [33mdata-testid[39m=[32m"settings-icon"[39m
                  [33mstyle[39m=[32m"font-size: 20px;"[39m
                [36m>[39m
                  [0m⚙️[0m
                [36m</span>[39m
                [0mTransaction Grouping[0m
              [36m</h3>[39m
              [36m<select[39m
                [33mclass[39m=[32m"w-full px-3 py-2 border border-gray-300 dark:border-gray-600 rounded-lg
                       bg-white dark:bg-gray-800"[39m
              [36m>[39m
                [36m<option[39m
                  [33mvalue[39m=[32m"none"[39m
                [36m>[39m
                  [0mNo Grouping[0m
                [36m</option>[39m
                [36m<option[39m
                  [33mvalue[39m=[32m"month"[39m
                [36m>[39m
                  [0mGroup by Month[0m
                [36m</option>[39m
                [36m<option[39m
                  [33mvalue[39m=[32m"category"[39m
                [36m>[39m
                  [0mGroup by Category[0m
                [36m</option>[39m
                [36m<option[39m
                  [33mvalue[39m=[32m"account"[39m
                [36m>[39m
                  [0mGroup by Account[0m
                [36m</option>[39m
              [36m</select>[39m
            [36m</div>[39m
            [36m<div>[39m
              [36m<h3[39m
                [33mclass[39m=[32m"text-lg font-medium mb-3"[39m
              [36m>[39m
                [0mFormatting Options[0m
              [36m</h3>[39m
              [36m<div[39m
                [33mclass[39m=[32m"space-y-2"[39m
              [36m>[39m
                [36m<label[39m
                  [33mclass[39m=[32m"flex items-center gap-2"[39m
                [36m>[39m
                  [36m<input[39m
                    [33mchecked[39m=[32m""[39m
                    [33mclass[39m=[32m"rounded"[39m
                    [33mtype[39m=[32m"checkbox"[39m
                  [36m/>[39m
                  [36m<span[39m
                    [33mclass[39m=[32m"text-sm"[39m
                  [36m>[39m
                    [0mHighlight negative values[0m
                  [36m</span>[39m
                [36m</label>[39m
                [36m<label[39m
                  [33mclass[39m=[32m"flex items-center gap-2"[39m
                [36m>[39m
                  [36m<input[39m
                    [33mchecked[39m=[32m""[39m
                    [33mclass[39m=[32m"rounded"[39m
                    [33mtype[39m=[32m"checkbox"[39m
                  [36m/>[39m
                  [36m<span[39m
                    [33mclass[39m=[32m"text-sm"[39m
                  [36m>[39m
                    [0mZebra striping[0m
                  [36m</span>[39m
                [36m</label>[39m
                [36m<label[39m
                  [33mclass[39m=[32m"flex items-center gap-2"[39m
                [36m>[39m
                  [36m<input[39m
                    [33mchecked[39m=[32m""[39m
                    [33mclass[39m=[32m"rounded"[39m
                    [33mtype[39m=[32m"checkbox"[39m
                  [36m/>[39m
                  [36m<span[39m
                    [33mclass[39m=[32m"text-sm"[39m
                  [36m>[39m
                    [0mEnable auto-filters[0m
                  [36m</span>[39m
                [36m</label>[39m
              [36m</div>[39m
            [36m</div>[39m
          [36m</div>[39m
          [36m<div[39m
            [33mclass[39m=[32m"flex justify-end gap-3 mt-6 pt-6 border-t border-gray-200 dark:border-gray-700"[39m
          [36m>[39m
            [36m<button[39m
              [33mclass[39m=[32m"px-4 py-2 text-gray-700 dark:text-gray-300 hover:bg-gray-100 
                     dark:hover:bg-gray-700 rounded-lg"[39m
            [36m>[39m
              [0mCancel[0m
            [36m</button>[39m
            [36m<button[39m
              [33mclass[39m=[32m"flex items-center gap-2 px-4 py-2 bg-primary text-white rounded-lg
                     hover:bg-primary-dark disabled:opacity-50 disabled:cursor-not-allowed"[39m
            [36m>[39m
              [36m<span[39m
                [33mdata-testid[39m=[32m"download-icon"[39m
                [33mstyle[39m=[32m"font-size: 20px;"[39m
              [36m>[39m
                [0m⬇[0m
              [36m</span>[39m
              [0mExport to Excel[0m
            [36m</button>[39m
          [36m</div>[39m
        [36m</div>[39m
      [36m</div>[39m
    [36m</div>[39m
  [36m</body>[39m
[36m</html>[39m
   × ExcelExport > Export Functionality > generates correct filename 1017ms
     → expected "spy" to be called at least once

Ignored nodes: comments, script, style
[36m<html>[39m
  [36m<head />[39m
  [36m<body>[39m
    [36m<div>[39m
      [36m<div[39m
        [33maria-labelledby[39m=[32m"modal-title"[39m
        [33mdata-testid[39m=[32m"modal"[39m
        [33mrole[39m=[32m"dialog"[39m
      [36m>[39m
        [36m<div[39m
          [33mid[39m=[32m"modal-title"[39m
        [36m>[39m
          [0mExport to Excel[0m
        [36m</div>[39m
        [36m<button[39m
          [33maria-label[39m=[32m"Close modal"[39m
        [36m>[39m
          [0mClose[0m
        [36m</button>[39m
        [36m<div[39m
          [33mclass[39m=[32m"p-6"[39m
        [36m>[39m
          [36m<div[39m
            [33mclass[39m=[32m"space-y-6"[39m
          [36m>[39m
            [36m<div>[39m
              [36m<h3[39m
                [33mclass[39m=[32m"text-lg font-medium mb-3 flex items-center gap-2"[39m
              [36m>[39m
                [36m<span[39m
                  [33mdata-testid[39m=[32m"filetext-icon"[39m
                  [33mstyle[39m=[32m"font-size: 20px;"[39m
                [36m>[39m
                  [0m📄[0m
                [36m</span>[39m
                [0mSelect Data to Export[0m
              [36m</h3>[39m
              [36m<div[39m
                [33mclass[39m=[32m"space-y-2"[39m
              [36m>[39m
                [36m<label[39m
                  [33mclass[39m=[32m"flex items-center gap-3 p-2 rounded hover:bg-gray-50 
                                          dark:hover:bg-gray-800 cursor-pointer"[39m
                [36m>[39m
                  [36m<input[39m
                    [33mchecked[39m=[32m""[39m
                    [33mclass[39m=[32m"rounded"[39m
                    [33mtype[39m=[32m"checkbox"[39m
                  [36m/>[39m
                  [36m<span[39m
                    [33mclass[39m=[32m"flex items-center gap-2"[39m
                  [36m>[39m
                    [36m<span[39m
                      [33mdata-testid[39m=[32m"arrowrightleft-icon"[39m
                    [36m>[39m
                      [0m↔️[0m
                    [36m</span>[39m
                    [0mTransactions[0m
                  [36m</span>[39m
                [36m</label>[39m
                [36m<label[39m
                  [33mclass[39m=[32m"flex items-center gap-3 p-2 rounded hover:bg-gray-50 
                                          dark:hover:bg-gray-800 cursor-pointer"[39m
                [36m>[39m
                  [36m<input[39m
                    [33mchecked[39m=[32m""[39m
                    [33mclass[39m=[32m"rounded"[39m
                    [33mtype[39m=[32m"checkbox"[39m
                  [36m/>[39m
                  [36m<span[39m
                    [33mclass[39m=[32m"flex items-center gap-2"[39m
                  [36m>[39m
                    [36m<span[39m
                      [33mdata-testid[39m=[32m"wallet-icon"[39m
                    [36m>[39m
                      [0m👛[0m
                    [36m</span>[39m
                    [0mAccounts[0m
                  [36m</span>[39m
                [36m</label>[39m
                [36m<label[39m
                  [33mclass[39m=[32m"flex items-center gap-3 p-2 rounded hover:bg-gray-50 
                                          dark:hover:bg-gray-800 cursor-pointer"[39m
                [36m>[39m
                  [36m<input[39m
                    [33mchecked[39m=[32m""[39m
                    [33mclass[39m=[32m"rounded"[39m
                    [33mtype[39m=[32m"checkbox"[39m
                  [36m/>[39m
                  [36m<span[39m
                    [33mclass[39m=[32m"flex items-center gap-2"[39m
                  [36m>[39m
                    [36m<span[39m
                      [33mdata-testid[39m=[32m"piechart-icon"[39m
                    [36m>[39m
                      [0m📊[0m
                    [36m</span>[39m
                    [0mBudgets[0m
                  [36m</span>[39m
                [36m</label>[39m
                [36m<label[39m
                  [33mclass[39m=[32m"flex items-center gap-3 p-2 rounded hover:bg-gray-50 
                                          dark:hover:bg-gray-800 cursor-pointer"[39m
                [36m>[39m
                  [36m<input[39m
                    [33mchecked[39m=[32m""[39m
                    [33mclass[39m=[32m"rounded"[39m
                    [33mtype[39m=[32m"checkbox"[39m
                  [36m/>[39m
                  [36m<span[39m
                    [33mclass[39m=[32m"flex items-center gap-2"[39m
                  [36m>[39m
                    [36m<span[39m
                      [33mdata-testid[39m=[32m"tag-icon"[39m
                    [36m>[39m
                      [0m🏷️[0m
                    [36m</span>[39m
                    [0mCategories[0m
                  [36m</span>[39m
                [36m</label>[39m
                [36m<label[39m
                  [33mclass[39m=[32m"flex items-center gap-3 p-2 rounded hover:bg-gray-50 
                                          dark:hover:bg-gray-800 cursor-pointer"[39m
                [36m>[39m
                  [36m<input[39m
                    [33mchecked[39m=[32m""[39m
                    [33mclass[39m=[32m"rounded"[39m
                    [33mtype[39m=[32m"checkbox"[39m
                  [36m/>[39m
                  [36m<span[39m
                    [33mclass[39m=[32m"flex items-center gap-2"[39m
                  [36m>[39m
                    [36m<span[39m
                      [33mdata-testid[39m=[32m"barchart3-icon"[39m
                    [36m>[39m
                      [0m📊[0m
                    [36m</span>[39m
                    [0mSummary Report[0m
                  [36m</span>[39m
                [36m</label>[39m
              [36m</div>[39m
            [36m</div>[39m
            [36m<div>[39m
              [36m<h3[39m
                [33mclass[39m=[32m"text-lg font-medium mb-3 flex items-center gap-2"[39m
              [36m>[39m
                [36m<span[39m
                  [33mdata-testid[39m=[32m"calendar-icon"[39m
                  [33mstyle[39m=[32m"font-size: 20px;"[39m
                [36m>[39m
                  [0m📅[0m
                [36m</span>[39m
                [0mDate Range (for transactions)[0m
              [36m</h3>[39m
              [36m<div[39m
                [33mclass[39m=[32m"grid grid-cols-2 gap-4"[39m
              [36m>[39m
                [36m<div>[39m
                  [36m<label[39m
                    [33mclass[39m=[32m"block text-sm font-medium mb-1"[39m
                  [36m>[39m
                    [0mStart Date[0m
                  [36m</label>[39m
                  [36m<input[39m
                    [33mclass[39m=[32m"w-full px-3 py-2 border border-gray-300 dark:border-gray-600 rounded-lg
                           bg-white dark:bg-gray-800"[39m
                    [33mtype[39m=[32m"date"[39m
                    [33mvalue[39m=[32m"2025-01-01"[39m
                  [36m/>[39m
                [36m</div>[39m
                [36m<div>[39m
                  [36m<label[39m
                    [33mclass[39m=[32m"block text-sm font-medium mb-1"[39m
                  [36m>[39m
                    [0mEnd Date[0m
                  [36m</label>[39m
                  [36m<input[39m
                    [33mclass[39m=[32m"w-full px-3 py-2 border border-gray-300 dark:border-gray-600 rounded-lg
                           bg-white dark:bg-gray-800"[39m
                    [33mtype[39m=[32m"date"[39m
                    [33mvalue[39m=[32m"2025-01-20"[39m
                  [36m/>[39m
                [36m</div>[39m
              [36m</div>[39m
            [36m</div>[39m
            [36m<div>[39m
              [36m<h3[39m
                [33mclass[39m=[32m"text-lg font-medium mb-3 flex items-center gap-2"[39m
              [36m>[39m
                [36m<span[39m
                  [33mdata-testid[39m=[32m"settings-icon"[39m
                  [33mstyle[39m=[32m"font-size: 20px;"[39m
                [36m>[39m
                  [0m⚙️[0m
                [36m</span>[39m
                [0mTransaction Grouping[0m
              [36m</h3>[39m
              [36m<select[39m
                [33mclass[39m=[32m"w-full px-3 py-2 border border-gray-300 dark:border-gray-600 rounded-lg
                       bg-white dark:bg-gray-800"[39m
              [36m>[39m
                [36m<option[39m
                  [33mvalue[39m=[32m"none"[39m
                [36m>[39m
                  [0mNo Grouping[0m
                [36m</option>[39m
                [36m<option[39m
                  [33mvalue[39m=[32m"month"[39m
                [36m>[39m
                  [0mGroup by Month[0m
                [36m</option>[39m
                [36m<option[39m
                  [33mvalue[39m=[32m"category"[39m
                [36m>[39m
                  [0mGroup by Category[0m
                [36m</option>[39m
                [36m<option[39m
                  [33mvalue[39m=[32m"account"[39m
                [36m>[39m
                  [0mGroup by Account[0m
                [36m</option>[39m
              [36m</select>[39m
            [36m</div>[39m
            [36m<div>[39m
              [36m<h3[39m
                [33mclass[39m=[32m"text-lg font-medium mb-3"[39m
              [36m>[39m
                [0mFormatting Options[0m
              [36m</h3>[39m
              [36m<div[39m
                [33mclass[39m=[32m"space-y-2"[39m
              [36m>[39m
                [36m<label[39m
                  [33mclass[39m=[32m"flex items-center gap-2"[39m
                [36m>[39m
                  [36m<input[39m
                    [33mchecked[39m=[32m""[39m
                    [33mclass[39m=[32m"rounded"[39m
                    [33mtype[39m=[32m"checkbox"[39m
                  [36m/>[39m
                  [36m<span[39m
                    [33mclass[39m=[32m"text-sm"[39m
                  [36m>[39m
                    [0mHighlight negative values[0m
                  [36m</span>[39m
                [36m</label>[39m
                [36m<label[39m
                  [33mclass[39m=[32m"flex items-center gap-2"[39m
                [36m>[39m
                  [36m<input[39m
                    [33mchecked[39m=[32m""[39m
                    [33mclass[39m=[32m"rounded"[39m
                    [33mtype[39m=[32m"checkbox"[39m
                  [36m/>[39m
                  [36m<span[39m
                    [33mclass[39m=[32m"text-sm"[39m
                  [36m>[39m
                    [0mZebra striping[0m
                  [36m</span>[39m
                [36m</label>[39m
                [36m<label[39m
                  [33mclass[39m=[32m"flex items-center gap-2"[39m
                [36m>[39m
                  [36m<input[39m
                    [33mchecked[39m=[32m""[39m
                    [33mclass[39m=[32m"rounded"[39m
                    [33mtype[39m=[32m"checkbox"[39m
                  [36m/>[39m
                  [36m<span[39m
                    [33mclass[39m=[32m"text-sm"[39m
                  [36m>[39m
                    [0mEnable auto-filters[0m
                  [36m</span>[39m
                [36m</label>[39m
              [36m</div>[39m
            [36m</div>[39m
          [36m</div>[39m
          [36m<div[39m
            [33mclass[39m=[32m"flex justify-end gap-3 mt-6 pt-6 border-t border-gray-200 dark:border-gray-700"[39m
          [36m>[39m
            [36m<button[39m
              [33mclass[39m=[32m"px-4 py-2 text-gray-700 dark:text-gray-300 hover:bg-gray-100 
                     dark:hover:bg-gray-700 rounded-lg"[39m
            [36m>[39m
              [0mCancel[0m
            [36m</button>[39m
            [36m<button[39m
              [33mclass[39m=[32m"flex items-center gap-2 px-4 py-2 bg-primary text-white rounded-lg
                     hover:bg-primary-dark disabled:opacity-50 disabled:cursor-not-allowed"[39m
            [36m>[39m
              [36m<span[39m
                [33mdata-testid[39m=[32m"download-icon"[39m
                [33mstyle[39m=[32m"font-size: 20px;"[39m
              [36m>[39m
                [0m⬇[0m
              [36m</span>[39m
              [0mExport to Excel[0m
            [36m</button>[39m
          [36m</div>[39m
        [36m</div>[39m
      [36m</div>[39m
    [36m</div>[39m
  [36m</body>[39m
[36m</html>[39m
   × ExcelExport > Export Functionality > closes modal after successful export 1016ms
     → expected "spy" to be called at least once

Ignored nodes: comments, script, style
[36m<html>[39m
  [36m<head />[39m
  [36m<body>[39m
    [36m<div>[39m
      [36m<div[39m
        [33maria-labelledby[39m=[32m"modal-title"[39m
        [33mdata-testid[39m=[32m"modal"[39m
        [33mrole[39m=[32m"dialog"[39m
      [36m>[39m
        [36m<div[39m
          [33mid[39m=[32m"modal-title"[39m
        [36m>[39m
          [0mExport to Excel[0m
        [36m</div>[39m
        [36m<button[39m
          [33maria-label[39m=[32m"Close modal"[39m
        [36m>[39m
          [0mClose[0m
        [36m</button>[39m
        [36m<div[39m
          [33mclass[39m=[32m"p-6"[39m
        [36m>[39m
          [36m<div[39m
            [33mclass[39m=[32m"space-y-6"[39m
          [36m>[39m
            [36m<div>[39m
              [36m<h3[39m
                [33mclass[39m=[32m"text-lg font-medium mb-3 flex items-center gap-2"[39m
              [36m>[39m
                [36m<span[39m
                  [33mdata-testid[39m=[32m"filetext-icon"[39m
                  [33mstyle[39m=[32m"font-size: 20px;"[39m
                [36m>[39m
                  [0m📄[0m
                [36m</span>[39m
                [0mSelect Data to Export[0m
              [36m</h3>[39m
              [36m<div[39m
                [33mclass[39m=[32m"space-y-2"[39m
              [36m>[39m
                [36m<label[39m
                  [33mclass[39m=[32m"flex items-center gap-3 p-2 rounded hover:bg-gray-50 
                                          dark:hover:bg-gray-800 cursor-pointer"[39m
                [36m>[39m
                  [36m<input[39m
                    [33mchecked[39m=[32m""[39m
                    [33mclass[39m=[32m"rounded"[39m
                    [33mtype[39m=[32m"checkbox"[39m
                  [36m/>[39m
                  [36m<span[39m
                    [33mclass[39m=[32m"flex items-center gap-2"[39m
                  [36m>[39m
                    [36m<span[39m
                      [33mdata-testid[39m=[32m"arrowrightleft-icon"[39m
                    [36m>[39m
                      [0m↔️[0m
                    [36m</span>[39m
                    [0mTransactions[0m
                  [36m</span>[39m
                [36m</label>[39m
                [36m<label[39m
                  [33mclass[39m=[32m"flex items-center gap-3 p-2 rounded hover:bg-gray-50 
                                          dark:hover:bg-gray-800 cursor-pointer"[39m
                [36m>[39m
                  [36m<input[39m
                    [33mchecked[39m=[32m""[39m
                    [33mclass[39m=[32m"rounded"[39m
                    [33mtype[39m=[32m"checkbox"[39m
                  [36m/>[39m
                  [36m<span[39m
                    [33mclass[39m=[32m"flex items-center gap-2"[39m
                  [36m>[39m
                    [36m<span[39m
                      [33mdata-testid[39m=[32m"wallet-icon"[39m
                    [36m>[39m
                      [0m👛[0m
                    [36m</span>[39m
                    [0mAccounts[0m
                  [36m</span>[39m
                [36m</label>[39m
                [36m<label[39m
                  [33mclass[39m=[32m"flex items-center gap-3 p-2 rounded hover:bg-gray-50 
                                          dark:hover:bg-gray-800 cursor-pointer"[39m
                [36m>[39m
                  [36m<input[39m
                    [33mchecked[39m=[32m""[39m
                    [33mclass[39m=[32m"rounded"[39m
                    [33mtype[39m=[32m"checkbox"[39m
                  [36m/>[39m
                  [36m<span[39m
                    [33mclass[39m=[32m"flex items-center gap-2"[39m
                  [36m>[39m
                    [36m<span[39m
                      [33mdata-testid[39m=[32m"piechart-icon"[39m
                    [36m>[39m
                      [0m📊[0m
                    [36m</span>[39m
                    [0mBudgets[0m
                  [36m</span>[39m
                [36m</label>[39m
                [36m<label[39m
                  [33mclass[39m=[32m"flex items-center gap-3 p-2 rounded hover:bg-gray-50 
                                          dark:hover:bg-gray-800 cursor-pointer"[39m
                [36m>[39m
                  [36m<input[39m
                    [33mchecked[39m=[32m""[39m
                    [33mclass[39m=[32m"rounded"[39m
                    [33mtype[39m=[32m"checkbox"[39m
                  [36m/>[39m
                  [36m<span[39m
                    [33mclass[39m=[32m"flex items-center gap-2"[39m
                  [36m>[39m
                    [36m<span[39m
                      [33mdata-testid[39m=[32m"tag-icon"[39m
                    [36m>[39m
                      [0m🏷️[0m
                    [36m</span>[39m
                    [0mCategories[0m
                  [36m</span>[39m
                [36m</label>[39m
                [36m<label[39m
                  [33mclass[39m=[32m"flex items-center gap-3 p-2 rounded hover:bg-gray-50 
                                          dark:hover:bg-gray-800 cursor-pointer"[39m
                [36m>[39m
                  [36m<input[39m
                    [33mchecked[39m=[32m""[39m
                    [33mclass[39m=[32m"rounded"[39m
                    [33mtype[39m=[32m"checkbox"[39m
                  [36m/>[39m
                  [36m<span[39m
                    [33mclass[39m=[32m"flex items-center gap-2"[39m
                  [36m>[39m
                    [36m<span[39m
                      [33mdata-testid[39m=[32m"barchart3-icon"[39m
                    [36m>[39m
                      [0m📊[0m
                    [36m</span>[39m
                    [0mSummary Report[0m
                  [36m</span>[39m
                [36m</label>[39m
              [36m</div>[39m
            [36m</div>[39m
            [36m<div>[39m
              [36m<h3[39m
                [33mclass[39m=[32m"text-lg font-medium mb-3 flex items-center gap-2"[39m
              [36m>[39m
                [36m<span[39m
                  [33mdata-testid[39m=[32m"calendar-icon"[39m
                  [33mstyle[39m=[32m"font-size: 20px;"[39m
                [36m>[39m
                  [0m📅[0m
                [36m</span>[39m
                [0mDate Range (for transactions)[0m
              [36m</h3>[39m
              [36m<div[39m
                [33mclass[39m=[32m"grid grid-cols-2 gap-4"[39m
              [36m>[39m
                [36m<div>[39m
                  [36m<label[39m
                    [33mclass[39m=[32m"block text-sm font-medium mb-1"[39m
                  [36m>[39m
                    [0mStart Date[0m
                  [36m</label>[39m
                  [36m<input[39m
                    [33mclass[39m=[32m"w-full px-3 py-2 border border-gray-300 dark:border-gray-600 rounded-lg
                           bg-white dark:bg-gray-800"[39m
                    [33mtype[39m=[32m"date"[39m
                    [33mvalue[39m=[32m"2025-01-01"[39m
                  [36m/>[39m
                [36m</div>[39m
                [36m<div>[39m
                  [36m<label[39m
                    [33mclass[39m=[32m"block text-sm font-medium mb-1"[39m
                  [36m>[39m
                    [0mEnd Date[0m
                  [36m</label>[39m
                  [36m<input[39m
                    [33mclass[39m=[32m"w-full px-3 py-2 border border-gray-300 dark:border-gray-600 rounded-lg
                           bg-white dark:bg-gray-800"[39m
                    [33mtype[39m=[32m"date"[39m
                    [33mvalue[39m=[32m"2025-01-20"[39m
                  [36m/>[39m
                [36m</div>[39m
              [36m</div>[39m
            [36m</div>[39m
            [36m<div>[39m
              [36m<h3[39m
                [33mclass[39m=[32m"text-lg font-medium mb-3 flex items-center gap-2"[39m
              [36m>[39m
                [36m<span[39m
                  [33mdata-testid[39m=[32m"settings-icon"[39m
                  [33mstyle[39m=[32m"font-size: 20px;"[39m
                [36m>[39m
                  [0m⚙️[0m
                [36m</span>[39m
                [0mTransaction Grouping[0m
              [36m</h3>[39m
              [36m<select[39m
                [33mclass[39m=[32m"w-full px-3 py-2 border border-gray-300 dark:border-gray-600 rounded-lg
                       bg-white dark:bg-gray-800"[39m
              [36m>[39m
                [36m<option[39m
                  [33mvalue[39m=[32m"none"[39m
                [36m>[39m
                  [0mNo Grouping[0m
                [36m</option>[39m
                [36m<option[39m
                  [33mvalue[39m=[32m"month"[39m
                [36m>[39m
                  [0mGroup by Month[0m
                [36m</option>[39m
                [36m<option[39m
                  [33mvalue[39m=[32m"category"[39m
                [36m>[39m
                  [0mGroup by Category[0m
                [36m</option>[39m
                [36m<option[39m
                  [33mvalue[39m=[32m"account"[39m
                [36m>[39m
                  [0mGroup by Account[0m
                [36m</option>[39m
              [36m</select>[39m
            [36m</div>[39m
            [36m<div>[39m
              [36m<h3[39m
                [33mclass[39m=[32m"text-lg font-medium mb-3"[39m
              [36m>[39m
                [0mFormatting Options[0m
              [36m</h3>[39m
              [36m<div[39m
                [33mclass[39m=[32m"space-y-2"[39m
              [36m>[39m
                [36m<label[39m
                  [33mclass[39m=[32m"flex items-center gap-2"[39m
                [36m>[39m
                  [36m<input[39m
                    [33mchecked[39m=[32m""[39m
                    [33mclass[39m=[32m"rounded"[39m
                    [33mtype[39m=[32m"checkbox"[39m
                  [36m/>[39m
                  [36m<span[39m
                    [33mclass[39m=[32m"text-sm"[39m
                  [36m>[39m
                    [0mHighlight negative values[0m
                  [36m</span>[39m
                [36m</label>[39m
                [36m<label[39m
                  [33mclass[39m=[32m"flex items-center gap-2"[39m
                [36m>[39m
                  [36m<input[39m
                    [33mchecked[39m=[32m""[39m
                    [33mclass[39m=[32m"rounded"[39m
                    [33mtype[39m=[32m"checkbox"[39m
                  [36m/>[39m
                  [36m<span[39m
                    [33mclass[39m=[32m"text-sm"[39m
                  [36m>[39m
                    [0mZebra striping[0m
                  [36m</span>[39m
                [36m</label>[39m
                [36m<label[39m
                  [33mclass[39m=[32m"flex items-center gap-2"[39m
                [36m>[39m
                  [36m<input[39m
                    [33mchecked[39m=[32m""[39m
                    [33mclass[39m=[32m"rounded"[39m
                    [33mtype[39m=[32m"checkbox"[39m
                  [36m/>[39m
                  [36m<span[39m
                    [33mclass[39m=[32m"text-sm"[39m
                  [36m>[39m
                    [0mEnable auto-filters[0m
                  [36m</span>[39m
                [36m</label>[39m
              [36m</div>[39m
            [36m</div>[39m
          [36m</div>[39m
          [36m<div[39m
            [33mclass[39m=[32m"flex justify-end gap-3 mt-6 pt-6 border-t border-gray-200 dark:border-gray-700"[39m
          [36m>[39m
            [36m<button[39m
              [33mclass[39m=[32m"px-4 py-2 text-gray-700 dark:text-gray-300 hover:bg-gray-100 
                     dark:hover:bg-gray-700 rounded-lg"[39m
            [36m>[39m
              [0mCancel[0m
            [36m</button>[39m
            [36m<button[39m
              [33mclass[39m=[32m"flex items-center gap-2 px-4 py-2 bg-primary text-white rounded-lg
                     hover:bg-primary-dark disabled:opacity-50 disabled:cursor-not-allowed"[39m
            [36m>[39m
              [36m<span[39m
                [33mdata-testid[39m=[32m"download-icon"[39m
                [33mstyle[39m=[32m"font-size: 20px;"[39m
              [36m>[39m
                [0m⬇[0m
              [36m</span>[39m
              [0mExport to Excel[0m
            [36m</button>[39m
          [36m</div>[39m
        [36m</div>[39m
      [36m</div>[39m
    [36m</div>[39m
  [36m</body>[39m
[36m</html>[39m
   ✓ ExcelExport > Export Functionality > handles export errors 16ms
   × ExcelExport > Data Filtering > filters transactions by date range 6ms
     → Found a label with the text of: Start Date, however no form control was found associated to that label. Make sure you're using the "for" attribute or "aria-labelledby" attribute correctly.

Ignored nodes: comments, script, style
[36m<body>[39m
  [36m<div>[39m
    [36m<div[39m
      [33maria-labelledby[39m=[32m"modal-title"[39m
      [33mdata-testid[39m=[32m"modal"[39m
      [33mrole[39m=[32m"dialog"[39m
    [36m>[39m
      [36m<div[39m
        [33mid[39m=[32m"modal-title"[39m
      [36m>[39m
        [0mExport to Excel[0m
      [36m</div>[39m
      [36m<button[39m
        [33maria-label[39m=[32m"Close modal"[39m
      [36m>[39m
        [0mClose[0m
      [36m</button>[39m
      [36m<div[39m
        [33mclass[39m=[32m"p-6"[39m
      [36m>[39m
        [36m<div[39m
          [33mclass[39m=[32m"space-y-6"[39m
        [36m>[39m
          [36m<div>[39m
            [36m<h3[39m
              [33mclass[39m=[32m"text-lg font-medium mb-3 flex items-center gap-2"[39m
            [36m>[39m
              [36m<span[39m
                [33mdata-testid[39m=[32m"filetext-icon"[39m
                [33mstyle[39m=[32m"font-size: 20px;"[39m
              [36m>[39m
                [0m📄[0m
              [36m</span>[39m
              [0mSelect Data to Export[0m
            [36m</h3>[39m
            [36m<div[39m
              [33mclass[39m=[32m"space-y-2"[39m
            [36m>[39m
              [36m<label[39m
                [33mclass[39m=[32m"flex items-center gap-3 p-2 rounded hover:bg-gray-50 
                                          dark:hover:bg-gray-800 cursor-pointer"[39m
              [36m>[39m
                [36m<input[39m
                  [33mchecked[39m=[32m""[39m
                  [33mclass[39m=[32m"rounded"[39m
                  [33mtype[39m=[32m"checkbox"[39m
                [36m/>[39m
                [36m<span[39m
                  [33mclass[39m=[32m"flex items-center gap-2"[39m
                [36m>[39m
                  [36m<span[39m
                    [33mdata-testid[39m=[32m"arrowrightleft-icon"[39m
                  [36m>[39m
                    [0m↔️[0m
                  [36m</span>[39m
                  [0mTransactions[0m
                [36m</span>[39m
              [36m</label>[39m
              [36m<label[39m
                [33mclass[39m=[32m"flex items-center gap-3 p-2 rounded hover:bg-gray-50 
                                          dark:hover:bg-gray-800 cursor-pointer"[39m
              [36m>[39m
                [36m<input[39m
                  [33mchecked[39m=[32m""[39m
                  [33mclass[39m=[32m"rounded"[39m
                  [33mtype[39m=[32m"checkbox"[39m
                [36m/>[39m
                [36m<span[39m
                  [33mclass[39m=[32m"flex items-center gap-2"[39m
                [36m>[39m
                  [36m<span[39m
                    [33mdata-testid[39m=[32m"wallet-icon"[39m
                  [36m>[39m
                    [0m👛[0m
                  [36m</span>[39m
                  [0mAccounts[0m
                [36m</span>[39m
              [36m</label>[39m
              [36m<label[39m
                [33mclass[39m=[32m"flex items-center gap-3 p-2 rounded hover:bg-gray-50 
                                          dark:hover:bg-gray-800 cursor-pointer"[39m
              [36m>[39m
                [36m<input[39m
                  [33mchecked[39m=[32m""[39m
                  [33mclass[39m=[32m"rounded"[39m
                  [33mtype[39m=[32m"checkbox"[39m
                [36m/>[39m
                [36m<span[39m
                  [33mclass[39m=[32m"flex items-center gap-2"[39m
                [36m>[39m
                  [36m<span[39m
                    [33mdata-testid[39m=[32m"piechart-icon"[39m
                  [36m>[39m
                    [0m📊[0m
                  [36m</span>[39m
                  [0mBudgets[0m
                [36m</span>[39m
              [36m</label>[39m
              [36m<label[39m
                [33mclass[39m=[32m"flex items-center gap-3 p-2 rounded hover:bg-gray-50 
                                          dark:hover:bg-gray-800 cursor-pointer"[39m
              [36m>[39m
                [36m<input[39m
                  [33mchecked[39m=[32m""[39m
                  [33mclass[39m=[32m"rounded"[39m
                  [33mtype[39m=[32m"checkbox"[39m
                [36m/>[39m
                [36m<span[39m
                  [33mclass[39m=[32m"flex items-center gap-2"[39m
                [36m>[39m
                  [36m<span[39m
                    [33mdata-testid[39m=[32m"tag-icon"[39m
                  [36m>[39m
                    [0m🏷️[0m
                  [36m</span>[39m
                  [0mCategories[0m
                [36m</span>[39m
              [36m</label>[39m
              [36m<label[39m
                [33mclass[39m=[32m"flex items-center gap-3 p-2 rounded hover:bg-gray-50 
                                          dark:hover:bg-gray-800 cursor-pointer"[39m
              [36m>[39m
                [36m<input[39m
                  [33mchecked[39m=[32m""[39m
                  [33mclass[39m=[32m"rounded"[39m
                  [33mtype[39m=[32m"checkbox"[39m
                [36m/>[39m
                [36m<span[39m
                  [33mclass[39m=[32m"flex items-center gap-2"[39m
                [36m>[39m
                  [36m<span[39m
                    [33mdata-testid[39m=[32m"barchart3-icon"[39m
                  [36m>[39m
                    [0m📊[0m
                  [36m</span>[39m
                  [0mSummary Report[0m
                [36m</span>[39m
              [36m</label>[39m
            [36m</div>[39m
          [36m</div>[39m
          [36m<div>[39m
            [36m<h3[39m
              [33mclass[39m=[32m"text-lg font-medium mb-3 flex items-center gap-2"[39m
            [36m>[39m
              [36m<span[39m
                [33mdata-testid[39m=[32m"calendar-icon"[39m
                [33mstyle[39m=[32m"font-size: 20px;"[39m
              [36m>[39m
                [0m📅[0m
              [36m</span>[39m
              [0mDate Range (for transactions)[0m
            [36m</h3>[39m
            [36m<div[39m
              [33mclass[39m=[32m"grid grid-cols-2 gap-4"[39m
            [36m>[39m
              [36m<div>[39m
                [36m<label[39m
                  [33mclass[39m=[32m"block text-sm font-medium mb-1"[39m
                [36m>[39m
                  [0mStart Date[0m
                [36m</label>[39m
                [36m<input[39m
                  [33mclass[39m=[32m"w-full px-3 py-2 border border-gray-300 dark:border-gray-600 rounded-lg
                           bg-white dark:bg-gray-800"[39m
                  [33mtype[39m=[32m"date"[39m
                  [33mvalue[39m=[32m"2025-01-01"[39m
                [36m/>[39m
              [36m</div>[39m
              [36m<div>[39m
                [36m<label[39m
                  [33mclass[39m=[32m"block text-sm font-medium mb-1"[39m
                [36m>[39m
                  [0mEnd Date[0m
                [36m</label>[39m
                [36m<input[39m
                  [33mclass[39m=[32m"w-full px-3 py-2 border border-gray-300 dark:border-gray-600 rounded-lg
                           bg-white dark:bg-gray-800"[39m
                  [33mtype[39m=[32m"date"[39m
                  [33mvalue[39m=[32m"2025-01-20"[39m
                [36m/>[39m
              [36m</div>[39m
            [36m</div>[39m
          [36m</div>[39m
          [36m<div>[39m
            [36m<h3[39m
              [33mclass[39m=[32m"text-lg font-medium mb-3 flex items-center gap-2"[39m
            [36m>[39m
              [36m<span[39m
                [33mdata-testid[39m=[32m"settings-icon"[39m
                [33mstyle[39m=[32m"font-size: 20px;"[39m
              [36m>[39m
                [0m⚙️[0m
              [36m</span>[39m
              [0mTransaction Grouping[0m
            [36m</h3>[39m
            [36m<select[39m
              [33mclass[39m=[32m"w-full px-3 py-2 border border-gray-300 dark:border-gray-600 rounded-lg
                       bg-white dark:bg-gray-800"[39m
            [36m>[39m
              [36m<option[39m
                [33mvalue[39m=[32m"none"[39m
              [36m>[39m
                [0mNo Grouping[0m
              [36m</option>[39m
              [36m<option[39m
                [33mvalue[39m=[32m"month"[39m
              [36m>[39m
                [0mGroup by Month[0m
              [36m</option>[39m
              [36m<option[39m
                [33mvalue[39m=[32m"category"[39m
              [36m>[39m
                [0mGroup by Category[0m
              [36m</option>[39m
              [36m<option[39m
                [33mvalue[39m=[32m"account"[39m
              [36m>[39m
                [0mGroup by Account[0m
              [36m</option>[39m
            [36m</select>[39m
          [36m</div>[39m
          [36m<div>[39m
            [36m<h3[39m
              [33mclass[39m=[32m"text-lg font-medium mb-3"[39m
            [36m>[39m
              [0mFormatting Options[0m
            [36m</h3>[39m
            [36m<div[39m
              [33mclass[39m=[32m"space-y-2"[39m
            [36m>[39m
              [36m<label[39m
                [33mclass[39m=[32m"flex items-center gap-2"[39m
              [36m>[39m
                [36m<input[39m
                  [33mchecked[39m=[32m""[39m
                  [33mclass[39m=[32m"rounded"[39m
                  [33mtype[39m=[32m"checkbox"[39m
                [36m/>[39m
                [36m<span[39m
                  [33mclass[39m=[32m"text-sm"[39m
                [36m>[39m
                  [0mHighlight negative values[0m
                [36m</span>[39m
              [36m</label>[39m
              [36m<label[39m
                [33mclass[39m=[32m"flex items-center gap-2"[39m
              [36m>[39m
                [36m<input[39m
                  [33mchecked[39m=[32m""[39m
                  [33mclass[39m=[32m"rounded"[39m
                  [33mtype[39m=[32m"checkbox"[39m
                [36m/>[39m
                [36m<span[39m
                  [33mclass[39m=[32m"text-sm"[39m
                [36m>[39m
                  [0mZebra striping[0m
                [36m</span>[39m
              [36m</label>[39m
              [36m<label[39m
                [33mclass[39m=[32m"flex items-center gap-2"[39m
              [36m>[39m
                [36m<input[39m
                  [33mchecked[39m=[32m""[39m
                  [33mclass[39m=[32m"rounded"[39m
                  [33mtype[39m=[32m"checkbox"[39m
                [36m/>[39m
                [36m<span[39m
                  [33mclass[39m=[32m"text-sm"[39m
                [36m>[39m
                  [0mEnable auto-filters[0m
                [36m</span>[39m
              [36m</label>[39m
            [36m</div>[39m
          [36m</div>[39m
        [36m</div>[39m
        [36m<div[39m
          [33mclass[39m=[32m"flex justify-end gap-3 mt-6 pt-6 border-t border-gray-200 dark:border-gray-700"[39m
        [36m>[39m
          [36m<button[39m
            [33mclass[39m=[32m"px-4 py-2 text-gray-700 dark:text-gray-300 hover:bg-gray-100 
                     dark:hover:bg-gray-700 rounded-lg"[39m
          [36m>[39m
            [0mCancel[0m
          [36m</button>[39m
          [36m<button[39m
            [33mclass[39m=[32m"flex items-center gap-2 px-4 py-2 bg-primary text-white rounded-lg
                     hover:bg-primary-dark disabled:opacity-50 disabled:cursor-not-allowed"[39m
          [36m>[39m
            [36m<span[39m
              [33mdata-testid[39m=[32m"download-icon"[39m
              [33mstyle[39m=[32m"font-size: 20px;"[39m
            [36m>[39m
              [0m⬇[0m
            [36m</span>[39m
            [0mExport to Excel[0m
          [36m</button>[39m
        [36m</div>[39m
      [36m</div>[39m
    [36m</div>[39m
  [36m</div>[39m
[36m</body>[39m
   × ExcelExport > Grouping > can group transactions by month 1018ms
     → expected "spy" to be called at least once

Ignored nodes: comments, script, style
[36m<html>[39m
  [36m<head />[39m
  [36m<body>[39m
    [36m<div>[39m
      [36m<div[39m
        [33maria-labelledby[39m=[32m"modal-title"[39m
        [33mdata-testid[39m=[32m"modal"[39m
        [33mrole[39m=[32m"dialog"[39m
      [36m>[39m
        [36m<div[39m
          [33mid[39m=[32m"modal-title"[39m
        [36m>[39m
          [0mExport to Excel[0m
        [36m</div>[39m
        [36m<button[39m
          [33maria-label[39m=[32m"Close modal"[39m
        [36m>[39m
          [0mClose[0m
        [36m</button>[39m
        [36m<div[39m
          [33mclass[39m=[32m"p-6"[39m
        [36m>[39m
          [36m<div[39m
            [33mclass[39m=[32m"space-y-6"[39m
          [36m>[39m
            [36m<div>[39m
              [36m<h3[39m
                [33mclass[39m=[32m"text-lg font-medium mb-3 flex items-center gap-2"[39m
              [36m>[39m
                [36m<span[39m
                  [33mdata-testid[39m=[32m"filetext-icon"[39m
                  [33mstyle[39m=[32m"font-size: 20px;"[39m
                [36m>[39m
                  [0m📄[0m
                [36m</span>[39m
                [0mSelect Data to Export[0m
              [36m</h3>[39m
              [36m<div[39m
                [33mclass[39m=[32m"space-y-2"[39m
              [36m>[39m
                [36m<label[39m
                  [33mclass[39m=[32m"flex items-center gap-3 p-2 rounded hover:bg-gray-50 
                                          dark:hover:bg-gray-800 cursor-pointer"[39m
                [36m>[39m
                  [36m<input[39m
                    [33mchecked[39m=[32m""[39m
                    [33mclass[39m=[32m"rounded"[39m
                    [33mtype[39m=[32m"checkbox"[39m
                  [36m/>[39m
                  [36m<span[39m
                    [33mclass[39m=[32m"flex items-center gap-2"[39m
                  [36m>[39m
                    [36m<span[39m
                      [33mdata-testid[39m=[32m"arrowrightleft-icon"[39m
                    [36m>[39m
                      [0m↔️[0m
                    [36m</span>[39m
                    [0mTransactions[0m
                  [36m</span>[39m
                [36m</label>[39m
                [36m<label[39m
                  [33mclass[39m=[32m"flex items-center gap-3 p-2 rounded hover:bg-gray-50 
                                          dark:hover:bg-gray-800 cursor-pointer"[39m
                [36m>[39m
                  [36m<input[39m
                    [33mchecked[39m=[32m""[39m
                    [33mclass[39m=[32m"rounded"[39m
                    [33mtype[39m=[32m"checkbox"[39m
                  [36m/>[39m
                  [36m<span[39m
                    [33mclass[39m=[32m"flex items-center gap-2"[39m
                  [36m>[39m
                    [36m<span[39m
                      [33mdata-testid[39m=[32m"wallet-icon"[39m
                    [36m>[39m
                      [0m👛[0m
                    [36m</span>[39m
                    [0mAccounts[0m
                  [36m</span>[39m
                [36m</label>[39m
                [36m<label[39m
                  [33mclass[39m=[32m"flex items-center gap-3 p-2 rounded hover:bg-gray-50 
                                          dark:hover:bg-gray-800 cursor-pointer"[39m
                [36m>[39m
                  [36m<input[39m
                    [33mchecked[39m=[32m""[39m
                    [33mclass[39m=[32m"rounded"[39m
                    [33mtype[39m=[32m"checkbox"[39m
                  [36m/>[39m
                  [36m<span[39m
                    [33mclass[39m=[32m"flex items-center gap-2"[39m
                  [36m>[39m
                    [36m<span[39m
                      [33mdata-testid[39m=[32m"piechart-icon"[39m
                    [36m>[39m
                      [0m📊[0m
                    [36m</span>[39m
                    [0mBudgets[0m
                  [36m</span>[39m
                [36m</label>[39m
                [36m<label[39m
                  [33mclass[39m=[32m"flex items-center gap-3 p-2 rounded hover:bg-gray-50 
                                          dark:hover:bg-gray-800 cursor-pointer"[39m
                [36m>[39m
                  [36m<input[39m
                    [33mchecked[39m=[32m""[39m
                    [33mclass[39m=[32m"rounded"[39m
                    [33mtype[39m=[32m"checkbox"[39m
                  [36m/>[39m
                  [36m<span[39m
                    [33mclass[39m=[32m"flex items-center gap-2"[39m
                  [36m>[39m
                    [36m<span[39m
                      [33mdata-testid[39m=[32m"tag-icon"[39m
                    [36m>[39m
                      [0m🏷️[0m
                    [36m</span>[39m
                    [0mCategories[0m
                  [36m</span>[39m
                [36m</label>[39m
                [36m<label[39m
                  [33mclass[39m=[32m"flex items-center gap-3 p-2 rounded hover:bg-gray-50 
                                          dark:hover:bg-gray-800 cursor-pointer"[39m
                [36m>[39m
                  [36m<input[39m
                    [33mchecked[39m=[32m""[39m
                    [33mclass[39m=[32m"rounded"[39m
                    [33mtype[39m=[32m"checkbox"[39m
                  [36m/>[39m
                  [36m<span[39m
                    [33mclass[39m=[32m"flex items-center gap-2"[39m
                  [36m>[39m
                    [36m<span[39m
                      [33mdata-testid[39m=[32m"barchart3-icon"[39m
                    [36m>[39m
                      [0m📊[0m
                    [36m</span>[39m
                    [0mSummary Report[0m
                  [36m</span>[39m
                [36m</label>[39m
              [36m</div>[39m
            [36m</div>[39m
            [36m<div>[39m
              [36m<h3[39m
                [33mclass[39m=[32m"text-lg font-medium mb-3 flex items-center gap-2"[39m
              [36m>[39m
                [36m<span[39m
                  [33mdata-testid[39m=[32m"calendar-icon"[39m
                  [33mstyle[39m=[32m"font-size: 20px;"[39m
                [36m>[39m
                  [0m📅[0m
                [36m</span>[39m
                [0mDate Range (for transactions)[0m
              [36m</h3>[39m
              [36m<div[39m
                [33mclass[39m=[32m"grid grid-cols-2 gap-4"[39m
              [36m>[39m
                [36m<div>[39m
                  [36m<label[39m
                    [33mclass[39m=[32m"block text-sm font-medium mb-1"[39m
                  [36m>[39m
                    [0mStart Date[0m
                  [36m</label>[39m
                  [36m<input[39m
                    [33mclass[39m=[32m"w-full px-3 py-2 border border-gray-300 dark:border-gray-600 rounded-lg
                           bg-white dark:bg-gray-800"[39m
                    [33mtype[39m=[32m"date"[39m
                    [33mvalue[39m=[32m"2025-01-01"[39m
                  [36m/>[39m
                [36m</div>[39m
                [36m<div>[39m
                  [36m<label[39m
                    [33mclass[39m=[32m"block text-sm font-medium mb-1"[39m
                  [36m>[39m
                    [0mEnd Date[0m
                  [36m</label>[39m
                  [36m<input[39m
                    [33mclass[39m=[32m"w-full px-3 py-2 border border-gray-300 dark:border-gray-600 rounded-lg
                           bg-white dark:bg-gray-800"[39m
                    [33mtype[39m=[32m"date"[39m
                    [33mvalue[39m=[32m"2025-01-20"[39m
                  [36m/>[39m
                [36m</div>[39m
              [36m</div>[39m
            [36m</div>[39m
            [36m<div>[39m
              [36m<h3[39m
                [33mclass[39m=[32m"text-lg font-medium mb-3 flex items-center gap-2"[39m
              [36m>[39m
                [36m<span[39m
                  [33mdata-testid[39m=[32m"settings-icon"[39m
                  [33mstyle[39m=[32m"font-size: 20px;"[39m
                [36m>[39m
                  [0m⚙️[0m
                [36m</span>[39m
                [0mTransaction Grouping[0m
              [36m</h3>[39m
              [36m<select[39m
                [33mclass[39m=[32m"w-full px-3 py-2 border border-gray-300 dark:border-gray-600 rounded-lg
                       bg-white dark:bg-gray-800"[39m
              [36m>[39m
                [36m<option[39m
                  [33mvalue[39m=[32m"none"[39m
                [36m>[39m
                  [0mNo Grouping[0m
                [36m</option>[39m
                [36m<option[39m
                  [33mvalue[39m=[32m"month"[39m
                [36m>[39m
                  [0mGroup by Month[0m
                [36m</option>[39m
                [36m<option[39m
                  [33mvalue[39m=[32m"category"[39m
                [36m>[39m
                  [0mGroup by Category[0m
                [36m</option>[39m
                [36m<option[39m
                  [33mvalue[39m=[32m"account"[39m
                [36m>[39m
                  [0mGroup by Account[0m
                [36m</option>[39m
              [36m</select>[39m
            [36m</div>[39m
            [36m<div>[39m
              [36m<h3[39m
                [33mclass[39m=[32m"text-lg font-medium mb-3"[39m
              [36m>[39m
                [0mFormatting Options[0m
              [36m</h3>[39m
              [36m<div[39m
                [33mclass[39m=[32m"space-y-2"[39m
              [36m>[39m
                [36m<label[39m
                  [33mclass[39m=[32m"flex items-center gap-2"[39m
                [36m>[39m
                  [36m<input[39m
                    [33mchecked[39m=[32m""[39m
                    [33mclass[39m=[32m"rounded"[39m
                    [33mtype[39m=[32m"checkbox"[39m
                  [36m/>[39m
                  [36m<span[39m
                    [33mclass[39m=[32m"text-sm"[39m
                  [36m>[39m
                    [0mHighlight negative values[0m
                  [36m</span>[39m
                [36m</label>[39m
                [36m<label[39m
                  [33mclass[39m=[32m"flex items-center gap-2"[39m
                [36m>[39m
                  [36m<input[39m
                    [33mchecked[39m=[32m""[39m
                    [33mclass[39m=[32m"rounded"[39m
                    [33mtype[39m=[32m"checkbox"[39m
                  [36m/>[39m
                  [36m<span[39m
                    [33mclass[39m=[32m"text-sm"[39m
                  [36m>[39m
                    [0mZebra striping[0m
                  [36m</span>[39m
                [36m</label>[39m
                [36m<label[39m
                  [33mclass[39m=[32m"flex items-center gap-2"[39m
                [36m>[39m
                  [36m<input[39m
                    [33mchecked[39m=[32m""[39m
                    [33mclass[39m=[32m"rounded"[39m
                    [33mtype[39m=[32m"checkbox"[39m
                  [36m/>[39m
                  [36m<span[39m
                    [33mclass[39m=[32m"text-sm"[39m
                  [36m>[39m
                    [0mEnable auto-filters[0m
                  [36m</span>[39m
                [36m</label>[39m
              [36m</div>[39m
            [36m</div>[39m
          [36m</div>[39m
          [36m<div[39m
            [33mclass[39m=[32m"flex justify-end gap-3 mt-6 pt-6 border-t border-gray-200 dark:border-gray-700"[39m
          [36m>[39m
            [36m<button[39m
              [33mclass[39m=[32m"px-4 py-2 text-gray-700 dark:text-gray-300 hover:bg-gray-100 
                     dark:hover:bg-gray-700 rounded-lg"[39m
            [36m>[39m
              [0mCancel[0m
            [36m</button>[39m
            [36m<button[39m
              [33mclass[39m=[32m"flex items-center gap-2 px-4 py-2 bg-primary text-white rounded-lg
                     hover:bg-primary-dark disabled:opacity-50 disabled:cursor-not-allowed"[39m
            [36m>[39m
              [36m<span[39m
                [33mdata-testid[39m=[32m"download-icon"[39m
                [33mstyle[39m=[32m"font-size: 20px;"[39m
              [36m>[39m
                [0m⬇[0m
              [36m</span>[39m
              [0mExport to Excel[0m
            [36m</button>[39m
          [36m</div>[39m
        [36m</div>[39m
      [36m</div>[39m
    [36m</div>[39m
  [36m</body>[39m
[36m</html>[39m
   ✓ ExcelExport > Accessibility > has accessible modal structure 4ms
   × ExcelExport > Accessibility > has accessible form controls 7ms
     → Found a label with the text of: Start Date, however no form control was found associated to that label. Make sure you're using the "for" attribute or "aria-labelledby" attribute correctly.

Ignored nodes: comments, script, style
[36m<body>[39m
  [36m<div>[39m
    [36m<div[39m
      [33maria-labelledby[39m=[32m"modal-title"[39m
      [33mdata-testid[39m=[32m"modal"[39m
      [33mrole[39m=[32m"dialog"[39m
    [36m>[39m
      [36m<div[39m
        [33mid[39m=[32m"modal-title"[39m
      [36m>[39m
        [0mExport to Excel[0m
      [36m</div>[39m
      [36m<button[39m
        [33maria-label[39m=[32m"Close modal"[39m
      [36m>[39m
        [0mClose[0m
      [36m</button>[39m
      [36m<div[39m
        [33mclass[39m=[32m"p-6"[39m
      [36m>[39m
        [36m<div[39m
          [33mclass[39m=[32m"space-y-6"[39m
        [36m>[39m
          [36m<div>[39m
            [36m<h3[39m
              [33mclass[39m=[32m"text-lg font-medium mb-3 flex items-center gap-2"[39m
            [36m>[39m
              [36m<span[39m
                [33mdata-testid[39m=[32m"filetext-icon"[39m
                [33mstyle[39m=[32m"font-size: 20px;"[39m
              [36m>[39m
                [0m📄[0m
              [36m</span>[39m
              [0mSelect Data to Export[0m
            [36m</h3>[39m
            [36m<div[39m
              [33mclass[39m=[32m"space-y-2"[39m
            [36m>[39m
              [36m<label[39m
                [33mclass[39m=[32m"flex items-center gap-3 p-2 rounded hover:bg-gray-50 
                                          dark:hover:bg-gray-800 cursor-pointer"[39m
              [36m>[39m
                [36m<input[39m
                  [33mchecked[39m=[32m""[39m
                  [33mclass[39m=[32m"rounded"[39m
                  [33mtype[39m=[32m"checkbox"[39m
                [36m/>[39m
                [36m<span[39m
                  [33mclass[39m=[32m"flex items-center gap-2"[39m
                [36m>[39m
                  [36m<span[39m
                    [33mdata-testid[39m=[32m"arrowrightleft-icon"[39m
                  [36m>[39m
                    [0m↔️[0m
                  [36m</span>[39m
                  [0mTransactions[0m
                [36m</span>[39m
              [36m</label>[39m
              [36m<label[39m
                [33mclass[39m=[32m"flex items-center gap-3 p-2 rounded hover:bg-gray-50 
                                          dark:hover:bg-gray-800 cursor-pointer"[39m
              [36m>[39m
                [36m<input[39m
                  [33mchecked[39m=[32m""[39m
                  [33mclass[39m=[32m"rounded"[39m
                  [33mtype[39m=[32m"checkbox"[39m
                [36m/>[39m
                [36m<span[39m
                  [33mclass[39m=[32m"flex items-center gap-2"[39m
                [36m>[39m
                  [36m<span[39m
                    [33mdata-testid[39m=[32m"wallet-icon"[39m
                  [36m>[39m
                    [0m👛[0m
                  [36m</span>[39m
                  [0mAccounts[0m
                [36m</span>[39m
              [36m</label>[39m
              [36m<label[39m
                [33mclass[39m=[32m"flex items-center gap-3 p-2 rounded hover:bg-gray-50 
                                          dark:hover:bg-gray-800 cursor-pointer"[39m
              [36m>[39m
                [36m<input[39m
                  [33mchecked[39m=[32m""[39m
                  [33mclass[39m=[32m"rounded"[39m
                  [33mtype[39m=[32m"checkbox"[39m
                [36m/>[39m
                [36m<span[39m
                  [33mclass[39m=[32m"flex items-center gap-2"[39m
                [36m>[39m
                  [36m<span[39m
                    [33mdata-testid[39m=[32m"piechart-icon"[39m
                  [36m>[39m
                    [0m📊[0m
                  [36m</span>[39m
                  [0mBudgets[0m
                [36m</span>[39m
              [36m</label>[39m
              [36m<label[39m
                [33mclass[39m=[32m"flex items-center gap-3 p-2 rounded hover:bg-gray-50 
                                          dark:hover:bg-gray-800 cursor-pointer"[39m
              [36m>[39m
                [36m<input[39m
                  [33mchecked[39m=[32m""[39m
                  [33mclass[39m=[32m"rounded"[39m
                  [33mtype[39m=[32m"checkbox"[39m
                [36m/>[39m
                [36m<span[39m
                  [33mclass[39m=[32m"flex items-center gap-2"[39m
                [36m>[39m
                  [36m<span[39m
                    [33mdata-testid[39m=[32m"tag-icon"[39m
                  [36m>[39m
                    [0m🏷️[0m
                  [36m</span>[39m
                  [0mCategories[0m
                [36m</span>[39m
              [36m</label>[39m
              [36m<label[39m
                [33mclass[39m=[32m"flex items-center gap-3 p-2 rounded hover:bg-gray-50 
                                          dark:hover:bg-gray-800 cursor-pointer"[39m
              [36m>[39m
                [36m<input[39m
                  [33mchecked[39m=[32m""[39m
                  [33mclass[39m=[32m"rounded"[39m
                  [33mtype[39m=[32m"checkbox"[39m
                [36m/>[39m
                [36m<span[39m
                  [33mclass[39m=[32m"flex items-center gap-2"[39m
                [36m>[39m
                  [36m<span[39m
                    [33mdata-testid[39m=[32m"barchart3-icon"[39m
                  [36m>[39m
                    [0m📊[0m
                  [36m</span>[39m
                  [0mSummary Report[0m
                [36m</span>[39m
              [36m</label>[39m
            [36m</div>[39m
          [36m</div>[39m
          [36m<div>[39m
            [36m<h3[39m
              [33mclass[39m=[32m"text-lg font-medium mb-3 flex items-center gap-2"[39m
            [36m>[39m
              [36m<span[39m
                [33mdata-testid[39m=[32m"calendar-icon"[39m
                [33mstyle[39m=[32m"font-size: 20px;"[39m
              [36m>[39m
                [0m📅[0m
              [36m</span>[39m
              [0mDate Range (for transactions)[0m
            [36m</h3>[39m
            [36m<div[39m
              [33mclass[39m=[32m"grid grid-cols-2 gap-4"[39m
            [36m>[39m
              [36m<div>[39m
                [36m<label[39m
                  [33mclass[39m=[32m"block text-sm font-medium mb-1"[39m
                [36m>[39m
                  [0mStart Date[0m
                [36m</label>[39m
                [36m<input[39m
                  [33mclass[39m=[32m"w-full px-3 py-2 border border-gray-300 dark:border-gray-600 rounded-lg
                           bg-white dark:bg-gray-800"[39m
                  [33mtype[39m=[32m"date"[39m
                  [33mvalue[39m=[32m"2025-01-01"[39m
                [36m/>[39m
              [36m</div>[39m
              [36m<div>[39m
                [36m<label[39m
                  [33mclass[39m=[32m"block text-sm font-medium mb-1"[39m
                [36m>[39m
                  [0mEnd Date[0m
                [36m</label>[39m
                [36m<input[39m
                  [33mclass[39m=[32m"w-full px-3 py-2 border border-gray-300 dark:border-gray-600 rounded-lg
                           bg-white dark:bg-gray-800"[39m
                  [33mtype[39m=[32m"date"[39m
                  [33mvalue[39m=[32m"2025-01-20"[39m
                [36m/>[39m
              [36m</div>[39m
            [36m</div>[39m
          [36m</div>[39m
          [36m<div>[39m
            [36m<h3[39m
              [33mclass[39m=[32m"text-lg font-medium mb-3 flex items-center gap-2"[39m
            [36m>[39m
              [36m<span[39m
                [33mdata-testid[39m=[32m"settings-icon"[39m
                [33mstyle[39m=[32m"font-size: 20px;"[39m
              [36m>[39m
                [0m⚙️[0m
              [36m</span>[39m
              [0mTransaction Grouping[0m
            [36m</h3>[39m
            [36m<select[39m
              [33mclass[39m=[32m"w-full px-3 py-2 border border-gray-300 dark:border-gray-600 rounded-lg
                       bg-white dark:bg-gray-800"[39m
            [36m>[39m
              [36m<option[39m
                [33mvalue[39m=[32m"none"[39m
              [36m>[39m
                [0mNo Grouping[0m
              [36m</option>[39m
              [36m<option[39m
                [33mvalue[39m=[32m"month"[39m
              [36m>[39m
                [0mGroup by Month[0m
              [36m</option>[39m
              [36m<option[39m
                [33mvalue[39m=[32m"category"[39m
              [36m>[39m
                [0mGroup by Category[0m
              [36m</option>[39m
              [36m<option[39m
                [33mvalue[39m=[32m"account"[39m
              [36m>[39m
                [0mGroup by Account[0m
              [36m</option>[39m
            [36m</select>[39m
          [36m</div>[39m
          [36m<div>[39m
            [36m<h3[39m
              [33mclass[39m=[32m"text-lg font-medium mb-3"[39m
            [36m>[39m
              [0mFormatting Options[0m
            [36m</h3>[39m
            [36m<div[39m
              [33mclass[39m=[32m"space-y-2"[39m
            [36m>[39m
              [36m<label[39m
                [33mclass[39m=[32m"flex items-center gap-2"[39m
              [36m>[39m
                [36m<input[39m
                  [33mchecked[39m=[32m""[39m
                  [33mclass[39m=[32m"rounded"[39m
                  [33mtype[39m=[32m"checkbox"[39m
                [36m/>[39m
                [36m<span[39m
                  [33mclass[39m=[32m"text-sm"[39m
                [36m>[39m
                  [0mHighlight negative values[0m
                [36m</span>[39m
              [36m</label>[39m
              [36m<label[39m
                [33mclass[39m=[32m"flex items-center gap-2"[39m
              [36m>[39m
                [36m<input[39m
                  [33mchecked[39m=[32m""[39m
                  [33mclass[39m=[32m"rounded"[39m
                  [33mtype[39m=[32m"checkbox"[39m
                [36m/>[39m
                [36m<span[39m
                  [33mclass[39m=[32m"text-sm"[39m
                [36m>[39m
                  [0mZebra striping[0m
                [36m</span>[39m
              [36m</label>[39m
              [36m<label[39m
                [33mclass[39m=[32m"flex items-center gap-2"[39m
              [36m>[39m
                [36m<input[39m
                  [33mchecked[39m=[32m""[39m
                  [33mclass[39m=[32m"rounded"[39m
                  [33mtype[39m=[32m"checkbox"[39m
                [36m/>[39m
                [36m<span[39m
                  [33mclass[39m=[32m"text-sm"[39m
                [36m>[39m
                  [0mEnable auto-filters[0m
                [36m</span>[39m
              [36m</label>[39m
            [36m</div>[39m
          [36m</div>[39m
        [36m</div>[39m
        [36m<div[39m
          [33mclass[39m=[32m"flex justify-end gap-3 mt-6 pt-6 border-t border-gray-200 dark:border-gray-700"[39m
        [36m>[39m
          [36m<button[39m
            [33mclass[39m=[32m"px-4 py-2 text-gray-700 dark:text-gray-300 hover:bg-gray-100 
                     dark:hover:bg-gray-700 rounded-lg"[39m
          [36m>[39m
            [0mCancel[0m
          [36m</button>[39m
          [36m<button[39m
            [33mclass[39m=[32m"flex items-center gap-2 px-4 py-2 bg-primary text-white rounded-lg
                     hover:bg-primary-dark disabled:opacity-50 disabled:cursor-not-allowed"[39m
          [36m>[39m
            [36m<span[39m
              [33mdata-testid[39m=[32m"download-icon"[39m
              [33mstyle[39m=[32m"font-size: 20px;"[39m
            [36m>[39m
              [0m⬇[0m
            [36m</span>[39m
            [0mExport to Excel[0m
          [36m</button>[39m
        [36m</div>[39m
      [36m</div>[39m
    [36m</div>[39m
  [36m</div>[39m
[36m</body>[39m
   ✓ ExcelExport > Accessibility > has accessible buttons 6ms
 ✓ src/components/__tests__/BudgetRollover.test.tsx (21 tests) 943ms
 ❯ src/components/__tests__/BulkTransactionEdit.test.tsx (20 tests | 20 failed) 81ms
   × BulkTransactionEdit > rendering > renders correctly when open 27ms
     → [vitest] No "UndoIcon" export is defined on the "../icons" mock. Did you forget to return it from "vi.mock"?
If you need to partially mock a module, you can use "importOriginal" helper inside:

   × BulkTransactionEdit > rendering > does not render when closed 5ms
     → [vitest] No "UndoIcon" export is defined on the "../icons" mock. Did you forget to return it from "vi.mock"?
If you need to partially mock a module, you can use "importOriginal" helper inside:

   × BulkTransactionEdit > rendering > shows transaction list 5ms
     → [vitest] No "UndoIcon" export is defined on the "../icons" mock. Did you forget to return it from "vi.mock"?
If you need to partially mock a module, you can use "importOriginal" helper inside:

   × BulkTransactionEdit > rendering > renders with pre-selected transactions 4ms
     → [vitest] No "UndoIcon" export is defined on the "../icons" mock. Did you forget to return it from "vi.mock"?
If you need to partially mock a module, you can use "importOriginal" helper inside:

   × BulkTransactionEdit > rendering > shows empty state when no transactions selected 4ms
     → [vitest] No "UndoIcon" export is defined on the "../icons" mock. Did you forget to return it from "vi.mock"?
If you need to partially mock a module, you can use "importOriginal" helper inside:

   × BulkTransactionEdit > transaction selection > handles individual transaction selection 5ms
     → [vitest] No "UndoIcon" export is defined on the "../icons" mock. Did you forget to return it from "vi.mock"?
If you need to partially mock a module, you can use "importOriginal" helper inside:

   × BulkTransactionEdit > transaction selection > handles select all 3ms
     → [vitest] No "UndoIcon" export is defined on the "../icons" mock. Did you forget to return it from "vi.mock"?
If you need to partially mock a module, you can use "importOriginal" helper inside:

   × BulkTransactionEdit > transaction selection > handles clear selection 2ms
     → [vitest] No "UndoIcon" export is defined on the "../icons" mock. Did you forget to return it from "vi.mock"?
If you need to partially mock a module, you can use "importOriginal" helper inside:

   × BulkTransactionEdit > transaction selection > updates selection count 3ms
     → [vitest] No "UndoIcon" export is defined on the "../icons" mock. Did you forget to return it from "vi.mock"?
If you need to partially mock a module, you can use "importOriginal" helper inside:

   × BulkTransactionEdit > filters > toggles filter panel 2ms
     → [vitest] No "UndoIcon" export is defined on the "../icons" mock. Did you forget to return it from "vi.mock"?
If you need to partially mock a module, you can use "importOriginal" helper inside:

   × BulkTransactionEdit > filters > filters by search term 2ms
     → [vitest] No "UndoIcon" export is defined on the "../icons" mock. Did you forget to return it from "vi.mock"?
If you need to partially mock a module, you can use "importOriginal" helper inside:

   × BulkTransactionEdit > filters > filters by transaction type 2ms
     → [vitest] No "UndoIcon" export is defined on the "../icons" mock. Did you forget to return it from "vi.mock"?
If you need to partially mock a module, you can use "importOriginal" helper inside:

   × BulkTransactionEdit > bulk editing > enables apply button when changes made 2ms
     → [vitest] No "UndoIcon" export is defined on the "../icons" mock. Did you forget to return it from "vi.mock"?
If you need to partially mock a module, you can use "importOriginal" helper inside:

   × BulkTransactionEdit > bulk editing > updates category for selected transactions 1ms
     → [vitest] No "UndoIcon" export is defined on the "../icons" mock. Did you forget to return it from "vi.mock"?
If you need to partially mock a module, you can use "importOriginal" helper inside:

   × BulkTransactionEdit > bulk editing > updates tags for selected transactions 2ms
     → [vitest] No "UndoIcon" export is defined on the "../icons" mock. Did you forget to return it from "vi.mock"?
If you need to partially mock a module, you can use "importOriginal" helper inside:

   × BulkTransactionEdit > bulk editing > shows warning when changes will be applied 5ms
     → [vitest] No "UndoIcon" export is defined on the "../icons" mock. Did you forget to return it from "vi.mock"?
If you need to partially mock a module, you can use "importOriginal" helper inside:

   × BulkTransactionEdit > user interactions > handles close button 3ms
     → [vitest] No "UndoIcon" export is defined on the "../icons" mock. Did you forget to return it from "vi.mock"?
If you need to partially mock a module, you can use "importOriginal" helper inside:

   × BulkTransactionEdit > user interactions > enables apply button when multiple transactions selected 2ms
     → [vitest] No "UndoIcon" export is defined on the "../icons" mock. Did you forget to return it from "vi.mock"?
If you need to partially mock a module, you can use "importOriginal" helper inside:

   × BulkTransactionEdit > edge cases > shows transaction selection info 1ms
     → [vitest] No "UndoIcon" export is defined on the "../icons" mock. Did you forget to return it from "vi.mock"?
If you need to partially mock a module, you can use "importOriginal" helper inside:

   × BulkTransactionEdit > edge cases > preserves existing values when not changed 2ms
     → [vitest] No "UndoIcon" export is defined on the "../icons" mock. Did you forget to return it from "vi.mock"?
If you need to partially mock a module, you can use "importOriginal" helper inside:

 ❯ src/hooks/useLocalStorage.test.ts (25 tests | 23 failed | 2 skipped) 37ms
   × useLocalStorage > basic functionality > returns initial value when localStorage is empty 17ms
     → Right-hand side of 'instanceof' is not an object
     → Should not already be working.
   × useLocalStorage > basic functionality > returns initial value from function when localStorage is empty 2ms
     → Should not already be working.
     → Should not already be working.
   × useLocalStorage > basic functionality > returns stored value from localStorage 1ms
     → Should not already be working.
     → Should not already be working.
   × useLocalStorage > basic functionality > handles complex objects 1ms
     → Should not already be working.
     → Should not already be working.
   × useLocalStorage > basic functionality > handles arrays 1ms
     → Should not already be working.
     → Should not already be working.
   × useLocalStorage > basic functionality > handles booleans 1ms
     → Should not already be working.
     → Should not already be working.
   × useLocalStorage > basic functionality > handles numbers 4ms
     → Should not already be working.
     → Should not already be working.
   × useLocalStorage > basic functionality > handles null values 1ms
     → Should not already be working.
     → Should not already be working.
   × useLocalStorage > setValue functionality > updates value and localStorage when setting new value 1ms
     → Should not already be working.
     → Should not already be working.
   × useLocalStorage > setValue functionality > updates value using function updater 1ms
     → Should not already be working.
     → Should not already be working.
   × useLocalStorage > setValue functionality > removes item from localStorage when setting undefined 0ms
     → Should not already be working.
     → Should not already be working.
   × useLocalStorage > setValue functionality > dispatches local-storage event when value changes 0ms
     → Should not already be working.
     → Should not already be working.
   × useLocalStorage > error handling > returns initial value when localStorage.getItem throws 1ms
     → Should not already be working.
     → Should not already be working.
   × useLocalStorage > error handling > returns initial value when stored value is invalid JSON 0ms
     → Should not already be working.
     → Should not already be working.
   × useLocalStorage > error handling > handles errors when setting value 0ms
     → Should not already be working.
     → Should not already be working.
   × useLocalStorage > cross-tab synchronization > updates value when storage event occurs for the same key 0ms
     → Should not already be working.
     → Should not already be working.
   × useLocalStorage > cross-tab synchronization > ignores storage events for different keys 0ms
     → Should not already be working.
     → Should not already be working.
   × useLocalStorage > cross-tab synchronization > updates value when local-storage custom event occurs 0ms
     → Should not already be working.
     → Should not already be working.
   × useLocalStorage > event listener cleanup > removes event listeners on unmount 0ms
     → Should not already be working.
     → Should not already be working.
   ↓ useLocalStorage > SSR compatibility > works when window is undefined
   ↓ useLocalStorage > SSR compatibility > works with function initializer when window is undefined
   × useLocalStorage > real-world scenarios > handles user preferences 0ms
     → Should not already be working.
     → Should not already be working.
   × useLocalStorage > real-world scenarios > handles shopping cart persistence 0ms
     → Should not already be working.
     → Should not already be working.
   × useLocalStorage > real-world scenarios > handles form draft autosave 0ms
     → Should not already be working.
     → Should not already be working.
   × useLocalStorage > type safety > maintains type safety with generic types 0ms
     → Should not already be working.
     → Should not already be working.
 ❯ src/test/integration/UserWorkflowIntegration.test.tsx (16 tests | 2 failed | 4 skipped) 2160ms
   ✓ User Workflow Integration Tests > New User Onboarding Workflow > guides new user through initial setup 29ms
   ✓ User Workflow Integration Tests > New User Onboarding Workflow > handles first account creation 45ms
   ✓ User Workflow Integration Tests > New User Onboarding Workflow > persists user data after initial setup 6ms
   ✓ User Workflow Integration Tests > Daily Money Management Workflow > supports adding income transaction 12ms
   ✓ User Workflow Integration Tests > Daily Money Management Workflow > supports adding expense transaction 9ms
   ✓ User Workflow Integration Tests > Budget Management Workflow > supports creating monthly budget 7ms
   × User Workflow Integration Tests > Budget Management Workflow > tracks budget progress throughout month 1009ms
     → Unable to find an element with the text: Food & Dining. This could be because the text is broken up by multiple elements. In this case, you can provide a function for your text matcher to make your matcher more flexible.

Ignored nodes: comments, script, style
[36m<body>[39m
  [36m<div>[39m
    [36m<div>[39m
      [36m<h1>[39m
        [0mBudget[0m
      [36m</h1>[39m
      [36m<button>[39m
        [0mAdd Budget[0m
      [36m</button>[39m
      [36m<div>[39m
        [36m<div />[39m
        [36m<div>[39m
          [0m0[0m
          [0m%[0m
        [36m</div>[39m
      [36m</div>[39m
      [36m<div>[39m
        [36m<div />[39m
        [36m<div>[39m
          [0m0[0m
          [0m%[0m
        [36m</div>[39m
      [36m</div>[39m
    [36m</div>[39m
  [36m</div>[39m
[36m</body>[39m

Ignored nodes: comments, script, style
[36m<html[39m
  [33mclass[39m=[32m"theme-blue"[39m
[36m>[39m
  [36m<head />[39m
  [36m<body>[39m
    [36m<div>[39m
      [36m<div>[39m
        [36m<h1>[39m
          [0mBudget[0m
        [36m</h1>[39m
        [36m<button>[39m
          [0mAdd Budget[0m
        [36m</button>[39m
        [36m<div>[39m
          [36m<div />[39m
          [36m<div>[39m
            [0m0[0m
            [0m%[0m
          [36m</div>[39m
        [36m</div>[39m
        [36m<div>[39m
          [36m<div />[39m
          [36m<div>[39m
            [0m0[0m
            [0m%[0m
          [36m</div>[39m
        [36m</div>[39m
      [36m</div>[39m
    [36m</div>[39m
  [36m</body>[39m
[36m</html>[39m
   × User Workflow Integration Tests > Budget Management Workflow > alerts when budget is exceeded 1004ms
     → Unable to find an element with the text: Food & Dining. This could be because the text is broken up by multiple elements. In this case, you can provide a function for your text matcher to make your matcher more flexible.

Ignored nodes: comments, script, style
[36m<body>[39m
  [36m<div>[39m
    [36m<div>[39m
      [36m<h1>[39m
        [0mBudget[0m
      [36m</h1>[39m
      [36m<button>[39m
        [0mAdd Budget[0m
      [36m</button>[39m
      [36m<div>[39m
        [36m<div />[39m
        [36m<div>[39m
          [0m0[0m
          [0m%[0m
        [36m</div>[39m
      [36m</div>[39m
      [36m<div>[39m
        [36m<div />[39m
        [36m<div>[39m
          [0m0[0m
          [0m%[0m
        [36m</div>[39m
      [36m</div>[39m
    [36m</div>[39m
  [36m</div>[39m
[36m</body>[39m

Ignored nodes: comments, script, style
[36m<html[39m
  [33mclass[39m=[32m"theme-blue"[39m
[36m>[39m
  [36m<head />[39m
  [36m<body>[39m
    [36m<div>[39m
      [36m<div>[39m
        [36m<h1>[39m
          [0mBudget[0m
        [36m</h1>[39m
        [36m<button>[39m
          [0mAdd Budget[0m
        [36m</button>[39m
        [36m<div>[39m
          [36m<div />[39m
          [36m<div>[39m
            [0m0[0m
            [0m%[0m
          [36m</div>[39m
        [36m</div>[39m
        [36m<div>[39m
          [36m<div />[39m
          [36m<div>[39m
            [0m0[0m
            [0m%[0m
          [36m</div>[39m
        [36m</div>[39m
      [36m</div>[39m
    [36m</div>[39m
  [36m</body>[39m
[36m</html>[39m
   ✓ User Workflow Integration Tests > Goal Tracking Workflow > supports setting financial goals 9ms
   ✓ User Workflow Integration Tests > Goal Tracking Workflow > tracks progress toward goals 4ms
   ✓ User Workflow Integration Tests > Financial Reporting Workflow > generates monthly financial summary 20ms
   ✓ User Workflow Integration Tests > Financial Reporting Workflow > shows spending breakdown by category 5ms
   ↓ User Workflow Integration Tests > Investment Tracking Workflow
   ↓ User Workflow Integration Tests > Multi-Account Management Workflow
   ↓ User Workflow Integration Tests > Data Export and Backup Workflow
   ↓ User Workflow Integration Tests > Performance with Real Usage Patterns
 ✓ src/components/widgets/FinancialPlanningWidget.test.tsx (21 tests) 221ms
 ❯ src/services/qifImportService.test.ts (25 tests | 1 failed) 17ms
   ✓ QIFImportService > parseQIF > parses valid QIF content 2ms
   ✓ QIFImportService > parseQIF > parses transactions correctly 1ms
   ✓ QIFImportService > parseQIF > handles different date formats 0ms
   ✓ QIFImportService > parseQIF > handles different amount formats 0ms
   ✓ QIFImportService > parseQIF > handles investment account type 0ms
   ✓ QIFImportService > parseQIF > handles transactions without optional fields 0ms
   ✓ QIFImportService > parseQIF > handles categories with brackets 0ms
   ✓ QIFImportService > parseQIF > handles empty content 0ms
   ✓ QIFImportService > parseQIF > handles content without type declaration 0ms
   × QIFImportService > importTransactions > imports transactions successfully 9ms
     → expected { Object (date, description, ...) } to match object { date: '2024-01-15', …(6) }
(2 matching properties omitted from actual)
   ✓ QIFImportService > importTransactions > detects and skips duplicate transactions 0ms
   ✓ QIFImportService > importTransactions > auto-categorizes transactions when enabled 1ms
   ✓ QIFImportService > importTransactions > preserves existing categories when auto-categorize is enabled 0ms
   ✓ QIFImportService > importTransactions > handles transactions with only payee 0ms
   ✓ QIFImportService > importTransactions > handles transactions with only memo 0ms
   ✓ QIFImportService > importTransactions > handles transactions with neither payee nor memo 0ms
   ✓ QIFImportService > importTransactions > handles same payee and memo 0ms
   ✓ QIFImportService > importTransactions > correctly determines transaction type from amount 0ms
   ✓ QIFImportService > importTransactions > handles year boundary correctly for 2-digit years 0ms
   ✓ QIFImportService > edge cases > handles malformed transactions 0ms
   ✓ QIFImportService > edge cases > handles special characters in text fields 0ms
   ✓ QIFImportService > edge cases > handles very large amounts 0ms
   ✓ QIFImportService > edge cases > handles Windows line endings 0ms
   ✓ QIFImportService > edge cases > handles multiple cleared status indicators 0ms
   ✓ QIFImportService > edge cases > handles missing transaction end marker 0ms
 ✓ src/components/widgets/ExpenseBreakdownWidget.test.tsx (21 tests) 116ms
 ✓ src/components/__tests__/DuplicateDetection.test.tsx (20 tests) 453ms
 ✓ src/services/portfolioCalculationService.test.ts (19 tests) 10ms
 ✓ src/utils/__tests__/backupRestore.test.ts (27 tests) 13ms
 ✓ src/components/CashFlowForecast.test.tsx (27 tests) 201ms
 ❯ src/components/AccountSelectionModal.test.tsx (36 tests | 36 failed) 79ms
   × AccountSelectionModal > Rendering > renders nothing when closed 22ms
     → usePreferences must be used within PreferencesProvider
   × AccountSelectionModal > Rendering > renders modal when open 3ms
     → usePreferences must be used within PreferencesProvider
   × AccountSelectionModal > Rendering > displays account count information 2ms
     → usePreferences must be used within PreferencesProvider
   × AccountSelectionModal > Rendering > displays primary account information 2ms
     → usePreferences must be used within PreferencesProvider
   × AccountSelectionModal > Rendering > displays all accounts 5ms
     → usePreferences must be used within PreferencesProvider
   × AccountSelectionModal > Rendering > shows primary badge for primary account 2ms
     → usePreferences must be used within PreferencesProvider
   × AccountSelectionModal > Rendering > displays account details 1ms
     → usePreferences must be used within PreferencesProvider
   × AccountSelectionModal > Rendering > handles singular transaction count 3ms
     → usePreferences must be used within PreferencesProvider
   × AccountSelectionModal > Rendering > does not show balance when zero 3ms
     → usePreferences must be used within PreferencesProvider
   × AccountSelectionModal > Rendering > does not show transaction count when zero 1ms
     → usePreferences must be used within PreferencesProvider
   × AccountSelectionModal > Import Mode > defaults to single mode 1ms
     → usePreferences must be used within PreferencesProvider
   × AccountSelectionModal > Import Mode > can switch to multiple mode 1ms
     → usePreferences must be used within PreferencesProvider
   × AccountSelectionModal > Import Mode > shows info message in multiple mode 1ms
     → usePreferences must be used within PreferencesProvider
   × AccountSelectionModal > Import Mode > hides info message in single mode 1ms
     → usePreferences must be used within PreferencesProvider
   × AccountSelectionModal > Import Mode > shows radio buttons in single mode 1ms
     → usePreferences must be used within PreferencesProvider
   × AccountSelectionModal > Import Mode > shows checkboxes in multiple mode 1ms
     → usePreferences must be used within PreferencesProvider
   × AccountSelectionModal > Account Selection > pre-selects primary account in single mode 1ms
     → usePreferences must be used within PreferencesProvider
   × AccountSelectionModal > Account Selection > allows selecting different account in single mode 1ms
     → usePreferences must be used within PreferencesProvider
   × AccountSelectionModal > Account Selection > only allows one selection in single mode 2ms
     → usePreferences must be used within PreferencesProvider
   × AccountSelectionModal > Account Selection > allows multiple selections in multiple mode 1ms
     → usePreferences must be used within PreferencesProvider
   × AccountSelectionModal > Account Selection > can deselect accounts in multiple mode 4ms
     → usePreferences must be used within PreferencesProvider
   × AccountSelectionModal > Account Selection > keeps primary account when switching from multiple to single 1ms
     → usePreferences must be used within PreferencesProvider
   × AccountSelectionModal > Account Selection > selects first account if no primary when switching to single 1ms
     → usePreferences must be used within PreferencesProvider
   × AccountSelectionModal > Confirm Button > updates button text based on selection count 1ms
     → usePreferences must be used within PreferencesProvider
   × AccountSelectionModal > Confirm Button > disables confirm button when no selection 1ms
     → usePreferences must be used within PreferencesProvider
   × AccountSelectionModal > Confirm Button > enables confirm button when selection exists 1ms
     → usePreferences must be used within PreferencesProvider
   × AccountSelectionModal > Actions > calls onConfirm with selected accounts 1ms
     → usePreferences must be used within PreferencesProvider
   × AccountSelectionModal > Actions > calls onConfirm with multiple accounts 1ms
     → usePreferences must be used within PreferencesProvider
   × AccountSelectionModal > Actions > calls onCancel when cancel clicked 1ms
     → usePreferences must be used within PreferencesProvider
   × AccountSelectionModal > Edge Cases > handles empty accounts array 1ms
     → usePreferences must be used within PreferencesProvider
   × AccountSelectionModal > Edge Cases > handles accounts without primary 1ms
     → usePreferences must be used within PreferencesProvider
   × AccountSelectionModal > Edge Cases > handles negative balances correctly 1ms
     → usePreferences must be used within PreferencesProvider
   × AccountSelectionModal > Edge Cases > handles missing transaction count 1ms
     → usePreferences must be used within PreferencesProvider
   × AccountSelectionModal > Edge Cases > maintains selection when clicking already selected in single mode 1ms
     → usePreferences must be used within PreferencesProvider
   × AccountSelectionModal > Visual States > highlights selected accounts 1ms
     → usePreferences must be used within PreferencesProvider
   × AccountSelectionModal > Visual States > applies hover styles to unselected accounts 4ms
     → usePreferences must be used within PreferencesProvider
 ✓ src/components/widgets/GoalProgressWidget.test.tsx (23 tests) 152ms
 ✓ src/test/integration/CurrencyIntegration.test.tsx (29 tests) 68ms
 ✓ src/components/widgets/DataIntelligenceWidget.test.tsx (29 tests) 196ms
 ❯ src/components/charts/SankeyChart.test.tsx (26 tests | 5 failed) 108ms
   ✓ SankeyChart > Rendering > renders SVG container 22ms
   ✓ SankeyChart > Rendering > renders container with correct classes 3ms
   ✓ SankeyChart > Rendering > renders legend section 5ms
   ✓ SankeyChart > Rendering > renders legend with correct colors 3ms
   × SankeyChart > Data Processing > processes income transactions correctly 21ms
     → Unable to find an element with the text: Salary. This could be because the text is broken up by multiple elements. In this case, you can provide a function for your text matcher to make your matcher more flexible.

Ignored nodes: comments, script, style
[36m<body>[39m
  [36m<div>[39m
    [36m<div[39m
      [33mclass[39m=[32m"h-full min-h-[300px] flex flex-col"[39m
    [36m>[39m
      [36m<div[39m
        [33mclass[39m=[32m"flex-1 overflow-x-auto"[39m
      [36m>[39m
        [36m<svg[39m
          [33mclass[39m=[32m"mx-auto"[39m
          [33mheight[39m=[32m"600"[39m
          [33mwidth[39m=[32m"800"[39m
        [36m>[39m
          [36m<g[39m
            [33mclass[39m=[32m"links"[39m
          [36m>[39m
            [36m<path[39m
              [33mclass[39m=[32m"hover:opacity-50 transition-opacity"[39m
              [33md[39m=[32m"
      M 70 0
      C 193.33333333333334 0, 193.33333333333334 -19.714285714285666, 316.6666666666667 -19.714285714285666
      L 316.6666666666667 460.28571428571433
      C 193.33333333333334 460.28571428571433, 193.33333333333334 480, 70 480
      Z
    "[39m
              [33mfill[39m=[32m"#10B981"[39m
              [33mopacity[39m=[32m"0.3"[39m
            [36m>[39m
              [36m<title>[39m
                [0mOther Income[0m
                [0m → [0m
                [0mAccounts[0m
                [0m: [0m
                [0m$3500.00[0m
              [36m</title>[39m
            [36m</path>[39m
            [36m<path[39m
              [33mclass[39m=[32m"hover:opacity-50 transition-opacity"[39m
              [33md[39m=[32m"
      M 336.6666666666667 141.42857142857147
      C 460 141.42857142857147, 460 201.42857142857147, 583.3333333333334 201.42857142857147
      L 583.3333333333334 359.1428571428572
      C 460 359.1428571428572, 460 299.1428571428572, 336.6666666666667 299.1428571428572
      Z
    "[39m
              [33mfill[39m=[32m"#6366F1"[39m
              [33mopacity[39m=[32m"0.3"[39m
            [36m>[39m
              [36m<title>[39m
                [0mAccounts[0m
                [0m → [0m
                [0mOther Expenses[0m
                [0m: [0m
                [0m$1150.00[0m
              [36m</title>[39m
            [36m</path>[39m
          [36m</g>[39m
          [36m<g[39m
            [33mclass[39m=[32m"nodes"[39m
          [36m>[39m
            [36m<g[39m
              [33mtransform[39m=[32m"translate(316.6666666666667, -98.57142857142856)"[39m
            [36m>[39m
              [36m<rect[39m
                [33mclass[39m=[32m"hover:opacity-80 transition-opacity"[39m
                [33mfill[39m=[32m"#6366F1"[39m
                [33mheight[39m=[32m"637.7142857142858"[39m
                [33mwidth[39m=[32m"20"[39m
              [36m/>[39m
              [36m<text[39m
                [33mclass[39m=[32m"text-sm fill-gray-700 dark:fill-gray-300"[39m
                [33mdominant-baseline[39m=[32m"central"[39m
                [33mtext-anchor[39m=[32m"middle"[39m
                [33mx[39m=[32m"10"[39m
                [33my[39m=[32m"318.8571428571429"[39m
              [36m>[39m
                [0mAccounts[0m
              [36m</text>[39m
            [36m</g>[39m
            [36m<g[39m
              [33mtransform[39m=[32m"translate(50, 0)"[39m
            [36m>[39m
              [36m<rect[39m
                [33mclass[39m=[32m"hover:opacity-80 transition-opacity"[39m
                [33mfill[39m=[32m"#10B981"[39m
                [33mheight[39m=[32m"480"[39m
                [33mwidth[39m=[32m"20"[39m
              [36m/>[39m
              [36m<text[39m
                [33mclass[39m=[32m"text-sm fill-gray-700 dark:fill-gray-300"[39m
                [33mdominant-baseline[39m=[32m"central"[39m
                [33mtext-anchor[39m=[32m"end"[39m
                [33mx[39m=[32m"-5"[39m
                [33my[39m=[32m"240"[39m
              [36m>[39m
                [0mOther Income[0m
              [36m</text>[39m
            [36m</g>[39m
            [36m<g[39m
              [33mtransform[39m=[32m"translate(583.3333333333334, 201.42857142857144)"[39m
            [36m>[39m
              [36m<rect[39m
                [33mclass[39m=[32m"hover:opacity-80 transition-opacity"[39m
                [33mfill[39m=[32m"#EF4444"[39m
                [33mheight[39m=[32m"157.71428571428572"[39m
                [33mwidth[39m=[32m"20"[39m
              [36m/>[39m
              [36m<text[39m
                [33mclass[39m=[32m"text-sm fill-gray-700 dark:fill-gray-300"[39m
                [33mdominant-baseline[39m=[32m"central"[39m
                [33mtext-anchor[39m=[32m"start"[39m
                [33mx[39m=[32m"25"[39m
                [33my[39m=[32m"78.85714285714286"[39m
              [36m>[39m
                [0mOther Expenses[0m
              [36m</text>[39m
            [36m</g>[39m
          [36m</g>[39m
        [36m</svg>[39m
      [36m</div>[39m
      [36m<div[39m
        [33mclass[39m=[32m"flex flex-wrap gap-4 mt-4 justify-center"[39m
      [36m>[39m
        [36m<div[39m
          [33mclass[39m=[32m"flex items-center gap-2"[39m
        [36m>[39m
          [36m<div[39m
            [33mclass[39m=[32m"w-4 h-4 bg-green-500 rounded"[39m
          [36m/>[39m
          [36m<span[39m
            [33mclass[39m=[32m"text-sm text-gray-600 dark:text-gray-400"[39m
          [36m>[39m
            [0mIncome[0m
          [36m</span>[39m
        [36m</div>[39m
        [36m<div[39m
          [33mclass[39m=[32m"flex items-center gap-2"[39m
        [36m>[39m
          [36m<div[39m
            [33mclass[39m=[32m"w-4 h-4 bg-indigo-500 rounded"[39m
          [36m/>[39m
          [36m<span[39m
            [33mclass[39m=[32m"text-sm text-gray-600 dark:text-gray-400"[39m
          [36m>[39m
            [0mAccounts[0m
          [36m</span>[39m
        [36m</div>[39m
        [36m<div[39m
          [33mclass[39m=[32m"flex items-center gap-2"[39m
        [36m>[39m
          [36m<div[39m
            [33mclass[39m=[32m"w-4 h-4 bg-red-500 rounded"[39m
          [36m/>[39m
          [36m<span[39m
            [33mclass[39m=[32m"text-sm text-gray-600 dark:text-gray-400"[39m
          [36m>[39m
            [0mExpenses[0m
          [36m</span>[39m
        [36m</div>[39m
      [36m</div>[39m
    [36m</div>[39m
  [36m</div>[39m
[36m</body>[39m
   × SankeyChart > Data Processing > processes expense transactions correctly 3ms
     → Unable to find an element with the text: Food. This could be because the text is broken up by multiple elements. In this case, you can provide a function for your text matcher to make your matcher more flexible.

Ignored nodes: comments, script, style
[36m<body>[39m
  [36m<div>[39m
    [36m<div[39m
      [33mclass[39m=[32m"h-full min-h-[300px] flex flex-col"[39m
    [36m>[39m
      [36m<div[39m
        [33mclass[39m=[32m"flex-1 overflow-x-auto"[39m
      [36m>[39m
        [36m<svg[39m
          [33mclass[39m=[32m"mx-auto"[39m
          [33mheight[39m=[32m"600"[39m
          [33mwidth[39m=[32m"800"[39m
        [36m>[39m
          [36m<g[39m
            [33mclass[39m=[32m"links"[39m
          [36m>[39m
            [36m<path[39m
              [33mclass[39m=[32m"hover:opacity-50 transition-opacity"[39m
              [33md[39m=[32m"
      M 70 0
      C 193.33333333333334 0, 193.33333333333334 -19.714285714285666, 316.6666666666667 -19.714285714285666
      L 316.6666666666667 460.28571428571433
      C 193.33333333333334 460.28571428571433, 193.33333333333334 480, 70 480
      Z
    "[39m
              [33mfill[39m=[32m"#10B981"[39m
              [33mopacity[39m=[32m"0.3"[39m
            [36m>[39m
              [36m<title>[39m
                [0mOther Income[0m
                [0m → [0m
                [0mAccounts[0m
                [0m: [0m
                [0m$3500.00[0m
              [36m</title>[39m
            [36m</path>[39m
            [36m<path[39m
              [33mclass[39m=[32m"hover:opacity-50 transition-opacity"[39m
              [33md[39m=[32m"
      M 336.6666666666667 141.42857142857147
      C 460 141.42857142857147, 460 201.42857142857147, 583.3333333333334 201.42857142857147
      L 583.3333333333334 359.1428571428572
      C 460 359.1428571428572, 460 299.1428571428572, 336.6666666666667 299.1428571428572
      Z
    "[39m
              [33mfill[39m=[32m"#6366F1"[39m
              [33mopacity[39m=[32m"0.3"[39m
            [36m>[39m
              [36m<title>[39m
                [0mAccounts[0m
                [0m → [0m
                [0mOther Expenses[0m
                [0m: [0m
                [0m$1150.00[0m
              [36m</title>[39m
            [36m</path>[39m
          [36m</g>[39m
          [36m<g[39m
            [33mclass[39m=[32m"nodes"[39m
          [36m>[39m
            [36m<g[39m
              [33mtransform[39m=[32m"translate(316.6666666666667, -98.57142857142856)"[39m
            [36m>[39m
              [36m<rect[39m
                [33mclass[39m=[32m"hover:opacity-80 transition-opacity"[39m
                [33mfill[39m=[32m"#6366F1"[39m
                [33mheight[39m=[32m"637.7142857142858"[39m
                [33mwidth[39m=[32m"20"[39m
              [36m/>[39m
              [36m<text[39m
                [33mclass[39m=[32m"text-sm fill-gray-700 dark:fill-gray-300"[39m
                [33mdominant-baseline[39m=[32m"central"[39m
                [33mtext-anchor[39m=[32m"middle"[39m
                [33mx[39m=[32m"10"[39m
                [33my[39m=[32m"318.8571428571429"[39m
              [36m>[39m
                [0mAccounts[0m
              [36m</text>[39m
            [36m</g>[39m
            [36m<g[39m
              [33mtransform[39m=[32m"translate(50, 0)"[39m
            [36m>[39m
              [36m<rect[39m
                [33mclass[39m=[32m"hover:opacity-80 transition-opacity"[39m
                [33mfill[39m=[32m"#10B981"[39m
                [33mheight[39m=[32m"480"[39m
                [33mwidth[39m=[32m"20"[39m
              [36m/>[39m
              [36m<text[39m
                [33mclass[39m=[32m"text-sm fill-gray-700 dark:fill-gray-300"[39m
                [33mdominant-baseline[39m=[32m"central"[39m
                [33mtext-anchor[39m=[32m"end"[39m
                [33mx[39m=[32m"-5"[39m
                [33my[39m=[32m"240"[39m
              [36m>[39m
                [0mOther Income[0m
              [36m</text>[39m
            [36m</g>[39m
            [36m<g[39m
              [33mtransform[39m=[32m"translate(583.3333333333334, 201.42857142857144)"[39m
            [36m>[39m
              [36m<rect[39m
                [33mclass[39m=[32m"hover:opacity-80 transition-opacity"[39m
                [33mfill[39m=[32m"#EF4444"[39m
                [33mheight[39m=[32m"157.71428571428572"[39m
                [33mwidth[39m=[32m"20"[39m
              [36m/>[39m
              [36m<text[39m
                [33mclass[39m=[32m"text-sm fill-gray-700 dark:fill-gray-300"[39m
                [33mdominant-baseline[39m=[32m"central"[39m
                [33mtext-anchor[39m=[32m"start"[39m
                [33mx[39m=[32m"25"[39m
                [33my[39m=[32m"78.85714285714286"[39m
              [36m>[39m
                [0mOther Expenses[0m
              [36m</text>[39m
            [36m</g>[39m
          [36m</g>[39m
        [36m</svg>[39m
      [36m</div>[39m
      [36m<div[39m
        [33mclass[39m=[32m"flex flex-wrap gap-4 mt-4 justify-center"[39m
      [36m>[39m
        [36m<div[39m
          [33mclass[39m=[32m"flex items-center gap-2"[39m
        [36m>[39m
          [36m<div[39m
            [33mclass[39m=[32m"w-4 h-4 bg-green-500 rounded"[39m
          [36m/>[39m
          [36m<span[39m
            [33mclass[39m=[32m"text-sm text-gray-600 dark:text-gray-400"[39m
          [36m>[39m
            [0mIncome[0m
          [36m</span>[39m
        [36m</div>[39m
        [36m<div[39m
          [33mclass[39m=[32m"flex items-center gap-2"[39m
        [36m>[39m
          [36m<div[39m
            [33mclass[39m=[32m"w-4 h-4 bg-indigo-500 rounded"[39m
          [36m/>[39m
          [36m<span[39m
            [33mclass[39m=[32m"text-sm text-gray-600 dark:text-gray-400"[39m
          [36m>[39m
            [0mAccounts[0m
          [36m</span>[39m
        [36m</div>[39m
        [36m<div[39m
          [33mclass[39m=[32m"flex items-center gap-2"[39m
        [36m>[39m
          [36m<div[39m
            [33mclass[39m=[32m"w-4 h-4 bg-red-500 rounded"[39m
          [36m/>[39m
          [36m<span[39m
            [33mclass[39m=[32m"text-sm text-gray-600 dark:text-gray-400"[39m
          [36m>[39m
            [0mExpenses[0m
          [36m</span>[39m
        [36m</div>[39m
      [36m</div>[39m
    [36m</div>[39m
  [36m</div>[39m
[36m</body>[39m
   ✓ SankeyChart > Data Processing > creates central Accounts node 2ms
   ✓ SankeyChart > Data Processing > handles transactions without categories 2ms
   × SankeyChart > Data Processing > aggregates amounts by category 3ms
     → Unable to find an element with the text: Food. This could be because the text is broken up by multiple elements. In this case, you can provide a function for your text matcher to make your matcher more flexible.

Ignored nodes: comments, script, style
[36m<body>[39m
  [36m<div>[39m
    [36m<div[39m
      [33mclass[39m=[32m"h-full min-h-[300px] flex flex-col"[39m
    [36m>[39m
      [36m<div[39m
        [33mclass[39m=[32m"flex-1 overflow-x-auto"[39m
      [36m>[39m
        [36m<svg[39m
          [33mclass[39m=[32m"mx-auto"[39m
          [33mheight[39m=[32m"600"[39m
          [33mwidth[39m=[32m"800"[39m
        [36m>[39m
          [36m<g[39m
            [33mclass[39m=[32m"links"[39m
          [36m>[39m
            [36m<path[39m
              [33mclass[39m=[32m"hover:opacity-50 transition-opacity"[39m
              [33md[39m=[32m"
      M 336.6666666666667 0
      C 460 0, 460 0, 583.3333333333334 0
      L 583.3333333333334 480
      C 460 480, 460 480, 336.6666666666667 480
      Z
    "[39m
              [33mfill[39m=[32m"#6366F1"[39m
              [33mopacity[39m=[32m"0.3"[39m
            [36m>[39m
              [36m<title>[39m
                [0mAccounts[0m
                [0m → [0m
                [0mOther Expenses[0m
                [0m: [0m
                [0m$300.00[0m
              [36m</title>[39m
            [36m</path>[39m
          [36m</g>[39m
          [36m<g[39m
            [33mclass[39m=[32m"nodes"[39m
          [36m>[39m
            [36m<g[39m
              [33mtransform[39m=[32m"translate(316.6666666666667, 0)"[39m
            [36m>[39m
              [36m<rect[39m
                [33mclass[39m=[32m"hover:opacity-80 transition-opacity"[39m
                [33mfill[39m=[32m"#6366F1"[39m
                [33mheight[39m=[32m"480"[39m
                [33mwidth[39m=[32m"20"[39m
              [36m/>[39m
              [36m<text[39m
                [33mclass[39m=[32m"text-sm fill-gray-700 dark:fill-gray-300"[39m
                [33mdominant-baseline[39m=[32m"central"[39m
                [33mtext-anchor[39m=[32m"middle"[39m
                [33mx[39m=[32m"10"[39m
                [33my[39m=[32m"240"[39m
              [36m>[39m
                [0mAccounts[0m
              [36m</text>[39m
            [36m</g>[39m
            [36m<g[39m
              [33mtransform[39m=[32m"translate(583.3333333333334, 0)"[39m
            [36m>[39m
              [36m<rect[39m
                [33mclass[39m=[32m"hover:opacity-80 transition-opacity"[39m
                [33mfill[39m=[32m"#EF4444"[39m
                [33mheight[39m=[32m"480"[39m
                [33mwidth[39m=[32m"20"[39m
              [36m/>[39m
              [36m<text[39m
                [33mclass[39m=[32m"text-sm fill-gray-700 dark:fill-gray-300"[39m
                [33mdominant-baseline[39m=[32m"central"[39m
                [33mtext-anchor[39m=[32m"start"[39m
                [33mx[39m=[32m"25"[39m
                [33my[39m=[32m"240"[39m
              [36m>[39m
                [0mOther Expenses[0m
              [36m</text>[39m
            [36m</g>[39m
          [36m</g>[39m
        [36m</svg>[39m
      [36m</div>[39m
      [36m<div[39m
        [33mclass[39m=[32m"flex flex-wrap gap-4 mt-4 justify-center"[39m
      [36m>[39m
        [36m<div[39m
          [33mclass[39m=[32m"flex items-center gap-2"[39m
        [36m>[39m
          [36m<div[39m
            [33mclass[39m=[32m"w-4 h-4 bg-green-500 rounded"[39m
          [36m/>[39m
          [36m<span[39m
            [33mclass[39m=[32m"text-sm text-gray-600 dark:text-gray-400"[39m
          [36m>[39m
            [0mIncome[0m
          [36m</span>[39m
        [36m</div>[39m
        [36m<div[39m
          [33mclass[39m=[32m"flex items-center gap-2"[39m
        [36m>[39m
          [36m<div[39m
            [33mclass[39m=[32m"w-4 h-4 bg-indigo-500 rounded"[39m
          [36m/>[39m
          [36m<span[39m
            [33mclass[39m=[32m"text-sm text-gray-600 dark:text-gray-400"[39m
          [36m>[39m
            [0mAccounts[0m
          [36m</span>[39m
        [36m</div>[39m
        [36m<div[39m
          [33mclass[39m=[32m"flex items-center gap-2"[39m
        [36m>[39m
          [36m<div[39m
            [33mclass[39m=[32m"w-4 h-4 bg-red-500 rounded"[39m
          [36m/>[39m
          [36m<span[39m
            [33mclass[39m=[32m"text-sm text-gray-600 dark:text-gray-400"[39m
          [36m>[39m
            [0mExpenses[0m
          [36m</span>[39m
        [36m</div>[39m
      [36m</div>[39m
    [36m</div>[39m
  [36m</div>[39m
[36m</body>[39m
   ✓ SankeyChart > SVG Elements > renders links group 2ms
   ✓ SankeyChart > SVG Elements > renders nodes group 2ms
   ✓ SankeyChart > SVG Elements > renders paths for links 2ms
   ✓ SankeyChart > SVG Elements > renders rectangles for nodes 2ms
   ✓ SankeyChart > SVG Elements > applies correct colors to nodes 2ms
   ✓ SankeyChart > Tooltips > renders tooltips on paths 2ms
   ✓ SankeyChart > Tooltips > formats tooltip values correctly 2ms
   ✓ SankeyChart > Interaction > applies hover styles to paths 3ms
   ✓ SankeyChart > Interaction > applies hover styles to nodes 2ms
   ✓ SankeyChart > Edge Cases > handles empty transactions 3ms
   ✓ SankeyChart > Edge Cases > handles transactions with zero amounts 6ms
   × SankeyChart > Edge Cases > handles only income transactions 3ms
     → Unable to find an element with the text: Salary. This could be because the text is broken up by multiple elements. In this case, you can provide a function for your text matcher to make your matcher more flexible.

Ignored nodes: comments, script, style
[36m<body>[39m
  [36m<div>[39m
    [36m<div[39m
      [33mclass[39m=[32m"h-full min-h-[300px] flex flex-col"[39m
    [36m>[39m
      [36m<div[39m
        [33mclass[39m=[32m"flex-1 overflow-x-auto"[39m
      [36m>[39m
        [36m<svg[39m
          [33mclass[39m=[32m"mx-auto"[39m
          [33mheight[39m=[32m"600"[39m
          [33mwidth[39m=[32m"800"[39m
        [36m>[39m
          [36m<g[39m
            [33mclass[39m=[32m"links"[39m
          [36m>[39m
            [36m<path[39m
              [33mclass[39m=[32m"hover:opacity-50 transition-opacity"[39m
              [33md[39m=[32m"
      M 70 0
      C 193.33333333333334 0, 193.33333333333334 0, 316.6666666666667 0
      L 316.6666666666667 480
      C 193.33333333333334 480, 193.33333333333334 480, 70 480
      Z
    "[39m
              [33mfill[39m=[32m"#10B981"[39m
              [33mopacity[39m=[32m"0.3"[39m
            [36m>[39m
              [36m<title>[39m
                [0mOther Income[0m
                [0m → [0m
                [0mAccounts[0m
                [0m: [0m
                [0m$3500.00[0m
              [36m</title>[39m
            [36m</path>[39m
          [36m</g>[39m
          [36m<g[39m
            [33mclass[39m=[32m"nodes"[39m
          [36m>[39m
            [36m<g[39m
              [33mtransform[39m=[32m"translate(316.6666666666667, 0)"[39m
            [36m>[39m
              [36m<rect[39m
                [33mclass[39m=[32m"hover:opacity-80 transition-opacity"[39m
                [33mfill[39m=[32m"#6366F1"[39m
                [33mheight[39m=[32m"480"[39m
                [33mwidth[39m=[32m"20"[39m
              [36m/>[39m
              [36m<text[39m
                [33mclass[39m=[32m"text-sm fill-gray-700 dark:fill-gray-300"[39m
                [33mdominant-baseline[39m=[32m"central"[39m
                [33mtext-anchor[39m=[32m"middle"[39m
                [33mx[39m=[32m"10"[39m
                [33my[39m=[32m"240"[39m
              [36m>[39m
                [0mAccounts[0m
              [36m</text>[39m
            [36m</g>[39m
            [36m<g[39m
              [33mtransform[39m=[32m"translate(50, 0)"[39m
            [36m>[39m
              [36m<rect[39m
                [33mclass[39m=[32m"hover:opacity-80 transition-opacity"[39m
                [33mfill[39m=[32m"#10B981"[39m
                [33mheight[39m=[32m"480"[39m
                [33mwidth[39m=[32m"20"[39m
              [36m/>[39m
              [36m<text[39m
                [33mclass[39m=[32m"text-sm fill-gray-700 dark:fill-gray-300"[39m
                [33mdominant-baseline[39m=[32m"central"[39m
                [33mtext-anchor[39m=[32m"start"[39m
                [33mx[39m=[32m"25"[39m
                [33my[39m=[32m"240"[39m
              [36m>[39m
                [0mOther Income[0m
              [36m</text>[39m
            [36m</g>[39m
          [36m</g>[39m
        [36m</svg>[39m
      [36m</div>[39m
      [36m<div[39m
        [33mclass[39m=[32m"flex flex-wrap gap-4 mt-4 justify-center"[39m
      [36m>[39m
        [36m<div[39m
          [33mclass[39m=[32m"flex items-center gap-2"[39m
        [36m>[39m
          [36m<div[39m
            [33mclass[39m=[32m"w-4 h-4 bg-green-500 rounded"[39m
          [36m/>[39m
          [36m<span[39m
            [33mclass[39m=[32m"text-sm text-gray-600 dark:text-gray-400"[39m
          [36m>[39m
            [0mIncome[0m
          [36m</span>[39m
        [36m</div>[39m
        [36m<div[39m
          [33mclass[39m=[32m"flex items-center gap-2"[39m
        [36m>[39m
          [36m<div[39m
            [33mclass[39m=[32m"w-4 h-4 bg-indigo-500 rounded"[39m
          [36m/>[39m
          [36m<span[39m
            [33mclass[39m=[32m"text-sm text-gray-600 dark:text-gray-400"[39m
          [36m>[39m
            [0mAccounts[0m
          [36m</span>[39m
        [36m</div>[39m
        [36m<div[39m
          [33mclass[39m=[32m"flex items-center gap-2"[39m
        [36m>[39m
          [36m<div[39m
            [33mclass[39m=[32m"w-4 h-4 bg-red-500 rounded"[39m
          [36m/>[39m
          [36m<span[39m
            [33mclass[39m=[32m"text-sm text-gray-600 dark:text-gray-400"[39m
          [36m>[39m
            [0mExpenses[0m
          [36m</span>[39m
        [36m</div>[39m
      [36m</div>[39m
    [36m</div>[39m
  [36m</div>[39m
[36m</body>[39m
   × SankeyChart > Edge Cases > handles only expense transactions 2ms
     → Unable to find an element with the text: Food. This could be because the text is broken up by multiple elements. In this case, you can provide a function for your text matcher to make your matcher more flexible.

Ignored nodes: comments, script, style
[36m<body>[39m
  [36m<div>[39m
    [36m<div[39m
      [33mclass[39m=[32m"h-full min-h-[300px] flex flex-col"[39m
    [36m>[39m
      [36m<div[39m
        [33mclass[39m=[32m"flex-1 overflow-x-auto"[39m
      [36m>[39m
        [36m<svg[39m
          [33mclass[39m=[32m"mx-auto"[39m
          [33mheight[39m=[32m"600"[39m
          [33mwidth[39m=[32m"800"[39m
        [36m>[39m
          [36m<g[39m
            [33mclass[39m=[32m"links"[39m
          [36m>[39m
            [36m<path[39m
              [33mclass[39m=[32m"hover:opacity-50 transition-opacity"[39m
              [33md[39m=[32m"
      M 336.6666666666667 0
      C 460 0, 460 0, 583.3333333333334 0
      L 583.3333333333334 480
      C 460 480, 460 480, 336.6666666666667 480
      Z
    "[39m
              [33mfill[39m=[32m"#6366F1"[39m
              [33mopacity[39m=[32m"0.3"[39m
            [36m>[39m
              [36m<title>[39m
                [0mAccounts[0m
                [0m → [0m
                [0mOther Expenses[0m
                [0m: [0m
                [0m$1150.00[0m
              [36m</title>[39m
            [36m</path>[39m
          [36m</g>[39m
          [36m<g[39m
            [33mclass[39m=[32m"nodes"[39m
          [36m>[39m
            [36m<g[39m
              [33mtransform[39m=[32m"translate(316.6666666666667, 0)"[39m
            [36m>[39m
              [36m<rect[39m
                [33mclass[39m=[32m"hover:opacity-80 transition-opacity"[39m
                [33mfill[39m=[32m"#6366F1"[39m
                [33mheight[39m=[32m"480"[39m
                [33mwidth[39m=[32m"20"[39m
              [36m/>[39m
              [36m<text[39m
                [33mclass[39m=[32m"text-sm fill-gray-700 dark:fill-gray-300"[39m
                [33mdominant-baseline[39m=[32m"central"[39m
                [33mtext-anchor[39m=[32m"middle"[39m
                [33mx[39m=[32m"10"[39m
                [33my[39m=[32m"240"[39m
              [36m>[39m
                [0mAccounts[0m
              [36m</text>[39m
            [36m</g>[39m
            [36m<g[39m
              [33mtransform[39m=[32m"translate(583.3333333333334, 0)"[39m
            [36m>[39m
              [36m<rect[39m
                [33mclass[39m=[32m"hover:opacity-80 transition-opacity"[39m
                [33mfill[39m=[32m"#EF4444"[39m
                [33mheight[39m=[32m"480"[39m
                [33mwidth[39m=[32m"20"[39m
              [36m/>[39m
              [36m<text[39m
                [33mclass[39m=[32m"text-sm fill-gray-700 dark:fill-gray-300"[39m
                [33mdominant-baseline[39m=[32m"central"[39m
                [33mtext-anchor[39m=[32m"start"[39m
                [33mx[39m=[32m"25"[39m
                [33my[39m=[32m"240"[39m
              [36m>[39m
                [0mOther Expenses[0m
              [36m</text>[39m
            [36m</g>[39m
          [36m</g>[39m
        [36m</svg>[39m
      [36m</div>[39m
      [36m<div[39m
        [33mclass[39m=[32m"flex flex-wrap gap-4 mt-4 justify-center"[39m
      [36m>[39m
        [36m<div[39m
          [33mclass[39m=[32m"flex items-center gap-2"[39m
        [36m>[39m
          [36m<div[39m
            [33mclass[39m=[32m"w-4 h-4 bg-green-500 rounded"[39m
          [36m/>[39m
          [36m<span[39m
            [33mclass[39m=[32m"text-sm text-gray-600 dark:text-gray-400"[39m
          [36m>[39m
            [0mIncome[0m
          [36m</span>[39m
        [36m</div>[39m
        [36m<div[39m
          [33mclass[39m=[32m"flex items-center gap-2"[39m
        [36m>[39m
          [36m<div[39m
            [33mclass[39m=[32m"w-4 h-4 bg-indigo-500 rounded"[39m
          [36m/>[39m
          [36m<span[39m
            [33mclass[39m=[32m"text-sm text-gray-600 dark:text-gray-400"[39m
          [36m>[39m
            [0mAccounts[0m
          [36m</span>[39m
        [36m</div>[39m
        [36m<div[39m
          [33mclass[39m=[32m"flex items-center gap-2"[39m
        [36m>[39m
          [36m<div[39m
            [33mclass[39m=[32m"w-4 h-4 bg-red-500 rounded"[39m
          [36m/>[39m
          [36m<span[39m
            [33mclass[39m=[32m"text-sm text-gray-600 dark:text-gray-400"[39m
          [36m>[39m
            [0mExpenses[0m
          [36m</span>[39m
        [36m</div>[39m
      [36m</div>[39m
    [36m</div>[39m
  [36m</div>[39m
[36m</body>[39m
   ✓ SankeyChart > Edge Cases > handles very large amounts 2ms
   ✓ SankeyChart > Edge Cases > handles negative amounts 2ms
   ✓ SankeyChart > Responsiveness > has scrollable container 6ms
   ✓ SankeyChart > Responsiveness > centers SVG with mx-auto 2ms
 ❯ src/components/BalanceAdjustmentModal.test.tsx (26 tests | 26 failed) 11ms
   × BalanceAdjustmentModal > Rendering > renders nothing when closed 5ms
     → useApp.mockReturnValue is not a function
   × BalanceAdjustmentModal > Rendering > renders modal when open 0ms
     → useApp.mockReturnValue is not a function
   × BalanceAdjustmentModal > Rendering > displays balance information correctly 0ms
     → useApp.mockReturnValue is not a function
   × BalanceAdjustmentModal > Rendering > shows positive adjustment with green color 0ms
     → useApp.mockReturnValue is not a function
   × BalanceAdjustmentModal > Rendering > shows negative adjustment with red color 0ms
     → useApp.mockReturnValue is not a function
   × BalanceAdjustmentModal > Rendering > renders all form fields 0ms
     → useApp.mockReturnValue is not a function
   × BalanceAdjustmentModal > Form initialization > initializes with default values 0ms
     → useApp.mockReturnValue is not a function
   × BalanceAdjustmentModal > Form initialization > shows income categories for positive adjustments 0ms
     → useApp.mockReturnValue is not a function
   × BalanceAdjustmentModal > Form initialization > shows expense categories for negative adjustments 0ms
     → useApp.mockReturnValue is not a function
   × BalanceAdjustmentModal > Form interactions > updates date field 0ms
     → useApp.mockReturnValue is not a function
   × BalanceAdjustmentModal > Form interactions > updates description field 0ms
     → useApp.mockReturnValue is not a function
   × BalanceAdjustmentModal > Form interactions > updates notes field 0ms
     → useApp.mockReturnValue is not a function
   × BalanceAdjustmentModal > Form interactions > shows create new category button 0ms
     → useApp.mockReturnValue is not a function
   × BalanceAdjustmentModal > Form interactions > opens category creation modal when create new clicked 0ms
     → useApp.mockReturnValue is not a function
   × BalanceAdjustmentModal > Form submission > creates adjustment transaction for positive difference 0ms
     → useApp.mockReturnValue is not a function
   × BalanceAdjustmentModal > Form submission > creates adjustment transaction for negative difference 0ms
     → useApp.mockReturnValue is not a function
   × BalanceAdjustmentModal > Form submission > closes modal after submission 0ms
     → useApp.mockReturnValue is not a function
   × BalanceAdjustmentModal > Form submission > closes modal without creating transaction when difference is zero 0ms
     → useApp.mockReturnValue is not a function
   × BalanceAdjustmentModal > Form submission > uses custom notes when provided 0ms
     → useApp.mockReturnValue is not a function
   × BalanceAdjustmentModal > Modal controls > calls onClose when cancel button clicked 0ms
     → useApp.mockReturnValue is not a function
   × BalanceAdjustmentModal > Modal controls > calls onClose when close icon clicked 0ms
     → useApp.mockReturnValue is not a function
   × BalanceAdjustmentModal > Account handling > returns null if account not found 0ms
     → useApp.mockReturnValue is not a function
   × BalanceAdjustmentModal > Account handling > uses correct currency from account 0ms
     → useApp.mockReturnValue is not a function
   × BalanceAdjustmentModal > Information display > shows explanation message 0ms
     → useApp.mockReturnValue is not a function
   × BalanceAdjustmentModal > Information display > handles decimal values correctly 0ms
     → useApp.mockReturnValue is not a function
   × BalanceAdjustmentModal > Information display > handles invalid newBalance gracefully 0ms
     → useApp.mockReturnValue is not a function
 ❯ src/components/__tests__/SplitTransactionModal.test.tsx (21 tests | 21 failed) 71ms
   × SplitTransactionModal > rendering > renders correctly when open 24ms
     → usePreferences must be used within PreferencesProvider
   × SplitTransactionModal > rendering > does not render when closed 3ms
     → usePreferences must be used within PreferencesProvider
   × SplitTransactionModal > rendering > does not render without transaction 3ms
     → usePreferences must be used within PreferencesProvider
   × SplitTransactionModal > rendering > initializes with transaction data 3ms
     → usePreferences must be used within PreferencesProvider
   × SplitTransactionModal > rendering > loads existing splits if available 3ms
     → usePreferences must be used within PreferencesProvider
   × SplitTransactionModal > split management > adds a new split 2ms
     → usePreferences must be used within PreferencesProvider
   × SplitTransactionModal > split management > removes a split when multiple exist 1ms
     → usePreferences must be used within PreferencesProvider
   × SplitTransactionModal > split management > does not show delete button when only one split 1ms
     → usePreferences must be used within PreferencesProvider
   × SplitTransactionModal > split management > updates split values 3ms
     → usePreferences must be used within PreferencesProvider
   × SplitTransactionModal > amount calculation > shows remaining amount 3ms
     → usePreferences must be used within PreferencesProvider
   × SplitTransactionModal > amount calculation > shows negative remaining amount in red 7ms
     → usePreferences must be used within PreferencesProvider
   × SplitTransactionModal > amount calculation > disables save button when amounts do not match 3ms
     → usePreferences must be used within PreferencesProvider
   × SplitTransactionModal > save functionality > updates transaction when single split 2ms
     → usePreferences must be used within PreferencesProvider
   × SplitTransactionModal > save functionality > creates multiple transactions when multiple splits 2ms
     → usePreferences must be used within PreferencesProvider
   × SplitTransactionModal > save functionality > disables save button when amounts do not match 1ms
     → usePreferences must be used within PreferencesProvider
   × SplitTransactionModal > user interactions > handles close button 1ms
     → usePreferences must be used within PreferencesProvider
   × SplitTransactionModal > user interactions > handles cancel button 1ms
     → usePreferences must be used within PreferencesProvider
   × SplitTransactionModal > user interactions > initializes new split with remaining amount 1ms
     → usePreferences must be used within PreferencesProvider
   × SplitTransactionModal > edge cases > handles zero transaction amount 1ms
     → usePreferences must be used within PreferencesProvider
   × SplitTransactionModal > edge cases > handles very large amounts 1ms
     → usePreferences must be used within PreferencesProvider
   × SplitTransactionModal > edge cases > handles decimal precision 1ms
     → usePreferences must be used within PreferencesProvider
 ✓ src/components/widgets/InvestmentEnhancementWidget.test.tsx (20 tests) 127ms
 ✓ src/components/widgets/CollaborationWidget.test.tsx (21 tests) 111ms
 ✓ src/utils/__tests__/pdfExport.test.ts (17 tests) 29ms
 ✓ src/hooks/__tests__/useRealTimePrices.test.ts (21 tests | 1 skipped) 39ms
 ❯ src/components/charts/TreemapChart.test.tsx (18 tests | 2 failed) 54ms
   ✓ TreemapChart > Rendering > renders treemap container 19ms
   ✓ TreemapChart > Rendering > filters only expense transactions 3ms
   ✓ TreemapChart > Rendering > has correct container dimensions 2ms
   × TreemapChart > Data Processing > groups expenses by category correctly 7ms
     → expected 165 to be 25 // Object.is equality
   × TreemapChart > Data Processing > handles uncategorized expenses 4ms
     → expected 200 to be 35 // Object.is equality
   ✓ TreemapChart > Data Processing > sorts categories by value descending 2ms
   ✓ TreemapChart > Data Processing > handles empty transactions 2ms
   ✓ TreemapChart > Data Processing > handles transactions with only income 1ms
   ✓ TreemapChart > Hierarchical Structure > creates proper parent-child relationships 2ms
   ✓ TreemapChart > Hierarchical Structure > handles categories without subcategories 1ms
   ✓ TreemapChart > Hierarchical Structure > calculates parent totals correctly 1ms
   ✓ TreemapChart > Custom Content Rendering > renders custom content with correct props 1ms
   ✓ TreemapChart > Custom Tooltip > renders tooltip component 1ms
   ✓ TreemapChart > Colors > uses predefined color palette 3ms
   ✓ TreemapChart > Edge Cases > handles transactions with zero amounts 1ms
   ✓ TreemapChart > Edge Cases > handles transactions with negative amounts 1ms
   ✓ TreemapChart > Edge Cases > handles very large number of categories 2ms
   ✓ TreemapChart > Edge Cases > handles duplicate category entries 1ms
 ✓ src/components/BalanceReconciliationModal.test.tsx (29 tests) 210ms
 ✓ src/test/integration/DataFlow.test.tsx (14 tests | 1 skipped) 140ms
 ✓ src/services/performanceService.test.ts (23 tests) 19ms
 ✓ src/store/slices/tagsSlice.test.ts (39 tests) 27ms
 ✓ src/components/common/ResponsiveTable.test.tsx (27 tests) 133ms
 ✓ src/utils/__tests__/investmentUtils.test.ts (27 tests) 10ms
 ✓ src/contexts/LayoutContext.test.tsx (24 tests) 50ms
 ✓ src/components/__tests__/DashboardWidget.test.tsx (19 tests) 2422ms
   ✓ DashboardWidget > user interactions > handles refresh button click  1050ms
   ✓ DashboardWidget > edge cases > prevents multiple refresh clicks  1013ms
 ✓ src/services/goalAchievementService.test.ts (34 tests) 13ms
 ✓ src/components/ThemeSwitcher.test.tsx (30 tests) 172ms
 ✓ src/components/widgets/BusinessWidget.test.tsx (23 tests) 155ms
 ✓ src/components/common/Button.test.tsx (35 tests) 175ms
 ✓ src/utils/formatters.test.ts (56 tests) 16ms
 ✓ src/components/common/Card.test.tsx (35 tests) 63ms
 ✓ src/components/widgets/BankConnectionsWidget.test.tsx (24 tests) 214ms
 ✓ src/components/widgets/MobileAppWidget.test.tsx (25 tests) 270ms
 ✓ src/components/CategorySelect.test.tsx (24 tests) 203ms
 ❯ src/components/PortfolioRebalancer.test.tsx (23 tests | 3 failed) 2399ms
   ✓ PortfolioRebalancer > rendering > renders the component header 61ms
   ✓ PortfolioRebalancer > rendering > renders refresh button 38ms
   ✓ PortfolioRebalancer > rendering > shows rebalancing needed alert when applicable 16ms
   ✓ PortfolioRebalancer > rendering > renders current allocation section 39ms
   ✓ PortfolioRebalancer > allocation display > shows asset class allocations 20ms
   ✓ PortfolioRebalancer > allocation display > displays current percentages 12ms
   ✓ PortfolioRebalancer > allocation display > shows allocation values 15ms
   ✓ PortfolioRebalancer > allocation display > renders allocation chart 7ms
   ✓ PortfolioRebalancer > portfolio targets > shows active portfolio target 12ms
   ✓ PortfolioRebalancer > portfolio targets > renders manage targets button 14ms
   ✓ PortfolioRebalancer > portfolio targets > opens target management modal 31ms
   ✓ PortfolioRebalancer > rebalance actions > shows rebalance actions when needed 11ms
   × PortfolioRebalancer > rebalance actions > displays buy actions 1013ms
     → Found multiple elements with the text: BUY

Here are the matching elements:

Ignored nodes: comments, script, style
[36m<span[39m
  [33mclass[39m=[32m"text-sm font-bold text-green-600"[39m
[36m>[39m
  [0mBUY[0m
[36m</span>[39m

Ignored nodes: comments, script, style
[36m<span[39m
  [33mclass[39m=[32m"text-sm font-medium text-green-600"[39m
[36m>[39m
  [0mBUY[0m
[36m</span>[39m

(If this is intentional, then use the `*AllBy*` variant of the query (like `queryAllByText`, `getAllByText`, or `findAllByText`)).

Ignored nodes: comments, script, style
[36m<body[39m
  [33mstyle[39m=[32m""[39m
[36m>[39m
  [36m<div>[39m
    [36m<div[39m
      [33mclass[39m=[32m"space-y-6"[39m
    [36m>[39m
      [36m<div[39m
        [33mclass[39m=[32m"flex flex-wrap items-center justify-between gap-4"[39m
      [36m>[39m
        [36m<div[39m
          [33mclass[39m=[32m"flex items-center gap-4"[39m
        [36m>[39m
          [36m<h2[39m
            [33mclass[39m=[32m"text-xl font-semibold"[39m
          [36m>[39m
            [0mPortfolio Rebalancing[0m
          [36m</h2>[39m
          [36m<span[39m
            [33mclass[39m=[32m"flex items-center gap-1 px-3 py-1 bg-orange-100 text-orange-700 dark:bg-orange-900/30 dark:text-orange-400 rounded-full text-sm"[39m
          [36m>[39m
            [36m<div[39m
              [33mdata-testid[39m=[32m"alert-circle-icon"[39m
            [36m/>[39m
            [0mRebalancing Recommended[0m
          [36m</span>[39m
        [36m</div>[39m
        [36m<div[39m
          [33mclass[39m=[32m"flex items-center gap-2"[39m
        [36m>[39m
          [36m<button[39m
            [33mclass[39m=[32m"flex items-center gap-2 px-4 py-2 text-gray-600 dark:text-gray-400 hover:text-gray-900 dark:hover:text-gray-100"[39m
          [36m>[39m
            [36m<div[39m
              [33mdata-testid[39m=[32m"target-icon"[39m
            [36m/>[39m
            [0mManage Targets[0m
          [36m</button>[39m
          [36m<button[39m
            [33mclass[39m=[32m"p-2 text-gray-600 dark:text-gray-400 hover:bg-gray-100 dark:hover:bg-gray-700 rounded-lg"[39m
            [33mtitle[39m=[32m"Refresh"[39m
          [36m>[39m
            [36m<div[39m
              [33mdata-testid[39m=[32m"refresh-icon"[39m
            [36m/>[39m
          [36m</button>[39m
        [36m</div>[39m
      [36m</div>[39m
      [36m<div[39m
        [33mclass[39m=[32m"bg-white dark:bg-gray-800 rounded-lg shadow-md p-6"[39m
      [36m>[39m
        [36m<div[39m
          [33mclass[39m=[32m"flex items-center justify-between mb-4"[39m
        [36m>[39m
          [36m<h3[39m
            [33mclass[39m=[32m"text-lg font-semibold"[39m
          [36m>[39m
            [0mBalanced Portfolio[0m
          [36m</h3>[39m
          [36m<button[39m
            [33mclass[39m=[32m"p-2 text-blue-600 hover:bg-blue-50 dark:hover:bg-gray-700 rounded-lg"[39m
          [36m>[39m
            [36m<div[39m
              [33mdata-testid[39m=[32m"edit-icon"[39m
            [36m/>[39m
          [36m</button>[39m
        [36m</div>[39m
        [36m<div[39m
          [33mclass[39m=[32m"grid grid-cols-2 md:grid-cols-4 gap-4 text-sm"[39m
        [36m>[39m
          [36m<div>[39m
            [36m<span[39m
              [33mclass[39m=[32m"text-gray-600 dark:text-gray-400"[39m
            [36m>[39m
              [0mStocks[0m
              [0m:[0m
            [36m</span>[39m
            [36m<span[39m
              [33mclass[39m=[32m"ml-2 font-medium"[39m
            [36m>[39m
              [0m60[0m
              [0m%[0m
            [36m</span>[39m
          [36m</div>[39m
          [36m<div>[39m
            [36m<span[39m
              [33mclass[39m=[32m"text-gray-600 dark:text-gray-400"[39m
            [36m>[39m
              [0mBonds[0m
              [0m:[0m
            [36m</span>[39m
            [36m<span[39m
              [33mclass[39m=[32m"ml-2 font-medium"[39m
            [36m>[39m
              [0m30[0m
              [0m%[0m
            [36m</span>[39m
          [36m</div>[39m
          [36m<div>[39m
            [36m<span[39m
              [33mclass[39m=[32m"text-gray-600 dark:text-gray-400"[39m
            [36m>[39m
              [0mCash[0m
              [0m:[0m
            [36m</span>[39m
            [36m<span[39m
              [33mclass[39m=[32m"ml-2 font-medium"[39m
            [36m>[39m
              [0m10[0m
              [0m%[0m
            [36m</span>[39m
          [36m</div>[39m
        [36m</div>[39m
      [36m</div>[39m
      [36m<div[39m
        [33mclass[39m=[32m"grid grid-cols-1 lg:grid-cols-2 gap-6"[39m
      [36m>[39m
        [36m<div[39m
          [33mclass[39m=[32m"bg-white dark:bg-gray-800 rounded-lg shadow-md p-6"[39m
        [36m>[39m
          [36m<h3[39m
            [33mclass[39m=[32m"text-lg font-semibold mb-4"[39m
          [36m>[39m
            [0mCurrent Allocation[0m
          [36m</h3>[39m
          [36m<div[39m
            [33mdata-testid[39m=[32m"responsive-container"[39m
          [36m>[39m
            [36m<div[39m
              [33mdata-testid[39m=[32m"pie-chart"[39m
            [36m>[39m
              [36m<div[39m
                [33mdata-testid[39m=[32m"pie"[39m
              [36m/>[39m
              [36m<div[39m
                [33mdata-testid[39m=[32m"tooltip"[39m
              [36m/>[39m
            [36m</div>[39m
          [36m</div>[39m
        [36m</div>[39m
        [36m<div[39m
          [33mclass[39m=[32m"bg-white dark:bg-gray-800 rounded-lg shadow-md p-6"[39m
        [36m>[39m
          [36m<h3[39m
            [33mclass[39m=[32m"text-lg font-semibold mb-4"[39m
          [36m>[39m
            [0mAllocation Details[0m
          [36m</h3>[39m
          [36m<div[39m
            [33mclass[39m=[32m"space-y-2"[39m
          [36m>[39m
            [36m<div[39m
              [33mclass[39m=[32m"border-b dark:border-gray-700 pb-2"[39m
            [36m>[39m
              [36m<div[39m
                [33mclass[39m=[32m"flex items-center justify-between"[39m
              [36m>[39m
                [36m<div[39m
                  [33mclass[39m=[32m"flex items-center gap-2"[39m
                [36m>[39m
                  [36m<div[39m
                    [33mclass[39m=[32m"w-3 h-3 rounded-full"[39m
                    [33mstyle[39m=[32m"background-color: rgb(59, 130, 246);"[39m
                  [36m/>[39m
                  [36m<span[39m
                    [33mclass[39m=[32m"font-medium"[39m
                  [36m>[39m
                    [0mStocks[0m
                  [36m</span>[39m
                [36m</div>[39m
                [36m<span[39m
                  [33mclass[39m=[32m"font-medium"[39m
                [36m>[39m
                  [0m$60,000[0m
                [36m</span>[39m
              [36m</div>[39m
              [36m<div[39m
                [33mclass[39m=[32m"flex items-center justify-between mt-1 text-sm"[39m
              [36m>[39m
                [36m<div[39m
                  [33mclass[39m=[32m"flex items-center gap-4"[39m
                [36m>[39m
                  [36m<span[39m
                    [33mclass[39m=[32m"text-gray-600 dark:text-gray-400"[39m
                  [36m>[39m
...

Ignored nodes: comments, script, style
[36m<html>[39m
  [36m<head />[39m
  [36m<body[39m
    [33mstyle[39m=[32m""[39m
  [36m>[39m
    [36m<div>[39m
      [36m<div[39m
        [33mclass[39m=[32m"space-y-6"[39m
      [36m>[39m
        [36m<div[39m
          [33mclass[39m=[32m"flex flex-wrap items-center justify-between gap-4"[39m
        [36m>[39m
          [36m<div[39m
            [33mclass[39m=[32m"flex items-center gap-4"[39m
          [36m>[39m
            [36m<h2[39m
              [33mclass[39m=[32m"text-xl font-semibold"[39m
            [36m>[39m
              [0mPortfolio Rebalancing[0m
            [36m</h2>[39m
            [36m<span[39m
              [33mclass[39m=[32m"flex items-center gap-1 px-3 py-1 bg-orange-100 text-orange-700 dark:bg-orange-900/30 dark:text-orange-400 rounded-full text-sm"[39m
            [36m>[39m
              [36m<div[39m
                [33mdata-testid[39m=[32m"alert-circle-icon"[39m
              [36m/>[39m
              [0mRebalancing Recommended[0m
            [36m</span>[39m
          [36m</div>[39m
          [36m<div[39m
            [33mclass[39m=[32m"flex items-center gap-2"[39m
          [36m>[39m
            [36m<button[39m
              [33mclass[39m=[32m"flex items-center gap-2 px-4 py-2 text-gray-600 dark:text-gray-400 hover:text-gray-900 dark:hover:text-gray-100"[39m
            [36m>[39m
              [36m<div[39m
                [33mdata-testid[39m=[32m"target-icon"[39m
              [36m/>[39m
              [0mManage Targets[0m
            [36m</button>[39m
            [36m<button[39m
              [33mclass[39m=[32m"p-2 text-gray-600 dark:text-gray-400 hover:bg-gray-100 dark:hover:bg-gray-700 rounded-lg"[39m
              [33mtitle[39m=[32m"Refresh"[39m
            [36m>[39m
              [36m<div[39m
                [33mdata-testid[39m=[32m"refresh-icon"[39m
              [36m/>[39m
            [36m</button>[39m
          [36m</div>[39m
        [36m</div>[39m
        [36m<div[39m
          [33mclass[39m=[32m"bg-white dark:bg-gray-800 rounded-lg shadow-md p-6"[39m
        [36m>[39m
          [36m<div[39m
            [33mclass[39m=[32m"flex items-center justify-between mb-4"[39m
          [36m>[39m
            [36m<h3[39m
              [33mclass[39m=[32m"text-lg font-semibold"[39m
            [36m>[39m
              [0mBalanced Portfolio[0m
            [36m</h3>[39m
            [36m<button[39m
              [33mclass[39m=[32m"p-2 text-blue-600 hover:bg-blue-50 dark:hover:bg-gray-700 rounded-lg"[39m
            [36m>[39m
              [36m<div[39m
                [33mdata-testid[39m=[32m"edit-icon"[39m
              [36m/>[39m
            [36m</button>[39m
          [36m</div>[39m
          [36m<div[39m
            [33mclass[39m=[32m"grid grid-cols-2 md:grid-cols-4 gap-4 text-sm"[39m
          [36m>[39m
            [36m<div>[39m
              [36m<span[39m
                [33mclass[39m=[32m"text-gray-600 dark:text-gray-400"[39m
              [36m>[39m
                [0mStocks[0m
                [0m:[0m
              [36m</span>[39m
              [36m<span[39m
                [33mclass[39m=[32m"ml-2 font-medium"[39m
              [36m>[39m
                [0m60[0m
                [0m%[0m
              [36m</span>[39m
            [36m</div>[39m
            [36m<div>[39m
              [36m<span[39m
                [33mclass[39m=[32m"text-gray-600 dark:text-gray-400"[39m
              [36m>[39m
                [0mBonds[0m
                [0m:[0m
              [36m</span>[39m
              [36m<span[39m
                [33mclass[39m=[32m"ml-2 font-medium"[39m
              [36m>[39m
                [0m30[0m
                [0m%[0m
              [36m</span>[39m
            [36m</div>[39m
            [36m<div>[39m
              [36m<span[39m
                [33mclass[39m=[32m"text-gray-600 dark:text-gray-400"[39m
              [36m>[39m
                [0mCash[0m
                [0m:[0m
              [36m</span>[39m
              [36m<span[39m
                [33mclass[39m=[32m"ml-2 font-medium"[39m
              [36m>[39m
                [0m10[0m
                [0m%[0m
              [36m</span>[39m
            [36m</div>[39m
          [36m</div>[39m
        [36m</div>[39m
        [36m<div[39m
          [33mclass[39m=[32m"grid grid-cols-1 lg:grid-cols-2 gap-6"[39m
        [36m>[39m
          [36m<div[39m
            [33mclass[39m=[32m"bg-white dark:bg-gray-800 rounded-lg shadow-md p-6"[39m
          [36m>[39m
            [36m<h3[39m
              [33mclass[39m=[32m"text-lg font-semibold mb-4"[39m
            [36m>[39m
              [0mCurrent Allocation[0m
            [36m</h3>[39m
            [36m<div[39m
              [33mdata-testid[39m=[32m"responsive-container"[39m
            [36m>[39m
              [36m<div[39m
                [33mdata-testid[39m=[32m"pie-chart"[39m
              [36m>[39m
                [36m<div[39m
                  [33mdata-testid[39m=[32m"pie"[39m
                [36m/>[39m
                [36m<div[39m
                  [33mdata-testid[39m=[32m"tooltip"[39m
                [36m/>[39m
              [36m</div>[39m
            [36m</div>[39m
          [36m</div>[39m
          [36m<div[39m
            [33mclass[39m=[32m"bg-white dark:bg-gray-800 rounded-lg shadow-md p-6"[39m
          [36m>[39m
            [36m<h3[39m
              [33mclass[39m=[32m"text-lg font-semibold mb-4"[39m
            [36m>[39m
              [0mAllocation Details[0m
            [36m</h3>[39m
            [36m<div[39m
              [33mclass[39m=[32m"space-y-2"[39m
            [36m>[39m
              [36m<div[39m
                [33mclass[39m=[32m"border-b dark:border-gray-700 pb-2"[39m
              [36m>[39m
                [36m<div[39m
                  [33mclass[39m=[32m"flex items-center justify-between"[39m
                [36m>[39m
                  [36m<div[39m
                    [33mclass[39m=[32m"flex items-center gap-2"[39m
                  [36m>[39m
                    [36m<div[39m
                      [33mclass[39m=[32m"w-3 h-3 rounded-full"[39m
                      [33mstyle[39m=[32m"background-color: rgb(59, 130, 246);"[39m
                    [36m/>[39m
                    [36m<span[39m
                      [33mclass[39m=[32m"font-medium"[39m
                    [36m>[39m
                      [0mStocks[0m
                    [36m</span>[39m
                  [36m</div>[39m
                  [36m<span[39m
                    [33mclass[39m=[32m"font-medium"[39m
                  [36m>[39m
                    [0m$60,000[0m
                  [36m</span>[39m
                [36m</div>[39m
                [36m<div[39m...
   × PortfolioRebalancer > rebalance actions > displays sell actions 1010ms
     → Found multiple elements with the text: SELL

Here are the matching elements:

Ignored nodes: comments, script, style
[36m<span[39m
  [33mclass[39m=[32m"text-sm font-bold text-red-600"[39m
[36m>[39m
  [0mSELL[0m
[36m</span>[39m

Ignored nodes: comments, script, style
[36m<span[39m
  [33mclass[39m=[32m"text-sm font-medium text-red-600"[39m
[36m>[39m
  [0mSELL[0m
[36m</span>[39m

(If this is intentional, then use the `*AllBy*` variant of the query (like `queryAllByText`, `getAllByText`, or `findAllByText`)).

Ignored nodes: comments, script, style
[36m<body[39m
  [33mstyle[39m=[32m""[39m
[36m>[39m
  [36m<div>[39m
    [36m<div[39m
      [33mclass[39m=[32m"space-y-6"[39m
    [36m>[39m
      [36m<div[39m
        [33mclass[39m=[32m"flex flex-wrap items-center justify-between gap-4"[39m
      [36m>[39m
        [36m<div[39m
          [33mclass[39m=[32m"flex items-center gap-4"[39m
        [36m>[39m
          [36m<h2[39m
            [33mclass[39m=[32m"text-xl font-semibold"[39m
          [36m>[39m
            [0mPortfolio Rebalancing[0m
          [36m</h2>[39m
          [36m<span[39m
            [33mclass[39m=[32m"flex items-center gap-1 px-3 py-1 bg-orange-100 text-orange-700 dark:bg-orange-900/30 dark:text-orange-400 rounded-full text-sm"[39m
          [36m>[39m
            [36m<div[39m
              [33mdata-testid[39m=[32m"alert-circle-icon"[39m
            [36m/>[39m
            [0mRebalancing Recommended[0m
          [36m</span>[39m
        [36m</div>[39m
        [36m<div[39m
          [33mclass[39m=[32m"flex items-center gap-2"[39m
        [36m>[39m
          [36m<button[39m
            [33mclass[39m=[32m"flex items-center gap-2 px-4 py-2 text-gray-600 dark:text-gray-400 hover:text-gray-900 dark:hover:text-gray-100"[39m
          [36m>[39m
            [36m<div[39m
              [33mdata-testid[39m=[32m"target-icon"[39m
            [36m/>[39m
            [0mManage Targets[0m
          [36m</button>[39m
          [36m<button[39m
            [33mclass[39m=[32m"p-2 text-gray-600 dark:text-gray-400 hover:bg-gray-100 dark:hover:bg-gray-700 rounded-lg"[39m
            [33mtitle[39m=[32m"Refresh"[39m
          [36m>[39m
            [36m<div[39m
              [33mdata-testid[39m=[32m"refresh-icon"[39m
            [36m/>[39m
          [36m</button>[39m
        [36m</div>[39m
      [36m</div>[39m
      [36m<div[39m
        [33mclass[39m=[32m"bg-white dark:bg-gray-800 rounded-lg shadow-md p-6"[39m
      [36m>[39m
        [36m<div[39m
          [33mclass[39m=[32m"flex items-center justify-between mb-4"[39m
        [36m>[39m
          [36m<h3[39m
            [33mclass[39m=[32m"text-lg font-semibold"[39m
          [36m>[39m
            [0mBalanced Portfolio[0m
          [36m</h3>[39m
          [36m<button[39m
            [33mclass[39m=[32m"p-2 text-blue-600 hover:bg-blue-50 dark:hover:bg-gray-700 rounded-lg"[39m
          [36m>[39m
            [36m<div[39m
              [33mdata-testid[39m=[32m"edit-icon"[39m
            [36m/>[39m
          [36m</button>[39m
        [36m</div>[39m
        [36m<div[39m
          [33mclass[39m=[32m"grid grid-cols-2 md:grid-cols-4 gap-4 text-sm"[39m
        [36m>[39m
          [36m<div>[39m
            [36m<span[39m
              [33mclass[39m=[32m"text-gray-600 dark:text-gray-400"[39m
            [36m>[39m
              [0mStocks[0m
              [0m:[0m
            [36m</span>[39m
            [36m<span[39m
              [33mclass[39m=[32m"ml-2 font-medium"[39m
            [36m>[39m
              [0m60[0m
              [0m%[0m
            [36m</span>[39m
          [36m</div>[39m
          [36m<div>[39m
            [36m<span[39m
              [33mclass[39m=[32m"text-gray-600 dark:text-gray-400"[39m
            [36m>[39m
              [0mBonds[0m
              [0m:[0m
            [36m</span>[39m
            [36m<span[39m
              [33mclass[39m=[32m"ml-2 font-medium"[39m
            [36m>[39m
              [0m30[0m
              [0m%[0m
            [36m</span>[39m
          [36m</div>[39m
          [36m<div>[39m
            [36m<span[39m
              [33mclass[39m=[32m"text-gray-600 dark:text-gray-400"[39m
            [36m>[39m
              [0mCash[0m
              [0m:[0m
            [36m</span>[39m
            [36m<span[39m
              [33mclass[39m=[32m"ml-2 font-medium"[39m
            [36m>[39m
              [0m10[0m
              [0m%[0m
            [36m</span>[39m
          [36m</div>[39m
        [36m</div>[39m
      [36m</div>[39m
      [36m<div[39m
        [33mclass[39m=[32m"grid grid-cols-1 lg:grid-cols-2 gap-6"[39m
      [36m>[39m
        [36m<div[39m
          [33mclass[39m=[32m"bg-white dark:bg-gray-800 rounded-lg shadow-md p-6"[39m
        [36m>[39m
          [36m<h3[39m
            [33mclass[39m=[32m"text-lg font-semibold mb-4"[39m
          [36m>[39m
            [0mCurrent Allocation[0m
          [36m</h3>[39m
          [36m<div[39m
            [33mdata-testid[39m=[32m"responsive-container"[39m
          [36m>[39m
            [36m<div[39m
              [33mdata-testid[39m=[32m"pie-chart"[39m
            [36m>[39m
              [36m<div[39m
                [33mdata-testid[39m=[32m"pie"[39m
              [36m/>[39m
              [36m<div[39m
                [33mdata-testid[39m=[32m"tooltip"[39m
              [36m/>[39m
            [36m</div>[39m
          [36m</div>[39m
        [36m</div>[39m
        [36m<div[39m
          [33mclass[39m=[32m"bg-white dark:bg-gray-800 rounded-lg shadow-md p-6"[39m
        [36m>[39m
          [36m<h3[39m
            [33mclass[39m=[32m"text-lg font-semibold mb-4"[39m
          [36m>[39m
            [0mAllocation Details[0m
          [36m</h3>[39m
          [36m<div[39m
            [33mclass[39m=[32m"space-y-2"[39m
          [36m>[39m
            [36m<div[39m
              [33mclass[39m=[32m"border-b dark:border-gray-700 pb-2"[39m
            [36m>[39m
              [36m<div[39m
                [33mclass[39m=[32m"flex items-center justify-between"[39m
              [36m>[39m
                [36m<div[39m
                  [33mclass[39m=[32m"flex items-center gap-2"[39m
                [36m>[39m
                  [36m<div[39m
                    [33mclass[39m=[32m"w-3 h-3 rounded-full"[39m
                    [33mstyle[39m=[32m"background-color: rgb(59, 130, 246);"[39m
                  [36m/>[39m
                  [36m<span[39m
                    [33mclass[39m=[32m"font-medium"[39m
                  [36m>[39m
                    [0mStocks[0m
                  [36m</span>[39m
                [36m</div>[39m
                [36m<span[39m
                  [33mclass[39m=[32m"font-medium"[39m
                [36m>[39m
                  [0m$60,000[0m
                [36m</span>[39m
              [36m</div>[39m
              [36m<div[39m
                [33mclass[39m=[32m"flex items-center justify-between mt-1 text-sm"[39m
              [36m>[39m
                [36m<div[39m
                  [33mclass[39m=[32m"flex items-center gap-4"[39m
                [36m>[39m
                  [36m<span[39m
                    [33mclass[39m=[32m"text-gray-600 dark:text-gray-400"[39m
                  [36m>[39m
...

Ignored nodes: comments, script, style
[36m<html>[39m
  [36m<head />[39m
  [36m<body[39m
    [33mstyle[39m=[32m""[39m
  [36m>[39m
    [36m<div>[39m
      [36m<div[39m
        [33mclass[39m=[32m"space-y-6"[39m
      [36m>[39m
        [36m<div[39m
          [33mclass[39m=[32m"flex flex-wrap items-center justify-between gap-4"[39m
        [36m>[39m
          [36m<div[39m
            [33mclass[39m=[32m"flex items-center gap-4"[39m
          [36m>[39m
            [36m<h2[39m
              [33mclass[39m=[32m"text-xl font-semibold"[39m
            [36m>[39m
              [0mPortfolio Rebalancing[0m
            [36m</h2>[39m
            [36m<span[39m
              [33mclass[39m=[32m"flex items-center gap-1 px-3 py-1 bg-orange-100 text-orange-700 dark:bg-orange-900/30 dark:text-orange-400 rounded-full text-sm"[39m
            [36m>[39m
              [36m<div[39m
                [33mdata-testid[39m=[32m"alert-circle-icon"[39m
              [36m/>[39m
              [0mRebalancing Recommended[0m
            [36m</span>[39m
          [36m</div>[39m
          [36m<div[39m
            [33mclass[39m=[32m"flex items-center gap-2"[39m
          [36m>[39m
            [36m<button[39m
              [33mclass[39m=[32m"flex items-center gap-2 px-4 py-2 text-gray-600 dark:text-gray-400 hover:text-gray-900 dark:hover:text-gray-100"[39m
            [36m>[39m
              [36m<div[39m
                [33mdata-testid[39m=[32m"target-icon"[39m
              [36m/>[39m
              [0mManage Targets[0m
            [36m</button>[39m
            [36m<button[39m
              [33mclass[39m=[32m"p-2 text-gray-600 dark:text-gray-400 hover:bg-gray-100 dark:hover:bg-gray-700 rounded-lg"[39m
              [33mtitle[39m=[32m"Refresh"[39m
            [36m>[39m
              [36m<div[39m
                [33mdata-testid[39m=[32m"refresh-icon"[39m
              [36m/>[39m
            [36m</button>[39m
          [36m</div>[39m
        [36m</div>[39m
        [36m<div[39m
          [33mclass[39m=[32m"bg-white dark:bg-gray-800 rounded-lg shadow-md p-6"[39m
        [36m>[39m
          [36m<div[39m
            [33mclass[39m=[32m"flex items-center justify-between mb-4"[39m
          [36m>[39m
            [36m<h3[39m
              [33mclass[39m=[32m"text-lg font-semibold"[39m
            [36m>[39m
              [0mBalanced Portfolio[0m
            [36m</h3>[39m
            [36m<button[39m
              [33mclass[39m=[32m"p-2 text-blue-600 hover:bg-blue-50 dark:hover:bg-gray-700 rounded-lg"[39m
            [36m>[39m
              [36m<div[39m
                [33mdata-testid[39m=[32m"edit-icon"[39m
              [36m/>[39m
            [36m</button>[39m
          [36m</div>[39m
          [36m<div[39m
            [33mclass[39m=[32m"grid grid-cols-2 md:grid-cols-4 gap-4 text-sm"[39m
          [36m>[39m
            [36m<div>[39m
              [36m<span[39m
                [33mclass[39m=[32m"text-gray-600 dark:text-gray-400"[39m
              [36m>[39m
                [0mStocks[0m
                [0m:[0m
              [36m</span>[39m
              [36m<span[39m
                [33mclass[39m=[32m"ml-2 font-medium"[39m
              [36m>[39m
                [0m60[0m
                [0m%[0m
              [36m</span>[39m
            [36m</div>[39m
            [36m<div>[39m
              [36m<span[39m
                [33mclass[39m=[32m"text-gray-600 dark:text-gray-400"[39m
              [36m>[39m
                [0mBonds[0m
                [0m:[0m
              [36m</span>[39m
              [36m<span[39m
                [33mclass[39m=[32m"ml-2 font-medium"[39m
              [36m>[39m
                [0m30[0m
                [0m%[0m
              [36m</span>[39m
            [36m</div>[39m
            [36m<div>[39m
              [36m<span[39m
                [33mclass[39m=[32m"text-gray-600 dark:text-gray-400"[39m
              [36m>[39m
                [0mCash[0m
                [0m:[0m
              [36m</span>[39m
              [36m<span[39m
                [33mclass[39m=[32m"ml-2 font-medium"[39m
              [36m>[39m
                [0m10[0m
                [0m%[0m
              [36m</span>[39m
            [36m</div>[39m
          [36m</div>[39m
        [36m</div>[39m
        [36m<div[39m
          [33mclass[39m=[32m"grid grid-cols-1 lg:grid-cols-2 gap-6"[39m
        [36m>[39m
          [36m<div[39m
            [33mclass[39m=[32m"bg-white dark:bg-gray-800 rounded-lg shadow-md p-6"[39m
          [36m>[39m
            [36m<h3[39m
              [33mclass[39m=[32m"text-lg font-semibold mb-4"[39m
            [36m>[39m
              [0mCurrent Allocation[0m
            [36m</h3>[39m
            [36m<div[39m
              [33mdata-testid[39m=[32m"responsive-container"[39m
            [36m>[39m
              [36m<div[39m
                [33mdata-testid[39m=[32m"pie-chart"[39m
              [36m>[39m
                [36m<div[39m
                  [33mdata-testid[39m=[32m"pie"[39m
                [36m/>[39m
                [36m<div[39m
                  [33mdata-testid[39m=[32m"tooltip"[39m
                [36m/>[39m
              [36m</div>[39m
            [36m</div>[39m
          [36m</div>[39m
          [36m<div[39m
            [33mclass[39m=[32m"bg-white dark:bg-gray-800 rounded-lg shadow-md p-6"[39m
          [36m>[39m
            [36m<h3[39m
              [33mclass[39m=[32m"text-lg font-semibold mb-4"[39m
            [36m>[39m
              [0mAllocation Details[0m
            [36m</h3>[39m
            [36m<div[39m
              [33mclass[39m=[32m"space-y-2"[39m
            [36m>[39m
              [36m<div[39m
                [33mclass[39m=[32m"border-b dark:border-gray-700 pb-2"[39m
              [36m>[39m
                [36m<div[39m
                  [33mclass[39m=[32m"flex items-center justify-between"[39m
                [36m>[39m
                  [36m<div[39m
                    [33mclass[39m=[32m"flex items-center gap-2"[39m
                  [36m>[39m
                    [36m<div[39m
                      [33mclass[39m=[32m"w-3 h-3 rounded-full"[39m
                      [33mstyle[39m=[32m"background-color: rgb(59, 130, 246);"[39m
                    [36m/>[39m
                    [36m<span[39m
                      [33mclass[39m=[32m"font-medium"[39m
                    [36m>[39m
                      [0mStocks[0m
                    [36m</span>[39m
                  [36m</div>[39m
                  [36m<span[39m
                    [33mclass[39m=[32m"font-medium"[39m
                  [36m>[39m
                    [0m$60,000[0m
                  [36m</span>[39m
                [36m</div>[39m
                [36m<div[39m...
   ✓ PortfolioRebalancer > rebalance actions > shows action details 10ms
   ✓ PortfolioRebalancer > settings > shows tax consideration toggle 8ms
   ✓ PortfolioRebalancer > settings > toggles tax considerations 8ms
   ✓ PortfolioRebalancer > settings > shows cash available input 8ms
   × PortfolioRebalancer > empty state > shows message when no investments 14ms
     → Unable to find an element with the text: No holdings to display. This could be because the text is broken up by multiple elements. In this case, you can provide a function for your text matcher to make your matcher more flexible.

Ignored nodes: comments, script, style
[36m<body[39m
  [33mstyle[39m=[32m""[39m
[36m>[39m
  [36m<div>[39m
    [36m<div[39m
      [33mclass[39m=[32m"space-y-6"[39m
    [36m>[39m
      [36m<div[39m
        [33mclass[39m=[32m"flex flex-wrap items-center justify-between gap-4"[39m
      [36m>[39m
        [36m<div[39m
          [33mclass[39m=[32m"flex items-center gap-4"[39m
        [36m>[39m
          [36m<h2[39m
            [33mclass[39m=[32m"text-xl font-semibold"[39m
          [36m>[39m
            [0mPortfolio Rebalancing[0m
          [36m</h2>[39m
          [36m<span[39m
            [33mclass[39m=[32m"flex items-center gap-1 px-3 py-1 bg-orange-100 text-orange-700 dark:bg-orange-900/30 dark:text-orange-400 rounded-full text-sm"[39m
          [36m>[39m
            [36m<div[39m
              [33mdata-testid[39m=[32m"alert-circle-icon"[39m
            [36m/>[39m
            [0mRebalancing Recommended[0m
          [36m</span>[39m
        [36m</div>[39m
        [36m<div[39m
          [33mclass[39m=[32m"flex items-center gap-2"[39m
        [36m>[39m
          [36m<button[39m
            [33mclass[39m=[32m"flex items-center gap-2 px-4 py-2 text-gray-600 dark:text-gray-400 hover:text-gray-900 dark:hover:text-gray-100"[39m
          [36m>[39m
            [36m<div[39m
              [33mdata-testid[39m=[32m"target-icon"[39m
            [36m/>[39m
            [0mManage Targets[0m
          [36m</button>[39m
          [36m<button[39m
            [33mclass[39m=[32m"p-2 text-gray-600 dark:text-gray-400 hover:bg-gray-100 dark:hover:bg-gray-700 rounded-lg"[39m
            [33mtitle[39m=[32m"Refresh"[39m
          [36m>[39m
            [36m<div[39m
              [33mdata-testid[39m=[32m"refresh-icon"[39m
            [36m/>[39m
          [36m</button>[39m
        [36m</div>[39m
      [36m</div>[39m
      [36m<div[39m
        [33mclass[39m=[32m"bg-white dark:bg-gray-800 rounded-lg shadow-md p-6"[39m
      [36m>[39m
        [36m<div[39m
          [33mclass[39m=[32m"flex items-center justify-between mb-4"[39m
        [36m>[39m
          [36m<h3[39m
            [33mclass[39m=[32m"text-lg font-semibold"[39m
          [36m>[39m
            [0mBalanced Portfolio[0m
          [36m</h3>[39m
          [36m<button[39m
            [33mclass[39m=[32m"p-2 text-blue-600 hover:bg-blue-50 dark:hover:bg-gray-700 rounded-lg"[39m
          [36m>[39m
            [36m<div[39m
              [33mdata-testid[39m=[32m"edit-icon"[39m
            [36m/>[39m
          [36m</button>[39m
        [36m</div>[39m
        [36m<div[39m
          [33mclass[39m=[32m"grid grid-cols-2 md:grid-cols-4 gap-4 text-sm"[39m
        [36m>[39m
          [36m<div>[39m
            [36m<span[39m
              [33mclass[39m=[32m"text-gray-600 dark:text-gray-400"[39m
            [36m>[39m
              [0mStocks[0m
              [0m:[0m
            [36m</span>[39m
            [36m<span[39m
              [33mclass[39m=[32m"ml-2 font-medium"[39m
            [36m>[39m
              [0m60[0m
              [0m%[0m
            [36m</span>[39m
          [36m</div>[39m
          [36m<div>[39m
            [36m<span[39m
              [33mclass[39m=[32m"text-gray-600 dark:text-gray-400"[39m
            [36m>[39m
              [0mBonds[0m
              [0m:[0m
            [36m</span>[39m
            [36m<span[39m
              [33mclass[39m=[32m"ml-2 font-medium"[39m
            [36m>[39m
              [0m30[0m
              [0m%[0m
            [36m</span>[39m
          [36m</div>[39m
          [36m<div>[39m
            [36m<span[39m
              [33mclass[39m=[32m"text-gray-600 dark:text-gray-400"[39m
            [36m>[39m
              [0mCash[0m
              [0m:[0m
            [36m</span>[39m
            [36m<span[39m
              [33mclass[39m=[32m"ml-2 font-medium"[39m
            [36m>[39m
              [0m10[0m
              [0m%[0m
            [36m</span>[39m
          [36m</div>[39m
        [36m</div>[39m
      [36m</div>[39m
      [36m<div[39m
        [33mclass[39m=[32m"grid grid-cols-1 lg:grid-cols-2 gap-6"[39m
      [36m>[39m
        [36m<div[39m
          [33mclass[39m=[32m"bg-white dark:bg-gray-800 rounded-lg shadow-md p-6"[39m
        [36m>[39m
          [36m<h3[39m
            [33mclass[39m=[32m"text-lg font-semibold mb-4"[39m
          [36m>[39m
            [0mCurrent Allocation[0m
          [36m</h3>[39m
          [36m<div[39m
            [33mdata-testid[39m=[32m"responsive-container"[39m
          [36m>[39m
            [36m<div[39m
              [33mdata-testid[39m=[32m"pie-chart"[39m
            [36m>[39m
              [36m<div[39m
                [33mdata-testid[39m=[32m"pie"[39m
              [36m/>[39m
              [36m<div[39m
                [33mdata-testid[39m=[32m"tooltip"[39m
              [36m/>[39m
            [36m</div>[39m
          [36m</div>[39m
        [36m</div>[39m
        [36m<div[39m
          [33mclass[39m=[32m"bg-white dark:bg-gray-800 rounded-lg shadow-md p-6"[39m
        [36m>[39m
          [36m<h3[39m
            [33mclass[39m=[32m"text-lg font-semibold mb-4"[39m
          [36m>[39m
            [0mAllocation Details[0m
          [36m</h3>[39m
          [36m<div[39m
            [33mclass[39m=[32m"space-y-2"[39m
          [36m>[39m
            [36m<div[39m
              [33mclass[39m=[32m"border-b dark:border-gray-700 pb-2"[39m
            [36m>[39m
              [36m<div[39m
                [33mclass[39m=[32m"flex items-center justify-between"[39m
              [36m>[39m
                [36m<div[39m
                  [33mclass[39m=[32m"flex items-center gap-2"[39m
                [36m>[39m
                  [36m<div[39m
                    [33mclass[39m=[32m"w-3 h-3 rounded-full"[39m
                    [33mstyle[39m=[32m"background-color: rgb(59, 130, 246);"[39m
                  [36m/>[39m
                  [36m<span[39m
                    [33mclass[39m=[32m"font-medium"[39m
                  [36m>[39m
                    [0mStocks[0m
                  [36m</span>[39m
                [36m</div>[39m
                [36m<span[39m
                  [33mclass[39m=[32m"font-medium"[39m
                [36m>[39m
                  [0m$60,000[0m
                [36m</span>[39m
              [36m</div>[39m
              [36m<div[39m
                [33mclass[39m=[32m"flex items-center justify-between mt-1 text-sm"[39m
              [36m>[39m
                [36m<div[39m
                  [33mclass[39m=[32m"flex items-center gap-4"[39m
                [36m>[39m
                  [36m<span[39m
                    [33mclass[39m=[32m"text-gray-600 dark:text-gray-400"[39m
                  [36m>[39m
...
   ✓ PortfolioRebalancer > accessibility > has accessible form controls 7ms
   ✓ PortfolioRebalancer > accessibility > modal has proper dialog role 16ms
   ✓ PortfolioRebalancer > interactions > refreshes data on refresh button click 9ms
   ✓ PortfolioRebalancer > interactions > updates active target 17ms
 ✓ src/test/integration/ComponentInteraction.test.tsx (10 tests) 98ms
 ❯ src/components/__tests__/DataValidation.test.tsx (23 tests | 8 failed) 718ms
   ✓ DataValidation > rendering > renders correctly when open 57ms
   ✓ DataValidation > rendering > does not render when closed 3ms
   × DataValidation > rendering > displays issue counts correctly 31ms
     → Unable to find an element with the text: 3. This could be because the text is broken up by multiple elements. In this case, you can provide a function for your text matcher to make your matcher more flexible.

Ignored nodes: comments, script, style
[36m<body[39m
  [33mstyle[39m=[32m"position: fixed; top: 0px; width: 100%; overflow: hidden;"[39m
[36m>[39m
  [36m<div>[39m
    [36m<div[39m
      [33maria-hidden[39m=[32m"true"[39m
      [33mclass[39m=[32m"fixed inset-0 bg-black/60 backdrop-blur-sm z-50 animate-in fade-in duration-200"[39m
    [36m/>[39m
    [36m<div[39m
      [33mclass[39m=[32m"fixed inset-x-0 z-50 flex justify-center px-4"[39m
      [33mstyle[39m=[32m"top: 40px;"[39m
    [36m>[39m
      [36m<div[39m
        [33maria-labelledby[39m=[32m"modal-title"[39m
        [33maria-modal[39m=[32m"true"[39m
        [33mclass[39m=[32m"
            bg-white dark:bg-gray-900 
            rounded-2xl 
            shadow-2xl 
            w-full 
            max-w-md 
            overflow-hidden 
            flex 
            flex-col
            animate-in zoom-in-95 slide-in-from-bottom-4 duration-200
            border border-gray-200/50 dark:border-gray-700/50
          "[39m
        [33mrole[39m=[32m"dialog"[39m
        [33mstyle[39m=[32m"max-height: 688px;"[39m
        [33mtabindex[39m=[32m"-1"[39m
      [36m>[39m
        [36m<div[39m
          [33mclass[39m=[32m"flex items-center justify-between px-6 py-5 border-b border-gray-200 dark:border-gray-800 bg-gradient-to-r from-gray-50 to-white dark:from-gray-900 dark:to-gray-800 flex-shrink-0"[39m
        [36m>[39m
          [36m<h2[39m
            [33mclass[39m=[32m"text-xl font-bold text-gray-900 dark:text-white"[39m
            [33mid[39m=[32m"modal-title"[39m
          [36m>[39m
            [0mData Validation & Cleanup[0m
          [36m</h2>[39m
          [36m<button[39m
            [33maria-label[39m=[32m"Close modal"[39m
            [33mclass[39m=[32m"
                  p-2 
                  rounded-lg 
                  text-gray-400 
                  hover:text-gray-600 
                  dark:text-gray-500 
                  dark:hover:text-gray-300 
                  hover:bg-gray-100 
                  dark:hover:bg-gray-800 
                  transition-all 
                  duration-200
                  focus:outline-none 
                  focus:ring-2 
                  focus:ring-primary/50
                "[39m
          [36m>[39m
            [36m<svg[39m
              [33maria-hidden[39m=[32m"true"[39m
              [33mclass[39m=[32m"lucide lucide-x"[39m
              [33mfill[39m=[32m"none"[39m
              [33mheight[39m=[32m"20"[39m
              [33mstroke[39m=[32m"currentColor"[39m
              [33mstroke-linecap[39m=[32m"round"[39m
              [33mstroke-linejoin[39m=[32m"round"[39m
              [33mstroke-width[39m=[32m"2"[39m
              [33mviewBox[39m=[32m"0 0 24 24"[39m
              [33mwidth[39m=[32m"20"[39m
              [33mxmlns[39m=[32m"http://www.w3.org/2000/svg"[39m
            [36m>[39m
              [36m<path[39m
                [33md[39m=[32m"M18 6 6 18"[39m
              [36m/>[39m
              [36m<path[39m
                [33md[39m=[32m"m6 6 12 12"[39m
              [36m/>[39m
            [36m</svg>[39m
          [36m</button>[39m
        [36m</div>[39m
        [36m<div[39m
          [33mclass[39m=[32m"flex-1 overflow-y-auto overscroll-contain"[39m
        [36m>[39m
          [36m<div[39m
            [33mclass[39m=[32m"p-6"[39m
          [36m>[39m
            [36m<div[39m
              [33mclass[39m=[32m"grid grid-cols-3 gap-4 mb-6"[39m
            [36m>[39m
              [36m<div[39m
                [33mclass[39m=[32m"rounded-lg p-4 bg-red-50 dark:bg-red-900/20 border border-red-200 dark:border-red-800"[39m
              [36m>[39m
                [36m<div[39m
                  [33mclass[39m=[32m"flex items-center justify-between"[39m
                [36m>[39m
                  [36m<div>[39m
                    [36m<div[39m
                      [33mclass[39m=[32m"text-sm text-gray-600 dark:text-gray-400"[39m
                    [36m>[39m
                      [0mErrors[0m
                    [36m</div>[39m
                    [36m<div[39m
                      [33mclass[39m=[32m"text-2xl font-semibold mt-1"[39m
                    [36m>[39m
                      [0m2[0m
                    [36m</div>[39m
                  [36m</div>[39m
                  [36m<div[39m
                    [33mclass[39m=[32m"text-red-500"[39m
                    [33mdata-testid[39m=[32m"x-circle-icon"[39m
                  [36m>[39m
                    [0mXCircle[0m
                  [36m</div>[39m
                [36m</div>[39m
              [36m</div>[39m
              [36m<div[39m
                [33mclass[39m=[32m"rounded-lg p-4 bg-yellow-50 dark:bg-yellow-900/20 border border-yellow-200 dark:border-yellow-800"[39m
              [36m>[39m
                [36m<div[39m
                  [33mclass[39m=[32m"flex items-center justify-between"[39m
                [36m>[39m
                  [36m<div>[39m
                    [36m<div[39m
                      [33mclass[39m=[32m"text-sm text-gray-600 dark:text-gray-400"[39m
                    [36m>[39m
                      [0mWarnings[0m
                    [36m</div>[39m
                    [36m<div[39m
                      [33mclass[39m=[32m"text-2xl font-semibold mt-1"[39m
                    [36m>[39m
                      [0m11[0m
                    [36m</div>[39m
                  [36m</div>[39m
                  [36m<div[39m
                    [33mclass[39m=[32m"text-yellow-500"[39m
                    [33mdata-testid[39m=[32m"alert-triangle-icon"[39m
                  [36m>[39m
                    [0mAlertTriangle[0m
                  [36m</div>[39m
                [36m</div>[39m
              [36m</div>[39m
              [36m<div[39m
                [33mclass[39m=[32m"rounded-lg p-4 bg-blue-50 dark:bg-blue-900/20 border border-blue-200 dark:border-blue-800"[39m
              [36m>[39m
                [36m<div[39m
                  [33mclass[39m=[32m"flex items-center justify-between"[39m
                [36m>[39m
                  [36m<div>[39m
                    [36m<div[39m
                      [33mclass[39m=[32m"text-sm text-gray-600 dark:text-gray-400"[39m
                    [36m>[39m
                      [0mInfo[0m
                    [36m</div>[39m
                    [36m<div[39m
                      [33mclass[39m=[32m"text-2xl font-semibold mt-1"[39m
                    [36m>[39m
                      [0m1[0m
                    [36m</div>[39m
                  [36m</div>[39m
                  [36m<div[39m
                    [33mclass[39m=[32m"text-blue-500"[39m
                    [33mdata-testid[39m=[32m"alert-circle-icon"[39m
                  [36m>[39m
                    [0mAlertCi...
   ✓ DataValidation > rendering > shows all data looks good when no issues 0ms
   × DataValidation > issue detection > detects future-dated transactions 27ms
     → Unable to find an element with the text: /1 transaction\(s\) have future dates/. This could be because the text is broken up by multiple elements. In this case, you can provide a function for your text matcher to make your matcher more flexible.

Ignored nodes: comments, script, style
[36m<body[39m
  [33mstyle[39m=[32m"position: fixed; top: 0px; width: 100%; overflow: hidden;"[39m
[36m>[39m
  [36m<div>[39m
    [36m<div[39m
      [33maria-hidden[39m=[32m"true"[39m
      [33mclass[39m=[32m"fixed inset-0 bg-black/60 backdrop-blur-sm z-50 animate-in fade-in duration-200"[39m
    [36m/>[39m
    [36m<div[39m
      [33mclass[39m=[32m"fixed inset-x-0 z-50 flex justify-center px-4"[39m
      [33mstyle[39m=[32m"top: 40px;"[39m
    [36m>[39m
      [36m<div[39m
        [33maria-labelledby[39m=[32m"modal-title"[39m
        [33maria-modal[39m=[32m"true"[39m
        [33mclass[39m=[32m"
            bg-white dark:bg-gray-900 
            rounded-2xl 
            shadow-2xl 
            w-full 
            max-w-md 
            overflow-hidden 
            flex 
            flex-col
            animate-in zoom-in-95 slide-in-from-bottom-4 duration-200
            border border-gray-200/50 dark:border-gray-700/50
          "[39m
        [33mrole[39m=[32m"dialog"[39m
        [33mstyle[39m=[32m"max-height: 688px;"[39m
        [33mtabindex[39m=[32m"-1"[39m
      [36m>[39m
        [36m<div[39m
          [33mclass[39m=[32m"flex items-center justify-between px-6 py-5 border-b border-gray-200 dark:border-gray-800 bg-gradient-to-r from-gray-50 to-white dark:from-gray-900 dark:to-gray-800 flex-shrink-0"[39m
        [36m>[39m
          [36m<h2[39m
            [33mclass[39m=[32m"text-xl font-bold text-gray-900 dark:text-white"[39m
            [33mid[39m=[32m"modal-title"[39m
          [36m>[39m
            [0mData Validation & Cleanup[0m
          [36m</h2>[39m
          [36m<button[39m
            [33maria-label[39m=[32m"Close modal"[39m
            [33mclass[39m=[32m"
                  p-2 
                  rounded-lg 
                  text-gray-400 
                  hover:text-gray-600 
                  dark:text-gray-500 
                  dark:hover:text-gray-300 
                  hover:bg-gray-100 
                  dark:hover:bg-gray-800 
                  transition-all 
                  duration-200
                  focus:outline-none 
                  focus:ring-2 
                  focus:ring-primary/50
                "[39m
          [36m>[39m
            [36m<svg[39m
              [33maria-hidden[39m=[32m"true"[39m
              [33mclass[39m=[32m"lucide lucide-x"[39m
              [33mfill[39m=[32m"none"[39m
              [33mheight[39m=[32m"20"[39m
              [33mstroke[39m=[32m"currentColor"[39m
              [33mstroke-linecap[39m=[32m"round"[39m
              [33mstroke-linejoin[39m=[32m"round"[39m
              [33mstroke-width[39m=[32m"2"[39m
              [33mviewBox[39m=[32m"0 0 24 24"[39m
              [33mwidth[39m=[32m"20"[39m
              [33mxmlns[39m=[32m"http://www.w3.org/2000/svg"[39m
            [36m>[39m
              [36m<path[39m
                [33md[39m=[32m"M18 6 6 18"[39m
              [36m/>[39m
              [36m<path[39m
                [33md[39m=[32m"m6 6 12 12"[39m
              [36m/>[39m
            [36m</svg>[39m
          [36m</button>[39m
        [36m</div>[39m
        [36m<div[39m
          [33mclass[39m=[32m"flex-1 overflow-y-auto overscroll-contain"[39m
        [36m>[39m
          [36m<div[39m
            [33mclass[39m=[32m"p-6"[39m
          [36m>[39m
            [36m<div[39m
              [33mclass[39m=[32m"grid grid-cols-3 gap-4 mb-6"[39m
            [36m>[39m
              [36m<div[39m
                [33mclass[39m=[32m"rounded-lg p-4 bg-red-50 dark:bg-red-900/20 border border-red-200 dark:border-red-800"[39m
              [36m>[39m
                [36m<div[39m
                  [33mclass[39m=[32m"flex items-center justify-between"[39m
                [36m>[39m
                  [36m<div>[39m
                    [36m<div[39m
                      [33mclass[39m=[32m"text-sm text-gray-600 dark:text-gray-400"[39m
                    [36m>[39m
                      [0mErrors[0m
                    [36m</div>[39m
                    [36m<div[39m
                      [33mclass[39m=[32m"text-2xl font-semibold mt-1"[39m
                    [36m>[39m
                      [0m2[0m
                    [36m</div>[39m
                  [36m</div>[39m
                  [36m<div[39m
                    [33mclass[39m=[32m"text-red-500"[39m
                    [33mdata-testid[39m=[32m"x-circle-icon"[39m
                  [36m>[39m
                    [0mXCircle[0m
                  [36m</div>[39m
                [36m</div>[39m
              [36m</div>[39m
              [36m<div[39m
                [33mclass[39m=[32m"rounded-lg p-4 bg-yellow-50 dark:bg-yellow-900/20 border border-yellow-200 dark:border-yellow-800"[39m
              [36m>[39m
                [36m<div[39m
                  [33mclass[39m=[32m"flex items-center justify-between"[39m
                [36m>[39m
                  [36m<div>[39m
                    [36m<div[39m
                      [33mclass[39m=[32m"text-sm text-gray-600 dark:text-gray-400"[39m
                    [36m>[39m
                      [0mWarnings[0m
                    [36m</div>[39m
                    [36m<div[39m
                      [33mclass[39m=[32m"text-2xl font-semibold mt-1"[39m
                    [36m>[39m
                      [0m11[0m
                    [36m</div>[39m
                  [36m</div>[39m
                  [36m<div[39m
                    [33mclass[39m=[32m"text-yellow-500"[39m
                    [33mdata-testid[39m=[32m"alert-triangle-icon"[39m
                  [36m>[39m
                    [0mAlertTriangle[0m
                  [36m</div>[39m
                [36m</div>[39m
              [36m</div>[39m
              [36m<div[39m
                [33mclass[39m=[32m"rounded-lg p-4 bg-blue-50 dark:bg-blue-900/20 border border-blue-200 dark:border-blue-800"[39m
              [36m>[39m
                [36m<div[39m
                  [33mclass[39m=[32m"flex items-center justify-between"[39m
                [36m>[39m
                  [36m<div>[39m
                    [36m<div[39m
                      [33mclass[39m=[32m"text-sm text-gray-600 dark:text-gray-400"[39m
                    [36m>[39m
                      [0mInfo[0m
                    [36m</div>[39m
                    [36m<div[39m
                      [33mclass[39m=[32m"text-2xl font-semibold mt-1"[39m
                    [36m>[39m
                      [0m1[0m
                    [36m</div>[39m
                  [36m</div>[39m
                  [36m<div[39m
                    [33mclass[39m=[32m"text-blue-500"[39m
                    [33mdata-testid[39m=[32m"alert-circle-icon"[39m
                  [36m>[39m
                    [0mAlertCi...
   × DataValidation > issue detection > detects missing categories 19ms
     → Unable to find an element with the text: /1 transaction\(s\) have no category/. This could be because the text is broken up by multiple elements. In this case, you can provide a function for your text matcher to make your matcher more flexible.

Ignored nodes: comments, script, style
[36m<body[39m
  [33mstyle[39m=[32m"position: fixed; top: 0px; width: 100%; overflow: hidden;"[39m
[36m>[39m
  [36m<div>[39m
    [36m<div[39m
      [33maria-hidden[39m=[32m"true"[39m
      [33mclass[39m=[32m"fixed inset-0 bg-black/60 backdrop-blur-sm z-50 animate-in fade-in duration-200"[39m
    [36m/>[39m
    [36m<div[39m
      [33mclass[39m=[32m"fixed inset-x-0 z-50 flex justify-center px-4"[39m
      [33mstyle[39m=[32m"top: 40px;"[39m
    [36m>[39m
      [36m<div[39m
        [33maria-labelledby[39m=[32m"modal-title"[39m
        [33maria-modal[39m=[32m"true"[39m
        [33mclass[39m=[32m"
            bg-white dark:bg-gray-900 
            rounded-2xl 
            shadow-2xl 
            w-full 
            max-w-md 
            overflow-hidden 
            flex 
            flex-col
            animate-in zoom-in-95 slide-in-from-bottom-4 duration-200
            border border-gray-200/50 dark:border-gray-700/50
          "[39m
        [33mrole[39m=[32m"dialog"[39m
        [33mstyle[39m=[32m"max-height: 688px;"[39m
        [33mtabindex[39m=[32m"-1"[39m
      [36m>[39m
        [36m<div[39m
          [33mclass[39m=[32m"flex items-center justify-between px-6 py-5 border-b border-gray-200 dark:border-gray-800 bg-gradient-to-r from-gray-50 to-white dark:from-gray-900 dark:to-gray-800 flex-shrink-0"[39m
        [36m>[39m
          [36m<h2[39m
            [33mclass[39m=[32m"text-xl font-bold text-gray-900 dark:text-white"[39m
            [33mid[39m=[32m"modal-title"[39m
          [36m>[39m
            [0mData Validation & Cleanup[0m
          [36m</h2>[39m
          [36m<button[39m
            [33maria-label[39m=[32m"Close modal"[39m
            [33mclass[39m=[32m"
                  p-2 
                  rounded-lg 
                  text-gray-400 
                  hover:text-gray-600 
                  dark:text-gray-500 
                  dark:hover:text-gray-300 
                  hover:bg-gray-100 
                  dark:hover:bg-gray-800 
                  transition-all 
                  duration-200
                  focus:outline-none 
                  focus:ring-2 
                  focus:ring-primary/50
                "[39m
          [36m>[39m
            [36m<svg[39m
              [33maria-hidden[39m=[32m"true"[39m
              [33mclass[39m=[32m"lucide lucide-x"[39m
              [33mfill[39m=[32m"none"[39m
              [33mheight[39m=[32m"20"[39m
              [33mstroke[39m=[32m"currentColor"[39m
              [33mstroke-linecap[39m=[32m"round"[39m
              [33mstroke-linejoin[39m=[32m"round"[39m
              [33mstroke-width[39m=[32m"2"[39m
              [33mviewBox[39m=[32m"0 0 24 24"[39m
              [33mwidth[39m=[32m"20"[39m
              [33mxmlns[39m=[32m"http://www.w3.org/2000/svg"[39m
            [36m>[39m
              [36m<path[39m
                [33md[39m=[32m"M18 6 6 18"[39m
              [36m/>[39m
              [36m<path[39m
                [33md[39m=[32m"m6 6 12 12"[39m
              [36m/>[39m
            [36m</svg>[39m
          [36m</button>[39m
        [36m</div>[39m
        [36m<div[39m
          [33mclass[39m=[32m"flex-1 overflow-y-auto overscroll-contain"[39m
        [36m>[39m
          [36m<div[39m
            [33mclass[39m=[32m"p-6"[39m
          [36m>[39m
            [36m<div[39m
              [33mclass[39m=[32m"grid grid-cols-3 gap-4 mb-6"[39m
            [36m>[39m
              [36m<div[39m
                [33mclass[39m=[32m"rounded-lg p-4 bg-red-50 dark:bg-red-900/20 border border-red-200 dark:border-red-800"[39m
              [36m>[39m
                [36m<div[39m
                  [33mclass[39m=[32m"flex items-center justify-between"[39m
                [36m>[39m
                  [36m<div>[39m
                    [36m<div[39m
                      [33mclass[39m=[32m"text-sm text-gray-600 dark:text-gray-400"[39m
                    [36m>[39m
                      [0mErrors[0m
                    [36m</div>[39m
                    [36m<div[39m
                      [33mclass[39m=[32m"text-2xl font-semibold mt-1"[39m
                    [36m>[39m
                      [0m2[0m
                    [36m</div>[39m
                  [36m</div>[39m
                  [36m<div[39m
                    [33mclass[39m=[32m"text-red-500"[39m
                    [33mdata-testid[39m=[32m"x-circle-icon"[39m
                  [36m>[39m
                    [0mXCircle[0m
                  [36m</div>[39m
                [36m</div>[39m
              [36m</div>[39m
              [36m<div[39m
                [33mclass[39m=[32m"rounded-lg p-4 bg-yellow-50 dark:bg-yellow-900/20 border border-yellow-200 dark:border-yellow-800"[39m
              [36m>[39m
                [36m<div[39m
                  [33mclass[39m=[32m"flex items-center justify-between"[39m
                [36m>[39m
                  [36m<div>[39m
                    [36m<div[39m
                      [33mclass[39m=[32m"text-sm text-gray-600 dark:text-gray-400"[39m
                    [36m>[39m
                      [0mWarnings[0m
                    [36m</div>[39m
                    [36m<div[39m
                      [33mclass[39m=[32m"text-2xl font-semibold mt-1"[39m
                    [36m>[39m
                      [0m11[0m
                    [36m</div>[39m
                  [36m</div>[39m
                  [36m<div[39m
                    [33mclass[39m=[32m"text-yellow-500"[39m
                    [33mdata-testid[39m=[32m"alert-triangle-icon"[39m
                  [36m>[39m
                    [0mAlertTriangle[0m
                  [36m</div>[39m
                [36m</div>[39m
              [36m</div>[39m
              [36m<div[39m
                [33mclass[39m=[32m"rounded-lg p-4 bg-blue-50 dark:bg-blue-900/20 border border-blue-200 dark:border-blue-800"[39m
              [36m>[39m
                [36m<div[39m
                  [33mclass[39m=[32m"flex items-center justify-between"[39m
                [36m>[39m
                  [36m<div>[39m
                    [36m<div[39m
                      [33mclass[39m=[32m"text-sm text-gray-600 dark:text-gray-400"[39m
                    [36m>[39m
                      [0mInfo[0m
                    [36m</div>[39m
                    [36m<div[39m
                      [33mclass[39m=[32m"text-2xl font-semibold mt-1"[39m
                    [36m>[39m
                      [0m1[0m
                    [36m</div>[39m
                  [36m</div>[39m
                  [36m<div[39m
                    [33mclass[39m=[32m"text-blue-500"[39m
                    [33mdata-testid[39m=[32m"alert-circle-icon"[39m
                  [36m>[39m
                    [0mAlertCi...
   × DataValidation > issue detection > detects invalid categories 14ms
     → Unable to find an element with the text: /1 transaction\(s\) have invalid categories/. This could be because the text is broken up by multiple elements. In this case, you can provide a function for your text matcher to make your matcher more flexible.

Ignored nodes: comments, script, style
[36m<body[39m
  [33mstyle[39m=[32m"position: fixed; top: 0px; width: 100%; overflow: hidden;"[39m
[36m>[39m
  [36m<div>[39m
    [36m<div[39m
      [33maria-hidden[39m=[32m"true"[39m
      [33mclass[39m=[32m"fixed inset-0 bg-black/60 backdrop-blur-sm z-50 animate-in fade-in duration-200"[39m
    [36m/>[39m
    [36m<div[39m
      [33mclass[39m=[32m"fixed inset-x-0 z-50 flex justify-center px-4"[39m
      [33mstyle[39m=[32m"top: 40px;"[39m
    [36m>[39m
      [36m<div[39m
        [33maria-labelledby[39m=[32m"modal-title"[39m
        [33maria-modal[39m=[32m"true"[39m
        [33mclass[39m=[32m"
            bg-white dark:bg-gray-900 
            rounded-2xl 
            shadow-2xl 
            w-full 
            max-w-md 
            overflow-hidden 
            flex 
            flex-col
            animate-in zoom-in-95 slide-in-from-bottom-4 duration-200
            border border-gray-200/50 dark:border-gray-700/50
          "[39m
        [33mrole[39m=[32m"dialog"[39m
        [33mstyle[39m=[32m"max-height: 688px;"[39m
        [33mtabindex[39m=[32m"-1"[39m
      [36m>[39m
        [36m<div[39m
          [33mclass[39m=[32m"flex items-center justify-between px-6 py-5 border-b border-gray-200 dark:border-gray-800 bg-gradient-to-r from-gray-50 to-white dark:from-gray-900 dark:to-gray-800 flex-shrink-0"[39m
        [36m>[39m
          [36m<h2[39m
            [33mclass[39m=[32m"text-xl font-bold text-gray-900 dark:text-white"[39m
            [33mid[39m=[32m"modal-title"[39m
          [36m>[39m
            [0mData Validation & Cleanup[0m
          [36m</h2>[39m
          [36m<button[39m
            [33maria-label[39m=[32m"Close modal"[39m
            [33mclass[39m=[32m"
                  p-2 
                  rounded-lg 
                  text-gray-400 
                  hover:text-gray-600 
                  dark:text-gray-500 
                  dark:hover:text-gray-300 
                  hover:bg-gray-100 
                  dark:hover:bg-gray-800 
                  transition-all 
                  duration-200
                  focus:outline-none 
                  focus:ring-2 
                  focus:ring-primary/50
                "[39m
          [36m>[39m
            [36m<svg[39m
              [33maria-hidden[39m=[32m"true"[39m
              [33mclass[39m=[32m"lucide lucide-x"[39m
              [33mfill[39m=[32m"none"[39m
              [33mheight[39m=[32m"20"[39m
              [33mstroke[39m=[32m"currentColor"[39m
              [33mstroke-linecap[39m=[32m"round"[39m
              [33mstroke-linejoin[39m=[32m"round"[39m
              [33mstroke-width[39m=[32m"2"[39m
              [33mviewBox[39m=[32m"0 0 24 24"[39m
              [33mwidth[39m=[32m"20"[39m
              [33mxmlns[39m=[32m"http://www.w3.org/2000/svg"[39m
            [36m>[39m
              [36m<path[39m
                [33md[39m=[32m"M18 6 6 18"[39m
              [36m/>[39m
              [36m<path[39m
                [33md[39m=[32m"m6 6 12 12"[39m
              [36m/>[39m
            [36m</svg>[39m
          [36m</button>[39m
        [36m</div>[39m
        [36m<div[39m
          [33mclass[39m=[32m"flex-1 overflow-y-auto overscroll-contain"[39m
        [36m>[39m
          [36m<div[39m
            [33mclass[39m=[32m"p-6"[39m
          [36m>[39m
            [36m<div[39m
              [33mclass[39m=[32m"grid grid-cols-3 gap-4 mb-6"[39m
            [36m>[39m
              [36m<div[39m
                [33mclass[39m=[32m"rounded-lg p-4 bg-red-50 dark:bg-red-900/20 border border-red-200 dark:border-red-800"[39m
              [36m>[39m
                [36m<div[39m
                  [33mclass[39m=[32m"flex items-center justify-between"[39m
                [36m>[39m
                  [36m<div>[39m
                    [36m<div[39m
                      [33mclass[39m=[32m"text-sm text-gray-600 dark:text-gray-400"[39m
                    [36m>[39m
                      [0mErrors[0m
                    [36m</div>[39m
                    [36m<div[39m
                      [33mclass[39m=[32m"text-2xl font-semibold mt-1"[39m
                    [36m>[39m
                      [0m2[0m
                    [36m</div>[39m
                  [36m</div>[39m
                  [36m<div[39m
                    [33mclass[39m=[32m"text-red-500"[39m
                    [33mdata-testid[39m=[32m"x-circle-icon"[39m
                  [36m>[39m
                    [0mXCircle[0m
                  [36m</div>[39m
                [36m</div>[39m
              [36m</div>[39m
              [36m<div[39m
                [33mclass[39m=[32m"rounded-lg p-4 bg-yellow-50 dark:bg-yellow-900/20 border border-yellow-200 dark:border-yellow-800"[39m
              [36m>[39m
                [36m<div[39m
                  [33mclass[39m=[32m"flex items-center justify-between"[39m
                [36m>[39m
                  [36m<div>[39m
                    [36m<div[39m
                      [33mclass[39m=[32m"text-sm text-gray-600 dark:text-gray-400"[39m
                    [36m>[39m
                      [0mWarnings[0m
                    [36m</div>[39m
                    [36m<div[39m
                      [33mclass[39m=[32m"text-2xl font-semibold mt-1"[39m
                    [36m>[39m
                      [0m11[0m
                    [36m</div>[39m
                  [36m</div>[39m
                  [36m<div[39m
                    [33mclass[39m=[32m"text-yellow-500"[39m
                    [33mdata-testid[39m=[32m"alert-triangle-icon"[39m
                  [36m>[39m
                    [0mAlertTriangle[0m
                  [36m</div>[39m
                [36m</div>[39m
              [36m</div>[39m
              [36m<div[39m
                [33mclass[39m=[32m"rounded-lg p-4 bg-blue-50 dark:bg-blue-900/20 border border-blue-200 dark:border-blue-800"[39m
              [36m>[39m
                [36m<div[39m
                  [33mclass[39m=[32m"flex items-center justify-between"[39m
                [36m>[39m
                  [36m<div>[39m
                    [36m<div[39m
                      [33mclass[39m=[32m"text-sm text-gray-600 dark:text-gray-400"[39m
                    [36m>[39m
                      [0mInfo[0m
                    [36m</div>[39m
                    [36m<div[39m
                      [33mclass[39m=[32m"text-2xl font-semibold mt-1"[39m
                    [36m>[39m
                      [0m1[0m
                    [36m</div>[39m
                  [36m</div>[39m
                  [36m<div[39m
                    [33mclass[39m=[32m"text-blue-500"[39m
                    [33mdata-testid[39m=[32m"alert-circle-icon"[39m
                  [36m>[39m
                    [0mAlertCi...
   × DataValidation > issue detection > detects zero or negative amounts 18ms
     → Unable to find an element with the text: /1 transaction\(s\) have zero or negative amounts/. This could be because the text is broken up by multiple elements. In this case, you can provide a function for your text matcher to make your matcher more flexible.

Ignored nodes: comments, script, style
[36m<body[39m
  [33mstyle[39m=[32m"position: fixed; top: 0px; width: 100%; overflow: hidden;"[39m
[36m>[39m
  [36m<div>[39m
    [36m<div[39m
      [33maria-hidden[39m=[32m"true"[39m
      [33mclass[39m=[32m"fixed inset-0 bg-black/60 backdrop-blur-sm z-50 animate-in fade-in duration-200"[39m
    [36m/>[39m
    [36m<div[39m
      [33mclass[39m=[32m"fixed inset-x-0 z-50 flex justify-center px-4"[39m
      [33mstyle[39m=[32m"top: 40px;"[39m
    [36m>[39m
      [36m<div[39m
        [33maria-labelledby[39m=[32m"modal-title"[39m
        [33maria-modal[39m=[32m"true"[39m
        [33mclass[39m=[32m"
            bg-white dark:bg-gray-900 
            rounded-2xl 
            shadow-2xl 
            w-full 
            max-w-md 
            overflow-hidden 
            flex 
            flex-col
            animate-in zoom-in-95 slide-in-from-bottom-4 duration-200
            border border-gray-200/50 dark:border-gray-700/50
          "[39m
        [33mrole[39m=[32m"dialog"[39m
        [33mstyle[39m=[32m"max-height: 688px;"[39m
        [33mtabindex[39m=[32m"-1"[39m
      [36m>[39m
        [36m<div[39m
          [33mclass[39m=[32m"flex items-center justify-between px-6 py-5 border-b border-gray-200 dark:border-gray-800 bg-gradient-to-r from-gray-50 to-white dark:from-gray-900 dark:to-gray-800 flex-shrink-0"[39m
        [36m>[39m
          [36m<h2[39m
            [33mclass[39m=[32m"text-xl font-bold text-gray-900 dark:text-white"[39m
            [33mid[39m=[32m"modal-title"[39m
          [36m>[39m
            [0mData Validation & Cleanup[0m
          [36m</h2>[39m
          [36m<button[39m
            [33maria-label[39m=[32m"Close modal"[39m
            [33mclass[39m=[32m"
                  p-2 
                  rounded-lg 
                  text-gray-400 
                  hover:text-gray-600 
                  dark:text-gray-500 
                  dark:hover:text-gray-300 
                  hover:bg-gray-100 
                  dark:hover:bg-gray-800 
                  transition-all 
                  duration-200
                  focus:outline-none 
                  focus:ring-2 
                  focus:ring-primary/50
                "[39m
          [36m>[39m
            [36m<svg[39m
              [33maria-hidden[39m=[32m"true"[39m
              [33mclass[39m=[32m"lucide lucide-x"[39m
              [33mfill[39m=[32m"none"[39m
              [33mheight[39m=[32m"20"[39m
              [33mstroke[39m=[32m"currentColor"[39m
              [33mstroke-linecap[39m=[32m"round"[39m
              [33mstroke-linejoin[39m=[32m"round"[39m
              [33mstroke-width[39m=[32m"2"[39m
              [33mviewBox[39m=[32m"0 0 24 24"[39m
              [33mwidth[39m=[32m"20"[39m
              [33mxmlns[39m=[32m"http://www.w3.org/2000/svg"[39m
            [36m>[39m
              [36m<path[39m
                [33md[39m=[32m"M18 6 6 18"[39m
              [36m/>[39m
              [36m<path[39m
                [33md[39m=[32m"m6 6 12 12"[39m
              [36m/>[39m
            [36m</svg>[39m
          [36m</button>[39m
        [36m</div>[39m
        [36m<div[39m
          [33mclass[39m=[32m"flex-1 overflow-y-auto overscroll-contain"[39m
        [36m>[39m
          [36m<div[39m
            [33mclass[39m=[32m"p-6"[39m
          [36m>[39m
            [36m<div[39m
              [33mclass[39m=[32m"grid grid-cols-3 gap-4 mb-6"[39m
            [36m>[39m
              [36m<div[39m
                [33mclass[39m=[32m"rounded-lg p-4 bg-red-50 dark:bg-red-900/20 border border-red-200 dark:border-red-800"[39m
              [36m>[39m
                [36m<div[39m
                  [33mclass[39m=[32m"flex items-center justify-between"[39m
                [36m>[39m
                  [36m<div>[39m
                    [36m<div[39m
                      [33mclass[39m=[32m"text-sm text-gray-600 dark:text-gray-400"[39m
                    [36m>[39m
                      [0mErrors[0m
                    [36m</div>[39m
                    [36m<div[39m
                      [33mclass[39m=[32m"text-2xl font-semibold mt-1"[39m
                    [36m>[39m
                      [0m2[0m
                    [36m</div>[39m
                  [36m</div>[39m
                  [36m<div[39m
                    [33mclass[39m=[32m"text-red-500"[39m
                    [33mdata-testid[39m=[32m"x-circle-icon"[39m
                  [36m>[39m
                    [0mXCircle[0m
                  [36m</div>[39m
                [36m</div>[39m
              [36m</div>[39m
              [36m<div[39m
                [33mclass[39m=[32m"rounded-lg p-4 bg-yellow-50 dark:bg-yellow-900/20 border border-yellow-200 dark:border-yellow-800"[39m
              [36m>[39m
                [36m<div[39m
                  [33mclass[39m=[32m"flex items-center justify-between"[39m
                [36m>[39m
                  [36m<div>[39m
                    [36m<div[39m
                      [33mclass[39m=[32m"text-sm text-gray-600 dark:text-gray-400"[39m
                    [36m>[39m
                      [0mWarnings[0m
                    [36m</div>[39m
                    [36m<div[39m
                      [33mclass[39m=[32m"text-2xl font-semibold mt-1"[39m
                    [36m>[39m
                      [0m11[0m
                    [36m</div>[39m
                  [36m</div>[39m
                  [36m<div[39m
                    [33mclass[39m=[32m"text-yellow-500"[39m
                    [33mdata-testid[39m=[32m"alert-triangle-icon"[39m
                  [36m>[39m
                    [0mAlertTriangle[0m
                  [36m</div>[39m
                [36m</div>[39m
              [36m</div>[39m
              [36m<div[39m
                [33mclass[39m=[32m"rounded-lg p-4 bg-blue-50 dark:bg-blue-900/20 border border-blue-200 dark:border-blue-800"[39m
              [36m>[39m
                [36m<div[39m
                  [33mclass[39m=[32m"flex items-center justify-between"[39m
                [36m>[39m
                  [36m<div>[39m
                    [36m<div[39m
                      [33mclass[39m=[32m"text-sm text-gray-600 dark:text-gray-400"[39m
                    [36m>[39m
                      [0mInfo[0m
                    [36m</div>[39m
                    [36m<div[39m
                      [33mclass[39m=[32m"text-2xl font-semibold mt-1"[39m
                    [36m>[39m
                      [0m1[0m
                    [36m</div>[39m
                  [36m</div>[39m
                  [36m<div[39m
                    [33mclass[39m=[32m"text-blue-500"[39m
                    [33mdata-testid[39m=[32m"alert-circle-icon"[39m
                  [36m>[39m
                    [0mAlertCi...
   × DataValidation > issue detection > detects orphaned transactions 18ms
     → Unable to find an element with the text: /1 transaction\(s\) belong to non-existent accounts/. This could be because the text is broken up by multiple elements. In this case, you can provide a function for your text matcher to make your matcher more flexible.

Ignored nodes: comments, script, style
[36m<body[39m
  [33mstyle[39m=[32m"position: fixed; top: 0px; width: 100%; overflow: hidden;"[39m
[36m>[39m
  [36m<div>[39m
    [36m<div[39m
      [33maria-hidden[39m=[32m"true"[39m
      [33mclass[39m=[32m"fixed inset-0 bg-black/60 backdrop-blur-sm z-50 animate-in fade-in duration-200"[39m
    [36m/>[39m
    [36m<div[39m
      [33mclass[39m=[32m"fixed inset-x-0 z-50 flex justify-center px-4"[39m
      [33mstyle[39m=[32m"top: 40px;"[39m
    [36m>[39m
      [36m<div[39m
        [33maria-labelledby[39m=[32m"modal-title"[39m
        [33maria-modal[39m=[32m"true"[39m
        [33mclass[39m=[32m"
            bg-white dark:bg-gray-900 
            rounded-2xl 
            shadow-2xl 
            w-full 
            max-w-md 
            overflow-hidden 
            flex 
            flex-col
            animate-in zoom-in-95 slide-in-from-bottom-4 duration-200
            border border-gray-200/50 dark:border-gray-700/50
          "[39m
        [33mrole[39m=[32m"dialog"[39m
        [33mstyle[39m=[32m"max-height: 688px;"[39m
        [33mtabindex[39m=[32m"-1"[39m
      [36m>[39m
        [36m<div[39m
          [33mclass[39m=[32m"flex items-center justify-between px-6 py-5 border-b border-gray-200 dark:border-gray-800 bg-gradient-to-r from-gray-50 to-white dark:from-gray-900 dark:to-gray-800 flex-shrink-0"[39m
        [36m>[39m
          [36m<h2[39m
            [33mclass[39m=[32m"text-xl font-bold text-gray-900 dark:text-white"[39m
            [33mid[39m=[32m"modal-title"[39m
          [36m>[39m
            [0mData Validation & Cleanup[0m
          [36m</h2>[39m
          [36m<button[39m
            [33maria-label[39m=[32m"Close modal"[39m
            [33mclass[39m=[32m"
                  p-2 
                  rounded-lg 
                  text-gray-400 
                  hover:text-gray-600 
                  dark:text-gray-500 
                  dark:hover:text-gray-300 
                  hover:bg-gray-100 
                  dark:hover:bg-gray-800 
                  transition-all 
                  duration-200
                  focus:outline-none 
                  focus:ring-2 
                  focus:ring-primary/50
                "[39m
          [36m>[39m
            [36m<svg[39m
              [33maria-hidden[39m=[32m"true"[39m
              [33mclass[39m=[32m"lucide lucide-x"[39m
              [33mfill[39m=[32m"none"[39m
              [33mheight[39m=[32m"20"[39m
              [33mstroke[39m=[32m"currentColor"[39m
              [33mstroke-linecap[39m=[32m"round"[39m
              [33mstroke-linejoin[39m=[32m"round"[39m
              [33mstroke-width[39m=[32m"2"[39m
              [33mviewBox[39m=[32m"0 0 24 24"[39m
              [33mwidth[39m=[32m"20"[39m
              [33mxmlns[39m=[32m"http://www.w3.org/2000/svg"[39m
            [36m>[39m
              [36m<path[39m
                [33md[39m=[32m"M18 6 6 18"[39m
              [36m/>[39m
              [36m<path[39m
                [33md[39m=[32m"m6 6 12 12"[39m
              [36m/>[39m
            [36m</svg>[39m
          [36m</button>[39m
        [36m</div>[39m
        [36m<div[39m
          [33mclass[39m=[32m"flex-1 overflow-y-auto overscroll-contain"[39m
        [36m>[39m
          [36m<div[39m
            [33mclass[39m=[32m"p-6"[39m
          [36m>[39m
            [36m<div[39m
              [33mclass[39m=[32m"grid grid-cols-3 gap-4 mb-6"[39m
            [36m>[39m
              [36m<div[39m
                [33mclass[39m=[32m"rounded-lg p-4 bg-red-50 dark:bg-red-900/20 border border-red-200 dark:border-red-800"[39m
              [36m>[39m
                [36m<div[39m
                  [33mclass[39m=[32m"flex items-center justify-between"[39m
                [36m>[39m
                  [36m<div>[39m
                    [36m<div[39m
                      [33mclass[39m=[32m"text-sm text-gray-600 dark:text-gray-400"[39m
                    [36m>[39m
                      [0mErrors[0m
                    [36m</div>[39m
                    [36m<div[39m
                      [33mclass[39m=[32m"text-2xl font-semibold mt-1"[39m
                    [36m>[39m
                      [0m2[0m
                    [36m</div>[39m
                  [36m</div>[39m
                  [36m<div[39m
                    [33mclass[39m=[32m"text-red-500"[39m
                    [33mdata-testid[39m=[32m"x-circle-icon"[39m
                  [36m>[39m
                    [0mXCircle[0m
                  [36m</div>[39m
                [36m</div>[39m
              [36m</div>[39m
              [36m<div[39m
                [33mclass[39m=[32m"rounded-lg p-4 bg-yellow-50 dark:bg-yellow-900/20 border border-yellow-200 dark:border-yellow-800"[39m
              [36m>[39m
                [36m<div[39m
                  [33mclass[39m=[32m"flex items-center justify-between"[39m
                [36m>[39m
                  [36m<div>[39m
                    [36m<div[39m
                      [33mclass[39m=[32m"text-sm text-gray-600 dark:text-gray-400"[39m
                    [36m>[39m
                      [0mWarnings[0m
                    [36m</div>[39m
                    [36m<div[39m
                      [33mclass[39m=[32m"text-2xl font-semibold mt-1"[39m
                    [36m>[39m
                      [0m11[0m
                    [36m</div>[39m
                  [36m</div>[39m
                  [36m<div[39m
                    [33mclass[39m=[32m"text-yellow-500"[39m
                    [33mdata-testid[39m=[32m"alert-triangle-icon"[39m
                  [36m>[39m
                    [0mAlertTriangle[0m
                  [36m</div>[39m
                [36m</div>[39m
              [36m</div>[39m
              [36m<div[39m
                [33mclass[39m=[32m"rounded-lg p-4 bg-blue-50 dark:bg-blue-900/20 border border-blue-200 dark:border-blue-800"[39m
              [36m>[39m
                [36m<div[39m
                  [33mclass[39m=[32m"flex items-center justify-between"[39m
                [36m>[39m
                  [36m<div>[39m
                    [36m<div[39m
                      [33mclass[39m=[32m"text-sm text-gray-600 dark:text-gray-400"[39m
                    [36m>[39m
                      [0mInfo[0m
                    [36m</div>[39m
                    [36m<div[39m
                      [33mclass[39m=[32m"text-2xl font-semibold mt-1"[39m
                    [36m>[39m
                      [0m1[0m
                    [36m</div>[39m
                  [36m</div>[39m
                  [36m<div[39m
                    [33mclass[39m=[32m"text-blue-500"[39m
                    [33mdata-testid[39m=[32m"alert-circle-icon"[39m
                  [36m>[39m
                    [0mAlertCi...
   × DataValidation > issue detection > detects empty descriptions 23ms
     → Unable to find an element with the text: /1 transaction\(s\) have empty descriptions/. This could be because the text is broken up by multiple elements. In this case, you can provide a function for your text matcher to make your matcher more flexible.

Ignored nodes: comments, script, style
[36m<body[39m
  [33mstyle[39m=[32m"position: fixed; top: 0px; width: 100%; overflow: hidden;"[39m
[36m>[39m
  [36m<div>[39m
    [36m<div[39m
      [33maria-hidden[39m=[32m"true"[39m
      [33mclass[39m=[32m"fixed inset-0 bg-black/60 backdrop-blur-sm z-50 animate-in fade-in duration-200"[39m
    [36m/>[39m
    [36m<div[39m
      [33mclass[39m=[32m"fixed inset-x-0 z-50 flex justify-center px-4"[39m
      [33mstyle[39m=[32m"top: 40px;"[39m
    [36m>[39m
      [36m<div[39m
        [33maria-labelledby[39m=[32m"modal-title"[39m
        [33maria-modal[39m=[32m"true"[39m
        [33mclass[39m=[32m"
            bg-white dark:bg-gray-900 
            rounded-2xl 
            shadow-2xl 
            w-full 
            max-w-md 
            overflow-hidden 
            flex 
            flex-col
            animate-in zoom-in-95 slide-in-from-bottom-4 duration-200
            border border-gray-200/50 dark:border-gray-700/50
          "[39m
        [33mrole[39m=[32m"dialog"[39m
        [33mstyle[39m=[32m"max-height: 688px;"[39m
        [33mtabindex[39m=[32m"-1"[39m
      [36m>[39m
        [36m<div[39m
          [33mclass[39m=[32m"flex items-center justify-between px-6 py-5 border-b border-gray-200 dark:border-gray-800 bg-gradient-to-r from-gray-50 to-white dark:from-gray-900 dark:to-gray-800 flex-shrink-0"[39m
        [36m>[39m
          [36m<h2[39m
            [33mclass[39m=[32m"text-xl font-bold text-gray-900 dark:text-white"[39m
            [33mid[39m=[32m"modal-title"[39m
          [36m>[39m
            [0mData Validation & Cleanup[0m
          [36m</h2>[39m
          [36m<button[39m
            [33maria-label[39m=[32m"Close modal"[39m
            [33mclass[39m=[32m"
                  p-2 
                  rounded-lg 
                  text-gray-400 
                  hover:text-gray-600 
                  dark:text-gray-500 
                  dark:hover:text-gray-300 
                  hover:bg-gray-100 
                  dark:hover:bg-gray-800 
                  transition-all 
                  duration-200
                  focus:outline-none 
                  focus:ring-2 
                  focus:ring-primary/50
                "[39m
          [36m>[39m
            [36m<svg[39m
              [33maria-hidden[39m=[32m"true"[39m
              [33mclass[39m=[32m"lucide lucide-x"[39m
              [33mfill[39m=[32m"none"[39m
              [33mheight[39m=[32m"20"[39m
              [33mstroke[39m=[32m"currentColor"[39m
              [33mstroke-linecap[39m=[32m"round"[39m
              [33mstroke-linejoin[39m=[32m"round"[39m
              [33mstroke-width[39m=[32m"2"[39m
              [33mviewBox[39m=[32m"0 0 24 24"[39m
              [33mwidth[39m=[32m"20"[39m
              [33mxmlns[39m=[32m"http://www.w3.org/2000/svg"[39m
            [36m>[39m
              [36m<path[39m
                [33md[39m=[32m"M18 6 6 18"[39m
              [36m/>[39m
              [36m<path[39m
                [33md[39m=[32m"m6 6 12 12"[39m
              [36m/>[39m
            [36m</svg>[39m
          [36m</button>[39m
        [36m</div>[39m
        [36m<div[39m
          [33mclass[39m=[32m"flex-1 overflow-y-auto overscroll-contain"[39m
        [36m>[39m
          [36m<div[39m
            [33mclass[39m=[32m"p-6"[39m
          [36m>[39m
            [36m<div[39m
              [33mclass[39m=[32m"grid grid-cols-3 gap-4 mb-6"[39m
            [36m>[39m
              [36m<div[39m
                [33mclass[39m=[32m"rounded-lg p-4 bg-red-50 dark:bg-red-900/20 border border-red-200 dark:border-red-800"[39m
              [36m>[39m
                [36m<div[39m
                  [33mclass[39m=[32m"flex items-center justify-between"[39m
                [36m>[39m
                  [36m<div>[39m
                    [36m<div[39m
                      [33mclass[39m=[32m"text-sm text-gray-600 dark:text-gray-400"[39m
                    [36m>[39m
                      [0mErrors[0m
                    [36m</div>[39m
                    [36m<div[39m
                      [33mclass[39m=[32m"text-2xl font-semibold mt-1"[39m
                    [36m>[39m
                      [0m2[0m
                    [36m</div>[39m
                  [36m</div>[39m
                  [36m<div[39m
                    [33mclass[39m=[32m"text-red-500"[39m
                    [33mdata-testid[39m=[32m"x-circle-icon"[39m
                  [36m>[39m
                    [0mXCircle[0m
                  [36m</div>[39m
                [36m</div>[39m
              [36m</div>[39m
              [36m<div[39m
                [33mclass[39m=[32m"rounded-lg p-4 bg-yellow-50 dark:bg-yellow-900/20 border border-yellow-200 dark:border-yellow-800"[39m
              [36m>[39m
                [36m<div[39m
                  [33mclass[39m=[32m"flex items-center justify-between"[39m
                [36m>[39m
                  [36m<div>[39m
                    [36m<div[39m
                      [33mclass[39m=[32m"text-sm text-gray-600 dark:text-gray-400"[39m
                    [36m>[39m
                      [0mWarnings[0m
                    [36m</div>[39m
                    [36m<div[39m
                      [33mclass[39m=[32m"text-2xl font-semibold mt-1"[39m
                    [36m>[39m
                      [0m11[0m
                    [36m</div>[39m
                  [36m</div>[39m
                  [36m<div[39m
                    [33mclass[39m=[32m"text-yellow-500"[39m
                    [33mdata-testid[39m=[32m"alert-triangle-icon"[39m
                  [36m>[39m
                    [0mAlertTriangle[0m
                  [36m</div>[39m
                [36m</div>[39m
              [36m</div>[39m
              [36m<div[39m
                [33mclass[39m=[32m"rounded-lg p-4 bg-blue-50 dark:bg-blue-900/20 border border-blue-200 dark:border-blue-800"[39m
              [36m>[39m
                [36m<div[39m
                  [33mclass[39m=[32m"flex items-center justify-between"[39m
                [36m>[39m
                  [36m<div>[39m
                    [36m<div[39m
                      [33mclass[39m=[32m"text-sm text-gray-600 dark:text-gray-400"[39m
                    [36m>[39m
                      [0mInfo[0m
                    [36m</div>[39m
                    [36m<div[39m
                      [33mclass[39m=[32m"text-2xl font-semibold mt-1"[39m
                    [36m>[39m
                      [0m1[0m
                    [36m</div>[39m
                  [36m</div>[39m
                  [36m<div[39m
                    [33mclass[39m=[32m"text-blue-500"[39m
                    [33mdata-testid[39m=[32m"alert-circle-icon"[39m
                  [36m>[39m
                    [0mAlertCi...
   ✓ DataValidation > user interactions > handles close button click 65ms
   ✓ DataValidation > user interactions > handles select all fixable issues 49ms
   ✓ DataValidation > user interactions > handles deselect all 55ms
   ✓ DataValidation > user interactions > handles individual issue selection 45ms
   ✓ DataValidation > user interactions > enables fix button when issues are selected 34ms
   ✓ DataValidation > user interactions > shows view details for issues 23ms
   ✓ DataValidation > fixing issues > fixes selected issues and shows summary 155ms
   ✓ DataValidation > fixing issues > shows reconciliation modal for balance issues 0ms
   ✓ DataValidation > accessibility > has proper heading structure 13ms
   ✓ DataValidation > accessibility > has accessible buttons 29ms
   ✓ DataValidation > accessibility > checkboxes are properly labeled 17ms
   × DataValidation > issue categories > groups issues by category 11ms
     → Unable to find an element with the text: Missing Data. This could be because the text is broken up by multiple elements. In this case, you can provide a function for your text matcher to make your matcher more flexible.

Ignored nodes: comments, script, style
[36m<body[39m
  [33mstyle[39m=[32m"position: fixed; top: 0px; width: 100%; overflow: hidden;"[39m
[36m>[39m
  [36m<div>[39m
    [36m<div[39m
      [33maria-hidden[39m=[32m"true"[39m
      [33mclass[39m=[32m"fixed inset-0 bg-black/60 backdrop-blur-sm z-50 animate-in fade-in duration-200"[39m
    [36m/>[39m
    [36m<div[39m
      [33mclass[39m=[32m"fixed inset-x-0 z-50 flex justify-center px-4"[39m
      [33mstyle[39m=[32m"top: 40px;"[39m
    [36m>[39m
      [36m<div[39m
        [33maria-labelledby[39m=[32m"modal-title"[39m
        [33maria-modal[39m=[32m"true"[39m
        [33mclass[39m=[32m"
            bg-white dark:bg-gray-900 
            rounded-2xl 
            shadow-2xl 
            w-full 
            max-w-md 
            overflow-hidden 
            flex 
            flex-col
            animate-in zoom-in-95 slide-in-from-bottom-4 duration-200
            border border-gray-200/50 dark:border-gray-700/50
          "[39m
        [33mrole[39m=[32m"dialog"[39m
        [33mstyle[39m=[32m"max-height: 688px;"[39m
        [33mtabindex[39m=[32m"-1"[39m
      [36m>[39m
        [36m<div[39m
          [33mclass[39m=[32m"flex items-center justify-between px-6 py-5 border-b border-gray-200 dark:border-gray-800 bg-gradient-to-r from-gray-50 to-white dark:from-gray-900 dark:to-gray-800 flex-shrink-0"[39m
        [36m>[39m
          [36m<h2[39m
            [33mclass[39m=[32m"text-xl font-bold text-gray-900 dark:text-white"[39m
            [33mid[39m=[32m"modal-title"[39m
          [36m>[39m
            [0mData Validation & Cleanup[0m
          [36m</h2>[39m
          [36m<button[39m
            [33maria-label[39m=[32m"Close modal"[39m
            [33mclass[39m=[32m"
                  p-2 
                  rounded-lg 
                  text-gray-400 
                  hover:text-gray-600 
                  dark:text-gray-500 
                  dark:hover:text-gray-300 
                  hover:bg-gray-100 
                  dark:hover:bg-gray-800 
                  transition-all 
                  duration-200
                  focus:outline-none 
                  focus:ring-2 
                  focus:ring-primary/50
                "[39m
          [36m>[39m
            [36m<svg[39m
              [33maria-hidden[39m=[32m"true"[39m
              [33mclass[39m=[32m"lucide lucide-x"[39m
              [33mfill[39m=[32m"none"[39m
              [33mheight[39m=[32m"20"[39m
              [33mstroke[39m=[32m"currentColor"[39m
              [33mstroke-linecap[39m=[32m"round"[39m
              [33mstroke-linejoin[39m=[32m"round"[39m
              [33mstroke-width[39m=[32m"2"[39m
              [33mviewBox[39m=[32m"0 0 24 24"[39m
              [33mwidth[39m=[32m"20"[39m
              [33mxmlns[39m=[32m"http://www.w3.org/2000/svg"[39m
            [36m>[39m
              [36m<path[39m
                [33md[39m=[32m"M18 6 6 18"[39m
              [36m/>[39m
              [36m<path[39m
                [33md[39m=[32m"m6 6 12 12"[39m
              [36m/>[39m
            [36m</svg>[39m
          [36m</button>[39m
        [36m</div>[39m
        [36m<div[39m
          [33mclass[39m=[32m"flex-1 overflow-y-auto overscroll-contain"[39m
        [36m>[39m
          [36m<div[39m
            [33mclass[39m=[32m"p-6"[39m
          [36m>[39m
            [36m<div[39m
              [33mclass[39m=[32m"grid grid-cols-3 gap-4 mb-6"[39m
            [36m>[39m
              [36m<div[39m
                [33mclass[39m=[32m"rounded-lg p-4 bg-red-50 dark:bg-red-900/20 border border-red-200 dark:border-red-800"[39m
              [36m>[39m
                [36m<div[39m
                  [33mclass[39m=[32m"flex items-center justify-between"[39m
                [36m>[39m
                  [36m<div>[39m
                    [36m<div[39m
                      [33mclass[39m=[32m"text-sm text-gray-600 dark:text-gray-400"[39m
                    [36m>[39m
                      [0mErrors[0m
                    [36m</div>[39m
                    [36m<div[39m
                      [33mclass[39m=[32m"text-2xl font-semibold mt-1"[39m
                    [36m>[39m
                      [0m2[0m
                    [36m</div>[39m
                  [36m</div>[39m
                  [36m<div[39m
                    [33mclass[39m=[32m"text-red-500"[39m
                    [33mdata-testid[39m=[32m"x-circle-icon"[39m
                  [36m>[39m
                    [0mXCircle[0m
                  [36m</div>[39m
                [36m</div>[39m
              [36m</div>[39m
              [36m<div[39m
                [33mclass[39m=[32m"rounded-lg p-4 bg-yellow-50 dark:bg-yellow-900/20 border border-yellow-200 dark:border-yellow-800"[39m
              [36m>[39m
                [36m<div[39m
                  [33mclass[39m=[32m"flex items-center justify-between"[39m
                [36m>[39m
                  [36m<div>[39m
                    [36m<div[39m
                      [33mclass[39m=[32m"text-sm text-gray-600 dark:text-gray-400"[39m
                    [36m>[39m
                      [0mWarnings[0m
                    [36m</div>[39m
                    [36m<div[39m
                      [33mclass[39m=[32m"text-2xl font-semibold mt-1"[39m
                    [36m>[39m
                      [0m11[0m
                    [36m</div>[39m
                  [36m</div>[39m
                  [36m<div[39m
                    [33mclass[39m=[32m"text-yellow-500"[39m
                    [33mdata-testid[39m=[32m"alert-triangle-icon"[39m
                  [36m>[39m
                    [0mAlertTriangle[0m
                  [36m</div>[39m
                [36m</div>[39m
              [36m</div>[39m
              [36m<div[39m
                [33mclass[39m=[32m"rounded-lg p-4 bg-blue-50 dark:bg-blue-900/20 border border-blue-200 dark:border-blue-800"[39m
              [36m>[39m
                [36m<div[39m
                  [33mclass[39m=[32m"flex items-center justify-between"[39m
                [36m>[39m
                  [36m<div>[39m
                    [36m<div[39m
                      [33mclass[39m=[32m"text-sm text-gray-600 dark:text-gray-400"[39m
                    [36m>[39m
                      [0mInfo[0m
                    [36m</div>[39m
                    [36m<div[39m
                      [33mclass[39m=[32m"text-2xl font-semibold mt-1"[39m
                    [36m>[39m
                      [0m1[0m
                    [36m</div>[39m
                  [36m</div>[39m
                  [36m<div[39m
                    [33mclass[39m=[32m"text-blue-500"[39m
                    [33mdata-testid[39m=[32m"alert-circle-icon"[39m
                  [36m>[39m
                    [0mAlertCi...
   ✓ DataValidation > issue categories > displays correct icons for issue types 10ms
 ✓ src/components/widgets/TaxPlanningWidget.test.tsx (23 tests) 95ms
 ✓ src/components/charts/DoughnutChart.test.tsx (16 tests) 59ms
 ❯ src/components/__tests__/GlobalSearch.test.tsx (19 tests | 18 failed) 73ms
   × GlobalSearch > rendering > renders correctly when open 22ms
     → Cannot access 'handleResultClick' before initialization
   × GlobalSearch > rendering > does not render when closed 4ms
     → Cannot access 'handleResultClick' before initialization
   × GlobalSearch > rendering > shows initial search prompt 3ms
     → Cannot access 'handleResultClick' before initialization
   × GlobalSearch > rendering > focuses input when opened 2ms
     → Cannot access 'handleResultClick' before initialization
   × GlobalSearch > search functionality > shows search results when typing 4ms
     → Cannot access 'handleResultClick' before initialization
   × GlobalSearch > search functionality > shows result count 2ms
     → Cannot access 'handleResultClick' before initialization
   × GlobalSearch > search functionality > shows no results message 1ms
     → Cannot access 'handleResultClick' before initialization
   × GlobalSearch > search functionality > requires minimum 2 characters to search 3ms
     → Cannot access 'handleResultClick' before initialization
   × GlobalSearch > user interactions > handles close button click 3ms
     → Cannot access 'handleResultClick' before initialization
   × GlobalSearch > user interactions > navigates when clicking account result 1ms
     → Cannot access 'handleResultClick' before initialization
   × GlobalSearch > user interactions > navigates when clicking transaction result 1ms
     → Cannot access 'handleResultClick' before initialization
   × GlobalSearch > user interactions > navigates when clicking budget result 1ms
     → Cannot access 'handleResultClick' before initialization
   × GlobalSearch > user interactions > navigates when clicking goal result 2ms
     → Cannot access 'handleResultClick' before initialization
   × GlobalSearch > keyboard navigation > handles arrow down navigation 1ms
     → Cannot access 'handleResultClick' before initialization
   × GlobalSearch > keyboard navigation > handles arrow up navigation 1ms
     → Cannot access 'handleResultClick' before initialization
   × GlobalSearch > keyboard navigation > handles enter key to select result 1ms
     → Cannot access 'handleResultClick' before initialization
   × GlobalSearch > keyboard navigation > handles escape key to close 1ms
     → Cannot access 'handleResultClick' before initialization
   × GlobalSearch > search tips > shows search tips when searching 1ms
     → Cannot access 'handleResultClick' before initialization
   ✓ GlobalSearch > useGlobalSearchDialog hook > manages open/close state 16ms
 ✓ src/components/MerchantLogo.test.tsx (21 tests) 263ms
 ✓ src/services/transactionAnalyticsService.test.ts (19 tests) 8ms
 ✓ src/components/widgets/SecurityWidget.test.tsx (28 tests) 142ms
 ✓ src/components/EditTransactionModal.test.tsx (25 tests) 264ms
 ❯ src/components/Breadcrumbs.test.tsx (29 tests | 2 failed) 114ms
   ✓ Breadcrumbs > Basic Rendering > returns null on dashboard (root path) 11ms
   ✓ Breadcrumbs > Basic Rendering > shows breadcrumbs on non-root paths 42ms
   ✓ Breadcrumbs > Basic Rendering > always includes home icon 4ms
   ✓ Breadcrumbs > Basic Rendering > renders chevron separators between items 3ms
   ✓ Breadcrumbs > Path Handling > handles accounts path 3ms
   ✓ Breadcrumbs > Path Handling > handles transactions path with parent 3ms
   × Breadcrumbs > Path Handling > handles transactions with account filter 9ms
     → Unable to find an element with the text: Checking Account. This could be because the text is broken up by multiple elements. In this case, you can provide a function for your text matcher to make your matcher more flexible.

Ignored nodes: comments, script, style
[36m<body>[39m
  [36m<div>[39m
    [36m<nav[39m
      [33mclass[39m=[32m"flex items-center space-x-2 text-sm mb-4"[39m
    [36m>[39m
      [36m<a[39m
        [33mclass[39m=[32m"text-gray-500 hover:text-gray-700 dark:text-gray-400 dark:hover:text-gray-200"[39m
        [33mhref[39m=[32m"/"[39m
      [36m>[39m
        [36m<span[39m
          [33mdata-testid[39m=[32m"home-icon"[39m
        [36m>[39m
          [0m🏠[0m
        [36m</span>[39m
      [36m</a>[39m
      [36m<div[39m
        [33mclass[39m=[32m"flex items-center space-x-2"[39m
      [36m>[39m
        [36m<span[39m
          [33mclass[39m=[32m"text-gray-400"[39m
          [33mdata-testid[39m=[32m"chevron-right"[39m
        [36m>[39m
          [0m›[0m
        [36m</span>[39m
        [36m<a[39m
          [33mclass[39m=[32m"text-gray-500 hover:text-gray-700 dark:text-gray-400 dark:hover:text-gray-200"[39m
          [33mhref[39m=[32m"/accounts"[39m
        [36m>[39m
          [0mAccounts[0m
        [36m</a>[39m
      [36m</div>[39m
      [36m<div[39m
        [33mclass[39m=[32m"flex items-center space-x-2"[39m
      [36m>[39m
        [36m<span[39m
          [33mclass[39m=[32m"text-gray-400"[39m
          [33mdata-testid[39m=[32m"chevron-right"[39m
        [36m>[39m
          [0m›[0m
        [36m</span>[39m
        [36m<a[39m
          [33mclass[39m=[32m"text-gray-500 hover:text-gray-700 dark:text-gray-400 dark:hover:text-gray-200"[39m
          [33mhref[39m=[32m"/transactions"[39m
        [36m>[39m
          [0mTransactions[0m
        [36m</a>[39m
      [36m</div>[39m
      [36m<div[39m
        [33mclass[39m=[32m"flex items-center space-x-2"[39m
      [36m>[39m
        [36m<span[39m
          [33mclass[39m=[32m"text-gray-400"[39m
          [33mdata-testid[39m=[32m"chevron-right"[39m
        [36m>[39m
          [0m›[0m
        [36m</span>[39m
        [36m<span[39m
          [33mclass[39m=[32m"text-gray-900 dark:text-white font-medium"[39m
        [36m>[39m
          [0mNatwest Current Account[0m
        [36m</span>[39m
      [36m</div>[39m
    [36m</nav>[39m
  [36m</div>[39m
[36m</body>[39m
   ✓ Breadcrumbs > Path Handling > handles budget path with forecasting parent 2ms
   ✓ Breadcrumbs > Path Handling > handles goals path with forecasting parent 3ms
   ✓ Breadcrumbs > Path Handling > handles reconciliation path with accounts parent 2ms
   ✓ Breadcrumbs > Path Handling > handles standalone paths 1ms
   ✓ Breadcrumbs > Path Handling > handles investments path 1ms
   ✓ Breadcrumbs > Path Handling > handles settings path 1ms
   ✓ Breadcrumbs > Link Behavior > home icon links to root 1ms
   ✓ Breadcrumbs > Link Behavior > last breadcrumb is not a link 1ms
   ✓ Breadcrumbs > Link Behavior > intermediate breadcrumbs are links 1ms
   × Breadcrumbs > Link Behavior > preserves query params in account filter links 2ms
     → Unable to find an element with the text: Savings Account. This could be because the text is broken up by multiple elements. In this case, you can provide a function for your text matcher to make your matcher more flexible.

Ignored nodes: comments, script, style
[36m<body>[39m
  [36m<div>[39m
    [36m<nav[39m
      [33mclass[39m=[32m"flex items-center space-x-2 text-sm mb-4"[39m
    [36m>[39m
      [36m<a[39m
        [33mclass[39m=[32m"text-gray-500 hover:text-gray-700 dark:text-gray-400 dark:hover:text-gray-200"[39m
        [33mhref[39m=[32m"/"[39m
      [36m>[39m
        [36m<span[39m
          [33mdata-testid[39m=[32m"home-icon"[39m
        [36m>[39m
          [0m🏠[0m
        [36m</span>[39m
      [36m</a>[39m
      [36m<div[39m
        [33mclass[39m=[32m"flex items-center space-x-2"[39m
      [36m>[39m
        [36m<span[39m
          [33mclass[39m=[32m"text-gray-400"[39m
          [33mdata-testid[39m=[32m"chevron-right"[39m
        [36m>[39m
          [0m›[0m
        [36m</span>[39m
        [36m<a[39m
          [33mclass[39m=[32m"text-gray-500 hover:text-gray-700 dark:text-gray-400 dark:hover:text-gray-200"[39m
          [33mhref[39m=[32m"/accounts"[39m
        [36m>[39m
          [0mAccounts[0m
        [36m</a>[39m
      [36m</div>[39m
      [36m<div[39m
        [33mclass[39m=[32m"flex items-center space-x-2"[39m
      [36m>[39m
        [36m<span[39m
          [33mclass[39m=[32m"text-gray-400"[39m
          [33mdata-testid[39m=[32m"chevron-right"[39m
        [36m>[39m
          [0m›[0m
        [36m</span>[39m
        [36m<a[39m
          [33mclass[39m=[32m"text-gray-500 hover:text-gray-700 dark:text-gray-400 dark:hover:text-gray-200"[39m
          [33mhref[39m=[32m"/transactions"[39m
        [36m>[39m
          [0mTransactions[0m
        [36m</a>[39m
      [36m</div>[39m
      [36m<div[39m
        [33mclass[39m=[32m"flex items-center space-x-2"[39m
      [36m>[39m
        [36m<span[39m
          [33mclass[39m=[32m"text-gray-400"[39m
          [33mdata-testid[39m=[32m"chevron-right"[39m
        [36m>[39m
          [0m›[0m
        [36m</span>[39m
        [36m<span[39m
          [33mclass[39m=[32m"text-gray-900 dark:text-white font-medium"[39m
        [36m>[39m
          [0mMonzo Current Account[0m
        [36m</span>[39m
      [36m</div>[39m
    [36m</nav>[39m
  [36m</div>[39m
[36m</body>[39m
   ✓ Breadcrumbs > Styling > applies correct nav styling 2ms
   ✓ Breadcrumbs > Styling > applies correct link styling 2ms
   ✓ Breadcrumbs > Styling > styles last breadcrumb differently 1ms
   ✓ Breadcrumbs > Styling > styles chevron separators 1ms
   ✓ Breadcrumbs > Edge Cases > handles unknown path segments gracefully 2ms
   ✓ Breadcrumbs > Edge Cases > handles empty path segments 3ms
   ✓ Breadcrumbs > Edge Cases > handles missing account in filter 1ms
   ✓ Breadcrumbs > Edge Cases > avoids duplicate parent entries 1ms
   ✓ Breadcrumbs > Edge Cases > handles complex nested paths 1ms
   ✓ Breadcrumbs > Accessibility > has navigation role 3ms
   ✓ Breadcrumbs > Accessibility > links are keyboard accessible 3ms
   ✓ Breadcrumbs > Accessibility > could benefit from aria-label on nav 2ms
 ✓ src/components/widgets/AIAnalyticsWidget.test.tsx (21 tests) 91ms
 ✓ src/components/EnhancedPortfolioView.test.tsx (22 tests) 1347ms
   ✓ EnhancedPortfolioView > interactions > shows loading state when refreshing  1015ms
 ❯ src/components/__tests__/AddTransactionModal.test.tsx (17 tests | 17 failed) 52ms
   × AddTransactionModal > renders modal when open 20ms
     → useToast must be used within a ToastProvider
   × AddTransactionModal > does not render when closed 3ms
     → useToast must be used within a ToastProvider
   × AddTransactionModal > calls onClose when cancel button is clicked 3ms
     → useToast must be used within a ToastProvider
   × AddTransactionModal > shows account selection dropdown 2ms
     → useToast must be used within a ToastProvider
   × AddTransactionModal > has transaction type buttons 3ms
     → useToast must be used within a ToastProvider
   × AddTransactionModal > has date input with today as default 2ms
     → useToast must be used within a ToastProvider
   × AddTransactionModal > has amount input field 1ms
     → useToast must be used within a ToastProvider
   × AddTransactionModal > has description input field 1ms
     → useToast must be used within a ToastProvider
   × AddTransactionModal > has category selection dropdown 2ms
     → useToast must be used within a ToastProvider
   × AddTransactionModal > has notes field 1ms
     → useToast must be used within a ToastProvider
   × AddTransactionModal > has save and cancel buttons 2ms
     → useToast must be used within a ToastProvider
   × AddTransactionModal > switches transaction type 1ms
     → useToast must be used within a ToastProvider
   × AddTransactionModal > displays currency symbol for selected account 1ms
     → useToast must be used within a ToastProvider
   × AddTransactionModal > handles form submission with proper data 4ms
     → useToast must be used within a ToastProvider
   × AddTransactionModal > validates required fields before submission 2ms
     → useToast must be used within a ToastProvider
   × AddTransactionModal > shows create category button 1ms
     → useToast must be used within a ToastProvider
   × AddTransactionModal > clears validation errors when typing 1ms
     → useToast must be used within a ToastProvider
 ✓ src/components/EmptyState.test.tsx (26 tests) 103ms
 ✓ src/services/base/BaseService.test.ts (24 tests) 9ms
 ✓ src/services/localMerchantLogoService.test.ts (29 tests) 8ms
 ✓ src/components/common/AccessibleFormField.test.tsx (36 tests) 142ms
 ❯ src/components/TransactionModal.test.tsx (16 tests | 5 failed) 231ms
   ✓ TransactionModal > Rendering > renders nothing when closed 16ms
   ✓ TransactionModal > Rendering > renders modal when open 52ms
   ✓ TransactionModal > Rendering > renders with edit mode when transaction provided 10ms
   ✓ TransactionModal > Rendering > renders all form fields 24ms
   ✓ TransactionModal > Form initialization > initializes with default values for new transaction 13ms
   × TransactionModal > Form initialization > initializes with transaction values when editing 17ms
     → expected '' to be 'acc1' // Object.is equality
   ✓ TransactionModal > Form interactions > updates form fields correctly 17ms
   ✓ TransactionModal > Form interactions > passes transaction type to category selector 10ms
   × TransactionModal > Form submission > calls addTransaction for new transaction 1ms
     → useApp.mockReturnValue is not a function
   × TransactionModal > Form submission > calls updateTransaction for existing transaction 0ms
     → useApp.mockReturnValue is not a function
   ✓ TransactionModal > Form submission > closes modal after submission 25ms
   ✓ TransactionModal > Modal controls > calls onClose when cancel button clicked 9ms
   ✓ TransactionModal > Modal controls > calls onClose when close icon clicked 15ms
   × TransactionModal > Account handling > renders all available accounts 12ms
     → Unable to find an element with the text: Checking. This could be because the text is broken up by multiple elements. In this case, you can provide a function for your text matcher to make your matcher more flexible.

Ignored nodes: comments, script, style
[36m<body>[39m
  [36m<div>[39m
    [36m<div[39m
      [33maria-labelledby[39m=[32m"modal-title"[39m
      [33maria-modal[39m=[32m"true"[39m
      [33mclass[39m=[32m"fixed inset-0 bg-black bg-opacity-50 flex items-center justify-center z-50 p-4"[39m
      [33mrole[39m=[32m"dialog"[39m
    [36m>[39m
      [36m<div[39m
        [33mclass[39m=[32m"bg-white dark:bg-gray-800 rounded-2xl p-6 w-full max-w-md"[39m
        [33mrole[39m=[32m"document"[39m
      [36m>[39m
        [36m<div[39m
          [33mclass[39m=[32m"flex justify-between items-center mb-4"[39m
        [36m>[39m
          [36m<h2[39m
            [33mclass[39m=[32m"text-xl font-semibold dark:text-white"[39m
            [33mid[39m=[32m"modal-title"[39m
          [36m>[39m
            [0mAdd Transaction[0m
          [36m</h2>[39m
          [36m<button[39m
            [33maria-label[39m=[32m"Close modal"[39m
            [33mclass[39m=[32m"text-gray-500 hover:text-gray-700 dark:text-gray-400 dark:hover:text-gray-200"[39m
          [36m>[39m
            [36m<svg[39m
              [33mclass[39m=[32m"transition-all duration-200  "[39m
              [33mfill[39m=[32m"none"[39m
              [33mheight[39m=[32m"24"[39m
              [33mstyle[39m=[32m"color: currentcolor;"[39m
              [33mviewBox[39m=[32m"0 0 24 24"[39m
              [33mwidth[39m=[32m"24"[39m
              [33mxmlns[39m=[32m"http://www.w3.org/2000/svg"[39m
            [36m>[39m
              [36m<path[39m
                [33md[39m=[32m"M18 6L6 18"[39m
                [33mstroke[39m=[32m"currentColor"[39m
                [33mstroke-linecap[39m=[32m"round"[39m
                [33mstroke-linejoin[39m=[32m"round"[39m
                [33mstroke-width[39m=[32m"2"[39m
              [36m/>[39m
              [36m<path[39m
                [33md[39m=[32m"M6 6L18 18"[39m
                [33mstroke[39m=[32m"currentColor"[39m
                [33mstroke-linecap[39m=[32m"round"[39m
                [33mstroke-linejoin[39m=[32m"round"[39m
                [33mstroke-width[39m=[32m"2"[39m
              [36m/>[39m
            [36m</svg>[39m
          [36m</button>[39m
        [36m</div>[39m
        [36m<form[39m
          [33mclass[39m=[32m"space-y-4"[39m
          [33mnovalidate[39m=[32m""[39m
        [36m>[39m
          [36m<div>[39m
            [36m<label[39m
              [33mclass[39m=[32m"block text-sm font-medium text-gray-700 dark:text-gray-300 mb-1"[39m
              [33mfor[39m=[32m"date"[39m
            [36m>[39m
              [0mDate [0m
              [36m<span[39m
                [33maria-label[39m=[32m"required"[39m
                [33mclass[39m=[32m"text-red-500"[39m
              [36m>[39m
                [0m*[0m
              [36m</span>[39m
            [36m</label>[39m
            [36m<input[39m
              [33maria-required[39m=[32m"true"[39m
              [33mclass[39m=[32m"w-full px-3 py-2 bg-white/70 dark:bg-gray-800/70 backdrop-blur-sm border border-gray-300/50 dark:border-gray-600/50 rounded-xl focus:outline-none focus:ring-2 focus:ring-primary focus:border-transparent dark:text-white"[39m
              [33mid[39m=[32m"date"[39m
              [33mrequired[39m=[32m""[39m
              [33mtype[39m=[32m"date"[39m
              [33mvalue[39m=[32m"2025-01-20"[39m
            [36m/>[39m
          [36m</div>[39m
          [36m<div>[39m
            [36m<label[39m
              [33mclass[39m=[32m"block text-sm font-medium text-gray-700 dark:text-gray-300 mb-1"[39m
              [33mfor[39m=[32m"description"[39m
            [36m>[39m
              [0mDescription [0m
              [36m<span[39m
                [33maria-label[39m=[32m"required"[39m
                [33mclass[39m=[32m"text-red-500"[39m
              [36m>[39m
                [0m*[0m
              [36m</span>[39m
            [36m</label>[39m
            [36m<input[39m
              [33maria-required[39m=[32m"true"[39m
              [33mclass[39m=[32m"w-full px-3 py-2 bg-white/70 dark:bg-gray-800/70 backdrop-blur-sm border border-gray-300/50 dark:border-gray-600/50 rounded-xl focus:outline-none focus:ring-2 focus:ring-primary focus:border-transparent dark:text-white"[39m
              [33mid[39m=[32m"description"[39m
              [33mplaceholder[39m=[32m"e.g., Grocery shopping, Salary payment"[39m
              [33mrequired[39m=[32m""[39m
              [33mtype[39m=[32m"text"[39m
              [33mvalue[39m=[32m""[39m
            [36m/>[39m
          [36m</div>[39m
          [36m<div[39m
            [33mclass[39m=[32m"grid grid-cols-2 gap-4"[39m
          [36m>[39m
            [36m<div>[39m
              [36m<label[39m
                [33mclass[39m=[32m"block text-sm font-medium text-gray-700 dark:text-gray-300 mb-1"[39m
                [33mfor[39m=[32m"type"[39m
              [36m>[39m
                [0mType [0m
                [36m<span[39m
                  [33maria-label[39m=[32m"required"[39m
                  [33mclass[39m=[32m"text-red-500"[39m
                [36m>[39m
                  [0m*[0m
                [36m</span>[39m
              [36m</label>[39m
              [36m<select[39m
                [33maria-required[39m=[32m"true"[39m
                [33mclass[39m=[32m"w-full px-3 py-2 bg-white/70 dark:bg-gray-800/70 backdrop-blur-sm border border-gray-300/50 dark:border-gray-600/50 rounded-xl focus:outline-none focus:ring-2 focus:ring-primary focus:border-transparent dark:text-white"[39m
                [33mid[39m=[32m"type"[39m
              [36m>[39m
                [36m<option[39m
                  [33mvalue[39m=[32m"expense"[39m
                [36m>[39m
                  [0mExpense[0m
                [36m</option>[39m
                [36m<option[39m
                  [33mvalue[39m=[32m"income"[39m
                [36m>[39m
                  [0mIncome[0m
                [36m</option>[39m
                [36m<option[39m
                  [33mvalue[39m=[32m"transfer"[39m
                [36m>[39m
                  [0mTransfer[0m
                [36m</option>[39m
              [36m</select>[39m
            [36m</div>[39m
            [36m<div>[39m
              [36m<label[39m
                [33mclass[39m=[32m"block text-sm font-medium text-gray-700 dark:text-gray-300 mb-1"[39m
                [33mfor[39m=[32m"amount"[39m
              [36m>[39m
                [0mAmount [0m
                [36m<span[39m
                  [33maria-label[39m=[32m"required"[39m
                  [33mclass[39m=[32m"text-red-500"[39m
                [36m>[39m
                  [0m*[0m
                [36m</span>[39m
              [36m</label>[39m
              [36m<input[39m
                [33maria-required[39m=[32m"true"[39m
                [33mclass[39m=[32m"w-full px-3 py-2 bg-white/70 dark:bg-gray-800/70 backdrop-blur-sm border border-gray-300/50 dark:border-gray-600/50 rounded-xl focus:outline-none focus:ring-2 focus:ring-primary focus:border-transparent dark:text-white"[39m
                [33mid[39m=[32m"amount"[39m
                [33mmin[39m=[32m"0.01"[39m
                [33mplaceholder[39m=[32m"0.00"[39m
                [33mrequired[39m=[32m""[39m
                [33mstep[39m=[32m"0.01"[39m
                [33mtype[39m=[32m"number"[39m
                [33mvalue[39m=[32m""[39m
              [36m/>[39m
            [36m</div>[39m
          [36m</div>[39m
          [36m<div>[39m
            [36m<label[39m
              [33mclass[39m=[32m"block text-sm font-medium text-gray-700 dark:text-gray-300 mb-1"[39m
              [33mfor[39m=[32m"category"[39m
            [36m>[39m
              [0mCategory [0m
              [36m<span[39m
                [33maria-label[39m=[32m"required"[39m
                [33mclass[39m=[32m"text-red-500"[39m
              [36m>[39m
                [0m*[0m
              [36m</span>[39m
            [36m</label>[39m
            [36m<div[39m
              [33maria-required[39m=[32m"true"[39m
              [33mid[39m=[32m"category"[39m
            [36m>[39m
              [36m<select[39m
                [33mdata-testid[39m=[32m"category-selector"[39m
                [33mdata-transaction-type[39m=[32m"expense"[39m
              [36m>[39m
                [36m<option[39m
                  [33mvalue[39m=[32m""[39m
                [36m>[39m
                  [0mSelect category...[0m
                [36m</option>[39m
                [36m<option[39m
                  [33mvalue[39m=[32m"food"[39m
                [36m>[39m
                  [0mFood[0m
                [36m</option>[39m
                [36m<option[39m
                  [33mvalue[39m=[32m"transport"[39m
                [36m>[39m
                  [0mTransport[0m
                [36m</option>[39m
                [36m<option[39m
                  [33mvalue[39m=[32m"salary"[39m
                [36m>[39m
                  [0mSalary[0m
                [36m</option>[39m
              [36m</select>[39m
            [36m</div>[39m
          [36m</div>[39m
          [36m<div>[39m
            [36m<label[39m
              [33mclass[39m=[32m"block text-sm font-medium text-gray-700 dark:text-gray-300 mb-1"[39m
              [33mfor[39m=[32m"account"[39m
            [36m>[39m
              [0mAccount [0m
              [36m<span[39m
                [33maria-label[39m=[32m"required"[39m
                [33mclass[39m=[32m"text-red-500"[39m
              [36m>[39m
                [0m*[0m
              [36m</span>[39m
            [36m</label>[39m
            [36m<select[39m
              [33maria-required[39m=[32m"true"[39m
              [33mclass[39m=[32m"w-full px-3 py-2 bg-white/70 dark:bg-gray-800/70 backdrop-blur-sm border border-gray-300/50 dark:border-gray-600/50 rounded-xl focus:outline-none focus:ring-2 focus:ring-primary focus:border-transparent dark:text-white"[39m
              [33mid[39m=[32m"account"[39m
            [36m>[39m
              [36m<option[39m
                [33mvalue[39m=[32m""[39m
              [36m>[39m
                [0mSelect an account[0m
              [36m</option>[39m
              [36m<option[39m
                [33mvalue[39m=[32m"1"[39m
              [36m>[39m
                [0mNatwest Current Account[0m
              [36m</option>[39m
              [36m<option[39m
                [33mvalue[39m=[32m"2"[39m
              [36m>[39m
                [0mMonzo Current Account[0m
              [36m</option>[39m
              [36m<option[39m
                [33mvalue[39m=[32m"3"[39m
              [36m>[39m
                [0mNatwest Savings Account[0m
              [36m</option>[39m
              [36m<option[39m
                [33mvalue[39m=[32m"4"[39m
              [36m>[39m
                [0mNS&I Premium Bonds[0m
              [36m</option>[39m
              [36m<option[39m
                [33mvalue[39m=[32m"5"[39m
              [36m>[39m
                [0mNatwest Credit Card[0m
              [36m</option>[39m
              [36m<option[39m
                [33mvalue[39m=[32m"6"[39m
              [36m>[39m
                [0mAmerican Express Gold[0m
              [36m</option>[39m
              [36m<option[39m
                [33mvalue[39m=[32m"7"[39m
              [36m>[39m
                [0mNatwest Personal Loan[0m
              [36m</option>[39m
              [36m<option[39m
                [33mvalue[39m=[32m"8"[39m
              [36m>[39m
                [0mNatwest Mortgage[0m
              [36m</option>[39m
              [36m<option[39m
                [33mvalue[39m=[32m"9"[39m
              [36m>[39m
                [0mHargreaves Lansdown SIPP[0m
              [36m</option>[39m
              [36m<option[39m
                [33mvalue[39m=[32m"10"[39m
              [36m>[39m
                [0mHargreaves Lansdown ISA[0m
              [36m</option>[39m
              [36m<option[39m
                [33mvalue[39m=[32m"11"[39m
              [36m>[39m
                [0mCity Trader Account[0m
              [36m</option>[39m
              [36m<option[39m
                [33mvalue[39m=[32m"12"[39m
              [36m>[39m
                [0mPrimary Residence[0m
              [36m</option>[39m
            [36m</select>[39m
          [36m</div>[39m
          [36m<div>[39m
            [36m<label[39m
              [33mclass[39m=[32m"block text-sm font-medium text-gray-700 dark:text-gray-300 mb-1"[39m
              [33mfor[39m=[32m"notes"[39m
            [36m>[39m
              [0mNotes [0m
              [36m<span[39m
                [33mclass[39m=[32m"text-sm text-gray-500"[39m
              [36m>[39m
                [0m(Optional)[0m
              [36m</span>[39m
            [36m</label>[39m
            [36m<textarea[39m
              [33maria-describedby[39m=[32m"notes-hint"[39m
              [33mclass[39m=[32m"w-full px-3 py-2 bg-white/70 dark:bg-gray-800/70 backdrop-blur-sm border border-gray-300/50 dark:border-gray-600/50 rounded-xl focus:outline-none focus:ring-2 focus:ring-primary focus:border-transparent dark:text-white"[39m
              [33mid[39m=[32m"notes"[39m
              [33mplaceholder[39m=[32m"Add any additional details..."[39m
              [33mrows[39m=[32m"2"[39m
            [36m/>[39m
            [36m<p[39m
              [33mclass[39m=[32m"mt-1 text-xs text-gray-500 dark:text-gray-400"[39m
              [33mid[39m=[32m"notes-hint"[39m
            [36m>[39m
              [0mYou can add any additional information about this transaction[0m
            [36m</p>[39m
          [36m</div>[39m
          [36m<div>[39m
            [36m<label[39m
              [33mclass[39m=[32m"block text-sm font-medium text-gray-700 dark:text-gray-300 mb-1"[39m
              [33mfor[39m=[32m"tags"[39m
            [36m>[39m
              [0mTags [0m
              [36m<span[39m
                [33mclass[39m=[32m"text-sm text-gray-500"[39m
              [36m>[39m
                [0m(Optional)[0m
              [36m</span>[39m
            [36m</label>[39m
            [36m<div[39m
              [33maria-describedby[39m=[32m"tags-hint"[39m
              [33mid[39m=[32m"tags"[39m
            [36m>[39m
              [36m<div[39m
                [33mdata-testid[39m=[32m"tag-selector"[39m
              [36m>[39m
                [36m<input[39m
                  [33mplaceholder[39m=[32m"Search or create tags..."[39m
                  [33mtype[39m=[32m"text"[39m
                  [33mvalue[39m=[32m""[39m
                [36m/>[39m
              [36m</div>[39m
            [36m</div>[39m
            [36m<p[39m
              [33mclass[39m=[32m"mt-1 text-xs text-gray-500 dark:text-gray-400"[39m
              [33mid[39m=[32m"tags-hint"[39m
            [36m>[39m
              [0mAdd tags to help organize and search your transactions[0m
            [36m</p>[39m
          [36m</div>[39m
          [36m<div[39m
            [33mclass[39m=[32m"flex items-center gap-2"[39m
          [36m>[39m
            [36m<input[39m
              [33maria-describedby[39m=[32m"cleared-hint"[39m
              [33mclass[39m=[32m"rounded border-gray-300 dark:border-gray-600 focus:ring-2 focus:ring-primary focus:ring-offset-2"[39m
              [33mid[39m=[32m"cleared"[39m
              [33mtype[39m=[32m"checkbox"[39m
            [36m/>[39m
            [36m<label[39m
              [33mclass[39m=[32m"text-sm text-gray-700 dark:text-gray-300"[39m
              [33mfor[39m=[32m"cleared"[39m
            [36m>[39m
              [0mTransaction cleared/reconciled[0m
            [36m</label>[39m
          [36m</div>[39m
          [36m<p[39m
            [33mclass[39m=[32m"text-xs text-gray-500 dark:text-gray-400 ml-6"[39m
            [33mid[39m=[32m"cleared-hint"[39m
          [36m>[39m
            [0mCheck this if the transaction has been verified against your bank statement[0m
          [36m</p>[39m
          [36m<div[39m
            [33maria-atomic[39m=[32m"true"[39m
            [33maria-live[39m=[32m"polite"[39m
            [33mclass[39m=[32m"sr-only"[39m
          [36m/>[39m
          [36m<div[39m
            [33mclass[39m=[32m"flex gap-3 pt-4"[39m
          [36m>[39m
            [36m<button[39m
              [33mclass[39m=[32m"flex-1 px-4 py-2 border border-gray-300 dark:border-gray-600 text-gray-700 dark:text-gray-300 rounded-lg hover:bg-gray-50 dark:hover:bg-gray-700 focus:outline-none focus:ring-2 focus:ring-primary focus:ring-offset-2"[39m
              [33mtype[39m=[32m"button"[39m
            [36m>[39m
              [0mCancel[0m
            [36m</button>[39m
            [36m<button[39m
              [33maria-describedby[39m=[32m"submit-hint"[39m
              [33mclass[39m=[32m"flex-1 px-4 py-2 bg-primary text-white rounded-lg hover:bg-secondary focus:outline-none focus:ring-2 focus:ring-primary focus:ring-offset-2 disabled:opacity-50 disabled:cursor-not-allowed"[39m
              [33mtype[39m=[32m"submit"[39m
            [36m>[39m
              [0mAdd Transaction[0m
            [36m</button>[39m
          [36m</div>[39m
          [36m<p[39m
            [33mclass[39m=[32m"sr-only"[39m
            [33mid[39m=[32m"submit-hint"[39m
          [36m>[39m
            [0mClick to add this new transaction to your account[0m
          [36m</p>[39m
        [36m</form>[39m
      [36m</div>[39m
    [36m</div>[39m
  [36m</div>[39m
[36m</body>[39m
   × TransactionModal > Account handling > handles empty accounts array 1ms
     → useApp.mockReturnValue is not a function
   ✓ TransactionModal > Type options > renders all transaction type options 9ms
 ✓ src/components/BulkCheckbox.test.tsx (26 tests) 110ms
 ❯ src/utils/__tests__/calculations.test.ts (31 tests | 9 failed) 17ms
   ✓ Calculation Utilities > calculateTotalBalance > calculates total balance correctly 1ms
   ✓ Calculation Utilities > calculateTotalBalance > handles empty array 0ms
   ✓ Calculation Utilities > calculateNetWorth > calculates net worth correctly 0ms
   ✓ Calculation Utilities > calculateNetWorth > handles no liabilities 0ms
   ✓ Calculation Utilities > calculateTotalIncome > calculates total income correctly 0ms
   ✓ Calculation Utilities > calculateTotalIncome > returns 0 when no income transactions 0ms
   ✓ Calculation Utilities > calculateTotalExpenses > calculates total expenses correctly 0ms
   ✓ Calculation Utilities > calculateTotalExpenses > returns 0 when no expense transactions 0ms
   ✓ Calculation Utilities > calculateBudgetUsage > calculates budget usage correctly 0ms
   ✓ Calculation Utilities > calculateBudgetUsage > returns 0 when no matching transactions 0ms
   ✓ Calculation Utilities > calculateBudgetUsage > ignores income transactions 0ms
   × Calculation Utilities > calculateBudgetProgress > calculates budget progress percentage correctly 6ms
     → expected { Object (percentage, remaining, ...) } to be 50 // Object.is equality
   × Calculation Utilities > calculateBudgetProgress > handles overspending 1ms
     → expected { percentage: 120, …(2) } to be 120 // Object.is equality
   × Calculation Utilities > calculateBudgetProgress > returns 0 when budget amount is 0 0ms
     → expected { percentage: +0, …(2) } to be +0 // Object.is equality
   × Calculation Utilities > calculateGoalProgress > calculates goal progress percentage correctly 1ms
     → expected { percentage: 25, …(2) } to be 25 // Object.is equality
   × Calculation Utilities > calculateGoalProgress > handles completed goals 1ms
     → expected { Object (percentage, remaining, ...) } to be 100 // Object.is equality
   × Calculation Utilities > calculateGoalProgress > handles exceeded goals 0ms
     → expected { Object (percentage, remaining, ...) } to be 120 // Object.is equality
   × Calculation Utilities > calculateGoalProgress > returns 0 when target amount is 0 0ms
     → expected { Object (percentage, remaining, ...) } to be +0 // Object.is equality
   ✓ Calculation Utilities > getTransactionsByCategory > filters transactions by category 0ms
   ✓ Calculation Utilities > getTransactionsByCategory > returns empty array when no matches 0ms
   ✓ Calculation Utilities > getTransactionsByDateRange > filters transactions by date range 0ms
   ✓ Calculation Utilities > getTransactionsByDateRange > includes transactions on boundary dates 0ms
   × Calculation Utilities > calculateCashFlow > calculates cash flow correctly 0ms
     → expected undefined to be 5000 // Object.is equality
   × Calculation Utilities > calculateCashFlow > handles negative cash flow 0ms
     → expected undefined to be -1000 // Object.is equality
   ✓ Calculation Utilities > calculateSavingsRate > calculates savings rate correctly 0ms
   ✓ Calculation Utilities > calculateSavingsRate > returns 0 when no income 0ms
   ✓ Calculation Utilities > calculateSavingsRate > handles negative savings rate 0ms
   ✓ Calculation Utilities > getCategoryIcon > returns correct icon for known categories 0ms
   ✓ Calculation Utilities > getCategoryIcon > returns default icon for unknown categories 0ms
   ✓ Calculation Utilities > getAccountTypeIcon > returns correct icon for known account types 0ms
   ✓ Calculation Utilities > getAccountTypeIcon > returns default icon for unknown account types 0ms
 ✓ src/hooks/__tests__/useReconciliation.test.ts (17 tests) 29ms
 ✓ src/hooks/__tests__/useKeyboardShortcuts.test.ts (14 tests) 73ms
 ✓ src/components/ErrorBoundary.test.tsx (23 tests) 196ms
 ✓ src/components/BudgetProgress.test.tsx (32 tests) 130ms
 ❯ src/components/__tests__/CategorySelector.test.tsx (24 tests | 9 failed) 9432ms
   ✓ CategorySelector > rendering > renders correctly with default props 22ms
   ✓ CategorySelector > rendering > renders with custom placeholder 3ms
   × CategorySelector > rendering > shows selected category when provided 9ms
     → Unable to find an element with the text: Food & Dining > Groceries. This could be because the text is broken up by multiple elements. In this case, you can provide a function for your text matcher to make your matcher more flexible.

Ignored nodes: comments, script, style
[36m<body>[39m
  [36m<div>[39m
    [36m<div[39m
      [33mclass[39m=[32m"relative "[39m
    [36m>[39m
      [36m<div[39m
        [33mclass[39m=[32m"relative"[39m
      [36m>[39m
        [36m<div[39m
          [33mclass[39m=[32m"w-full px-3 py-2 h-[42px] bg-white/70 dark:bg-gray-800/70 backdrop-blur-sm border border-gray-300/50 dark:border-gray-600/50 rounded-xl focus-within:ring-2 focus-within:ring-primary focus-within:border-transparent cursor-text flex items-center"[39m
        [36m>[39m
          [36m<div[39m
            [33mclass[39m=[32m"flex items-center justify-between"[39m
          [36m>[39m
            [36m<div[39m
              [33mclass[39m=[32m"flex-1"[39m
            [36m>[39m
              [36m<span[39m
                [33mclass[39m=[32m"block text-gray-900 dark:text-white"[39m
              [36m/>[39m
            [36m</div>[39m
            [36m<div[39m
              [33mclass[39m=[32m"text-gray-400 transition-transform "[39m
              [33mdata-testid[39m=[32m"chevron-down-icon"[39m
            [36m>[39m
              [0mV[0m
            [36m</div>[39m
          [36m</div>[39m
        [36m</div>[39m
      [36m</div>[39m
    [36m</div>[39m
  [36m</div>[39m
[36m</body>[39m
   ✓ CategorySelector > rendering > shows different transaction types 5ms
   ✓ CategorySelector > rendering > applies custom className 2ms
   ✓ CategorySelector > rendering > hides helper text when category is selected 1ms
   × CategorySelector > user interactions > opens dropdown when clicked 1051ms
     → Unable to find an element with the text: Groceries. This could be because the text is broken up by multiple elements. In this case, you can provide a function for your text matcher to make your matcher more flexible.

Ignored nodes: comments, script, style
[36m<body>[39m
  [36m<div>[39m
    [36m<div[39m
      [33mclass[39m=[32m"relative "[39m
    [36m>[39m
      [36m<div[39m
        [33mclass[39m=[32m"relative"[39m
      [36m>[39m
        [36m<div[39m
          [33mclass[39m=[32m"w-full px-3 py-2 h-[42px] bg-white/70 dark:bg-gray-800/70 backdrop-blur-sm border border-gray-300/50 dark:border-gray-600/50 rounded-xl focus-within:ring-2 focus-within:ring-primary focus-within:border-transparent cursor-text flex items-center"[39m
        [36m>[39m
          [36m<div[39m
            [33mclass[39m=[32m"flex items-center justify-between"[39m
          [36m>[39m
            [36m<div[39m
              [33mclass[39m=[32m"flex-1"[39m
            [36m>[39m
              [36m<input[39m
                [33mclass[39m=[32m"w-full bg-transparent text-gray-900 dark:text-white focus:outline-none"[39m
                [33mplaceholder[39m=[32m"Select category..."[39m
                [33mtype[39m=[32m"text"[39m
                [33mvalue[39m=[32m""[39m
              [36m/>[39m
            [36m</div>[39m
            [36m<div[39m
              [33mclass[39m=[32m"text-gray-400 transition-transform rotate-180"[39m
              [33mdata-testid[39m=[32m"chevron-down-icon"[39m
            [36m>[39m
              [0mV[0m
            [36m</div>[39m
          [36m</div>[39m
        [36m</div>[39m
        [36m<div[39m
          [33mclass[39m=[32m"absolute top-full left-0 right-0 mt-1 bg-white dark:bg-gray-700 border border-gray-300 dark:border-gray-600 rounded-lg shadow-lg max-h-60 overflow-y-auto z-50"[39m
        [36m>[39m
          [36m<div[39m
            [33mclass[39m=[32m"px-3 py-2 text-gray-500 dark:text-gray-400 text-center"[39m
          [36m>[39m
            [0mNo categories available[0m
          [36m</div>[39m
        [36m</div>[39m
      [36m</div>[39m
    [36m</div>[39m
  [36m</div>[39m
[36m</body>[39m

Ignored nodes: comments, script, style
[36m<html>[39m
  [36m<head />[39m
  [36m<body>[39m
    [36m<div>[39m
      [36m<div[39m
        [33mclass[39m=[32m"relative "[39m
      [36m>[39m
        [36m<div[39m
          [33mclass[39m=[32m"relative"[39m
        [36m>[39m
          [36m<div[39m
            [33mclass[39m=[32m"w-full px-3 py-2 h-[42px] bg-white/70 dark:bg-gray-800/70 backdrop-blur-sm border border-gray-300/50 dark:border-gray-600/50 rounded-xl focus-within:ring-2 focus-within:ring-primary focus-within:border-transparent cursor-text flex items-center"[39m
          [36m>[39m
            [36m<div[39m
              [33mclass[39m=[32m"flex items-center justify-between"[39m
            [36m>[39m
              [36m<div[39m
                [33mclass[39m=[32m"flex-1"[39m
              [36m>[39m
                [36m<input[39m
                  [33mclass[39m=[32m"w-full bg-transparent text-gray-900 dark:text-white focus:outline-none"[39m
                  [33mplaceholder[39m=[32m"Select category..."[39m
                  [33mtype[39m=[32m"text"[39m
                  [33mvalue[39m=[32m""[39m
                [36m/>[39m
              [36m</div>[39m
              [36m<div[39m
                [33mclass[39m=[32m"text-gray-400 transition-transform rotate-180"[39m
                [33mdata-testid[39m=[32m"chevron-down-icon"[39m
              [36m>[39m
                [0mV[0m
              [36m</div>[39m
            [36m</div>[39m
          [36m</div>[39m
          [36m<div[39m
            [33mclass[39m=[32m"absolute top-full left-0 right-0 mt-1 bg-white dark:bg-gray-700 border border-gray-300 dark:border-gray-600 rounded-lg shadow-lg max-h-60 overflow-y-auto z-50"[39m
          [36m>[39m
            [36m<div[39m
              [33mclass[39m=[32m"px-3 py-2 text-gray-500 dark:text-gray-400 text-center"[39m
            [36m>[39m
              [0mNo categories available[0m
            [36m</div>[39m
          [36m</div>[39m
        [36m</div>[39m
      [36m</div>[39m
    [36m</div>[39m
  [36m</body>[39m
[36m</html>[39m
   ✓ CategorySelector > user interactions > shows search input when dropdown is open 19ms
   ✓ CategorySelector > user interactions > handles dropdown interaction without crashing 15ms
   × CategorySelector > user interactions > calls onCategoryChange when category is selected 1017ms
     → Unable to find an element with the text: Groceries. This could be because the text is broken up by multiple elements. In this case, you can provide a function for your text matcher to make your matcher more flexible.

Ignored nodes: comments, script, style
[36m<body>[39m
  [36m<div>[39m
    [36m<div[39m
      [33mclass[39m=[32m"relative "[39m
    [36m>[39m
      [36m<div[39m
        [33mclass[39m=[32m"relative"[39m
      [36m>[39m
        [36m<div[39m
          [33mclass[39m=[32m"w-full px-3 py-2 h-[42px] bg-white/70 dark:bg-gray-800/70 backdrop-blur-sm border border-gray-300/50 dark:border-gray-600/50 rounded-xl focus-within:ring-2 focus-within:ring-primary focus-within:border-transparent cursor-text flex items-center"[39m
        [36m>[39m
          [36m<div[39m
            [33mclass[39m=[32m"flex items-center justify-between"[39m
          [36m>[39m
            [36m<div[39m
              [33mclass[39m=[32m"flex-1"[39m
            [36m>[39m
              [36m<input[39m
                [33mclass[39m=[32m"w-full bg-transparent text-gray-900 dark:text-white focus:outline-none"[39m
                [33mplaceholder[39m=[32m"Select category..."[39m
                [33mtype[39m=[32m"text"[39m
                [33mvalue[39m=[32m""[39m
              [36m/>[39m
            [36m</div>[39m
            [36m<div[39m
              [33mclass[39m=[32m"text-gray-400 transition-transform rotate-180"[39m
              [33mdata-testid[39m=[32m"chevron-down-icon"[39m
            [36m>[39m
              [0mV[0m
            [36m</div>[39m
          [36m</div>[39m
        [36m</div>[39m
        [36m<div[39m
          [33mclass[39m=[32m"absolute top-full left-0 right-0 mt-1 bg-white dark:bg-gray-700 border border-gray-300 dark:border-gray-600 rounded-lg shadow-lg max-h-60 overflow-y-auto z-50"[39m
        [36m>[39m
          [36m<div[39m
            [33mclass[39m=[32m"px-3 py-2 text-gray-500 dark:text-gray-400 text-center"[39m
          [36m>[39m
            [0mNo categories available[0m
          [36m</div>[39m
        [36m</div>[39m
      [36m</div>[39m
    [36m</div>[39m
  [36m</div>[39m
[36m</body>[39m

Ignored nodes: comments, script, style
[36m<body>[39m
  [36m<div>[39m
    [36m<div[39m
      [33mclass[39m=[32m"relative "[39m
    [36m>[39m
      [36m<div[39m
        [33mclass[39m=[32m"relative"[39m
      [36m>[39m
        [36m<div[39m
          [33mclass[39m=[32m"w-full px-3 py-2 h-[42px] bg-white/70 dark:bg-gray-800/70 backdrop-blur-sm border border-gray-300/50 dark:border-gray-600/50 rounded-xl focus-within:ring-2 focus-within:ring-primary focus-within:border-transparent cursor-text flex items-center"[39m
        [36m>[39m
          [36m<div[39m
            [33mclass[39m=[32m"flex items-center justify-between"[39m
          [36m>[39m
            [36m<div[39m
              [33mclass[39m=[32m"flex-1"[39m
            [36m>[39m
              [36m<input[39m
                [33mclass[39m=[32m"w-full bg-transparent text-gray-900 dark:text-white focus:outline-none"[39m
                [33mplaceholder[39m=[32m"Select category..."[39m
                [33mtype[39m=[32m"text"[39m
                [33mvalue[39m=[32m""[39m
              [36m/>[39m
            [36m</div>[39m
            [36m<div[39m
              [33mclass[39m=[32m"text-gray-400 transition-transform rotate-180"[39m
              [33mdata-testid[39m=[32m"chevron-down-icon"[39m
            [36m>[39m
              [0mV[0m
            [36m</div>[39m
          [36m</div>[39m
        [36m</div>[39m
        [36m<div[39m
          [33mclass[39m=[32m"absolute top-full left-0 right-0 mt-1 bg-white dark:bg-gray-700 border border-gray-300 dark:border-gray-600 rounded-lg shadow-lg max-h-60 overflow-y-auto z-50"[39m
        [36m>[39m
          [36m<div[39m
            [33mclass[39m=[32m"px-3 py-2 text-gray-500 dark:text-gray-400 text-center"[39m
          [36m>[39m
            [0mNo categories available[0m
          [36m</div>[39m
        [36m</div>[39m
      [36m</div>[39m
    [36m</div>[39m
  [36m</div>[39m
[36m</body>[39m
   × CategorySelector > user interactions > closes dropdown when category is selected 1015ms
     → Unable to find an element with the text: Groceries. This could be because the text is broken up by multiple elements. In this case, you can provide a function for your text matcher to make your matcher more flexible.

Ignored nodes: comments, script, style
[36m<body>[39m
  [36m<div>[39m
    [36m<div[39m
      [33mclass[39m=[32m"relative "[39m
    [36m>[39m
      [36m<div[39m
        [33mclass[39m=[32m"relative"[39m
      [36m>[39m
        [36m<div[39m
          [33mclass[39m=[32m"w-full px-3 py-2 h-[42px] bg-white/70 dark:bg-gray-800/70 backdrop-blur-sm border border-gray-300/50 dark:border-gray-600/50 rounded-xl focus-within:ring-2 focus-within:ring-primary focus-within:border-transparent cursor-text flex items-center"[39m
        [36m>[39m
          [36m<div[39m
            [33mclass[39m=[32m"flex items-center justify-between"[39m
          [36m>[39m
            [36m<div[39m
              [33mclass[39m=[32m"flex-1"[39m
            [36m>[39m
              [36m<input[39m
                [33mclass[39m=[32m"w-full bg-transparent text-gray-900 dark:text-white focus:outline-none"[39m
                [33mplaceholder[39m=[32m"Select category..."[39m
                [33mtype[39m=[32m"text"[39m
                [33mvalue[39m=[32m""[39m
              [36m/>[39m
            [36m</div>[39m
            [36m<div[39m
              [33mclass[39m=[32m"text-gray-400 transition-transform rotate-180"[39m
              [33mdata-testid[39m=[32m"chevron-down-icon"[39m
            [36m>[39m
              [0mV[0m
            [36m</div>[39m
          [36m</div>[39m
        [36m</div>[39m
        [36m<div[39m
          [33mclass[39m=[32m"absolute top-full left-0 right-0 mt-1 bg-white dark:bg-gray-700 border border-gray-300 dark:border-gray-600 rounded-lg shadow-lg max-h-60 overflow-y-auto z-50"[39m
        [36m>[39m
          [36m<div[39m
            [33mclass[39m=[32m"px-3 py-2 text-gray-500 dark:text-gray-400 text-center"[39m
          [36m>[39m
            [0mNo categories available[0m
          [36m</div>[39m
        [36m</div>[39m
      [36m</div>[39m
    [36m</div>[39m
  [36m</div>[39m
[36m</body>[39m

Ignored nodes: comments, script, style
[36m<body>[39m
  [36m<div>[39m
    [36m<div[39m
      [33mclass[39m=[32m"relative "[39m
    [36m>[39m
      [36m<div[39m
        [33mclass[39m=[32m"relative"[39m
      [36m>[39m
        [36m<div[39m
          [33mclass[39m=[32m"w-full px-3 py-2 h-[42px] bg-white/70 dark:bg-gray-800/70 backdrop-blur-sm border border-gray-300/50 dark:border-gray-600/50 rounded-xl focus-within:ring-2 focus-within:ring-primary focus-within:border-transparent cursor-text flex items-center"[39m
        [36m>[39m
          [36m<div[39m
            [33mclass[39m=[32m"flex items-center justify-between"[39m
          [36m>[39m
            [36m<div[39m
              [33mclass[39m=[32m"flex-1"[39m
            [36m>[39m
              [36m<input[39m
                [33mclass[39m=[32m"w-full bg-transparent text-gray-900 dark:text-white focus:outline-none"[39m
                [33mplaceholder[39m=[32m"Select category..."[39m
                [33mtype[39m=[32m"text"[39m
                [33mvalue[39m=[32m""[39m
              [36m/>[39m
            [36m</div>[39m
            [36m<div[39m
              [33mclass[39m=[32m"text-gray-400 transition-transform rotate-180"[39m
              [33mdata-testid[39m=[32m"chevron-down-icon"[39m
            [36m>[39m
              [0mV[0m
            [36m</div>[39m
          [36m</div>[39m
        [36m</div>[39m
        [36m<div[39m
          [33mclass[39m=[32m"absolute top-full left-0 right-0 mt-1 bg-white dark:bg-gray-700 border border-gray-300 dark:border-gray-600 rounded-lg shadow-lg max-h-60 overflow-y-auto z-50"[39m
        [36m>[39m
          [36m<div[39m
            [33mclass[39m=[32m"px-3 py-2 text-gray-500 dark:text-gray-400 text-center"[39m
          [36m>[39m
            [0mNo categories available[0m
          [36m</div>[39m
        [36m</div>[39m
      [36m</div>[39m
    [36m</div>[39m
  [36m</div>[39m
[36m</body>[39m
   × CategorySelector > user interactions > shows parent category name for context 1013ms
     → Unable to find an element with the text: Food & Dining. This could be because the text is broken up by multiple elements. In this case, you can provide a function for your text matcher to make your matcher more flexible.

Ignored nodes: comments, script, style
[36m<body>[39m
  [36m<div>[39m
    [36m<div[39m
      [33mclass[39m=[32m"relative "[39m
    [36m>[39m
      [36m<div[39m
        [33mclass[39m=[32m"relative"[39m
      [36m>[39m
        [36m<div[39m
          [33mclass[39m=[32m"w-full px-3 py-2 h-[42px] bg-white/70 dark:bg-gray-800/70 backdrop-blur-sm border border-gray-300/50 dark:border-gray-600/50 rounded-xl focus-within:ring-2 focus-within:ring-primary focus-within:border-transparent cursor-text flex items-center"[39m
        [36m>[39m
          [36m<div[39m
            [33mclass[39m=[32m"flex items-center justify-between"[39m
          [36m>[39m
            [36m<div[39m
              [33mclass[39m=[32m"flex-1"[39m
            [36m>[39m
              [36m<input[39m
                [33mclass[39m=[32m"w-full bg-transparent text-gray-900 dark:text-white focus:outline-none"[39m
                [33mplaceholder[39m=[32m"Select category..."[39m
                [33mtype[39m=[32m"text"[39m
                [33mvalue[39m=[32m""[39m
              [36m/>[39m
            [36m</div>[39m
            [36m<div[39m
              [33mclass[39m=[32m"text-gray-400 transition-transform rotate-180"[39m
              [33mdata-testid[39m=[32m"chevron-down-icon"[39m
            [36m>[39m
              [0mV[0m
            [36m</div>[39m
          [36m</div>[39m
        [36m</div>[39m
        [36m<div[39m
          [33mclass[39m=[32m"absolute top-full left-0 right-0 mt-1 bg-white dark:bg-gray-700 border border-gray-300 dark:border-gray-600 rounded-lg shadow-lg max-h-60 overflow-y-auto z-50"[39m
        [36m>[39m
          [36m<div[39m
            [33mclass[39m=[32m"px-3 py-2 text-gray-500 dark:text-gray-400 text-center"[39m
          [36m>[39m
            [0mNo categories available[0m
          [36m</div>[39m
        [36m</div>[39m
      [36m</div>[39m
    [36m</div>[39m
  [36m</div>[39m
[36m</body>[39m

Ignored nodes: comments, script, style
[36m<html>[39m
  [36m<head />[39m
  [36m<body>[39m
    [36m<div>[39m
      [36m<div[39m
        [33mclass[39m=[32m"relative "[39m
      [36m>[39m
        [36m<div[39m
          [33mclass[39m=[32m"relative"[39m
        [36m>[39m
          [36m<div[39m
            [33mclass[39m=[32m"w-full px-3 py-2 h-[42px] bg-white/70 dark:bg-gray-800/70 backdrop-blur-sm border border-gray-300/50 dark:border-gray-600/50 rounded-xl focus-within:ring-2 focus-within:ring-primary focus-within:border-transparent cursor-text flex items-center"[39m
          [36m>[39m
            [36m<div[39m
              [33mclass[39m=[32m"flex items-center justify-between"[39m
            [36m>[39m
              [36m<div[39m
                [33mclass[39m=[32m"flex-1"[39m
              [36m>[39m
                [36m<input[39m
                  [33mclass[39m=[32m"w-full bg-transparent text-gray-900 dark:text-white focus:outline-none"[39m
                  [33mplaceholder[39m=[32m"Select category..."[39m
                  [33mtype[39m=[32m"text"[39m
                  [33mvalue[39m=[32m""[39m
                [36m/>[39m
              [36m</div>[39m
              [36m<div[39m
                [33mclass[39m=[32m"text-gray-400 transition-transform rotate-180"[39m
                [33mdata-testid[39m=[32m"chevron-down-icon"[39m
              [36m>[39m
                [0mV[0m
              [36m</div>[39m
            [36m</div>[39m
          [36m</div>[39m
          [36m<div[39m
            [33mclass[39m=[32m"absolute top-full left-0 right-0 mt-1 bg-white dark:bg-gray-700 border border-gray-300 dark:border-gray-600 rounded-lg shadow-lg max-h-60 overflow-y-auto z-50"[39m
          [36m>[39m
            [36m<div[39m
              [33mclass[39m=[32m"px-3 py-2 text-gray-500 dark:text-gray-400 text-center"[39m
            [36m>[39m
              [0mNo categories available[0m
            [36m</div>[39m
          [36m</div>[39m
        [36m</div>[39m
      [36m</div>[39m
    [36m</div>[39m
  [36m</body>[39m
[36m</html>[39m
   ✓ CategorySelector > edge cases > handles empty category search gracefully 54ms
   ✓ CategorySelector > edge cases > shows no results message when search returns empty  1055ms
   ✓ CategorySelector > edge cases > shows create option when allowCreate is true and search term exists  1044ms
   ✓ CategorySelector > edge cases > closes dropdown when clicking outside 25ms
   × CategorySelector > edge cases > handles income transaction type correctly 1011ms
     → Unable to find an element with the text: Salary. This could be because the text is broken up by multiple elements. In this case, you can provide a function for your text matcher to make your matcher more flexible.

Ignored nodes: comments, script, style
[36m<body>[39m
  [36m<div>[39m
    [36m<div[39m
      [33mclass[39m=[32m"relative "[39m
    [36m>[39m
      [36m<div[39m
        [33mclass[39m=[32m"relative"[39m
      [36m>[39m
        [36m<div[39m
          [33mclass[39m=[32m"w-full px-3 py-2 h-[42px] bg-white/70 dark:bg-gray-800/70 backdrop-blur-sm border border-gray-300/50 dark:border-gray-600/50 rounded-xl focus-within:ring-2 focus-within:ring-primary focus-within:border-transparent cursor-text flex items-center"[39m
        [36m>[39m
          [36m<div[39m
            [33mclass[39m=[32m"flex items-center justify-between"[39m
          [36m>[39m
            [36m<div[39m
              [33mclass[39m=[32m"flex-1"[39m
            [36m>[39m
              [36m<input[39m
                [33mclass[39m=[32m"w-full bg-transparent text-gray-900 dark:text-white focus:outline-none"[39m
                [33mplaceholder[39m=[32m"Select category..."[39m
                [33mtype[39m=[32m"text"[39m
                [33mvalue[39m=[32m""[39m
              [36m/>[39m
            [36m</div>[39m
            [36m<div[39m
              [33mclass[39m=[32m"text-gray-400 transition-transform rotate-180"[39m
              [33mdata-testid[39m=[32m"chevron-down-icon"[39m
            [36m>[39m
              [0mV[0m
            [36m</div>[39m
          [36m</div>[39m
        [36m</div>[39m
        [36m<div[39m
          [33mclass[39m=[32m"absolute top-full left-0 right-0 mt-1 bg-white dark:bg-gray-700 border border-gray-300 dark:border-gray-600 rounded-lg shadow-lg max-h-60 overflow-y-auto z-50"[39m
        [36m>[39m
          [36m<div[39m
            [33mclass[39m=[32m"px-3 py-2 text-gray-500 dark:text-gray-400 text-center"[39m
          [36m>[39m
            [0mNo categories available[0m
          [36m</div>[39m
        [36m</div>[39m
      [36m</div>[39m
    [36m</div>[39m
  [36m</div>[39m
[36m</body>[39m

Ignored nodes: comments, script, style
[36m<html>[39m
  [36m<head />[39m
  [36m<body>[39m
    [36m<div>[39m
      [36m<div[39m
        [33mclass[39m=[32m"relative "[39m
      [36m>[39m
        [36m<div[39m
          [33mclass[39m=[32m"relative"[39m
        [36m>[39m
          [36m<div[39m
            [33mclass[39m=[32m"w-full px-3 py-2 h-[42px] bg-white/70 dark:bg-gray-800/70 backdrop-blur-sm border border-gray-300/50 dark:border-gray-600/50 rounded-xl focus-within:ring-2 focus-within:ring-primary focus-within:border-transparent cursor-text flex items-center"[39m
          [36m>[39m
            [36m<div[39m
              [33mclass[39m=[32m"flex items-center justify-between"[39m
            [36m>[39m
              [36m<div[39m
                [33mclass[39m=[32m"flex-1"[39m
              [36m>[39m
                [36m<input[39m
                  [33mclass[39m=[32m"w-full bg-transparent text-gray-900 dark:text-white focus:outline-none"[39m
                  [33mplaceholder[39m=[32m"Select category..."[39m
                  [33mtype[39m=[32m"text"[39m
                  [33mvalue[39m=[32m""[39m
                [36m/>[39m
              [36m</div>[39m
              [36m<div[39m
                [33mclass[39m=[32m"text-gray-400 transition-transform rotate-180"[39m
                [33mdata-testid[39m=[32m"chevron-down-icon"[39m
              [36m>[39m
                [0mV[0m
              [36m</div>[39m
            [36m</div>[39m
          [36m</div>[39m
          [36m<div[39m
            [33mclass[39m=[32m"absolute top-full left-0 right-0 mt-1 bg-white dark:bg-gray-700 border border-gray-300 dark:border-gray-600 rounded-lg shadow-lg max-h-60 overflow-y-auto z-50"[39m
          [36m>[39m
            [36m<div[39m
              [33mclass[39m=[32m"px-3 py-2 text-gray-500 dark:text-gray-400 text-center"[39m
            [36m>[39m
              [0mNo categories available[0m
            [36m</div>[39m
          [36m</div>[39m
        [36m</div>[39m
      [36m</div>[39m
    [36m</div>[39m
  [36m</body>[39m
[36m</html>[39m
   ✓ CategorySelector > accessibility > provides semantic dropdown structure 14ms
   × CategorySelector > accessibility > shows category icons for visual context 1013ms
     → Unable to find an element by: [data-testid="tag-icon"]

Ignored nodes: comments, script, style
[36m<body>[39m
  [36m<div>[39m
    [36m<div[39m
      [33mclass[39m=[32m"relative "[39m
    [36m>[39m
      [36m<div[39m
        [33mclass[39m=[32m"relative"[39m
      [36m>[39m
        [36m<div[39m
          [33mclass[39m=[32m"w-full px-3 py-2 h-[42px] bg-white/70 dark:bg-gray-800/70 backdrop-blur-sm border border-gray-300/50 dark:border-gray-600/50 rounded-xl focus-within:ring-2 focus-within:ring-primary focus-within:border-transparent cursor-text flex items-center"[39m
        [36m>[39m
          [36m<div[39m
            [33mclass[39m=[32m"flex items-center justify-between"[39m
          [36m>[39m
            [36m<div[39m
              [33mclass[39m=[32m"flex-1"[39m
            [36m>[39m
              [36m<input[39m
                [33mclass[39m=[32m"w-full bg-transparent text-gray-900 dark:text-white focus:outline-none"[39m
                [33mplaceholder[39m=[32m"Select category..."[39m
                [33mtype[39m=[32m"text"[39m
                [33mvalue[39m=[32m""[39m
              [36m/>[39m
            [36m</div>[39m
            [36m<div[39m
              [33mclass[39m=[32m"text-gray-400 transition-transform rotate-180"[39m
              [33mdata-testid[39m=[32m"chevron-down-icon"[39m
            [36m>[39m
              [0mV[0m
            [36m</div>[39m
          [36m</div>[39m
        [36m</div>[39m
        [36m<div[39m
          [33mclass[39m=[32m"absolute top-full left-0 right-0 mt-1 bg-white dark:bg-gray-700 border border-gray-300 dark:border-gray-600 rounded-lg shadow-lg max-h-60 overflow-y-auto z-50"[39m
        [36m>[39m
          [36m<div[39m
            [33mclass[39m=[32m"px-3 py-2 text-gray-500 dark:text-gray-400 text-center"[39m
          [36m>[39m
            [0mNo categories available[0m
          [36m</div>[39m
        [36m</div>[39m
      [36m</div>[39m
    [36m</div>[39m
  [36m</div>[39m
[36m</body>[39m

Ignored nodes: comments, script, style
[36m<html>[39m
  [36m<head />[39m
  [36m<body>[39m
    [36m<div>[39m
      [36m<div[39m
        [33mclass[39m=[32m"relative "[39m
      [36m>[39m
        [36m<div[39m
          [33mclass[39m=[32m"relative"[39m
        [36m>[39m
          [36m<div[39m
            [33mclass[39m=[32m"w-full px-3 py-2 h-[42px] bg-white/70 dark:bg-gray-800/70 backdrop-blur-sm border border-gray-300/50 dark:border-gray-600/50 rounded-xl focus-within:ring-2 focus-within:ring-primary focus-within:border-transparent cursor-text flex items-center"[39m
          [36m>[39m
            [36m<div[39m
              [33mclass[39m=[32m"flex items-center justify-between"[39m
            [36m>[39m
              [36m<div[39m
                [33mclass[39m=[32m"flex-1"[39m
              [36m>[39m
                [36m<input[39m
                  [33mclass[39m=[32m"w-full bg-transparent text-gray-900 dark:text-white focus:outline-none"[39m
                  [33mplaceholder[39m=[32m"Select category..."[39m
                  [33mtype[39m=[32m"text"[39m
                  [33mvalue[39m=[32m""[39m
                [36m/>[39m
              [36m</div>[39m
              [36m<div[39m
                [33mclass[39m=[32m"text-gray-400 transition-transform rotate-180"[39m
                [33mdata-testid[39m=[32m"chevron-down-icon"[39m
              [36m>[39m
                [0mV[0m
              [36m</div>[39m
            [36m</div>[39m
          [36m</div>[39m
          [36m<div[39m
            [33mclass[39m=[32m"absolute top-full left-0 right-0 mt-1 bg-white dark:bg-gray-700 border border-gray-300 dark:border-gray-600 rounded-lg shadow-lg max-h-60 overflow-y-auto z-50"[39m
          [36m>[39m
            [36m<div[39m
              [33mclass[39m=[32m"px-3 py-2 text-gray-500 dark:text-gray-400 text-center"[39m
            [36m>[39m
              [0mNo categories available[0m
            [36m</div>[39m
          [36m</div>[39m
        [36m</div>[39m
      [36m</div>[39m
    [36m</div>[39m
  [36m</body>[39m
[36m</html>[39m
   ✓ CategorySelector > accessibility > provides helper text for context 2ms
   × CategorySelector > accessibility > shows clear visual hierarchy with parent categories 1011ms
     → Unable to find an element with the text: Groceries. This could be because the text is broken up by multiple elements. In this case, you can provide a function for your text matcher to make your matcher more flexible.

Ignored nodes: comments, script, style
[36m<body>[39m
  [36m<div>[39m
    [36m<div[39m
      [33mclass[39m=[32m"relative "[39m
    [36m>[39m
      [36m<div[39m
        [33mclass[39m=[32m"relative"[39m
      [36m>[39m
        [36m<div[39m
          [33mclass[39m=[32m"w-full px-3 py-2 h-[42px] bg-white/70 dark:bg-gray-800/70 backdrop-blur-sm border border-gray-300/50 dark:border-gray-600/50 rounded-xl focus-within:ring-2 focus-within:ring-primary focus-within:border-transparent cursor-text flex items-center"[39m
        [36m>[39m
          [36m<div[39m
            [33mclass[39m=[32m"flex items-center justify-between"[39m
          [36m>[39m
            [36m<div[39m
              [33mclass[39m=[32m"flex-1"[39m
            [36m>[39m
              [36m<input[39m
                [33mclass[39m=[32m"w-full bg-transparent text-gray-900 dark:text-white focus:outline-none"[39m
                [33mplaceholder[39m=[32m"Select category..."[39m
                [33mtype[39m=[32m"text"[39m
                [33mvalue[39m=[32m""[39m
              [36m/>[39m
            [36m</div>[39m
            [36m<div[39m
              [33mclass[39m=[32m"text-gray-400 transition-transform rotate-180"[39m
              [33mdata-testid[39m=[32m"chevron-down-icon"[39m
            [36m>[39m
              [0mV[0m
            [36m</div>[39m
          [36m</div>[39m
        [36m</div>[39m
        [36m<div[39m
          [33mclass[39m=[32m"absolute top-full left-0 right-0 mt-1 bg-white dark:bg-gray-700 border border-gray-300 dark:border-gray-600 rounded-lg shadow-lg max-h-60 overflow-y-auto z-50"[39m
        [36m>[39m
          [36m<div[39m
            [33mclass[39m=[32m"px-3 py-2 text-gray-500 dark:text-gray-400 text-center"[39m
          [36m>[39m
            [0mNo categories available[0m
          [36m</div>[39m
        [36m</div>[39m
      [36m</div>[39m
    [36m</div>[39m
  [36m</div>[39m
[36m</body>[39m

Ignored nodes: comments, script, style
[36m<html>[39m
  [36m<head />[39m
  [36m<body>[39m
    [36m<div>[39m
      [36m<div[39m
        [33mclass[39m=[32m"relative "[39m
      [36m>[39m
        [36m<div[39m
          [33mclass[39m=[32m"relative"[39m
        [36m>[39m
          [36m<div[39m
            [33mclass[39m=[32m"w-full px-3 py-2 h-[42px] bg-white/70 dark:bg-gray-800/70 backdrop-blur-sm border border-gray-300/50 dark:border-gray-600/50 rounded-xl focus-within:ring-2 focus-within:ring-primary focus-within:border-transparent cursor-text flex items-center"[39m
          [36m>[39m
            [36m<div[39m
              [33mclass[39m=[32m"flex items-center justify-between"[39m
            [36m>[39m
              [36m<div[39m
                [33mclass[39m=[32m"flex-1"[39m
              [36m>[39m
                [36m<input[39m
                  [33mclass[39m=[32m"w-full bg-transparent text-gray-900 dark:text-white focus:outline-none"[39m
                  [33mplaceholder[39m=[32m"Select category..."[39m
                  [33mtype[39m=[32m"text"[39m
                  [33mvalue[39m=[32m""[39m
                [36m/>[39m
              [36m</div>[39m
              [36m<div[39m
                [33mclass[39m=[32m"text-gray-400 transition-transform rotate-180"[39m
                [33mdata-testid[39m=[32m"chevron-down-icon"[39m
              [36m>[39m
                [0mV[0m
              [36m</div>[39m
            [36m</div>[39m
          [36m</div>[39m
          [36m<div[39m
            [33mclass[39m=[32m"absolute top-full left-0 right-0 mt-1 bg-white dark:bg-gray-700 border border-gray-300 dark:border-gray-600 rounded-lg shadow-lg max-h-60 overflow-y-auto z-50"[39m
          [36m>[39m
            [36m<div[39m
              [33mclass[39m=[32m"px-3 py-2 text-gray-500 dark:text-gray-400 text-center"[39m
            [36m>[39m
              [0mNo categories available[0m
            [36m</div>[39m
          [36m</div>[39m
        [36m</div>[39m
      [36m</div>[39m
    [36m</div>[39m
  [36m</body>[39m
[36m</html>[39m
   ✓ CategorySelector > accessibility > handles keyboard interaction with input focus 15ms
   × CategorySelector > accessibility > provides visual feedback for selected categories 3ms
     → Unable to find an element with the text: Food & Dining > Groceries. This could be because the text is broken up by multiple elements. In this case, you can provide a function for your text matcher to make your matcher more flexible.

Ignored nodes: comments, script, style
[36m<body>[39m
  [36m<div>[39m
    [36m<div[39m
      [33mclass[39m=[32m"relative "[39m
    [36m>[39m
      [36m<div[39m
        [33mclass[39m=[32m"relative"[39m
      [36m>[39m
        [36m<div[39m
          [33mclass[39m=[32m"w-full px-3 py-2 h-[42px] bg-white/70 dark:bg-gray-800/70 backdrop-blur-sm border border-gray-300/50 dark:border-gray-600/50 rounded-xl focus-within:ring-2 focus-within:ring-primary focus-within:border-transparent cursor-text flex items-center"[39m
        [36m>[39m
          [36m<div[39m
            [33mclass[39m=[32m"flex items-center justify-between"[39m
          [36m>[39m
            [36m<div[39m
              [33mclass[39m=[32m"flex-1"[39m
            [36m>[39m
              [36m<span[39m
                [33mclass[39m=[32m"block text-gray-900 dark:text-white"[39m
              [36m/>[39m
            [36m</div>[39m
            [36m<div[39m
              [33mclass[39m=[32m"text-gray-400 transition-transform "[39m
              [33mdata-testid[39m=[32m"chevron-down-icon"[39m
            [36m>[39m
              [0mV[0m
            [36m</div>[39m
          [36m</div>[39m
        [36m</div>[39m
      [36m</div>[39m
    [36m</div>[39m
  [36m</div>[39m
[36m</body>[39m
   ✓ CategorySelector > accessibility > handles chevron icon rotation for visual state 14ms
 ✓ src/hooks/__tests__/useAdvancedSearch.test.ts (15 tests) 37ms
 ✓ src/contexts/__tests__/AppContext.test.tsx (16 tests) 244ms
 ✓ src/contexts/__tests__/PreferencesContextSafe.test.tsx (17 tests) 91ms
 ✓ src/components/__tests__/BalanceReconciliationModal.test.tsx (20 tests) 362ms
 ✓ src/store/slices/layoutSlice.test.ts (22 tests) 23ms
 ✓ src/test/integration/CoreIntegration.test.tsx (13 tests) 21ms
 ✓ src/components/charts/LineChart.test.tsx (12 tests) 56ms
 ✓ src/components/loading/Skeleton.test.tsx (30 tests) 130ms
 ✓ src/components/OfflineIndicator.test.tsx (19 tests) 67ms
 ✓ src/services/__tests__/userIdService.test.ts (13 tests) 7ms
 ✓ src/hooks/__tests__/useStockPrices.test.ts (18 tests | 2 skipped) 612ms
 ✓ src/components/PageWrapper.test.tsx (22 tests) 95ms
 ✓ src/test/integration/BudgetWorkflowIntegration.test.tsx (7 tests) 604ms
 ✓ src/security/__tests__/xss-protection.test.ts (31 tests) 26ms
 ✓ src/components/common/AriaLiveRegion.test.tsx (22 tests) 86ms
 ✓ src/contexts/__tests__/CombinedProvider.test.tsx (7 tests) 33ms
 ✓ src/components/charts/LazyChart.test.tsx (20 tests) 92ms
 ✓ src/test/integration/AppFlow.test.tsx (11 tests) 103ms
 ✓ src/hooks/__tests__/useDebounce.test.ts (11 tests) 28ms
 ❯ src/hooks/__tests__/useCashFlowForecast.test.ts (12 tests | 4 failed) 215ms
   ✓ useCashFlowForecast > basic functionality > returns initial state correctly 17ms
   × useCashFlowForecast > basic functionality > generates forecast on mount when enabled 51ms
     → expected "spy" to be called with arguments: [ …(3) ][90m

Received: 

[1m  1st spy call:

[22m[2m  [[22m
[2m    [[22m
[2m      {[22m
[32m-       "balance": 5000,[90m
[32m-       "createdAt": 2024-01-01T00:00:00.000Z,[90m
[32m-       "id": "acc-1",[90m
[32m-       "name": "Checking",[90m
[31m+       "balance": 0,[90m
[31m+       "currency": "GBP",[90m
[31m+       "id": "1",[90m
[31m+       "institution": "Natwest",[90m
[31m+       "lastUpdated": 2025-01-20T10:00:00.000Z,[90m
[31m+       "name": "Natwest Current Account",[90m
[31m+       "openingBalance": 0,[90m
[31m+       "openingBalanceDate": 2024-07-01T00:00:00.000Z,[90m
[31m+       "type": "current",[90m
[31m+     },[90m
[31m+     {[90m
[31m+       "balance": 0,[90m
[31m+       "currency": "GBP",[90m
[31m+       "id": "2",[90m
[31m+       "institution": "Monzo",[90m
[31m+       "lastUpdated": 2025-01-20T10:00:00.000Z,[90m
[31m+       "name": "Monzo Current Account",[90m
[31m+       "openingBalance": 0,[90m
[31m+       "openingBalanceDate": 2024-07-01T00:00:00.000Z,[90m
[2m        "type": "current",[22m
[32m-       "updatedAt": 2025-01-20T00:00:00.000Z,[90m
[31m+     },[90m
[31m+     {[90m
[31m+       "balance": 0,[90m
[31m+       "currency": "GBP",[90m
[31m+       "id": "3",[90m
[31m+       "institution": "Natwest",[90m
[31m+       "lastUpdated": 2025-01-20T10:00:00.000Z,[90m
[31m+       "name": "Natwest Savings Account",[90m
[31m+       "openingBalance": 0,[90m
[31m+       "openingBalanceDate": 2024-07-01T00:00:00.000Z,[90m
[31m+       "type": "savings",[90m
[31m+     },[90m
[31m+     {[90m
[31m+       "balance": 0,[90m
[31m+       "currency": "GBP",[90m
[31m+       "id": "4",[90m
[31m+       "institution": "NS&I",[90m
[31m+       "lastUpdated": 2025-01-20T10:00:00.000Z,[90m
[31m+       "name": "NS&I Premium Bonds",[90m
[31m+       "openingBalance": 0,[90m
[31m+       "openingBalanceDate": 2024-07-01T00:00:00.000Z,[90m
[31m+       "type": "savings",[90m
[31m+     },[90m
[31m+     {[90m
[31m+       "balance": 0,[90m
[31m+       "currency": "GBP",[90m
[31m+       "id": "5",[90m
[31m+       "institution": "Natwest",[90m
[31m+       "lastUpdated": 2025-01-20T10:00:00.000Z,[90m
[31m+       "name": "Natwest Credit Card",[90m
[31m+       "openingBalance": 0,[90m
[31m+       "openingBalanceDate": 2024-07-01T00:00:00.000Z,[90m
[31m+       "type": "credit",[90m
[31m+     },[90m
[31m+     {[90m
[31m+       "balance": 0,[90m
[31m+       "currency": "GBP",[90m
[31m+       "id": "6",[90m
[31m+       "institution": "American Express",[90m
[31m+       "lastUpdated": 2025-01-20T10:00:00.000Z,[90m
[31m+       "name": "American Express Gold",[90m
[31m+       "openingBalance": 0,[90m
[31m+       "openingBalanceDate": 2024-07-01T00:00:00.000Z,[90m
[31m+       "type": "credit",[90m
[31m+     },[90m
[31m+     {[90m
[31m+       "balance": 0,[90m
[31m+       "currency": "GBP",[90m
[31m+       "id": "7",[90m
[31m+       "institution": "Natwest",[90m
[31m+       "lastUpdated": 2025-01-20T10:00:00.000Z,[90m
[31m+       "name": "Natwest Personal Loan",[90m
[31m+       "openingBalance": 0,[90m
[31m+       "openingBalanceDate": 2024-07-01T00:00:00.000Z,[90m
[31m+       "type": "loan",[90m
[31m+     },[90m
[31m+     {[90m
[31m+       "balance": 0,[90m
[31m+       "currency": "GBP",[90m
[31m+       "id": "8",[90m
[31m+       "institution": "Natwest",[90m
[31m+       "lastUpdated": 2025-01-20T10:00:00.000Z,[90m
[31m+       "name": "Natwest Mortgage",[90m
[31m+       "openingBalance": 0,[90m
[31m+       "openingBalanceDate": 2024-07-01T00:00:00.000Z,[90m
[31m+       "type": "mortgage",[90m
[31m+     },[90m
[31m+     {[90m
[31m+       "balance": 0,[90m
[31m+       "currency": "GBP",[90m
[31m+       "holdings": [[90m
[31m+         {[90m
[31m+           "averageCost": 0.54,[90m
[31m+           "currency": "GBP",[90m
[31m+           "currentPrice": 0.56,[90m
[31m+           "gain": 400.0000000000018,[90m
[31m+           "gainPercent": 3.703703703703721,[90m
[31m+           "lastUpdated": 2025-01-20T10:00:00.000Z,[90m
[31m+           "marketValue": 11200.000000000002,[90m
[31m+           "name": "Lloyds Banking Group",[90m
[31m+           "shares": 20000,[90m
[31m+           "ticker": "LLOY.L",[90m
[31m+           "value": 10800,[90m
[31m+         },[90m
[31m+         {[90m
[31m+           "averageCost": 2.1,[90m
[31m+           "currency": "GBP",[90m
[31m+           "currentPrice": 2.15,[90m
[31m+           "gain": 150,[90m
[31m+           "gainPercent": 2.380952380952381,[90m
[31m+           "lastUpdated": 2025-01-20T10:00:00.000Z,[90m
[31m+           "marketValue": 6450,[90m
[31m+           "name": "Barclays",[90m
[31m+           "shares": 3000,[90m
[31m+           "ticker": "BARC.L",[90m
[31m+           "value": 6300,[90m
[31m+         },[90m
[31m+         {[90m
[31m+           "averageCost": 4.85,[90m
[31m+           "currency": "GBP",[90m
[31m+           "currentPrice": 4.9,[90m
[31m+           "gain": 100,[90m
[31m+           "gainPercent": 1.0309278350515463,[90m
[31m+           "lastUpdated": 2025-01-20T10:00:00.000Z,[90m
[31m+           "marketValue": 9800,[90m
[31m+           "name": "BP",[90m
[31m+           "shares": 2000,[90m
[31m+           "ticker": "BP.L",[90m
[31m+           "value": 9700,[90m
[31m+         },[90m
[31m+         {[90m
[31m+           "averageCost": 16.5,[90m
[31m+           "currency": "GBP",[90m
[31m+           "currentPrice": 16.75,[90m
[31m+           "gain": 200,[90m
[31m+           "gainPercent": 1.5151515151515151,[90m
[31m+           "lastUpdated": 2025-01-20T10:00:00.000Z,[90m
[31m+           "marketValue": 13400,[90m
[31m+           "name": "GlaxoSmithKline",[90m
[31m+           "shares": 800,[90m
[31m+           "ticker": "GSK.L",[90m
[31m+           "value": 13200,[90m
[31m+         },[90m
[31m+         {[90m
[31m+           "averageCost": 154.72,[90m
[31m+           "currency": "GBP",[90m
[31m+           "currentPrice": 158.5,[90m
[31m+           "gain": 378,[90m
[31m+           "gainPercent": 2.4431230610134436,[90m
[31m+           "lastUpdated": 2025-01-20T10:00:00.000Z,[90m
[31m+           "marketValue": 15850,[90m
[31m+           "name": "Apple Inc",[90m
[31m+           "shares": 100,[90m
[31m+           "ticker": "AAPL",[90m
[31m+           "value": 15472,[90m
[31m+         },[90m
[31m+         {[90m
[31m+           "averageCost": 355.9,[90m
[31m+           "currency": "GBP",[90m
[31m+           "currentPrice": 365,[90m
[31m+           "gain": 455,[90m
[31m+           "gainPercent": 2.5568980050576005,[90m
[31m+           "lastUpdated": 2025-01-20T10:00:00.000Z,[90m
[31m+           "marketValue": 18250,[90m
[31m+           "name": "Microsoft Corp",[90m
[31m+           "shares": 50,[90m
[31m+           "ticker": "MSFT",[90m
[31m+           "value": 17795,[90m
[31m+         },[90m
[31m+         {[90m
[31m+           "averageCost": 142.52,[90m
[31m+           "currency": "GBP",[90m
[31m+           "currentPrice": 145,[90m
[31m+           "gain": 247.99999999999818,[90m
[31m+           "gainPercent": 1.7401066516979944,[90m
[31m+           "lastUpdated": 2025-01-20T10:00:00.000Z,[90m
[31m+           "marketValue": 14500,[90m
[31m+           "name": "Alphabet Inc",[90m
[31m+           "shares": 100,[90m
[31m+           "ticker": "GOOGL",[90m
[31m+           "value": 14252.000000000002,[90m
[31m+         },[90m
[31m+         {[90m
[31m+           "averageCost": 96.06,[90m
[31m+           "currency": "GBP",[90m
[31m+           "currentPrice": 98.5,[90m
[31m+           "gain": 244,[90m
[31m+           "gainPercent": 2.540079117218405,[90m
[31m+           "lastUpdated": 2025-01-20T10:00:00.000Z,[90m
[31m+           "marketValue": 9850,[90m
[31m+           "name": "NVIDIA Corp",[90m
[31m+           "shares": 100,[90m
[31m+           "ticker": "NVDA",[90m
[31m+           "value": 9606,[90m
[31m+         },[90m
[31m+         {[90m
[31m+           "averageCost": 108.5,[90m
[31m+           "currency": "GBP",[90m
[31m+           "currentPrice": 110,[90m
[31m+           "gain": 375,[90m
[31m+           "gainPercent": 1.3824884792626728,[90m
[31m+           "lastUpdated": 2025-01-20T10:00:00.000Z,[90m
[31m+           "marketValue": 27500,[90m
[31m+           "name": "Vanguard FTSE All-World ETF",[90m
[31m+           "shares": 250,[90m
[31m+           "ticker": "VWRL",[90m
[31m+           "value": 27125,[90m
[31m+         },[90m
[31m+         {[90m
[31m+           "averageCost": 8.45,[90m
[31m+           "currency": "GBP",[90m
[31m+           "currentPrice": 8.6,[90m
[31m+           "gain": 300,[90m
[31m+           "gainPercent": 1.7751479289940828,[90m
[31m+           "lastUpdated": 2025-01-20T10:00:00.000Z,[90m
[31m+           "marketValue": 17200,[90m
[31m+           "name": "Scottish Mortgage Trust",[90m
[31m+           "shares": 2000,[90m
[31m+           "ticker": "SMT",[90m
[31m+           "value": 16900,[90m
[31m+         },[90m
[31m+         {[90m
[31m+           "averageCost": 4.25,[90m
[31m+           "currency": "GBP",[90m
[31m+           "currentPrice": 4.3,[90m
[31m+           "gain": 75,[90m
[31m+           "gainPercent": 1.1764705882352942,[90m
[31m+           "lastUpdated": 2025-01-20T10:00:00.000Z,[90m
[31m+           "marketValue": 6450,[90m
[31m+           "name": "City of London Investment Trust",[90m
[31m+           "shares": 1500,[90m
[31m+           "ticker": "CTY",[90m
[31m+           "value": 6375,[90m
[31m+         },[90m
[31m+       ],[90m
[31m+       "id": "9",[90m
[31m+       "institution": "Hargreaves Lansdown",[90m
[31m+       "lastUpdated": 2025-01-20T10:00:00.000Z,[90m
[31m+       "name": "Hargreaves Lansdown SIPP",[90m
[31m+       "openingBalance": 0,[90m
[31m+       "openingBalanceDate": 2024-07-01T00:00:00.000Z,[90m
[31m+       "type": "investment",[90m
[31m+     },[90m
[31m+     {[90m
[31m+       "balance": 0,[90m
[31m+       "currency": "GBP",[90m
[31m+       "id": "10",[90m
[31m+       "institution": "Hargreaves Lansdown",[90m
[31m+       "lastUpdated": 2025-01-20T10:00:00.000Z,[90m
[31m+       "name": "Hargreaves Lansdown ISA",[90m
[31m+       "openingBalance": 0,[90m
[31m+       "openingBalanceDate": 2024-07-01T00:00:00.000Z,[90m
[31m+       "type": "investment",[90m
[2m      },[22m
[2m      {[22m
[2m        "balance": 10000,[22m
[32m-       "createdAt": 2024-01-01T00:00:00.000Z,[90m
[32m-       "id": "acc-2",[90m
[32m-       "name": "Savings",[90m
[32m-       "type": "savings",[90m
[32m-       "updatedAt": 2025-01-20T00:00:00.000Z,[90m
[31m+       "currency": "GBP",[90m
[31m+       "id": "11",[90m
[31m+       "institution": "City Trading",[90m
[31m+       "lastUpdated": 2025-01-20T10:00:00.000Z,[90m
[31m+       "name": "City Trader Account",[90m
[31m+       "openingBalance": 10000,[90m
[31m+       "openingBalanceDate": 2024-07-01T00:00:00.000Z,[90m
[31m+       "type": "investment",[90m
[31m+     },[90m
[31m+     {[90m
[31m+       "balance": 0,[90m
[31m+       "currency": "GBP",[90m
[31m+       "id": "12",[90m
[31m+       "institution": "Property",[90m
[31m+       "lastUpdated": 2025-01-20T10:00:00.000Z,[90m
[31m+       "name": "Primary Residence",[90m
[31m+       "openingBalance": 0,[90m
[31m+       "openingBalanceDate": 2024-07-01T00:00:00.000Z,[90m
[31m+       "type": "asset",[90m
[2m      },[22m
[2m    ],[22m
[2m    [[22m
[31m+     {[90m
[31m+       "accountId": "8",[90m
[31m+       "amount": -200000,[90m
[31m+       "category": "transfer",[90m
[31m+       "cleared": true,[90m
[31m+       "date": 2024-07-01T00:00:00.000Z,[90m
[31m+       "description": "Mortgage Loan",[90m
[31m+       "id": "t1",[90m
[31m+       "type": "transfer",[90m
[31m+     },[90m
[31m+     {[90m
[31m+       "accountId": "12",[90m
[31m+       "amount": 200000,[90m
[31m+       "category": "transfer",[90m
[31m+       "cleared": true,[90m
[31m+       "date": 2024-07-01T00:00:00.000Z,[90m
[31m+       "description": "Mortgage Loan",[90m
[31m+       "id": "t2",[90m
[31m+       "type": "transfer",[90m
[31m+     },[90m
[31m+     {[90m
[31m+       "accountId": "7",[90m
[31m+       "amount": -50000,[90m
[31m+       "category": "transfer",[90m
[31m+       "cleared": true,[90m
[31m+       "date": 2024-07-01T00:00:00.000Z,[90m
[31m+       "description": "Personal Loan",[90m
[31m+       "id": "t3",[90m
[31m+       "type": "transfer",[90m
[31m+     },[90m
[31m+     {[90m
[31m+       "accountId": "1",[90m
[31m+       "amount": 50000,[90m
[31m+       "category": "transfer",[90m
[31m+       "cleared": true,[90m
[31m+       "date": 2024-07-01T00:00:00.000Z,[90m
[31m+       "description": "Personal Loan",[90m
[31m+       "id": "t4",[90m
[31m+       "type": "transfer",[90m
[31m+     },[90m
[31m+     {[90m
[31m+       "accountId": "1",[90m
[31m+       "amount": -20000,[90m
[31m+       "category": "transfer",[90m
[31m+       "cleared": true,[90m
[31m+       "date": 2024-07-01T00:00:00.000Z,[90m
[31m+       "description": "House Deposit",[90m
[31m+       "id": "t5",[90m
[31m+       "type": "transfer",[90m
[31m+     },[90m
[31m+     {[90m
[31m+       "accountId": "12",[90m
[31m+       "amount": 20000,[90m
[31m+       "category": "transfer",[90m
[31m+       "cleared": true,[90m
[31m+       "date": 2024-07-01T00:00:00.000Z,[90m
[31m+       "description": "House Deposit",[90m
[31m+       "id": "t6",[90m
[31m+       "type": "transfer",[90m
[31m+     },[90m
[31m+     {[90m
[31m+       "accountId": "1",[90m
[31m+       "amount": -20000,[90m
[31m+       "category": "transfer",[90m
[31m+       "cleared": true,[90m
[31m+       "date": 2024-07-01T00:00:00.000Z,[90m
[31m+       "description": "Hargreaves ISA",[90m
[31m+       "id": "t7",[90m
[31m+       "type": "transfer",[90m
[31m+     },[90m
[31m+     {[90m
[31m+       "accountId": "10",[90m
[31m+       "amount": 20000,[90m
[31m+       "category": "transfer",[90m
[31m+       "cleared": true,[90m
[31m+       "date": 2024-07-01T00:00:00.000Z,[90m
[31m+       "description": "Hargreaves ISA",[90m
[31m+       "id": "t8",[90m
[31m+       "type": "transfer",[90m
[31m+     },[90m
[31m+     {[90m
[31m+       "accountId": "1",[90m
[31m+       "amount": -10000,[90m
[31m+       "category": "transfer",[90m
[31m+       "cleared": true,[90m
[31m+       "date": 2024-07-01T00:00:00.000Z,[90m
[31m+       "description": "NS&I Premium Bonds",[90m
[31m+       "id": "t9",[90m
[31m+       "type": "transfer",[90m
[31m+     },[90m
[31m+     {[90m
[31m+       "accountId": "4",[90m
[31m+       "amount": 10000,[90m
[31m+       "category": "transfer",[90m
[31m+       "cleared": true,[90m
[31m+       "date": 2024-07-01T00:00:00.000Z,[90m
[31m+       "description": "NS&I Premium Bonds",[90m
[31m+       "id": "t10",[90m
[31m+       "type": "transfer",[90m
[31m+     },[90m
[31m+     {[90m
[31m+       "accountId": "9",[90m
[31m+       "amount": -10878.95,[90m
[31m+       "category": "Investments",[90m
[31m+       "cleared": true,[90m
[31m+       "date": 2024-07-01T00:00:00.000Z,[90m
[31m+       "description": "Buy 20000 LLOY.L",[90m
[31m+       "id": "t11",[90m
[31m+       "investmentData": {[90m
[31m+         "pricePerShare": 0.54,[90m
[31m+         "quantity": 20000,[90m
[31m+         "stampDuty": 54,[90m
[31m+         "symbol": "LLOY.L",[90m
[31m+         "totalCost": 10878.95,[90m
[31m+         "transactionFee": 24.95,[90m
[31m+       },[90m
[31m+       "type": "expense",[90m
[31m+     },[90m
[31m+     {[90m
[31m+       "accountId": "9",[90m
[31m+       "amount": -6356.45,[90m
[31m+       "category": "Investments",[90m
[31m+       "cleared": true,[90m
[31m+       "date": 2024-07-01T00:00:00.000Z,[90m
[31m+       "description": "Buy 3000 BARC.L",[90m
[31m+       "id": "t12",[90m
[31m+       "investmentData": {[90m
[31m+         "pricePerShare": 2.1,[90m
[31m+         "quantity": 3000,[90m
[31m+         "stampDuty": 31.5,[90m
[31m+         "symbol": "BARC.L",[90m
[31m+         "totalCost": 6356.45,[90m
[31m+         "transactionFee": 24.95,[90m
[31m+       },[90m
[31m+       "type": "expense",[90m
[31m+     },[90m
[31m+     {[90m
[31m+       "accountId": "9",[90m
[31m+       "amount": -9773.45,[90m
[31m+       "category": "Investments",[90m
[31m+       "cleared": true,[90m
[31m+       "date": 2024-07-01T00:00:00.000Z,[90m
[31m+       "description": "Buy 2000 BP.L",[90m
[31m+       "id": "t13",[90m
[31m+       "investmentData": {[90m
[31m+         "pricePerShare": 4.85,[90m
[31m+         "quantity": 2000,[90m
[31m+         "stampDuty": 48.5,[90m
[31m+         "symbol": "BP.L",[90m
[31m+         "totalCost": 9773.45,[90m
[31m+         "transactionFee": 24.95,[90m
[31m+       },[90m
[31m+       "type": "expense",[90m
[31m+     },[90m
[31m+     {[90m
[31m+       "accountId": "9",[90m
[31m+       "amount": -13290.95,[90m
[31m+       "category": "Investments",[90m
[31m+       "cleared": true,[90m
[31m+       "date": 2024-07-01T00:00:00.000Z,[90m
[31m+       "description": "Buy 800 GSK.L",[90m
[31m+       "id": "t14",[90m
[31m+       "investmentData": {[90m
[31m+         "pricePerShare": 16.5,[90m
[31m+         "quantity": 800,[90m
[31m+         "stampDuty": 66,[90m
[31m+         "symbol": "GSK.L",[90m
[31m+         "totalCost": 13290.95,[90m
[31m+         "transactionFee": 24.95,[90m
[31m+       },[90m
[31m+       "type": "expense",[90m
[31m+     },[90m
[31m+     {[90m
[31m+       "accountId": "9",[90m
[31m+       "amount": -15496.95,[90m
[31m+       "category": "Investments",[90m
[31m+       "cleared": true,[90m
[31m+       "date": 2024-07-01T00:00:00.000Z,[90m
[31m+       "description": "Buy 100 AAPL",[90m
[31m+       "id": "t15",[90m
[31m+       "investmentData": {[90m
[31m+         "pricePerShare": 154.72,[90m
[31m+         "quantity": 100,[90m
[31m+         "stampDuty": 0,[90m
[31m+         "symbol": "AAPL",[90m
[31m+         "totalCost": 15496.95,[90m
[31m+         "transactionFee": 24.95,[90m
[31m+       },[90m
[31m+       "type": "expense",[90m
[31m+     },[90m
[31m+     {[90m
[31m+       "accountId": "9",[90m
[31m+       "amount": -17819.95,[90m
[31m+       "category": "Investments",[90m
[31m+       "cleared": true,[90m
[31m+       "date": 2024-07-01T00:00:00.000Z,[90m
[31m+       "description": "Buy 50 MSFT",[90m
[31m+       "id": "t16",[90m
[31m+       "investmentData": {[90m
[31m+         "pricePerShare": 355.9,[90m
[31m+         "quantity": 50,[90m
[31m+         "stampDuty": 0,[90m
[31m+         "symbol": "MSFT",[90m
[31m+         "totalCost": 17819.95,[90m
[31m+         "transactionFee": 24.95,[90m
[31m+       },[90m
[31m+       "type": "expense",[90m
[31m+     },[90m
[31m+     {[90m
[31m+       "accountId": "9",[90m
[31m+       "amount": -14276.950000000003,[90m
[31m+       "category": "Investments",[90m
[31m+       "cleared": true,[90m
[31m+       "date": 2024-07-01T00:00:00.000Z,[90m
[31m+       "description": "Buy 100 GOOGL",[90m
[31m+       "id": "t17",[90m
[31m+       "investmentData": {[90m
[31m+         "pricePerShare": 142.52,[90m
[31m+         "quantity": 100,[90m
[31m+         "stampDuty": 0,[90m
[31m+         "symbol": "GOOGL",[90m
[31m+         "totalCost": 14276.950000000003,[90m
[31m+         "transactionFee": 24.95,[90m
[31m+       },[90m
[31m+       "type": "expense",[90m
[31m+     },[90m
[31m+     {[90m
[31m+       "accountId": "9",[90m
[31m+       "amount": -9630.95,[90m
[31m+       "category": "Investments",[90m
[31m+       "cleared": true,[90m
[31m+       "date": 2024-07-01T00:00:00.000Z,[90m
[31m+       "description": "Buy 100 NVDA",[90m
[31m+       "id": "t18",[90m
[31m+       "investmentData": {[90m
[31m+         "pricePerShare": 96.06,[90m
[31m+         "quantity": 100,[90m
[31m+         "stampDuty": 0,[90m
[31m+         "symbol": "NVDA",[90m
[31m+         "totalCost": 9630.95,[90m
[31m+         "transactionFee": 24.95,[90m
[31m+       },[90m
[31m+       "type": "expense",[90m
[31m+     },[90m
[31m+     {[90m
[31m+       "accountId": "9",[90m
[31m+       "amount": -27149.95,[90m
[31m+       "category": "Investments",[90m
[31m+       "cleared": true,[90m
[31m+       "date": 2024-07-01T00:00:00.000Z,[90m
[31m+       "description": "Buy 250 VWRL",[90m
[31m+       "id": "t19",[90m
[31m+       "investmentData": {[90m
[31m+         "pricePerShare": 108.5,[90m
[31m+         "quantity": 250,[90m
[31m+         "stampDuty": 0,[90m
[31m+         "symbol": "VWRL",[90m
[31m+         "totalCost": 27149.95,[90m
[31m+         "transactionFee": 24.95,[90m
[31m+       },[90m
[31m+       "type": "expense",[90m
[31m+     },[90m
[31m+     {[90m
[31m+       "accountId": "9",[90m
[31m+       "amount": -16924.95,[90m
[31m+       "category": "Investments",[90m
[31m+       "cleared": true,[90m
[31m+       "date": 2024-07-01T00:00:00.000Z,[90m
[31m+       "description": "Buy 2000 SMT",[90m
[31m+       "id": "t20",[90m
[31m+       "investmentData": {[90m
[31m+         "pricePerShare": 8.45,[90m
[31m+         "quantity": 2000,[90m
[31m+         "stampDuty": 0,[90m
[31m+         "symbol": "SMT",[90m
[31m+         "totalCost": 16924.95,[90m
[31m+         "transactionFee": 24.95,[90m
[31m+       },[90m
[31m+       "type": "expense",[90m
[31m+     },[90m
[31m+     {[90m
[31m+       "accountId": "9",[90m
[31m+       "amount": -6399.95,[90m
[31m+       "category": "Investments",[90m
[31m+       "cleared": true,[90m
[31m+       "date": 2024-07-01T00:00:00.000Z,[90m
[31m+       "description": "Buy 1500 CTY",[90m
[31m+       "id": "t21",[90m
[31m+       "investmentData": {[90m
[31m+         "pricePerShare": 4.25,[90m
[31m+         "quantity": 1500,[90m
[31m+         "stampDuty": 0,[90m
[31m+         "symbol": "CTY",[90m
[31m+         "totalCost": 6399.95,[90m
[31m+         "transactionFee": 24.95,[90m
[31m+       },[90m
[31m+       "type": "expense",[90m
[31m+     },[90m
[31m+     {[90m
[31m+       "accountId": "1",[90m
[31m+       "amount": 6000,[90m
[31m+       "category": "Salary",[90m
[31m+       "cleared": true,[90m
[31m+       "date": 2024-06-30T23:00:00.000Z,[90m
[31m+       "description": "Monthly Salary",[90m
[31m+       "id": "t22",[90m
[31m+       "type": "income",[90m
[31m+     },[90m
[31m+     {[90m
[31m+       "accountId": "1",[90m
[31m+       "amount": -1200,[90m
[31m+       "category": "transfer",[90m
[31m+       "cleared": true,[90m
[31m+       "date": 2024-06-30T23:00:00.000Z,[90m
[31m+       "description": "Mortgage Payment",[90m
[31m+       "id": "t23",[90m
[31m+       "type": "transfer",[90m
[31m+     },[90m
[31m+     {[90m
[31m+       "accountId": "8",[90m
[31m+       "amount": 1200,[90m
[31m+       "category": "transfer",[90m
[31m+       "cleared": true,[90m
[31m+       "date": 2024-06-30T23:00:00.000Z,[90m
[31m+       "description": "Mortgage Payment",[90m
[31m+       "id": "t24",[90m
[31m+       "type": "transfer",[90m
[31m+     },[90m
[31m+     {[90m
[31m+       "accountId": "1",[90m
[31m+       "amount": -180,[90m
[31m+       "category": "Bills",[90m
[31m+       "cleared": true,[90m
[31m+       "date": 2024-06-30T23:00:00.000Z,[90m
[31m+       "description": "Council Tax",[90m
[31m+       "id": "t25",[90m
[31m+       "type": "expense",[90m
[31m+     },[90m
[31m+     {[90m
[31m+       "accountId": "1",[90m
[31m+       "amount": -150,[90m
[31m+       "category": "Utilities",[90m
[31m+       "cleared": true,[90m
[31m+       "date": 2024-06-30T23:00:00.000Z,[90m
[31m+       "description": "Gas & Electric",[90m
[31m+       "id": "t26",[90m
[31m+       "type": "expense",[90m
[31m+     },[90m
[31m+     {[90m
[31m+       "accountId": "1",[90m
[31m+       "amount": -45,[90m
[31m+       "category": "Utilities",[90m
[31m+       "cleared": true,[90m
[31m+       "date": 2024-06-30T23:00:00.000Z,[90m
[31m+       "description": "Water Bill",[90m
[31m+       "id": "t27",[90m
[31m+       "type": "expense",[90m
[31m+     },[90m
[31m+     {[90m
[31m+       "accountId": "1",[90m
[31m+       "amount": -55,[90m
[31m+       "category": "Utilities",[90m
[31m+       "cleared": true,[90m
[31m+       "date": 2024-06-30T23:00:00.000Z,[90m
[31m+       "description": "Internet & Phone",[90m
[31m+       "id": "t28",[90m
[31m+       "type": "expense",[90m
[31m+     },[90m
[31m+     {[90m
[31m+       "accountId": "1",[90m
[31m+       "amount": -35,[90m
[31m+       "category": "Bills",[90m
[31m+       "cleared": true,[90m
[31m+       "date": 2024-06-30T23:00:00.000Z,[90m
[31m+       "description": "Mobile Phone",[90m
[31m+       "id": "t29",[90m
[31m+       "type": "expense",[90m
[31m+     },[90m
[31m+     {[90m
[31m+       "accountId": "1",[90m
[31m+       "amount": -65,[90m
[31m+       "category": "Insurance",[90m
[31m+       "cleared": true,[90m
[31m+       "date": 2024-06-30T23:00:00.000Z,[90m
[31m+       "description": "Home Insurance",[90m
[31m+       "id": "t30",[90m
[31m+       "type": "expense",[90m
[31m+     },[90m
[31m+     {[90m
[31m+       "accountId": "1",[90m
[31m+       "amount": -45,[90m
[31m+       "category": "Insurance",[90m
[31m+       "cleared": true,[90m
[31m+       "date": 2024-06-30T23:00:00.000Z,[90m
[31m+       "description": "Life Insurance",[90m
[31m+       "id": "t31",[90m
[31m+       "type": "expense",[90m
[31m+     },[90m
[31m+     {[90m
[31m+       "accountId": "1",[90m
[31m+       "amount": -85,[90m
[31m+       "category": "Insurance",[90m
[31m+       "cleared": true,[90m
[31m+       "date": 2024-06-30T23:00:00.000Z,[90m
[31m+       "description": "Car Insurance",[90m
[31m+       "id": "t32",[90m
[31m+       "type": "expense",[90m
[31m+     },[90m
[31m+     {[90m
[31m+       "accountId": "1",[90m
[31m+       "amount": -55,[90m
[31m+       "category": "Health & Fitness",[90m
[31m+       "cleared": true,[90m
[31m+       "date": 2024-06-30T23:00:00.000Z,[90m
[31m+       "description": "Gym Membership",[90m
[31m+       "id": "t33",[90m
[31m+       "type": "expense",[90m
[31m+     },[90m
[31m+     {[90m
[31m+       "accountId": "6",[90m
[31m+       "amount": -7.18,[90m
[31m+       "category": "Coffee Shops",[90m
[31m+       "cleared": true,[90m
[31m+       "date": 2024-06-30T23:00:00.000Z,[90m
[31m+       "description": "Pret",[90m
[31m+       "id": "t34",[90m
[31m+       "type": "expense",[90m
[31m+     },[90m
[31m+     {[90m
[31m+       "accountId": "5",[90m
[31m+       "amount": -80.26,[90m
[31m+       "category": "Dining Out",[90m
[31m+       "cleared": true,[90m
[31m+       "date": 2024-07-02T23:00:00.000Z,[90m
[31m+       "description": "Nando's",[90m
[31m+       "id": "t35",[90m
[31m+       "type": "expense",[90m
[31m+     },[90m
[31m+     {[90m
[31m+       "accountId": "6",[90m
[31m+       "amount": -48.65,[90m
[31m+       "category": "Transport",[90m
[31m+       "cleared": true,[90m
[31m+       "date": 2024-07-02T23:00:00.000Z,[90m
[31m+       "description": "Addison Lee",[90m
[31m+       "id": "t36",[90m
[31m+       "type": "expense",[90m
[31m+     },[90m
[31m+     {[90m
[31m+       "accountId": "6",[90m
[31m+       "amount": -7.52,[90m
[31m+       "category": "Coffee Shops",[90m
[31m+       "cleared": true,[90m
[31m+       "date": 2024-07-02T23:00:00.000Z,[90m
[31m+       "description": "Pret",[90m
[31m+       "id": "t37",[90m
[31m+       "type": "expense",[90m
[31m+     },[90m
[31m+     {[90m
[31m+       "accountId": "6",[90m
[31m+       "amount": -48.7,[90m
[31m+       "category": "Groceries",[90m
[31m+       "cleared": true,[90m
[31m+       "date": 2024-07-03T23:00:00.000Z,[90m
[31m+       "description": "Sainsbury's",[90m
[31m+       "id": "t38",[90m
[31m+       "type": "expense",[90m
[31m+     },[90m
[31m+     {[90m
[31m+       "accountId": "6",[90m
[31m+       "amount": -6.76,[90m
[31m+       "category": "Coffee Shops",[90m
[31m+       "cleared": true,[90m
[31m+       "date": 2024-07-03T23:00:00.000Z,[90m
[31m+       "description": "Pret",[90m
[31m+       "id": "t39",[90m
[31m+       "type": "expense",[90m
[31m+     },[90m
[31m+     {[90m
[31m+       "accountId": "6",[90m
[31m+       "amount": -19.63,[90m
[31m+       "category": "Subscriptions",[90m
[31m+       "cleared": true,[90m
[31m+       "date": 2024-07-03T23:00:00.000Z,[90m
[31m+       "description": "Apple Music",[90m
[31m+       "id": "t40",[90m
[31m+       "type": "expense",[90m
[31m+     },[90m
[31m+     {[90m
[31m+       "accountId": "5",[90m
[31m+       "amount": -75.18,[90m
[31m+       "category": "Groceries",[90m
[31m+       "cleared": true,[90m
[31m+       "date": 2024-07-05T23:00:00.000Z,[90m
[31m+       "description": "Lidl",[90m
[31m+       "id": "t41",[90m
[31m+       "type": "expense",[90m
[31m+     },[90m
[31m+     {[90m
[31m+       "accountId": "6",[90m
[31m+       "amount": -96.6,[90m
[31m+       "category": "Dining Out",[90m
[31m+       "cleared": true,[90m
[31m+       "date": 2024-07-05T23:00:00.000Z,[90m
[31m+       "description": "The Ivy",[90m
[31m+       "id": "t42",[90m
[31m+       "type": "expense",[90m
[31m+     },[90m
[31m+     {[90m
[31m+       "accountId": "6",[90m
[31m+       "amount": -38.22,[90m
[31m+       "category": "Transport",[90m
[31m+       "cleared": true,[90m
[31m+       "date": 2024-07-05T23:00:00.000Z,[90m
[31m+       "description": "Addison Lee",[90m
[31m+       "id": "t43",[90m
[31m+       "type": "expense",[90m
[31m+     },[90m
[31m+     {[90m
[31m+       "accountId": "5",[90m
[31m+       "amount": -61.41,[90m
[31m+       "category": "Online Shopping",[90m
[31m+       "cleared": true,[90m
[31m+       "date": 2024-07-05T23:00:00.000Z,[90m
[31m+       "description": "Currys",[90m
[31m+       "id": "t44",[90m
[31m+       "type": "expense",[90m
[31m+     },[90m
[31m+     {[90m
[31m+       "accountId": "6",[90m
[31m+       "amount": -4.4,[90m
[31m+       "category": "Coffee Shops",[90m
[31m+       "cleared": true,[90m
[31m+       "date": 2024-07-05T23:00:00.000Z,[90m
[31m+       "description": "Gail's",[90m
[31m+       "id": "t45",[90m
[31m+       "type": "expense",[90m
[31m+     },[90m
[31m+     {[90m
[31m+       "accountId": "5",[90m
[31m+       "amount": -66.04,[90m
[31m+       "category": "Groceries",[90m
[31m+       "cleared": true,[90m
[31m+       "date": 2024-07-06T23:00:00.000Z,[90m
[31m+       "description": "ASDA",[90m
[31m+       "id": "t46",[90m
[31m+       "type": "expense",[90m
[31m+     },[90m
[31m+     {[90m
[31m+       "accountId": "6",[90m
[31m+       "amount": -47.71,[90m
[31m+       "category": "Dining Out",[90m
[31m+       "cleared": true,[90m
[31m+       "date": 2024-07-06T23:00:00.000Z,[90m
[31m+       "description": "Dishoom",[90m
[31m+       "id": "t47",[90m
[31m+       "type": "expense",[90m
[31m+     },[90m
[31m+     {[90m
[31m+       "accountId": "5",[90m
[31m+       "amount": -46.82,[90m
[31m+       "category": "Transport",[90m
[31m+       "cleared": true,[90m
[31m+       "date": 2024-07-06T23:00:00.000Z,[90m
[31m+       "description": "Addison Lee",[90m
[31m+       "id": "t48",[90m
[31m+       "type": "expense",[90m
[31m+     },[90m
[31m+     {[90m
[31m+       "accountId": "6",[90m
[31m+       "amount": -78.28,[90m
[31m+       "category": "Shopping",[90m
[31m+       "cleared": true,[90m
[31m+       "date": 2024-07-06T23:00:00.000Z,[90m
[31m+       "description": "John Lewis",[90m
[31m+       "id": "t49",[90m
[31m+       "type": "expense",[90m
[31m+     },[90m
[31m+     {[90m
[31m+       "accountId": "6",[90m
[31m+       "amount": -69.53,[90m
[31m+       "category": "Entertainment",[90m
[31m+       "cleared": true,[90m
[31m+       "date": 2024-07-06T23:00:00.000Z,[90m
[31m+       "description": "O2 Arena",[90m
[31m+       "id": "t50",[90m
[31m+       "type": "expense",[90m
[31m+     },[90m
[31m+     {[90m
[31m+       "accountId": "6",[90m
[31m+       "amount": -32.79,[90m
[31m+       "category": "Online Shopping",[90m
[31m+       "cleared": true,[90m
[31m+       "date": 2024-07-06T23:00:00.000Z,[90m
[31m+       "description": "Argos",[90m
[31m+       "id": "t51",[90m
[31m+       "type": "expense",[90m
[31m+     },[90m
[31m+     {[90m
[31m+       "accountId": "6",[90m
[31m+       "amount": -7.16,[90m
[31m+       "category": "Coffee Shops",[90m
[31m+       "cleared": true,[90m
[31m+       "date": 2024-07-07T23:00:00.000Z,[90m
[31m+       "description": "Nero",[90m
[31m+       "id": "t52",[90m
[31m+       "type": "expense",[90m
[31m+     },[90m
[31m+     {[90m
[31m+       "accountId": "5",[90m
[31m+       "amount": -44.56,[90m
[31m+       "category": "Groceries",[90m
[31m+       "cleared": true,[90m
[31m+       "date": 2024-07-08T23:00:00.000Z,[90m
[31m+       "description": "Aldi",[90m
[31m+       "id": "t53",[90m
[31m+       "type": "expense",[90m
[31m+     },[90m
[31m+     {[90m
[31m+       "accountId": "5",[90m
[31m+       "amount": -6.17,[90m
[31m+       "category": "Coffee Shops",[90m
[31m+       "cleared": true,[90m
[31m+       "date": 2024-07-08T23:00:00.000Z,[90m
[31m+       "description": "Gail's",[90m
[31m+       "id": "t54",[90m
[31m+       "type": "expense",[90m
[31m+     },[90m
[31m+     {[90m
[31m+       "accountId": "5",[90m
[31m+       "amount": -30.07,[90m
[31m+       "category": "Dining Out",[90m
[31m+       "cleared": true,[90m
[31m+       "date": 2024-07-09T23:00:00.000Z,[90m
[31m+       "description": "The Ivy",[90m
[31m+       "id": "t55",[90m
[31m+       "type": "expense",[90m
[31m+     },[90m
[31m+     {[90m
[31m+       "accountId": "6",[90m
[31m+       "amount": -23.69,[90m
[31m+       "category": "Transport",[90m
[31m+       "cleared": true,[90m
[31m+       "date": 2024-07-09T23:00:00.000Z,[90m
[31m+       "description": "Addison Lee",[90m
[31m+       "id": "t56",[90m
[31m+       "type": "expense",[90m
[31m+     },[90m
[31m+     {[90m
[31m+       "accountId": "6",[90m
[31m+       "amount": -90.34,[90m
[31m+       "category": "Online Shopping",[90m
[31m+       "cleared": true,[90m
[31m+       "date": 2024-07-09T23:00:00.000Z,[90m
[31m+       "description": "Currys",[90m
[31m+       "id": "t57",[90m
[31m+       "type": "expense",[90m
[31m+     },[90m
[31m+     {[90m
[31m+       "accountId": "6",[90m
[31m+       "amount": -72.19,[90m
[31m+       "category": "Groceries",[90m
[31m+       "cleared": true,[90m
[31m+       "date": 2024-07-10T23:00:00.000Z,[90m
[31m+       "description": "Sainsbury's",[90m
[31m+       "id": "t58",[90m
[31m+       "type": "expense",[90m
[31m+     },[90m
[31m+     {[90m
[31m+       "accountId": "5",[90m
[31m+       "amount": -6.55,[90m
[31m+       "category": "Coffee Shops",[90m
[31m+       "cleared": true,[90m
[31m+       "date": 2024-07-10T23:00:00.000Z,[90m
[31m+       "description": "Costa",[90m
[31m+       "id": "t59",[90m
[31m+       "type": "expense",[90m
[31m+     },[90m
[31m+     {[90m
[31m+       "accountId": "6",[90m
[31m+       "amount": -5.97,[90m
[31m+       "category": "Coffee Shops",[90m
[31m+       "cleared": true,[90m
[31m+       "date": 2024-07-11T23:00:00.000Z,[90m
[31m+       "description": "Gail's",[90m
[31m+       "id": "t60",[90m
[31m+       "type": "expense",[90m
[31m+     },[90m
[31m+     {[90m
[31m+       "accountId": "5",[90m
[31m+       "amount": -6.6,[90m
[31m+       "category": "Coffee Shops",[90m
[31m+       "cleared": true,[90m
[31m+       "date": 2024-07-14T23:00:00.000Z,[90m
[31m+       "description": "Costa",[90m
[31m+       "id": "t61",[90m
[31m+       "type": "expense",[90m
[31m+     },[90m
[31m+     {[90m
[31m+       "accountId": "5",[90m
[31m+       "amount": -117.27,[90m
[31m+       "category": "Dining Out",[90m
[31m+       "cleared": true,[90m
[31m+       "date": 2024-07-16T23:00:00.000Z,[90m
[31m+       "description": "Pizza Express",[90m
[31m+       "id": "t62",[90m
[31m+       "type": "expense",[90m
[31m+     },[90m
[31m+     {[90m
[31m+       "accountId": "6",[90m
[31m+       "amount": -30.59,[90m
[31m+       "category": "Transport",[90m
[31m+       "cleared": true,[90m
[31m+       "date": 2024-07-16T23:00:00.000Z,[90m
[31m+       "description": "Citymapper",[90m
[31m+       "id": "t63",[90m
[31m+       "type": "expense",[90m
[31m+     },[90m
[31m+     {[90m
[31m+       "accountId": "5",[90m
[31m+       "amount": -120.4,[90m
[31m+       "category": "Online Shopping",[90m
[31m+       "cleared": true,[90m
[31m+       "date": 2024-07-16T23:00:00.000Z,[90m
[31m+       "description": "Apple Store",[90m
[31m+       "id": "t64",[90m
[31m+       "type": "expense",[90m
[31m+     },[90m
[31m+     {[90m
[31m+       "accountId": "5",[90m
[31m+       "amount": -5.86,[90m
[31m+       "category": "Coffee Shops",[90m
[31m+       "cleared": true,[90m
[31m+       "date": 2024-07-16T23:00:00.000Z,[90m
[31m+       "description": "Pret",[90m
[31m+       "id": "t65",[90m
[31m+       "type": "expense",[90m
[31m+     },[90m
[2m      {[22m
[32m-       "accountId": "acc-1",[90m
[32m-       "amount": 3000,[90m
[32m-       "category": "salary",[90m
[32m-       "date": 2025-01-15T00:00:00.000Z,[90m
[32m-       "description": "Monthly salary",[90m
[32m-       "id": "tx-1",[90m
[32m-       "isReconciled": false,[90m
[32m-       "pending": false,[90m
[31m+       "accountId": "6",[90m
[31m+       "amount": -29.2,[90m
[31m+       "category": "Groceries",[90m
[31m+       "cleared": true,[90m
[31m+       "date": 2024-07-17T23:00:00.000Z,[90m
[31m+       "description": "ASDA",[90m
[31m+       "id": "t66",[90m
[31m+       "type": "expense",[90m
[31m+     },[90m
[31m+     {[90m
[31m+       "accountId": "6",[90m
[31m+       "amount": -6.23,[90m
[31m+       "category": "Coffee Shops",[90m
[31m+       "cleared": true,[90m
[31m+       "date": 2024-07-17T23:00:00.000Z,[90m
[31m+       "description": "Nero",[90m
[31m+       "id": "t67",[90m
[31m+       "type": "expense",[90m
[31m+     },[90m
[31m+     {[90m
[31m+       "accountId": "6",[90m
[31m+       "amount": -7.11,[90m
[31m+       "category": "Coffee Shops",[90m
[31m+       "cleared": true,[90m
[31m+       "date": 2024-07-18T23:00:00.000Z,[90m
[31m+       "description": "Pret",[90m
[31m+       "id": "t68",[90m
[31m+       "type": "expense",[90m
[31m+     },[90m
[31m+     {[90m
[31m+       "accountId": "5",[90m
[31m+       "amount": -67.99,[90m
[31m+       "category": "Groceries",[90m
[31m+       "cleared": true,[90m
[31m+       "date": 2024-07-19T23:00:00.000Z,[90m
[31m+       "description": "Aldi",[90m
[31m+       "id": "t69",[90m
[31m+       "type": "expense",[90m
[31m+     },[90m
[31m+     {[90m
[31m+       "accountId": "5",[90m
[31m+       "amount": -38.15,[90m
[31m+       "category": "Dining Out",[90m
[31m+       "cleared": true,[90m
[31m+       "date": 2024-07-19T23:00:00.000Z,[90m
[31m+       "description": "The Ivy",[90m
[31m+       "id": "t70",[90m
[31m+       "type": "expense",[90m
[31m+     },[90m
[31m+     {[90m
[31m+       "accountId": "6",[90m
[31m+       "amount": -134.99,[90m
[31m+       "category": "Online Shopping",[90m
[31m+       "cleared": true,[90m
[31m+       "date": 2024-07-19T23:00:00.000Z,[90m
[31m+       "description": "Argos",[90m
[31m+       "id": "t71",[90m
[31m+       "type": "expense",[90m
[31m+     },[90m
[31m+     {[90m
[31m+       "accountId": "6",[90m
[31m+       "amount": -7.69,[90m
[31m+       "category": "Coffee Shops",[90m
[31m+       "cleared": true,[90m
[31m+       "date": 2024-07-19T23:00:00.000Z,[90m
[31m+       "description": "Starbucks",[90m
[31m+       "id": "t72",[90m
[31m+       "type": "expense",[90m
[31m+     },[90m
[31m+     {[90m
[31m+       "accountId": "5",[90m
[31m+       "amount": -25.55,[90m
[31m+       "category": "Groceries",[90m
[31m+       "cleared": true,[90m
[31m+       "date": 2024-07-20T23:00:00.000Z,[90m
[31m+       "description": "Waitrose",[90m
[31m+       "id": "t73",[90m
[31m+       "type": "expense",[90m
[31m+     },[90m
[31m+     {[90m
[31m+       "accountId": "6",[90m
[31m+       "amount": -55,[90m
[31m+       "category": "Dining Out",[90m
[31m+       "cleared": true,[90m
[31m+       "date": 2024-07-20T23:00:00.000Z,[90m
[31m+       "description": "The Ivy",[90m
[31m+       "id": "t74",[90m
[31m+       "type": "expense",[90m
[31m+     },[90m
[31m+     {[90m
[31m+       "accountId": "6",[90m
[31m+       "amount": -186.37,[90m
[31m+       "category": "Shopping",[90m
[31m+       "cleared": true,[90m
[31m+       "date": 2024-07-20T23:00:00.000Z,[90m
[31m+       "description": "John Lewis",[90m
[31m+       "id": "t75",[90m
[31m+       "type": "expense",[90m
[31m+     },[90m
[31m+     {[90m
[31m+       "accountId": "6",[90m
[31m+       "amount": -92.88,[90m
[31m+       "category": "Entertainment",[90m
[31m+       "cleared": true,[90m
[31m+       "date": 2024-07-20T23:00:00.000Z,[90m
[31m+       "description": "O2 Arena",[90m
[31m+       "id": "t76",[90m
[31m+       "type": "expense",[90m
[31m+     },[90m
[31m+     {[90m
[31m+       "accountId": "5",[90m
[31m+       "amount": -95.34,[90m
[31m+       "category": "Online Shopping",[90m
[31m+       "cleared": true,[90m
[31m+       "date": 2024-07-20T23:00:00.000Z,[90m
[31m+       "description": "Amazon",[90m
[31m+       "id": "t77",[90m
[31m+       "type": "expense",[90m
[31m+     },[90m
[31m+     {[90m
[31m+       "accountId": "5",[90m
[31m+       "amount": -45.88,[90m
[31m+       "category": "Groceries",[90m
[31m+       "cleared": true,[90m
[31m+       "date": 2024-07-22T23:00:00.000Z,[90m
[31m+       "description": "Tesco",[90m
[31m+       "id": "t78",[90m
[31m+       "type": "expense",[90m
[31m+     },[90m
[31m+     {[90m
[31m+       "accountId": "6",[90m
[31m+       "amount": -7.54,[90m
[31m+       "category": "Coffee Shops",[90m
[31m+       "cleared": true,[90m
[31m+       "date": 2024-07-22T23:00:00.000Z,[90m
[31m+       "description": "Costa",[90m
[31m+       "id": "t79",[90m
[31m+       "type": "expense",[90m
[31m+     },[90m
[31m+     {[90m
[31m+       "accountId": "5",[90m
[31m+       "amount": -40.54,[90m
[31m+       "category": "Transport",[90m
[31m+       "cleared": true,[90m
[31m+       "date": 2024-07-23T23:00:00.000Z,[90m
[31m+       "description": "National Rail",[90m
[31m+       "id": "t80",[90m
[31m+       "type": "expense",[90m
[31m+     },[90m
[31m+     {[90m
[31m+       "accountId": "6",[90m
[31m+       "amount": -88.46,[90m
[31m+       "category": "Online Shopping",[90m
[31m+       "cleared": true,[90m
[31m+       "date": 2024-07-23T23:00:00.000Z,[90m
[31m+       "description": "Amazon",[90m
[31m+       "id": "t81",[90m
[31m+       "type": "expense",[90m
[31m+     },[90m
[31m+     {[90m
[31m+       "accountId": "6",[90m
[31m+       "amount": -7.61,[90m
[31m+       "category": "Coffee Shops",[90m
[31m+       "cleared": true,[90m
[31m+       "date": 2024-07-23T23:00:00.000Z,[90m
[31m+       "description": "Gail's",[90m
[31m+       "id": "t82",[90m
[31m+       "type": "expense",[90m
[31m+     },[90m
[31m+     {[90m
[31m+       "accountId": "5",[90m
[31m+       "amount": -48.13,[90m
[31m+       "category": "Groceries",[90m
[31m+       "cleared": true,[90m
[31m+       "date": 2024-07-24T23:00:00.000Z,[90m
[31m+       "description": "Morrisons",[90m
[31m+       "id": "t83",[90m
[31m+       "type": "expense",[90m
[31m+     },[90m
[31m+     {[90m
[31m+       "accountId": "6",[90m
[31m+       "amount": -7.31,[90m
[31m+       "category": "Coffee Shops",[90m
[31m+       "cleared": true,[90m
[31m+       "date": 2024-07-24T23:00:00.000Z,[90m
[31m+       "description": "Nero",[90m
[31m+       "id": "t84",[90m
[31m+       "type": "expense",[90m
[31m+     },[90m
[31m+     {[90m
[31m+       "accountId": "5",[90m
[31m+       "amount": -40.18,[90m
[31m+       "category": "Dining Out",[90m
[31m+       "cleared": true,[90m
[31m+       "date": 2024-07-26T23:00:00.000Z,[90m
[31m+       "description": "Pizza Express",[90m
[31m+       "id": "t85",[90m
[31m+       "type": "expense",[90m
[31m+     },[90m
[31m+     {[90m
[31m+       "accountId": "6",[90m
[31m+       "amount": -16.68,[90m
[31m+       "category": "Transport",[90m
[31m+       "cleared": true,[90m
[31m+       "date": 2024-07-26T23:00:00.000Z,[90m
[31m+       "description": "Addison Lee",[90m
[31m+       "id": "t86",[90m
[31m+       "type": "expense",[90m
[31m+     },[90m
[31m+     {[90m
[31m+       "accountId": "6",[90m
[31m+       "amount": -22.99,[90m
[31m+       "category": "Online Shopping",[90m
[31m+       "cleared": true,[90m
[31m+       "date": 2024-07-26T23:00:00.000Z,[90m
[31m+       "description": "Argos",[90m
[31m+       "id": "t87",[90m
[31m+       "type": "expense",[90m
[31m+     },[90m
[31m+     {[90m
[31m+       "accountId": "5",[90m
[31m+       "amount": -7.68,[90m
[31m+       "category": "Coffee Shops",[90m
[31m+       "cleared": true,[90m
[31m+       "date": 2024-07-26T23:00:00.000Z,[90m
[31m+       "description": "Starbucks",[90m
[31m+       "id": "t88",[90m
[31m+       "type": "expense",[90m
[31m+     },[90m
[31m+     {[90m
[31m+       "accountId": "5",[90m
[31m+       "amount": -35.85,[90m
[31m+       "category": "Groceries",[90m
[31m+       "cleared": true,[90m
[31m+       "date": 2024-07-27T23:00:00.000Z,[90m
[31m+       "description": "Morrisons",[90m
[31m+       "id": "t89",[90m
[31m+       "type": "expense",[90m
[31m+     },[90m
[31m+     {[90m
[31m+       "accountId": "6",[90m
[31m+       "amount": -90.21,[90m
[31m+       "category": "Dining Out",[90m
[31m+       "cleared": true,[90m
[31m+       "date": 2024-07-27T23:00:00.000Z,[90m
[31m+       "description": "Dishoom",[90m
[31m+       "id": "t90",[90m
[31m+       "type": "expense",[90m
[31m+     },[90m
[31m+     {[90m
[31m+       "accountId": "5",[90m
[31m+       "amount": -16.76,[90m
[31m+       "category": "Transport",[90m
[31m+       "cleared": true,[90m
[31m+       "date": 2024-07-27T23:00:00.000Z,[90m
[31m+       "description": "Uber",[90m
[31m+       "id": "t91",[90m
[31m+       "type": "expense",[90m
[31m+     },[90m
[31m+     {[90m
[31m+       "accountId": "5",[90m
[31m+       "amount": -61.76,[90m
[31m+       "category": "Shopping",[90m
[31m+       "cleared": true,[90m
[31m+       "date": 2024-07-27T23:00:00.000Z,[90m
[31m+       "description": "Next",[90m
[31m+       "id": "t92",[90m
[31m+       "type": "expense",[90m
[31m+     },[90m
[31m+     {[90m
[31m+       "accountId": "6",[90m
[31m+       "amount": -90.22,[90m
[31m+       "category": "Entertainment",[90m
[31m+       "cleared": true,[90m
[31m+       "date": 2024-07-27T23:00:00.000Z,[90m
[31m+       "description": "Ticketmaster",[90m
[31m+       "id": "t93",[90m
[31m+       "type": "expense",[90m
[31m+     },[90m
[31m+     {[90m
[31m+       "accountId": "5",[90m
[31m+       "amount": -29.6,[90m
[31m+       "category": "Online Shopping",[90m
[31m+       "cleared": true,[90m
[31m+       "date": 2024-07-27T23:00:00.000Z,[90m
[31m+       "description": "Argos",[90m
[31m+       "id": "t94",[90m
[31m+       "type": "expense",[90m
[31m+     },[90m
[31m+     {[90m
[31m+       "accountId": "6",[90m
[31m+       "amount": -7.02,[90m
[31m+       "category": "Coffee Shops",[90m
[31m+       "cleared": true,[90m
[31m+       "date": 2024-07-27T23:00:00.000Z,[90m
[31m+       "description": "Costa",[90m
[31m+       "id": "t95",[90m
[31m+       "type": "expense",[90m
[31m+     },[90m
[31m+     {[90m
[31m+       "accountId": "5",[90m
[31m+       "amount": -56.74,[90m
[31m+       "category": "Groceries",[90m
[31m+       "cleared": false,[90m
[31m+       "date": 2024-07-29T23:00:00.000Z,[90m
[31m+       "description": "Waitrose",[90m
[31m+       "id": "t96",[90m
[31m+       "type": "expense",[90m
[31m+     },[90m
[31m+     {[90m
[31m+       "accountId": "6",[90m
[31m+       "amount": -6.76,[90m
[31m+       "category": "Coffee Shops",[90m
[31m+       "cleared": false,[90m
[31m+       "date": 2024-07-29T23:00:00.000Z,[90m
[31m+       "description": "Nero",[90m
[31m+       "id": "t97",[90m
[31m+       "type": "expense",[90m
[31m+     },[90m
[31m+     {[90m
[31m+       "accountId": "5",[90m
[31m+       "amount": -54.18,[90m
[31m+       "category": "Dining Out",[90m
[31m+       "cleared": false,[90m
[31m+       "date": 2024-07-30T23:00:00.000Z,[90m
[31m+       "description": "Dishoom",[90m
[31m+       "id": "t98",[90m
[31m+       "type": "expense",[90m
[31m+     },[90m
[31m+     {[90m
[31m+       "accountId": "6",[90m
[31m+       "amount": -19.05,[90m
[31m+       "category": "Transport",[90m
[31m+       "cleared": false,[90m
[31m+       "date": 2024-07-30T23:00:00.000Z,[90m
[31m+       "description": "TfL",[90m
[31m+       "id": "t99",[90m
[31m+       "type": "expense",[90m
[31m+     },[90m
[31m+     {[90m
[31m+       "accountId": "5",[90m
[31m+       "amount": -34.67,[90m
[31m+       "category": "Online Shopping",[90m
[31m+       "cleared": false,[90m
[31m+       "date": 2024-07-30T23:00:00.000Z,[90m
[31m+       "description": "Currys",[90m
[31m+       "id": "t100",[90m
[31m+       "type": "expense",[90m
[31m+     },[90m
[31m+     {[90m
[31m+       "accountId": "6",[90m
[31m+       "amount": -3.68,[90m
[31m+       "category": "Coffee Shops",[90m
[31m+       "cleared": false,[90m
[31m+       "date": 2024-07-30T23:00:00.000Z,[90m
[31m+       "description": "Nero",[90m
[31m+       "id": "t101",[90m
[31m+       "type": "expense",[90m
[31m+     },[90m
[31m+     {[90m
[31m+       "accountId": "1",[90m
[31m+       "amount": -4085,[90m
[31m+       "category": "transfer",[90m
[31m+       "cleared": true,[90m
[31m+       "date": 2024-07-30T23:00:00.000Z,[90m
[31m+       "description": "Balance Sweep to Savings",[90m
[31m+       "id": "t102",[90m
[31m+       "type": "transfer",[90m
[31m+     },[90m
[31m+     {[90m
[31m+       "accountId": "3",[90m
[31m+       "amount": 4085,[90m
[31m+       "category": "transfer",[90m
[31m+       "cleared": true,[90m
[31m+       "date": 2024-07-30T23:00:00.000Z,[90m
[31m+       "description": "Balance Sweep from Current",[90m
[31m+       "id": "t103",[90m
[31m+       "type": "transfer",[90m
[31m+     },[90m
[31m+     {[90m
[31m+       "accountId": "1",[90m
[31m+       "amount": 6000,[90m
[31m+       "category": "Salary",[90m
[31m+       "cleared": true,[90m
[31m+       "date": 2024-07-31T23:00:00.000Z,[90m
[31m+       "description": "Monthly Salary",[90m
[31m+       "id": "t104",[90m
[31m+       "type": "income",[90m
[31m+     },[90m
[31m+     {[90m
[31m+       "accountId": "1",[90m
[31m+       "amount": -1200,[90m
[31m+       "category": "transfer",[90m
[31m+       "cleared": true,[90m
[31m+       "date": 2024-07-31T23:00:00.000Z,[90m
[31m+       "description": "Mortgage Payment",[90m
[31m+       "id": "t105",[90m
[31m+       "type": "transfer",[90m
[31m+     },[90m
[31m+     {[90m
[31m+       "accountId": "8",[90m
[31m+       "amount": 1200,[90m
[31m+       "category": "transfer",[90m
[31m+       "cleared": true,[90m
[31m+       "date": 2024-07-31T23:00:00.000Z,[90m
[31m+       "description": "Mortgage Payment",[90m
[31m+       "id": "t106",[90m
[31m+       "type": "transfer",[90m
[31m+     },[90m
[31m+     {[90m
[31m+       "accountId": "1",[90m
[31m+       "amount": -180,[90m
[31m+       "category": "Bills",[90m
[31m+       "cleared": true,[90m
[31m+       "date": 2024-07-31T23:00:00.000Z,[90m
[31m+       "description": "Council Tax",[90m
[31m+       "id": "t107",[90m
[31m+       "type": "expense",[90m
[31m+     },[90m
[31m+     {[90m
[31m+       "accountId": "1",[90m
[31m+       "amount": -150,[90m
[31m+       "category": "Utilities",[90m
[31m+       "cleared": true,[90m
[31m+       "date": 2024-07-31T23:00:00.000Z,[90m
[31m+       "description": "Gas & Electric",[90m
[31m+       "id": "t108",[90m
[31m+       "type": "expense",[90m
[31m+     },[90m
[31m+     {[90m
[31m+       "accountId": "1",[90m
[31m+       "amount": -45,[90m
[31m+       "category": "Utilities",[90m
[31m+       "cleared": true,[90m
[31m+       "date": 2024-07-31T23:00:00.000Z,[90m
[31m+       "description": "Water Bill",[90m
[31m+       "id": "t109",[90m
[31m+       "type": "expense",[90m
[31m+     },[90m
[31m+     {[90m
[31m+       "accountId": "1",[90m
[31m+       "amount": -55,[90m
[31m+       "category": "Utilities",[90m
[31m+       "cleared": true,[90m
[31m+       "date": 2024-07-31T23:00:00.000Z,[90m
[31m+       "description": "Internet & Phone",[90m
[31m+       "id": "t110",[90m
[31m+       "type": "expense",[90m
[31m+     },[90m
[31m+     {[90m
[31m+       "accountId": "1",[90m
[31m+       "amount": -35,[90m
[31m+       "category": "Bills",[90m
[31m+       "cleared": true,[90m
[31m+       "date": 2024-07-31T23:00:00.000Z,[90m
[31m+       "description": "Mobile Phone",[90m
[31m+       "id": "t111",[90m
[31m+       "type": "expense",[90m
[31m+     },[90m
[31m+     {[90m
[31m+       "accountId": "1",[90m
[31m+       "amount": -65,[90m
[31m+       "category": "Insurance",[90m
[31m+       "cleared": true,[90m
[31m+       "date": 2024-07-31T23:00:00.000Z,[90m
[31m+       "description": "Home Insurance",[90m
[31m+       "id": "t112",[90m
[31m+       "type": "expense",[90m
[31m+     },[90m
[31m+     {[90m
[31m+       "accountId": "1",[90m
[31m+       "amount": -45,[90m
[31m+       "category": "Insurance",[90m
[31m+       "cleared": true,[90m
[31m+       "date": 2024-07-31T23:00:00.000Z,[90m
[31m+       "description": "Life Insurance",[90m
[31m+       "id": "t113",[90m
[31m+       "type": "expense",[90m
[31m+     },[90m
[31m+     {[90m
[31m+       "accountId": "1",[90m
[31m+       "amount": -85,[90m
[31m+       "category": "Insurance",[90m
[31m+       "cleared": true,[90m
[31m+       "date": 2024-07-31T23:00:00.000Z,[90m
[31m+       "description": "Car Insurance",[90m
[31m+       "id": "t114",[90m
[31m+       "type": "expense",[90m
[31m+     },[90m
[31m+     {[90m
[31m+       "accountId": "1",[90m
[31m+       "amount": -55,[90m
[31m+       "category": "Health & Fitness",[90m
[31m+       "cleared": true,[90m
[31m+       "date": 2024-07-31T23:00:00.000Z,[90m
[31m+       "description": "Gym Membership",[90m
[31m+       "id": "t115",[90m
[31m+       "type": "expense",[90m
[31m+     },[90m
[31m+     {[90m
[31m+       "accountId": "5",[90m
[31m+       "amount": -50.24,[90m
[31m+       "category": "Groceries",[90m
[31m+       "cleared": true,[90m
[31m+       "date": 2024-07-31T23:00:00.000Z,[90m
[31m+       "description": "Aldi",[90m
[31m+       "id": "t116",[90m
[31m+       "type": "expense",[90m
[31m+     },[90m
[31m+     {[90m
[31m+       "accountId": "6",[90m
[31m+       "amount": -4.65,[90m
[31m+       "category": "Coffee Shops",[90m
[31m+       "cleared": true,[90m
[31m+       "date": 2024-07-31T23:00:00.000Z,[90m
[31m+       "description": "Nero",[90m
[31m+       "id": "t117",[90m
[31m+       "type": "expense",[90m
[31m+     },[90m
[31m+     {[90m
[31m+       "accountId": "5",[90m
[31m+       "amount": -6.57,[90m
[31m+       "category": "Coffee Shops",[90m
[31m+       "cleared": true,[90m
[31m+       "date": 2024-08-01T23:00:00.000Z,[90m
[31m+       "description": "Pret",[90m
[31m+       "id": "t118",[90m
[31m+       "type": "expense",[90m
[31m+     },[90m
[31m+     {[90m
[31m+       "accountId": "5",[90m
[31m+       "amount": -52.68,[90m
[31m+       "category": "Fuel",[90m
[31m+       "cleared": true,[90m
[31m+       "date": 2024-08-01T23:00:00.000Z,[90m
[31m+       "description": "Esso",[90m
[31m+       "id": "t119",[90m
[31m+       "type": "expense",[90m
[31m+     },[90m
[31m+     {[90m
[31m+       "accountId": "5",[90m
[31m+       "amount": -83.33,[90m
[31m+       "category": "Dining Out",[90m
[31m+       "cleared": true,[90m
[31m+       "date": 2024-08-02T23:00:00.000Z,[90m
[31m+       "description": "Franco Manca",[90m
[31m+       "id": "t120",[90m
[31m+       "type": "expense",[90m
[31m+     },[90m
[31m+     {[90m
[31m+       "accountId": "5",[90m
[31m+       "amount": -35.43,[90m
[31m+       "category": "Transport",[90m
[31m+       "cleared": true,[90m
[31m+       "date": 2024-08-02T23:00:00.000Z,[90m
[31m+       "description": "Citymapper",[90m
[31m+       "id": "t121",[90m
[31m+       "type": "expense",[90m
[31m+     },[90m
[31m+     {[90m
[31m+       "accountId": "5",[90m
[31m+       "amount": -100.79,[90m
[31m+       "category": "Online Shopping",[90m
[31m+       "cleared": true,[90m
[31m+       "date": 2024-08-02T23:00:00.000Z,[90m
[31m+       "description": "eBay",[90m
[31m+       "id": "t122",[90m
[31m+       "type": "expense",[90m
[31m+     },[90m
[31m+     {[90m
[31m+       "accountId": "5",[90m
[31m+       "amount": -6.12,[90m
[31m+       "category": "Coffee Shops",[90m
[31m+       "cleared": true,[90m
[31m+       "date": 2024-08-02T23:00:00.000Z,[90m
[31m+       "description": "Nero",[90m
[31m+       "id": "t123",[90m
[31m+       "type": "expense",[90m
[31m+     },[90m
[31m+     {[90m
[31m+       "accountId": "5",[90m
[31m+       "amount": -68.05,[90m
[31m+       "category": "Groceries",[90m
[31m+       "cleared": true,[90m
[31m+       "date": 2024-08-03T23:00:00.000Z,[90m
[31m+       "description": "Tesco",[90m
[31m+       "id": "t124",[90m
[31m+       "type": "expense",[90m
[31m+     },[90m
[31m+     {[90m
[31m+       "accountId": "5",[90m
[31m+       "amount": -56.7,[90m
[31m+       "category": "Dining Out",[90m
[31m+       "cleared": true,[90m
[31m+       "date": 2024-08-03T23:00:00.000Z,[90m
[31m+       "description": "Franco Manca",[90m
[31m+       "id": "t125",[90m
[31m+       "type": "expense",[90m
[31m+     },[90m
[31m+     {[90m
[31m+       "accountId": "5",[90m
[31m+       "amount": -36.41,[90m
[31m+       "category": "Transport",[90m
[31m+       "cleared": true,[90m
[31m+       "date": 2024-08-03T23:00:00.000Z,[90m
[31m+       "description": "TfL",[90m
[31m+       "id": "t126",[90m
[31m+       "type": "expense",[90m
[31m+     },[90m
[31m+     {[90m
[31m+       "accountId": "5",[90m
[31m+       "amount": -52.07,[90m
[31m+       "category": "Shopping",[90m
[31m+       "cleared": true,[90m
[31m+       "date": 2024-08-03T23:00:00.000Z,[90m
[31m+       "description": "John Lewis",[90m
[31m+       "id": "t127",[90m
[31m+       "type": "expense",[90m
[31m+     },[90m
[31m+     {[90m
[31m+       "accountId": "6",[90m
[31m+       "amount": -24.99,[90m
[31m+       "category": "Online Shopping",[90m
[31m+       "cleared": true,[90m
[31m+       "date": 2024-08-03T23:00:00.000Z,[90m
[31m+       "description": "Apple Store",[90m
[31m+       "id": "t128",[90m
[31m+       "type": "expense",[90m
[31m+     },[90m
[31m+     {[90m
[31m+       "accountId": "6",[90m
[31m+       "amount": -5.96,[90m
[31m+       "category": "Coffee Shops",[90m
[31m+       "cleared": true,[90m
[31m+       "date": 2024-08-04T23:00:00.000Z,[90m
[31m+       "description": "Nero",[90m
[31m+       "id": "t129",[90m
[31m+       "type": "expense",[90m
[31m+     },[90m
[31m+     {[90m
[31m+       "accountId": "6",[90m
[31m+       "amount": -28.09,[90m
[31m+       "category": "Groceries",[90m
[31m+       "cleared": true,[90m
[31m+       "date": 2024-08-05T23:00:00.000Z,[90m
[31m+       "description": "Sainsbury's",[90m
[31m+       "id": "t130",[90m
[31m+       "type": "expense",[90m
[31m+     },[90m
[31m+     {[90m
[31m+       "accountId": "5",[90m
[31m+       "amount": -7.96,[90m
[31m+       "category": "Coffee Shops",[90m
[31m+       "cleared": true,[90m
[31m+       "date": 2024-08-05T23:00:00.000Z,[90m
[31m+       "description": "Costa",[90m
[31m+       "id": "t131",[90m
[31m+       "type": "expense",[90m
[31m+     },[90m
[31m+     {[90m
[31m+       "accountId": "6",[90m
[31m+       "amount": -46.89,[90m
[31m+       "category": "Dining Out",[90m
[31m+       "cleared": true,[90m
[31m+       "date": 2024-08-06T23:00:00.000Z,[90m
[31m+       "description": "Dishoom",[90m
[31m+       "id": "t132",[90m
[31m+       "type": "expense",[90m
[31m+     },[90m
[31m+     {[90m
[31m+       "accountId": "5",[90m
[31m+       "amount": -41.39,[90m
[31m+       "category": "Transport",[90m
[31m+       "cleared": true,[90m
[31m+       "date": 2024-08-06T23:00:00.000Z,[90m
[31m+       "description": "TfL",[90m
[31m+       "id": "t133",[90m
[31m+       "type": "expense",[90m
[31m+     },[90m
[31m+     {[90m
[31m+       "accountId": "6",[90m
[31m+       "amount": -48.78,[90m
[31m+       "category": "Online Shopping",[90m
[31m+       "cleared": true,[90m
[31m+       "date": 2024-08-06T23:00:00.000Z,[90m
[31m+       "description": "eBay",[90m
[31m+       "id": "t134",[90m
[31m+       "type": "expense",[90m
[31m+     },[90m
[31m+     {[90m
[31m+       "accountId": "6",[90m
[31m+       "amount": -7.58,[90m
[31m+       "category": "Coffee Shops",[90m
[31m+       "cleared": true,[90m
[31m+       "date": 2024-08-06T23:00:00.000Z,[90m
[31m+       "description": "Gail's",[90m
[31m+       "id": "t135",[90m
[31m+       "type": "expense",[90m
[31m+     },[90m
[31m+     {[90m
[31m+       "accountId": "5",[90m
[31m+       "amount": -55.68,[90m
[31m+       "category": "Groceries",[90m
[31m+       "cleared": true,[90m
[31m+       "date": 2024-08-07T23:00:00.000Z,[90m
[31m+       "description": "ASDA",[90m
[31m+       "id": "t136",[90m
[31m+       "type": "expense",[90m
[31m+     },[90m
[31m+     {[90m
[31m+       "accountId": "5",[90m
[31m+       "amount": -5.75,[90m
[31m+       "category": "Coffee Shops",[90m
[31m+       "cleared": true,[90m
[31m+       "date": 2024-08-07T23:00:00.000Z,[90m
[31m+       "description": "Costa",[90m
[31m+       "id": "t137",[90m
[31m+       "type": "expense",[90m
[31m+     },[90m
[31m+     {[90m
[31m+       "accountId": "5",[90m
[31m+       "amount": -5.77,[90m
[31m+       "category": "Coffee Shops",[90m
[31m+       "cleared": true,[90m
[31m+       "date": 2024-08-08T23:00:00.000Z,[90m
[31m+       "description": "Gail's",[90m
[31m+       "id": "t138",[90m
[31m+       "type": "expense",[90m
[31m+     },[90m
[31m+     {[90m
[31m+       "accountId": "5",[90m
[31m+       "amount": -7.33,[90m
[31m+       "category": "Coffee Shops",[90m
[31m+       "cleared": true,[90m
[31m+       "date": 2024-08-11T23:00:00.000Z,[90m
[31m+       "description": "Costa",[90m
[31m+       "id": "t139",[90m
[31m+       "type": "expense",[90m
[31m+     },[90m
[31m+     {[90m
[31m+       "accountId": "6",[90m
[31m+       "amount": -56.86,[90m
[31m+       "category": "Groceries",[90m
[31m+       "cleared": true,[90m
[31m+       "date": 2024-08-12T23:00:00.000Z,[90m
[31m+       "description": "Sainsbury's",[90m
[31m+       "id": "t140",[90m
[31m+       "type": "expense",[90m
[31m+     },[90m
[31m+     {[90m
[31m+       "accountId": "6",[90m
[31m+       "amount": -4.07,[90m
[31m+       "category": "Coffee Shops",[90m
[31m+       "cleared": true,[90m
[31m+       "date": 2024-08-12T23:00:00.000Z,[90m
[31m+       "description": "Starbucks",[90m
[31m+       "id": "t141",[90m
[31m+       "type": "expense",[90m
[31m+     },[90m
[31m+     {[90m
[31m+       "accountId": "6",[90m
[31m+       "amount": -111.72,[90m
[31m+       "category": "Dining Out",[90m
[31m+       "cleared": true,[90m
[31m+       "date": 2024-08-13T23:00:00.000Z,[90m
[31m+       "description": "Franco Manca",[90m
[31m+       "id": "t142",[90m
[31m+       "type": "expense",[90m
[31m+     },[90m
[31m+     {[90m
[31m+       "accountId": "5",[90m
[31m+       "amount": -132.81,[90m
[31m+       "category": "Online Shopping",[90m
[31m+       "cleared": true,[90m
[31m+       "date": 2024-08-13T23:00:00.000Z,[90m
[31m+       "description": "Amazon",[90m
[31m+       "id": "t143",[90m
[31m+       "type": "expense",[90m
[31m+     },[90m
[31m+     {[90m
[31m+       "accountId": "5",[90m
[31m+       "amount": -68.49,[90m
[31m+       "category": "Groceries",[90m
[31m+       "cleared": true,[90m
[31m+       "date": 2024-08-14T23:00:00.000Z,[90m
[31m+       "description": "Sainsbury's",[90m
[31m+       "id": "t144",[90m
[31m+       "type": "expense",[90m
[31m+     },[90m
[31m+     {[90m
[31m+       "accountId": "5",[90m
[31m+       "amount": -5.65,[90m
[31m+       "category": "Coffee Shops",[90m
[31m+       "cleared": true,[90m
[31m+       "date": 2024-08-14T23:00:00.000Z,[90m
[31m+       "description": "Gail's",[90m
[31m+       "id": "t145",[90m
[31m+       "type": "expense",[90m
[31m+     },[90m
[31m+     {[90m
[31m+       "accountId": "6",[90m
[31m+       "amount": -26.81,[90m
[31m+       "category": "Groceries",[90m
[31m+       "cleared": true,[90m
[31m+       "date": 2024-08-16T23:00:00.000Z,[90m
[31m+       "description": "ASDA",[90m
[31m+       "id": "t146",[90m
[31m+       "type": "expense",[90m
[31m+     },[90m
[31m+     {[90m
[31m+       "accountId": "5",[90m
[31m+       "amount": -38.93,[90m
[31m+       "category": "Transport",[90m
[31m+       "cleared": true,[90m
[31m+       "date": 2024-08-16T23:00:00.000Z,[90m
[31m+       "description": "Citymapper",[90m
[31m+       "id": "t147",[90m
[31m+       "type": "expense",[90m
[31m+     },[90m
[31m+     {[90m
[31m+       "accountId": "5",[90m
[31m+       "amount": -93.7,[90m
[31m+       "category": "Online Shopping",[90m
[31m+       "cleared": true,[90m
[31m+       "date": 2024-08-16T23:00:00.000Z,[90m
[31m+       "description": "eBay",[90m
[31m+       "id": "t148",[90m
[31m+       "type": "expense",[90m
[31m+     },[90m
[31m+     {[90m
[31m+       "accountId": "6",[90m
[31m+       "amount": -47.94,[90m
[31m+       "category": "Dining Out",[90m
[31m+       "cleared": true,[90m
[31m+       "date": 2024-08-17T23:00:00.000Z,[90m
[31m+       "description": "Wagamama",[90m
[31m+       "id": "t149",[90m
[31m+       "type": "expense",[90m
[31m+     },[90m
[31m+     {[90m
[31m+       "accountId": "6",[90m
[31m+       "amount": -49.8,[90m
[31m+       "category": "Transport",[90m
[31m+       "cleared": true,[90m
[31m+       "date": 2024-08-17T23:00:00.000Z,[90m
[31m+       "description": "Uber",[90m
[31m+       "id": "t150",[90m
[31m+       "type": "expense",[90m
[31m+     },[90m
[31m+     {[90m
[31m+       "accountId": "5",[90m
[31m+       "amount": -94.4,[90m
[31m+       "category": "Shopping",[90m
[31m+       "cleared": true,[90m
[31m+       "date": 2024-08-17T23:00:00.000Z,[90m
[31m+       "description": "Selfridges",[90m
[31m+       "id": "t151",[90m
[31m+       "type": "expense",[90m
[31m+     },[90m
[31m+     {[90m
[31m+       "accountId": "6",[90m
[31m+       "amount": -106.49,[90m
[31m+       "category": "Online Shopping",[90m
[31m+       "cleared": true,[90m
[31m+       "date": 2024-08-17T23:00:00.000Z,[90m
[31m+       "description": "Argos",[90m
[31m+       "id": "t152",[90m
[31m+       "type": "expense",[90m
[31m+     },[90m
[31m+     {[90m
[31m+       "accountId": "6",[90m
[31m+       "amount": -3.71,[90m
[31m+       "category": "Coffee Shops",[90m
[31m+       "cleared": true,[90m
[31m+       "date": 2024-08-17T23:00:00.000Z,[90m
[31m+       "description": "Nero",[90m
[31m+       "id": "t153",[90m
[31m+       "type": "expense",[90m
[31m+     },[90m
[31m+     {[90m
[31m+       "accountId": "6",[90m
[31m+       "amount": -3.41,[90m
[31m+       "category": "Coffee Shops",[90m
[31m+       "cleared": true,[90m
[31m+       "date": 2024-08-18T23:00:00.000Z,[90m
[31m+       "description": "Costa",[90m
[31m+       "id": "t154",[90m
[31m+       "type": "expense",[90m
[31m+     },[90m
[31m+     {[90m
[31m+       "accountId": "6",[90m
[31m+       "amount": -35.79,[90m
[31m+       "category": "Groceries",[90m
[31m+       "cleared": true,[90m
[31m+       "date": 2024-08-19T23:00:00.000Z,[90m
[31m+       "description": "Sainsbury's",[90m
[31m+       "id": "t155",[90m
[31m+       "type": "expense",[90m
[31m+     },[90m
[31m+     {[90m
[31m+       "accountId": "5",[90m
[31m+       "amount": -116.73,[90m
[31m+       "category": "Dining Out",[90m
[31m+       "cleared": true,[90m
[31m+       "date": 2024-08-20T23:00:00.000Z,[90m
[31m+       "description": "Wagamama",[90m
[31m+       "id": "t156",[90m
[31m+       "type": "expense",[90m
[31m+     },[90m
[31m+     {[90m
[31m+       "accountId": "5",[90m
[31m+       "amount": -22.25,[90m
[31m+       "category": "Transport",[90m
[31m+       "cleared": true,[90m
[31m+       "date": 2024-08-20T23:00:00.000Z,[90m
[31m+       "description": "TfL",[90m
[31m+       "id": "t157",[90m
[31m+       "type": "expense",[90m
[31m+     },[90m
[31m+     {[90m
[31m+       "accountId": "5",[90m
[31m+       "amount": -33.18,[90m
[31m+       "category": "Online Shopping",[90m
[31m+       "cleared": true,[90m
[31m+       "date": 2024-08-20T23:00:00.000Z,[90m
[31m+       "description": "Apple Store",[90m
[31m+       "id": "t158",[90m
[31m+       "type": "expense",[90m
[31m+     },[90m
[31m+     {[90m
[31m+       "accountId": "6",[90m
[31m+       "amount": -4.39,[90m
[31m+       "category": "Coffee Shops",[90m
[31m+       "cleared": true,[90m
[31m+       "date": 2024-08-20T23:00:00.000Z,[90m
[31m+       "description": "Costa",[90m
[31m+       "id": "t159",[90m
[31m+       "type": "expense",[90m
[31m+     },[90m
[31m+     {[90m
[31m+       "accountId": "6",[90m
[31m+       "amount": -4.37,[90m
[31m+       "category": "Coffee Shops",[90m
[31m+       "cleared": true,[90m
[31m+       "date": 2024-08-21T23:00:00.000Z,[90m
[31m+       "description": "Starbucks",[90m
[31m+       "id": "t160",[90m
[31m+       "type": "expense",[90m
[31m+     },[90m
[31m+     {[90m
[31m+       "accountId": "5",[90m
[31m+       "amount": -102.8,[90m
[31m+       "category": "Dining Out",[90m
[31m+       "cleared": true,[90m
[31m+       "date": 2024-08-23T23:00:00.000Z,[90m
[31m+       "description": "Wagamama",[90m
[31m+       "id": "t161",[90m
[31m+       "type": "expense",[90m
[31m+     },[90m
[31m+     {[90m
[31m+       "accountId": "5",[90m
[31m+       "amount": -29.59,[90m
[31m+       "category": "Online Shopping",[90m
[31m+       "cleared": true,[90m
[31m+       "date": 2024-08-23T23:00:00.000Z,[90m
[31m+       "description": "Argos",[90m
[31m+       "id": "t162",[90m
[31m+       "type": "expense",[90m
[31m+     },[90m
[31m+     {[90m
[31m+       "accountId": "6",[90m
[31m+       "amount": -62.36,[90m
[31m+       "category": "Groceries",[90m
[31m+       "cleared": true,[90m
[31m+       "date": 2024-08-24T23:00:00.000Z,[90m
[31m+       "description": "ASDA",[90m
[31m+       "id": "t163",[90m
[31m+       "type": "expense",[90m
[31m+     },[90m
[31m+     {[90m
[31m+       "accountId": "5",[90m
[31m+       "amount": -97.62,[90m
[31m+       "category": "Dining Out",[90m
[31m+       "cleared": true,[90m
[31m+       "date": 2024-08-24T23:00:00.000Z,[90m
[31m+       "description": "Nando's",[90m
[31m+       "id": "t164",[90m
[31m+       "type": "expense",[90m
[31m+     },[90m
[31m+     {[90m
[31m+       "accountId": "5",[90m
[31m+       "amount": -40.73,[90m
[31m+       "category": "Transport",[90m
[31m+       "cleared": true,[90m
[31m+       "date": 2024-08-24T23:00:00.000Z,[90m
[31m+       "description": "Citymapper",[90m
[31m+       "id": "t165",[90m
[31m+       "type": "expense",[90m
[31m+     },[90m
[31m+     {[90m
[31m+       "accountId": "5",[90m
[31m+       "amount": -67.66,[90m
[31m+       "category": "Shopping",[90m
[31m+       "cleared": true,[90m
[31m+       "date": 2024-08-24T23:00:00.000Z,[90m
[31m+       "description": "ASOS",[90m
[31m+       "id": "t166",[90m
[31m+       "type": "expense",[90m
[31m+     },[90m
[31m+     {[90m
[31m+       "accountId": "6",[90m
[31m+       "amount": -83.55,[90m
[31m+       "category": "Entertainment",[90m
[31m+       "cleared": true,[90m
[31m+       "date": 2024-08-24T23:00:00.000Z,[90m
[31m+       "description": "National Theatre",[90m
[31m+       "id": "t167",[90m
[31m+       "type": "expense",[90m
[31m+     },[90m
[31m+     {[90m
[31m+       "accountId": "5",[90m
[31m+       "amount": -133.1,[90m
[31m+       "category": "Online Shopping",[90m
[31m+       "cleared": true,[90m
[31m+       "date": 2024-08-24T23:00:00.000Z,[90m
[31m+       "description": "Apple Store",[90m
[31m+       "id": "t168",[90m
[31m+       "type": "expense",[90m
[31m+     },[90m
[31m+     {[90m
[31m+       "accountId": "5",[90m
[31m+       "amount": -7.38,[90m
[31m+       "category": "Coffee Shops",[90m
[31m+       "cleared": true,[90m
[31m+       "date": 2024-08-24T23:00:00.000Z,[90m
[31m+       "description": "Nero",[90m
[31m+       "id": "t169",[90m
[31m+       "type": "expense",[90m
[31m+     },[90m
[31m+     {[90m
[31m+       "accountId": "6",[90m
[31m+       "amount": -5.03,[90m
[31m+       "category": "Coffee Shops",[90m
[31m+       "cleared": true,[90m
[31m+       "date": 2024-08-25T23:00:00.000Z,[90m
[31m+       "description": "Nero",[90m
[31m+       "id": "t170",[90m
[31m+       "type": "expense",[90m
[31m+     },[90m
[31m+     {[90m
[31m+       "accountId": "5",[90m
[31m+       "amount": -110.66,[90m
[31m+       "category": "Dining Out",[90m
[31m+       "cleared": true,[90m
[31m+       "date": 2024-08-27T23:00:00.000Z,[90m
[31m+       "description": "Franco Manca",[90m
[31m+       "id": "t171",[90m
[31m+       "type": "expense",[90m
[31m+     },[90m
[31m+     {[90m
[31m+       "accountId": "6",[90m
[31m+       "amount": -110.44,[90m
[31m+       "category": "Online Shopping",[90m
[31m+       "cleared": true,[90m
[31m+       "date": 2024-08-27T23:00:00.000Z,[90m
[31m+       "description": "Currys",[90m
[31m+       "id": "t172",[90m
[31m+       "type": "expense",[90m
[31m+     },[90m
[31m+     {[90m
[31m+       "accountId": "5",[90m
[31m+       "amount": -4.21,[90m
[31m+       "category": "Coffee Shops",[90m
[31m+       "cleared": true,[90m
[31m+       "date": 2024-08-27T23:00:00.000Z,[90m
[31m+       "description": "Starbucks",[90m
[31m+       "id": "t173",[90m
[31m+       "type": "expense",[90m
[31m+     },[90m
[31m+     {[90m
[31m+       "accountId": "6",[90m
[31m+       "amount": -25.56,[90m
[31m+       "category": "Groceries",[90m
[31m+       "cleared": false,[90m
[31m+       "date": 2024-08-28T23:00:00.000Z,[90m
[31m+       "description": "Waitrose",[90m
[31m+       "id": "t174",[90m
[31m+       "type": "expense",[90m
[31m+     },[90m
[31m+     {[90m
[31m+       "accountId": "6",[90m
[31m+       "amount": -3.25,[90m
[31m+       "category": "Coffee Shops",[90m
[31m+       "cleared": false,[90m
[31m+       "date": 2024-08-28T23:00:00.000Z,[90m
[31m+       "description": "Gail's",[90m
[31m+       "id": "t175",[90m
[31m+       "type": "expense",[90m
[31m+     },[90m
[31m+     {[90m
[31m+       "accountId": "6",[90m
[31m+       "amount": -5.48,[90m
[31m+       "category": "Coffee Shops",[90m
[31m+       "cleared": false,[90m
[31m+       "date": 2024-08-29T23:00:00.000Z,[90m
[31m+       "description": "Costa",[90m
[31m+       "id": "t176",[90m
[31m+       "type": "expense",[90m
[31m+     },[90m
[31m+     {[90m
[31m+       "accountId": "6",[90m
[31m+       "amount": -56.03,[90m
[31m+       "category": "Groceries",[90m
[31m+       "cleared": false,[90m
[31m+       "date": 2024-08-30T23:00:00.000Z,[90m
[31m+       "description": "Aldi",[90m
[31m+       "id": "t177",[90m
[31m+       "type": "expense",[90m
[31m+     },[90m
[31m+     {[90m
[31m+       "accountId": "5",[90m
[31m+       "amount": -79.36,[90m
[31m+       "category": "Dining Out",[90m
[31m+       "cleared": false,[90m
[31m+       "date": 2024-08-30T23:00:00.000Z,[90m
[31m+       "description": "The Ivy",[90m
[31m+       "id": "t178",[90m
[31m+       "type": "expense",[90m
[31m+     },[90m
[31m+     {[90m
[31m+       "accountId": "6",[90m
[31m+       "amount": -36.99,[90m
[31m+       "category": "Transport",[90m
[31m+       "cleared": false,[90m
[31m+       "date": 2024-08-30T23:00:00.000Z,[90m
[31m+       "description": "Addison Lee",[90m
[31m+       "id": "t179",[90m
[31m+       "type": "expense",[90m
[31m+     },[90m
[31m+     {[90m
[31m+       "accountId": "5",[90m
[31m+       "amount": -92.76,[90m
[31m+       "category": "Online Shopping",[90m
[31m+       "cleared": false,[90m
[31m+       "date": 2024-08-30T23:00:00.000Z,[90m
[31m+       "description": "Apple Store",[90m
[31m+       "id": "t180",[90m
[31m+       "type": "expense",[90m
[31m+     },[90m
[31m+     {[90m
[31m+       "accountId": "1",[90m
[31m+       "amount": -1366.19,[90m
[31m+       "category": "transfer",[90m
[31m+       "cleared": true,[90m
[31m+       "date": 2024-08-13T23:00:00.000Z,[90m
[31m+       "description": "Credit Card Payment - Natwest",[90m
[31m+       "id": "t181",[90m
[31m+       "type": "transfer",[90m
[31m+     },[90m
[31m+     {[90m
[31m+       "accountId": "5",[90m
[31m+       "amount": 1366.19,[90m
[31m+       "category": "transfer",[90m
[31m+       "cleared": true,[90m
[31m+       "date": 2024-08-13T23:00:00.000Z,[90m
[31m+       "description": "Credit Card Payment - Natwest",[90m
[31m+       "id": "t182",[90m
[31m+       "type": "transfer",[90m
[31m+     },[90m
[31m+     {[90m
[31m+       "accountId": "1",[90m
[31m+       "amount": -1622.9100000000005,[90m
[31m+       "category": "transfer",[90m
[31m+       "cleared": true,[90m
[31m+       "date": 2024-08-13T23:00:00.000Z,[90m
[31m+       "description": "Credit Card Payment - American Express",[90m
[31m+       "id": "t183",[90m
[31m+       "type": "transfer",[90m
[31m+     },[90m
[31m+     {[90m
[31m+       "accountId": "6",[90m
[31m+       "amount": 1622.9100000000005,[90m
[31m+       "category": "transfer",[90m
[31m+       "cleared": true,[90m
[31m+       "date": 2024-08-13T23:00:00.000Z,[90m
[31m+       "description": "Credit Card Payment - American Express",[90m
[31m+       "id": "t184",[90m
[31m+       "type": "transfer",[90m
[31m+     },[90m
[31m+     {[90m
[31m+       "accountId": "1",[90m
[31m+       "amount": -1095.8999999999994,[90m
[31m+       "category": "transfer",[90m
[31m+       "cleared": true,[90m
[31m+       "date": 2024-08-30T23:00:00.000Z,[90m
[31m+       "description": "Balance Sweep to Savings",[90m
[31m+       "id": "t185",[90m
[31m+       "type": "transfer",[90m
[31m+     },[90m
[31m+     {[90m
[31m+       "accountId": "3",[90m
[31m+       "amount": 1095.8999999999994,[90m
[31m+       "category": "transfer",[90m
[31m+       "cleared": true,[90m
[31m+       "date": 2024-08-30T23:00:00.000Z,[90m
[31m+       "description": "Balance Sweep from Current",[90m
[31m+       "id": "t186",[90m
[31m+       "type": "transfer",[90m
[31m+     },[90m
[31m+     {[90m
[31m+       "accountId": "1",[90m
[31m+       "amount": 6000,[90m
[31m+       "category": "Salary",[90m
[31m+       "cleared": true,[90m
[31m+       "date": 2024-08-31T23:00:00.000Z,[90m
[31m+       "description": "Monthly Salary",[90m
[31m+       "id": "t187",[90m
[31m+       "type": "income",[90m
[31m+     },[90m
[31m+     {[90m
[31m+       "accountId": "1",[90m
[31m+       "amount": -1200,[90m
[31m+       "category": "transfer",[90m
[31m+       "cleared": true,[90m
[31m+       "date": 2024-08-31T23:00:00.000Z,[90m
[31m+       "description": "Mortgage Payment",[90m
[31m+       "id": "t188",[90m
[31m+       "type": "transfer",[90m
[31m+     },[90m
[31m+     {[90m
[31m+       "accountId": "8",[90m
[31m+       "amount": 1200,[90m
[31m+       "category": "transfer",[90m
[31m+       "cleared": true,[90m
[31m+       "date": 2024-08-31T23:00:00.000Z,[90m
[31m+       "description": "Mortgage Payment",[90m
[31m+       "id": "t189",[90m
[31m+       "type": "transfer",[90m
[31m+     },[90m
[31m+     {[90m
[31m+       "accountId": "1",[90m
[31m+       "amount": -180,[90m
[31m+       "category": "Bills",[90m
[31m+       "cleared": true,[90m
[31m+       "date": 2024-08-31T23:00:00.000Z,[90m
[31m+       "description": "Council Tax",[90m
[31m+       "id": "t190",[90m
[31m+       "type": "expense",[90m
[31m+     },[90m
[31m+     {[90m
[31m+       "accountId": "1",[90m
[31m+       "amount": -150,[90m
[31m+       "category": "Utilities",[90m
[31m+       "cleared": true,[90m
[31m+       "date": 2024-08-31T23:00:00.000Z,[90m
[31m+       "description": "Gas & Electric",[90m
[31m+       "id": "t191",[90m
[31m+       "type": "expense",[90m
[31m+     },[90m
[31m+     {[90m
[31m+       "accountId": "1",[90m
[31m+       "amount": -45,[90m
[31m+       "category": "Utilities",[90m
[31m+       "cleared": true,[90m
[31m+       "date": 2024-08-31T23:00:00.000Z,[90m
[31m+       "description": "Water Bill",[90m
[31m+       "id": "t192",[90m
[31m+       "type": "expense",[90m
[31m+     },[90m
[31m+     {[90m
[31m+       "accountId": "1",[90m
[31m+       "amount": -55,[90m
[31m+       "category": "Utilities",[90m
[31m+       "cleared": true,[90m
[31m+       "date": 2024-08-31T23:00:00.000Z,[90m
[31m+       "description": "Internet & Phone",[90m
[31m+       "id": "t193",[90m
[31m+       "type": "expense",[90m
[31m+     },[90m
[31m+     {[90m
[31m+       "accountId": "1",[90m
[31m+       "amount": -35,[90m
[31m+       "category": "Bills",[90m
[31m+       "cleared": true,[90m
[31m+       "date": 2024-08-31T23:00:00.000Z,[90m
[31m+       "description": "Mobile Phone",[90m
[31m+       "id": "t194",[90m
[31m+       "type": "expense",[90m
[31m+     },[90m
[31m+     {[90m
[31m+       "accountId": "1",[90m
[31m+       "amount": -65,[90m
[31m+       "category": "Insurance",[90m
[31m+       "cleared": true,[90m
[31m+       "date": 2024-08-31T23:00:00.000Z,[90m
[31m+       "description": "Home Insurance",[90m
[31m+       "id": "t195",[90m
[31m+       "type": "expense",[90m
[31m+     },[90m
[31m+     {[90m
[31m+       "accountId": "1",[90m
[31m+       "amount": -45,[90m
[31m+       "category": "Insurance",[90m
[31m+       "cleared": true,[90m
[31m+       "date": 2024-08-31T23:00:00.000Z,[90m
[31m+       "description": "Life Insurance",[90m
[31m+       "id": "t196",[90m
[31m+       "type": "expense",[90m
[31m+     },[90m
[31m+     {[90m
[31m+       "accountId": "1",[90m
[31m+       "amount": -85,[90m
[31m+       "category": "Insurance",[90m
[31m+       "cleared": true,[90m
[31m+       "date": 2024-08-31T23:00:00.000Z,[90m
[31m+       "description": "Car Insurance",[90m
[31m+       "id": "t197",[90m
[31m+       "type": "expense",[90m
[31m+     },[90m
[31m+     {[90m
[31m+       "accountId": "1",[90m
[31m+       "amount": -55,[90m
[31m+       "category": "Health & Fitness",[90m
[31m+       "cleared": true,[90m
[31m+       "date": 2024-08-31T23:00:00.000Z,[90m
[31m+       "description": "Gym Membership",[90m
[31m+       "id": "t198",[90m
[31m+       "type": "expense",[90m
[31m+     },[90m
[31m+     {[90m
[31m+       "accountId": "5",[90m
[31m+       "amount": -75.45,[90m
[31m+       "category": "Groceries",[90m
[31m+       "cleared": true,[90m
[31m+       "date": 2024-08-31T23:00:00.000Z,[90m
[31m+       "description": "Lidl",[90m
[31m+       "id": "t199",[90m
[31m+       "type": "expense",[90m
[31m+     },[90m
[31m+     {[90m
[31m+       "accountId": "6",[90m
[31m+       "amount": -106.21,[90m
[31m+       "category": "Dining Out",[90m
[31m+       "cleared": true,[90m
[31m+       "date": 2024-08-31T23:00:00.000Z,[90m
[31m+       "description": "Nando's",[90m
[31m+       "id": "t200",[90m
[31m+       "type": "expense",[90m
[31m+     },[90m
[31m+     {[90m
[31m+       "accountId": "5",[90m
[31m+       "amount": -44.32,[90m
[31m+       "category": "Transport",[90m
[31m+       "cleared": true,[90m
[31m+       "date": 2024-08-31T23:00:00.000Z,[90m
[31m+       "description": "Uber",[90m
[31m+       "id": "t201",[90m
[31m+       "type": "expense",[90m
[31m+     },[90m
[31m+     {[90m
[31m+       "accountId": "5",[90m
[31m+       "amount": -180.8,[90m
[31m+       "category": "Shopping",[90m
[31m+       "cleared": true,[90m
[31m+       "date": 2024-08-31T23:00:00.000Z,[90m
[31m+       "description": "Next",[90m
[31m+       "id": "t202",[90m
[31m+       "type": "expense",[90m
[31m+     },[90m
[31m+     {[90m
[31m+       "accountId": "6",[90m
[31m+       "amount": -37.22,[90m
[31m+       "category": "Entertainment",[90m
[31m+       "cleared": true,[90m
[31m+       "date": 2024-08-31T23:00:00.000Z,[90m
[31m+       "description": "Odeon",[90m
[31m+       "id": "t203",[90m
[31m+       "type": "expense",[90m
[31m+     },[90m
[31m+     {[90m
[31m+       "accountId": "5",[90m
[31m+       "amount": -107.35,[90m
[31m+       "category": "Online Shopping",[90m
[31m+       "cleared": true,[90m
[31m+       "date": 2024-08-31T23:00:00.000Z,[90m
[31m+       "description": "Apple Store",[90m
[31m+       "id": "t204",[90m
[31m+       "type": "expense",[90m
[31m+     },[90m
[31m+     {[90m
[31m+       "accountId": "6",[90m
[31m+       "amount": -7.55,[90m
[31m+       "category": "Coffee Shops",[90m
[31m+       "cleared": true,[90m
[31m+       "date": 2024-08-31T23:00:00.000Z,[90m
[31m+       "description": "Nero",[90m
[31m+       "id": "t205",[90m
[31m+       "type": "expense",[90m
[31m+     },[90m
[31m+     {[90m
[31m+       "accountId": "5",[90m
[31m+       "amount": -4.26,[90m
[31m+       "category": "Coffee Shops",[90m
[31m+       "cleared": true,[90m
[31m+       "date": 2024-09-01T23:00:00.000Z,[90m
[31m+       "description": "Nero",[90m
[31m+       "id": "t206",[90m
[31m+       "type": "expense",[90m
[31m+     },[90m
[31m+     {[90m
[31m+       "accountId": "5",[90m
[31m+       "amount": -61.2,[90m
[31m+       "category": "Fuel",[90m
[31m+       "cleared": true,[90m
[31m+       "date": 2024-09-01T23:00:00.000Z,[90m
[31m+       "description": "BP",[90m
[31m+       "id": "t207",[90m
[31m+       "type": "expense",[90m
[31m+     },[90m
[31m+     {[90m
[31m+       "accountId": "6",[90m
[31m+       "amount": -32.81,[90m
[31m+       "category": "Dining Out",[90m
[31m+       "cleared": true,[90m
[31m+       "date": 2024-09-03T23:00:00.000Z,[90m
[31m+       "description": "Franco Manca",[90m
[31m+       "id": "t208",[90m
[31m+       "type": "expense",[90m
[31m+     },[90m
[31m+     {[90m
[31m+       "accountId": "6",[90m
[31m+       "amount": -44.04,[90m
[31m+       "category": "Transport",[90m
[31m+       "cleared": true,[90m
[31m+       "date": 2024-09-03T23:00:00.000Z,[90m
[31m+       "description": "Uber",[90m
[31m+       "id": "t209",[90m
[31m+       "type": "expense",[90m
[31m+     },[90m
[31m+     {[90m
[31m+       "accountId": "5",[90m
[31m+       "amount": -102.85,[90m
[31m+       "category": "Online Shopping",[90m
[31m+       "cleared": true,[90m
[31m+       "date": 2024-09-03T23:00:00.000Z,[90m
[31m+       "description": "eBay",[90m
[31m+       "id": "t210",[90m
[31m+       "type": "expense",[90m
[31m+     },[90m
[31m+     {[90m
[31m+       "accountId": "6",[90m
[31m+       "amount": -10.66,[90m
[31m+       "category": "Subscriptions",[90m
[31m+       "cleared": true,[90m
[31m+       "date": 2024-09-03T23:00:00.000Z,[90m
[31m+       "description": "Amazon Prime",[90m
[31m+       "id": "t211",[90m
[31m+       "type": "expense",[90m
[31m+     },[90m
[31m+     {[90m
[31m+       "accountId": "6",[90m
[31m+       "amount": -70.28,[90m
[31m+       "category": "Groceries",[90m
[31m+       "cleared": true,[90m
[31m+       "date": 2024-09-04T23:00:00.000Z,[90m
[31m+       "description": "Waitrose",[90m
[31m+       "id": "t212",[90m
[31m+       "type": "expense",[90m
[31m+     },[90m
[31m+     {[90m
[31m+       "accountId": "5",[90m
[31m+       "amount": -6.53,[90m
[31m+       "category": "Coffee Shops",[90m
[31m+       "cleared": true,[90m
[31m+       "date": 2024-09-04T23:00:00.000Z,[90m
[31m+       "description": "Starbucks",[90m
[31m+       "id": "t213",[90m
[31m+       "type": "expense",[90m
[31m+     },[90m
[31m+     {[90m
[31m+       "accountId": "6",[90m
[31m+       "amount": -35.66,[90m
[31m+       "category": "Groceries",[90m
[31m+       "cleared": true,[90m
[31m+       "date": 2024-09-06T23:00:00.000Z,[90m
[31m+       "description": "Morrisons",[90m
[31m+       "id": "t214",[90m
[31m+       "type": "expense",[90m
[31m+     },[90m
[31m+     {[90m
[31m+       "accountId": "5",[90m
[31m+       "amount": -102.34,[90m
[31m+       "category": "Dining Out",[90m
[31m+       "cleared": true,[90m
[31m+       "date": 2024-09-06T23:00:00.000Z,[90m
[31m+       "description": "Dishoom",[90m
[31m+       "id": "t215",[90m
[31m+       "type": "expense",[90m
[31m+     },[90m
[31m+     {[90m
[31m+       "accountId": "5",[90m
[31m+       "amount": -24.28,[90m
[31m+       "category": "Online Shopping",[90m
[31m+       "cleared": true,[90m
[31m+       "date": 2024-09-06T23:00:00.000Z,[90m
[31m+       "description": "Currys",[90m
[31m+       "id": "t216",[90m
[31m+       "type": "expense",[90m
[31m+     },[90m
[31m+     {[90m
[31m+       "accountId": "6",[90m
[31m+       "amount": -5.04,[90m
[31m+       "category": "Coffee Shops",[90m
[31m+       "cleared": true,[90m
[31m+       "date": 2024-09-06T23:00:00.000Z,[90m
[31m+       "description": "Pret",[90m
[31m+       "id": "t217",[90m
[31m+       "type": "expense",[90m
[31m+     },[90m
[31m+     {[90m
[31m+       "accountId": "5",[90m
[31m+       "amount": -47.19,[90m
[31m+       "category": "Groceries",[90m
[31m+       "cleared": true,[90m
[31m+       "date": 2024-09-07T23:00:00.000Z,[90m
[31m+       "description": "Waitrose",[90m
[31m+       "id": "t218",[90m
[31m+       "type": "expense",[90m
[31m+     },[90m
[31m+     {[90m
[31m+       "accountId": "6",[90m
[31m+       "amount": -53.2,[90m
[31m+       "category": "Dining Out",[90m
[31m+       "cleared": true,[90m
[31m+       "date": 2024-09-07T23:00:00.000Z,[90m
[31m+       "description": "Wagamama",[90m
[31m+       "id": "t219",[90m
[31m+       "type": "expense",[90m
[31m+     },[90m
[31m+     {[90m
[31m+       "accountId": "6",[90m
[31m+       "amount": -24.3,[90m
[31m+       "category": "Transport",[90m
[31m+       "cleared": true,[90m
[31m+       "date": 2024-09-07T23:00:00.000Z,[90m
[31m+       "description": "Citymapper",[90m
[31m+       "id": "t220",[90m
[31m+       "type": "expense",[90m
[31m+     },[90m
[31m+     {[90m
[31m+       "accountId": "6",[90m
[31m+       "amount": -115.4,[90m
[31m+       "category": "Shopping",[90m
[31m+       "cleared": true,[90m
[31m+       "date": 2024-09-07T23:00:00.000Z,[90m
[31m+       "description": "Next",[90m
[31m+       "id": "t221",[90m
[31m+       "type": "expense",[90m
[31m+     },[90m
[31m+     {[90m
[31m+       "accountId": "5",[90m
[31m+       "amount": -22.55,[90m
[31m+       "category": "Entertainment",[90m
[31m+       "cleared": true,[90m
[31m+       "date": 2024-09-07T23:00:00.000Z,[90m
[31m+       "description": "Odeon",[90m
[31m+       "id": "t222",[90m
[31m+       "type": "expense",[90m
[31m+     },[90m
[31m+     {[90m
[31m+       "accountId": "6",[90m
[31m+       "amount": -24.91,[90m
[31m+       "category": "Online Shopping",[90m
[31m+       "cleared": true,[90m
[31m+       "date": 2024-09-07T23:00:00.000Z,[90m
[31m+       "description": "eBay",[90m
[31m+       "id": "t223",[90m
[31m+       "type": "expense",[90m
[31m+     },[90m
[31m+     {[90m
[31m+       "accountId": "5",[90m
[31m+       "amount": -6.09,[90m
[31m+       "category": "Coffee Shops",[90m
[31m+       "cleared": true,[90m
[31m+       "date": 2024-09-07T23:00:00.000Z,[90m
[31m+       "description": "Gail's",[90m
[31m+       "id": "t224",[90m
[31m+       "type": "expense",[90m
[31m+     },[90m
[31m+     {[90m
[31m+       "accountId": "5",[90m
[31m+       "amount": -25.11,[90m
[31m+       "category": "Groceries",[90m
[31m+       "cleared": true,[90m
[31m+       "date": 2024-09-09T23:00:00.000Z,[90m
[31m+       "description": "Aldi",[90m
[31m+       "id": "t225",[90m
[31m+       "type": "expense",[90m
[31m+     },[90m
[31m+     {[90m
[31m+       "accountId": "6",[90m
[31m+       "amount": -5.51,[90m
[31m+       "category": "Coffee Shops",[90m
[31m+       "cleared": true,[90m
[31m+       "date": 2024-09-09T23:00:00.000Z,[90m
[31m+       "description": "Pret",[90m
[31m+       "id": "t226",[90m
[31m+       "type": "expense",[90m
[31m+     },[90m
[31m+     {[90m
[31m+       "accountId": "5",[90m
[31m+       "amount": -99.15,[90m
[31m+       "category": "Dining Out",[90m
[31m+       "cleared": true,[90m
[31m+       "date": 2024-09-10T23:00:00.000Z,[90m
[31m+       "description": "The Ivy",[90m
[31m+       "id": "t227",[90m
[31m+       "type": "expense",[90m
[31m+     },[90m
[31m+     {[90m
[31m+       "accountId": "5",[90m
[31m+       "amount": -24.56,[90m
[31m+       "category": "Transport",[90m
[31m+       "cleared": true,[90m
[31m+       "date": 2024-09-10T23:00:00.000Z,[90m
[31m+       "description": "Citymapper",[90m
[31m+       "id": "t228",[90m
[31m+       "type": "expense",[90m
[31m+     },[90m
[31m+     {[90m
[31m+       "accountId": "5",[90m
[31m+       "amount": -17.13,[90m
[31m+       "category": "Online Shopping",[90m
[31m+       "cleared": true,[90m
[31m+       "date": 2024-09-10T23:00:00.000Z,[90m
[31m+       "description": "Apple Store",[90m
[31m+       "id": "t229",[90m
[31m+       "type": "expense",[90m
[31m+     },[90m
[31m+     {[90m
[31m+       "accountId": "5",[90m
[31m+       "amount": -3.74,[90m
[31m+       "category": "Coffee Shops",[90m
[31m+       "cleared": true,[90m
[31m+       "date": 2024-09-10T23:00:00.000Z,[90m
[31m+       "description": "Pret",[90m
[31m+       "id": "t230",[90m
[31m+       "type": "expense",[90m
[31m+     },[90m
[31m+     {[90m
[31m+       "accountId": "6",[90m
[31m+       "amount": -111.72,[90m
[31m+       "category": "Dining Out",[90m
[31m+       "cleared": true,[90m
[31m+       "date": 2024-09-13T23:00:00.000Z,[90m
[31m+       "description": "Wagamama",[90m
[31m+       "id": "t231",[90m
[31m+       "type": "expense",[90m
[31m+     },[90m
[31m+     {[90m
[31m+       "accountId": "5",[90m
[31m+       "amount": -47.17,[90m
[31m+       "category": "Transport",[90m
[31m+       "cleared": true,[90m
[31m+       "date": 2024-09-13T23:00:00.000Z,[90m
[31m+       "description": "National Rail",[90m
[31m+       "id": "t232",[90m
[31m+       "type": "expense",[90m
[31m+     },[90m
[31m+     {[90m
[31m+       "accountId": "5",[90m
[31m+       "amount": -130.2,[90m
[31m+       "category": "Online Shopping",[90m
[31m+       "cleared": true,[90m
[31m+       "date": 2024-09-13T23:00:00.000Z,[90m
[31m+       "description": "Argos",[90m
[31m+       "id": "t233",[90m
[31m+       "type": "expense",[90m
[31m+     },[90m
[31m+     {[90m
[31m+       "accountId": "6",[90m
[31m+       "amount": -6.65,[90m
[31m+       "category": "Coffee Shops",[90m
[31m+       "cleared": true,[90m
[31m+       "date": 2024-09-13T23:00:00.000Z,[90m
[31m+       "description": "Nero",[90m
[31m+       "id": "t234",[90m
[31m+       "type": "expense",[90m
[31m+     },[90m
[31m+     {[90m
[31m+       "accountId": "5",[90m
[31m+       "amount": -57.8,[90m
[31m+       "category": "Dining Out",[90m
[31m+       "cleared": true,[90m
[31m+       "date": 2024-09-14T23:00:00.000Z,[90m
[31m+       "description": "Pizza Express",[90m
[31m+       "id": "t235",[90m
[31m+       "type": "expense",[90m
[31m+     },[90m
[31m+     {[90m
[31m+       "accountId": "6",[90m
[31m+       "amount": -45.11,[90m
[31m+       "category": "Transport",[90m
[31m+       "cleared": true,[90m
[31m+       "date": 2024-09-14T23:00:00.000Z,[90m
[31m+       "description": "TfL",[90m
[31m+       "id": "t236",[90m
[31m+       "type": "expense",[90m
[31m+     },[90m
[31m+     {[90m
[31m+       "accountId": "6",[90m
[31m+       "amount": -132.92,[90m
[31m+       "category": "Shopping",[90m
[31m+       "cleared": true,[90m
[31m+       "date": 2024-09-14T23:00:00.000Z,[90m
[31m+       "description": "John Lewis",[90m
[31m+       "id": "t237",[90m
[31m+       "type": "expense",[90m
[31m+     },[90m
[31m+     {[90m
[31m+       "accountId": "6",[90m
[31m+       "amount": -94.46,[90m
[31m+       "category": "Entertainment",[90m
[31m+       "cleared": true,[90m
[31m+       "date": 2024-09-14T23:00:00.000Z,[90m
[31m+       "description": "Odeon",[90m
[31m+       "id": "t238",[90m
[31m+       "type": "expense",[90m
[31m+     },[90m
[31m+     {[90m
[31m+       "accountId": "6",[90m
[31m+       "amount": -5.1,[90m
[31m+       "category": "Coffee Shops",[90m
[31m+       "cleared": true,[90m
[31m+       "date": 2024-09-14T23:00:00.000Z,[90m
[31m+       "description": "Costa",[90m
[31m+       "id": "t239",[90m
[31m+       "type": "expense",[90m
[31m+     },[90m
[31m+     {[90m
[31m+       "accountId": "5",[90m
[31m+       "amount": -3.03,[90m
[31m+       "category": "Coffee Shops",[90m
[31m+       "cleared": true,[90m
[31m+       "date": 2024-09-15T23:00:00.000Z,[90m
[31m+       "description": "Nero",[90m
[31m+       "id": "t240",[90m
[31m+       "type": "expense",[90m
[31m+     },[90m
[31m+     {[90m
[31m+       "accountId": "5",[90m
[31m+       "amount": -62.35,[90m
[31m+       "category": "Groceries",[90m
[31m+       "cleared": true,[90m
[31m+       "date": 2024-09-16T23:00:00.000Z,[90m
[31m+       "description": "Sainsbury's",[90m
[31m+       "id": "t241",[90m
[31m+       "type": "expense",[90m
[31m+     },[90m
[31m+     {[90m
[31m+       "accountId": "5",[90m
[31m+       "amount": -7.29,[90m
[31m+       "category": "Coffee Shops",[90m
[31m+       "cleared": true,[90m
[31m+       "date": 2024-09-16T23:00:00.000Z,[90m
[31m+       "description": "Costa",[90m
[31m+       "id": "t242",[90m
[31m+       "type": "expense",[90m
[31m+     },[90m
[31m+     {[90m
[31m+       "accountId": "5",[90m
[31m+       "amount": -44.31,[90m
[31m+       "category": "Transport",[90m
[31m+       "cleared": true,[90m
[31m+       "date": 2024-09-17T23:00:00.000Z,[90m
[31m+       "description": "TfL",[90m
[31m+       "id": "t243",[90m
[31m+       "type": "expense",[90m
[31m+     },[90m
[31m+     {[90m
[31m+       "accountId": "5",[90m
[31m+       "amount": -99.98,[90m
[31m+       "category": "Online Shopping",[90m
[31m+       "cleared": true,[90m
[31m+       "date": 2024-09-17T23:00:00.000Z,[90m
[31m+       "description": "Currys",[90m
[31m+       "id": "t244",[90m
[31m+       "type": "expense",[90m
[31m+     },[90m
[31m+     {[90m
[31m+       "accountId": "6",[90m
[31m+       "amount": -6.45,[90m
[31m+       "category": "Coffee Shops",[90m
[31m+       "cleared": true,[90m
[31m+       "date": 2024-09-17T23:00:00.000Z,[90m
[31m+       "description": "Pret",[90m
[31m+       "id": "t245",[90m
[31m+       "type": "expense",[90m
[31m+     },[90m
[31m+     {[90m
[31m+       "accountId": "5",[90m
[31m+       "amount": -7.78,[90m
[31m+       "category": "Coffee Shops",[90m
[31m+       "cleared": true,[90m
[31m+       "date": 2024-09-18T23:00:00.000Z,[90m
[31m+       "description": "Gail's",[90m
[31m+       "id": "t246",[90m
[31m+       "type": "expense",[90m
[31m+     },[90m
[31m+     {[90m
[31m+       "accountId": "5",[90m
[31m+       "amount": -22.02,[90m
[31m+       "category": "Groceries",[90m
[31m+       "cleared": true,[90m
[31m+       "date": 2024-09-20T23:00:00.000Z,[90m
[31m+       "description": "Morrisons",[90m
[31m+       "id": "t247",[90m
[31m+       "type": "expense",[90m
[31m+     },[90m
[31m+     {[90m
[31m+       "accountId": "6",[90m
[31m+       "amount": -52.84,[90m
[31m+       "category": "Dining Out",[90m
[31m+       "cleared": true,[90m
[31m+       "date": 2024-09-20T23:00:00.000Z,[90m
[31m+       "description": "The Ivy",[90m
[31m+       "id": "t248",[90m
[31m+       "type": "expense",[90m
[31m+     },[90m
[31m+     {[90m
[31m+       "accountId": "5",[90m
[31m+       "amount": -34.71,[90m
[31m+       "category": "Transport",[90m
[31m+       "cleared": true,[90m
[31m+       "date": 2024-09-20T23:00:00.000Z,[90m
[31m+       "description": "National Rail",[90m
[31m+       "id": "t249",[90m
[31m+       "type": "expense",[90m
[31m+     },[90m
[31m+     {[90m
[31m+       "accountId": "6",[90m
[31m+       "amount": -80.95,[90m
[31m+       "category": "Online Shopping",[90m
[31m+       "cleared": true,[90m
[31m+       "date": 2024-09-20T23:00:00.000Z,[90m
[31m+       "description": "Currys",[90m
[31m+       "id": "t250",[90m
[31m+       "type": "expense",[90m
[31m+     },[90m
[31m+     {[90m
[31m+       "accountId": "6",[90m
[31m+       "amount": -3.41,[90m
[31m+       "category": "Coffee Shops",[90m
[31m+       "cleared": true,[90m
[31m+       "date": 2024-09-20T23:00:00.000Z,[90m
[31m+       "description": "Starbucks",[90m
[31m+       "id": "t251",[90m
[31m+       "type": "expense",[90m
[31m+     },[90m
[31m+     {[90m
[31m+       "accountId": "5",[90m
[31m+       "amount": -63.45,[90m
[31m+       "category": "Groceries",[90m
[31m+       "cleared": true,[90m
[31m+       "date": 2024-09-21T23:00:00.000Z,[90m
[31m+       "description": "Lidl",[90m
[31m+       "id": "t252",[90m
[31m+       "type": "expense",[90m
[31m+     },[90m
[31m+     {[90m
[31m+       "accountId": "5",[90m
[31m+       "amount": -37.18,[90m
[31m+       "category": "Dining Out",[90m
[31m+       "cleared": true,[90m
[31m+       "date": 2024-09-21T23:00:00.000Z,[90m
[31m+       "description": "Franco Manca",[90m
[31m+       "id": "t253",[90m
[31m+       "type": "expense",[90m
[31m+     },[90m
[31m+     {[90m
[31m+       "accountId": "5",[90m
[31m+       "amount": -26.81,[90m
[31m+       "category": "Transport",[90m
[31m+       "cleared": true,[90m
[31m+       "date": 2024-09-21T23:00:00.000Z,[90m
[31m+       "description": "Addison Lee",[90m
[31m+       "id": "t254",[90m
[31m+       "type": "expense",[90m
[31m+     },[90m
[31m+     {[90m
[31m+       "accountId": "6",[90m
[31m+       "amount": -173.53,[90m
[31m+       "category": "Shopping",[90m
[31m+       "cleared": true,[90m
[31m+       "date": 2024-09-21T23:00:00.000Z,[90m
[31m+       "description": "Next",[90m
[31m+       "id": "t255",[90m
[31m+       "type": "expense",[90m
[31m+     },[90m
[31m+     {[90m
[31m+       "accountId": "5",[90m
[31m+       "amount": -62.2,[90m
[31m+       "category": "Entertainment",[90m
[31m+       "cleared": true,[90m
[31m+       "date": 2024-09-21T23:00:00.000Z,[90m
[31m+       "description": "Ticketmaster",[90m
[31m+       "id": "t256",[90m
[31m+       "type": "expense",[90m
[31m+     },[90m
[31m+     {[90m
[31m+       "accountId": "6",[90m
[31m+       "amount": -19.4,[90m
[31m+       "category": "Online Shopping",[90m
[31m+       "cleared": true,[90m
[31m+       "date": 2024-09-21T23:00:00.000Z,[90m
[31m+       "description": "eBay",[90m
[31m+       "id": "t257",[90m
[31m+       "type": "expense",[90m
[31m+     },[90m
[31m+     {[90m
[31m+       "accountId": "6",[90m
[31m+       "amount": -6.84,[90m
[31m+       "category": "Coffee Shops",[90m
[31m+       "cleared": true,[90m
[31m+       "date": 2024-09-21T23:00:00.000Z,[90m
[31m+       "description": "Costa",[90m
[31m+       "id": "t258",[90m
[31m+       "type": "expense",[90m
[31m+     },[90m
[31m+     {[90m
[31m+       "accountId": "5",[90m
[31m+       "amount": -4.88,[90m
[31m+       "category": "Coffee Shops",[90m
[31m+       "cleared": true,[90m
[31m+       "date": 2024-09-22T23:00:00.000Z,[90m
[31m+       "description": "Nero",[90m
[31m+       "id": "t259",[90m
[31m+       "type": "expense",[90m
[31m+     },[90m
[31m+     {[90m
[31m+       "accountId": "5",[90m
[31m+       "amount": -22.7,[90m
[31m+       "category": "Groceries",[90m
[31m+       "cleared": true,[90m
[31m+       "date": 2024-09-23T23:00:00.000Z,[90m
[31m+       "description": "ASDA",[90m
[31m+       "id": "t260",[90m
[31m+       "type": "expense",[90m
[31m+     },[90m
[31m+     {[90m
[31m+       "accountId": "5",[90m
[31m+       "amount": -3.35,[90m
[31m+       "category": "Coffee Shops",[90m
[31m+       "cleared": true,[90m
[31m+       "date": 2024-09-23T23:00:00.000Z,[90m
[31m+       "description": "Nero",[90m
[31m+       "id": "t261",[90m
[31m+       "type": "expense",[90m
[31m+     },[90m
[31m+     {[90m
[31m+       "accountId": "5",[90m
[31m+       "amount": -107.04,[90m
[31m+       "category": "Dining Out",[90m
[31m+       "cleared": true,[90m
[31m+       "date": 2024-09-24T23:00:00.000Z,[90m
[31m+       "description": "Franco Manca",[90m
[31m+       "id": "t262",[90m
[31m+       "type": "expense",[90m
[31m+     },[90m
[31m+     {[90m
[31m+       "accountId": "6",[90m
[31m+       "amount": -46.99,[90m
[31m+       "category": "Transport",[90m
[31m+       "cleared": true,[90m
[31m+       "date": 2024-09-24T23:00:00.000Z,[90m
[31m+       "description": "TfL",[90m
[31m+       "id": "t263",[90m
[31m+       "type": "expense",[90m
[31m+     },[90m
[31m+     {[90m
[31m+       "accountId": "6",[90m
[31m+       "amount": -123.22,[90m
[31m+       "category": "Online Shopping",[90m
[31m+       "cleared": true,[90m
[31m+       "date": 2024-09-24T23:00:00.000Z,[90m
[31m+       "description": "Amazon",[90m
[31m+       "id": "t264",[90m
[31m+       "type": "expense",[90m
[31m+     },[90m
[31m+     {[90m
[31m+       "accountId": "6",[90m
[31m+       "amount": -3.43,[90m
[31m+       "category": "Coffee Shops",[90m
[31m+       "cleared": true,[90m
[31m+       "date": 2024-09-24T23:00:00.000Z,[90m
[31m+       "description": "Gail's",[90m
[31m+       "id": "t265",[90m
[31m+       "type": "expense",[90m
[31m+     },[90m
[31m+     {[90m
[31m+       "accountId": "6",[90m
[31m+       "amount": -31.55,[90m
[31m+       "category": "Groceries",[90m
[31m+       "cleared": true,[90m
[31m+       "date": 2024-09-25T23:00:00.000Z,[90m
[31m+       "description": "Sainsbury's",[90m
[31m+       "id": "t266",[90m
[31m+       "type": "expense",[90m
[31m+     },[90m
[31m+     {[90m
[31m+       "accountId": "6",[90m
[31m+       "amount": -7.6,[90m
[31m+       "category": "Coffee Shops",[90m
[31m+       "cleared": true,[90m
[31m+       "date": 2024-09-26T23:00:00.000Z,[90m
[31m+       "description": "Starbucks",[90m
[31m+       "id": "t267",[90m
[31m+       "type": "expense",[90m
[31m+     },[90m
[31m+     {[90m
[31m+       "accountId": "6",[90m
[31m+       "amount": -50.9,[90m
[31m+       "category": "Groceries",[90m
[31m+       "cleared": false,[90m
[31m+       "date": 2024-09-27T23:00:00.000Z,[90m
[31m+       "description": "Morrisons",[90m
[31m+       "id": "t268",[90m
[31m+       "type": "expense",[90m
[31m+     },[90m
[31m+     {[90m
[31m+       "accountId": "6",[90m
[31m+       "amount": -82.81,[90m
[31m+       "category": "Dining Out",[90m
[31m+       "cleared": false,[90m
[31m+       "date": 2024-09-27T23:00:00.000Z,[90m
[31m+       "description": "Franco Manca",[90m
[31m+       "id": "t269",[90m
[31m+       "type": "expense",[90m
[31m+     },[90m
[31m+     {[90m
[31m+       "accountId": "6",[90m
[31m+       "amount": -105.09,[90m
[31m+       "category": "Online Shopping",[90m
[31m+       "cleared": false,[90m
[31m+       "date": 2024-09-27T23:00:00.000Z,[90m
[31m+       "description": "Apple Store",[90m
[31m+       "id": "t270",[90m
[31m+       "type": "expense",[90m
[31m+     },[90m
[31m+     {[90m
[31m+       "accountId": "6",[90m
[31m+       "amount": -6.75,[90m
[31m+       "category": "Coffee Shops",[90m
[31m+       "cleared": false,[90m
[31m+       "date": 2024-09-27T23:00:00.000Z,[90m
[31m+       "description": "Costa",[90m
[31m+       "id": "t271",[90m
[31m+       "type": "expense",[90m
[31m+     },[90m
[31m+     {[90m
[31m+       "accountId": "6",[90m
[31m+       "amount": -39.57,[90m
[31m+       "category": "Groceries",[90m
[31m+       "cleared": false,[90m
[31m+       "date": 2024-09-28T23:00:00.000Z,[90m
[31m+       "description": "Sainsbury's",[90m
[31m+       "id": "t272",[90m
[31m+       "type": "expense",[90m
[31m+     },[90m
[31m+     {[90m
[31m+       "accountId": "6",[90m
[31m+       "amount": -82.92,[90m
[31m+       "category": "Dining Out",[90m
[31m+       "cleared": false,[90m
[31m+       "date": 2024-09-28T23:00:00.000Z,[90m
[31m+       "description": "Franco Manca",[90m
[31m+       "id": "t273",[90m
[31m+       "type": "expense",[90m
[31m+     },[90m
[31m+     {[90m
[31m+       "accountId": "5",[90m
[31m+       "amount": -39.02,[90m
[31m+       "category": "Transport",[90m
[31m+       "cleared": false,[90m
[31m+       "date": 2024-09-28T23:00:00.000Z,[90m
[31m+       "description": "TfL",[90m
[31m+       "id": "t274",[90m
[31m+       "type": "expense",[90m
[31m+     },[90m
[31m+     {[90m
[31m+       "accountId": "5",[90m
[31m+       "amount": -181.18,[90m
[31m+       "category": "Shopping",[90m
[31m+       "cleared": false,[90m
[31m+       "date": 2024-09-28T23:00:00.000Z,[90m
[31m+       "description": "H&M",[90m
[31m+       "id": "t275",[90m
[31m+       "type": "expense",[90m
[31m+     },[90m
[31m+     {[90m
[31m+       "accountId": "6",[90m
[31m+       "amount": -55.26,[90m
[31m+       "category": "Entertainment",[90m
[31m+       "cleared": false,[90m
[31m+       "date": 2024-09-28T23:00:00.000Z,[90m
[31m+       "description": "Ticketmaster",[90m
[31m+       "id": "t276",[90m
[31m+       "type": "expense",[90m
[31m+     },[90m
[31m+     {[90m
[31m+       "accountId": "5",[90m
[31m+       "amount": -113.89,[90m
[31m+       "category": "Online Shopping",[90m
[31m+       "cleared": false,[90m
[31m+       "date": 2024-09-28T23:00:00.000Z,[90m
[31m+       "description": "eBay",[90m
[31m+       "id": "t277",[90m
[31m+       "type": "expense",[90m
[31m+     },[90m
[31m+     {[90m
[31m+       "accountId": "1",[90m
[31m+       "amount": -2044.2800000000002,[90m
[31m+       "category": "transfer",[90m
[31m+       "cleared": true,[90m
[31m+       "date": 2024-09-13T23:00:00.000Z,[90m
[31m+       "description": "Credit Card Payment - Natwest",[90m
[31m+       "id": "t278",[90m
[31m+       "type": "transfer",[90m
[31m+     },[90m
[31m+     {[90m
[31m+       "accountId": "5",[90m
[31m+       "amount": 2044.2800000000002,[90m
[31m+       "category": "transfer",[90m
[31m+       "cleared": true,[90m
[31m+       "date": 2024-09-13T23:00:00.000Z,[90m
[31m+       "description": "Credit Card Payment - Natwest",[90m
[31m+       "id": "t279",[90m
[31m+       "type": "transfer",[90m
[31m+     },[90m
[31m+     {[90m
[31m+       "accountId": "1",[90m
[31m+       "amount": -1010.9899999999998,[90m
[31m+       "category": "transfer",[90m
[31m+       "cleared": true,[90m
[31m+       "date": 2024-09-13T23:00:00.000Z,[90m
[31m+       "description": "Credit Card Payment - American Express",[90m
[31m+       "id": "t280",[90m
[31m+       "type": "transfer",[90m
[31m+     },[90m
[31m+     {[90m
[31m+       "accountId": "6",[90m
[31m+       "amount": 1010.9899999999998,[90m
[31m+       "category": "transfer",[90m
[31m+       "cleared": true,[90m
[31m+       "date": 2024-09-13T23:00:00.000Z,[90m
[31m+       "description": "Credit Card Payment - American Express",[90m
[31m+       "id": "t281",[90m
[31m+       "type": "transfer",[90m
[31m+     },[90m
[31m+     {[90m
[31m+       "accountId": "1",[90m
[31m+       "amount": -1029.73,[90m
[31m+       "category": "transfer",[90m
[31m+       "cleared": true,[90m
[31m+       "date": 2024-09-29T23:00:00.000Z,[90m
[31m+       "description": "Balance Sweep to Savings",[90m
[31m+       "id": "t282",[90m
[31m+       "type": "transfer",[90m
[31m+     },[90m
[31m+     {[90m
[31m+       "accountId": "3",[90m
[31m+       "amount": 1029.73,[90m
[31m+       "category": "transfer",[90m
[31m+       "cleared": true,[90m
[31m+       "date": 2024-09-29T23:00:00.000Z,[90m
[31m+       "description": "Balance Sweep from Current",[90m
[31m+       "id": "t283",[90m
[31m+       "type": "transfer",[90m
[31m+     },[90m
[31m+     {[90m
[31m+       "accountId": "1",[90m
[31m+       "amount": 6000,[90m
[31m+       "category": "Salary",[90m
[31m+       "cleared": true,[90m
[31m+       "date": 2024-09-30T23:00:00.000Z,[90m
[31m+       "description": "Monthly Salary",[90m
[31m+       "id": "t284",[90m
[31m+       "type": "income",[90m
[31m+     },[90m
[31m+     {[90m
[31m+       "accountId": "1",[90m
[31m+       "amount": -1200,[90m
[31m+       "category": "transfer",[90m
[31m+       "cleared": true,[90m
[31m+       "date": 2024-09-30T23:00:00.000Z,[90m
[31m+       "description": "Mortgage Payment",[90m
[31m+       "id": "t285",[90m
[31m+       "type": "transfer",[90m
[31m+     },[90m
[31m+     {[90m
[31m+       "accountId": "8",[90m
[31m+       "amount": 1200,[90m
[31m+       "category": "transfer",[90m
[31m+       "cleared": true,[90m
[31m+       "date": 2024-09-30T23:00:00.000Z,[90m
[31m+       "description": "Mortgage Payment",[90m
[31m+       "id": "t286",[90m
[31m+       "type": "transfer",[90m
[31m+     },[90m
[31m+     {[90m
[31m+       "accountId": "1",[90m
[31m+       "amount": -180,[90m
[31m+       "category": "Bills",[90m
[31m+       "cleared": true,[90m
[31m+       "date": 2024-09-30T23:00:00.000Z,[90m
[31m+       "description": "Council Tax",[90m
[31m+       "id": "t287",[90m
[31m+       "type": "expense",[90m
[31m+     },[90m
[31m+     {[90m
[31m+       "accountId": "1",[90m
[31m+       "amount": -150,[90m
[31m+       "category": "Utilities",[90m
[31m+       "cleared": true,[90m
[31m+       "date": 2024-09-30T23:00:00.000Z,[90m
[31m+       "description": "Gas & Electric",[90m
[31m+       "id": "t288",[90m
[31m+       "type": "expense",[90m
[31m+     },[90m
[31m+     {[90m
[31m+       "accountId": "1",[90m
[31m+       "amount": -45,[90m
[31m+       "category": "Utilities",[90m
[31m+       "cleared": true,[90m
[31m+       "date": 2024-09-30T23:00:00.000Z,[90m
[31m+       "description": "Water Bill",[90m
[31m+       "id": "t289",[90m
[31m+       "type": "expense",[90m
[31m+     },[90m
[31m+     {[90m
[31m+       "accountId": "1",[90m
[31m+       "amount": -55,[90m
[31m+       "category": "Utilities",[90m
[31m+       "cleared": true,[90m
[31m+       "date": 2024-09-30T23:00:00.000Z,[90m
[31m+       "description": "Internet & Phone",[90m
[31m+       "id": "t290",[90m
[31m+       "type": "expense",[90m
[31m+     },[90m
[31m+     {[90m
[31m+       "accountId": "1",[90m
[31m+       "amount": -35,[90m
[31m+       "category": "Bills",[90m
[31m+       "cleared": true,[90m
[31m+       "date": 2024-09-30T23:00:00.000Z,[90m
[31m+       "description": "Mobile Phone",[90m
[31m+       "id": "t291",[90m
[31m+       "type": "expense",[90m
[31m+     },[90m
[31m+     {[90m
[31m+       "accountId": "1",[90m
[31m+       "amount": -65,[90m
[31m+       "category": "Insurance",[90m
[31m+       "cleared": true,[90m
[31m+       "date": 2024-09-30T23:00:00.000Z,[90m
[31m+       "description": "Home Insurance",[90m
[31m+       "id": "t292",[90m
[31m+       "type": "expense",[90m
[31m+     },[90m
[31m+     {[90m
[31m+       "accountId": "1",[90m
[31m+       "amount": -45,[90m
[31m+       "category": "Insurance",[90m
[31m+       "cleared": true,[90m
[31m+       "date": 2024-09-30T23:00:00.000Z,[90m
[31m+       "description": "Life Insurance",[90m
[31m+       "id": "t293",[90m
[31m+       "type": "expense",[90m
[31m+     },[90m
[31m+     {[90m
[31m+       "accountId": "1",[90m
[31m+       "amount": -85,[90m
[31m+       "category": "Insurance",[90m
[31m+       "cleared": true,[90m
[31m+       "date": 2024-09-30T23:00:00.000Z,[90m
[31m+       "description": "Car Insurance",[90m
[31m+       "id": "t294",[90m
[31m+       "type": "expense",[90m
[31m+     },[90m
[31m+     {[90m
[31m+       "accountId": "1",[90m
[31m+       "amount": -55,[90m
[31m+       "category": "Health & Fitness",[90m
[31m+       "cleared": true,[90m
[31m+       "date": 2024-09-30T23:00:00.000Z,[90m
[31m+       "description": "Gym Membership",[90m
[31m+       "id": "t295",[90m
[31m+       "type": "expense",[90m
[31m+     },[90m
[31m+     {[90m
[31m+       "accountId": "6",[90m
[31m+       "amount": -27.62,[90m
[31m+       "category": "Groceries",[90m
[31m+       "cleared": true,[90m
[31m+       "date": 2024-09-30T23:00:00.000Z,[90m
[31m+       "description": "Lidl",[90m
[31m+       "id": "t296",[90m
[31m+       "type": "expense",[90m
[31m+     },[90m
[31m+     {[90m
[31m+       "accountId": "5",[90m
[31m+       "amount": -4.25,[90m
[31m+       "category": "Coffee Shops",[90m
[31m+       "cleared": true,[90m
[31m+       "date": 2024-09-30T23:00:00.000Z,[90m
[31m+       "description": "Gail's",[90m
[31m+       "id": "t297",[90m
[31m+       "type": "expense",[90m
[31m+     },[90m
[31m+     {[90m
[31m+       "accountId": "6",[90m
[31m+       "amount": -42.92,[90m
[31m+       "category": "Dining Out",[90m
[31m+       "cleared": true,[90m
[31m+       "date": 2024-10-01T23:00:00.000Z,[90m
[31m+       "description": "Dishoom",[90m
[31m+       "id": "t298",[90m
[31m+       "type": "expense",[90m
[31m+     },[90m
[31m+     {[90m
[31m+       "accountId": "5",[90m
[31m+       "amount": -67.23,[90m
[31m+       "category": "Fuel",[90m
[31m+       "cleared": true,[90m
[31m+       "date": 2024-10-01T23:00:00.000Z,[90m
[31m+       "description": "Texaco",[90m
[31m+       "id": "t299",[90m
[31m+       "type": "expense",[90m
[31m+     },[90m
[31m+     {[90m
[31m+       "accountId": "6",[90m
[31m+       "amount": -16.63,[90m
[31m+       "category": "Subscriptions",[90m
[31m+       "cleared": true,[90m
[31m+       "date": 2024-10-03T23:00:00.000Z,[90m
[31m+       "description": "Amazon Prime",[90m
[31m+       "id": "t300",[90m
[31m+       "type": "expense",[90m
[31m+     },[90m
[31m+     {[90m
[31m+       "accountId": "6",[90m
[31m+       "amount": -62.92,[90m
[31m+       "category": "Groceries",[90m
[31m+       "cleared": true,[90m
[31m+       "date": 2024-10-04T23:00:00.000Z,[90m
[31m+       "description": "Waitrose",[90m
[31m+       "id": "t301",[90m
[31m+       "type": "expense",[90m
[31m+     },[90m
[31m+     {[90m
[31m+       "accountId": "5",[90m
[31m+       "amount": -3.28,[90m
[31m+       "category": "Coffee Shops",[90m
[31m+       "cleared": true,[90m
[31m+       "date": 2024-10-04T23:00:00.000Z,[90m
[31m+       "description": "Nero",[90m
[31m+       "id": "t302",[90m
[31m+       "type": "expense",[90m
[31m+     },[90m
[31m+     {[90m
[31m+       "accountId": "5",[90m
[31m+       "amount": -68.21,[90m
[31m+       "category": "Dining Out",[90m
[31m+       "cleared": true,[90m
[31m+       "date": 2024-10-05T23:00:00.000Z,[90m
[31m+       "description": "Nando's",[90m
[31m+       "id": "t303",[90m
[31m+       "type": "expense",[90m
[31m+     },[90m
[31m+     {[90m
[31m+       "accountId": "5",[90m
[31m+       "amount": -41.75,[90m
[31m+       "category": "Transport",[90m
[31m+       "cleared": true,[90m
[31m+       "date": 2024-10-05T23:00:00.000Z,[90m
[31m+       "description": "Uber",[90m
[31m+       "id": "t304",[90m
[31m+       "type": "expense",[90m
[31m+     },[90m
[31m+     {[90m
[31m+       "accountId": "5",[90m
[31m+       "amount": -55.44,[90m
[31m+       "category": "Entertainment",[90m
[31m+       "cleared": true,[90m
[31m+       "date": 2024-10-05T23:00:00.000Z,[90m
[31m+       "description": "Odeon",[90m
[31m+       "id": "t305",[90m
[31m+       "type": "expense",[90m
[31m+     },[90m
[31m+     {[90m
[31m+       "accountId": "6",[90m
[31m+       "amount": -85.34,[90m
[31m+       "category": "Online Shopping",[90m
[31m+       "cleared": true,[90m
[31m+       "date": 2024-10-05T23:00:00.000Z,[90m
[31m+       "description": "Currys",[90m
[31m+       "id": "t306",[90m
[31m+       "type": "expense",[90m
[31m+     },[90m
[31m+     {[90m
[31m+       "accountId": "5",[90m
[31m+       "amount": -6.45,[90m
[31m+       "category": "Coffee Shops",[90m
[31m+       "cleared": true,[90m
[31m+       "date": 2024-10-05T23:00:00.000Z,[90m
[31m+       "description": "Pret",[90m
[31m+       "id": "t307",[90m
[31m+       "type": "expense",[90m
[31m+     },[90m
[31m+     {[90m
[31m+       "accountId": "5",[90m
[31m+       "amount": -6.99,[90m
[31m+       "category": "Coffee Shops",[90m
[31m+       "cleared": true,[90m
[31m+       "date": 2024-10-06T23:00:00.000Z,[90m
[31m+       "description": "Gail's",[90m
[31m+       "id": "t308",[90m
[31m+       "type": "expense",[90m
[31m+     },[90m
[31m+     {[90m
[31m+       "accountId": "5",[90m
[31m+       "amount": -37.86,[90m
[31m+       "category": "Groceries",[90m
[31m+       "cleared": true,[90m
[31m+       "date": 2024-10-07T23:00:00.000Z,[90m
[31m+       "description": "Lidl",[90m
[31m+       "id": "t309",[90m
[31m+       "type": "expense",[90m
[31m+     },[90m
[31m+     {[90m
[31m+       "accountId": "6",[90m
[31m+       "amount": -5.73,[90m
[31m+       "category": "Coffee Shops",[90m
[31m+       "cleared": true,[90m
[31m+       "date": 2024-10-07T23:00:00.000Z,[90m
[31m+       "description": "Starbucks",[90m
[31m+       "id": "t310",[90m
[31m+       "type": "expense",[90m
[31m+     },[90m
[31m+     {[90m
[31m+       "accountId": "5",[90m
[31m+       "amount": -20.94,[90m
[31m+       "category": "Transport",[90m
[31m+       "cleared": true,[90m
[31m+       "date": 2024-10-08T23:00:00.000Z,[90m
[31m+       "description": "Citymapper",[90m
[31m+       "id": "t311",[90m
[31m+       "type": "expense",[90m
[31m+     },[90m
[31m+     {[90m
[31m+       "accountId": "6",[90m
[31m+       "amount": -109.09,[90m
[31m+       "category": "Online Shopping",[90m
[31m+       "cleared": true,[90m
[31m+       "date": 2024-10-08T23:00:00.000Z,[90m
[31m+       "description": "Argos",[90m
[31m+       "id": "t312",[90m
[31m+       "type": "expense",[90m
[31m+     },[90m
[31m+     {[90m
[31m+       "accountId": "6",[90m
[31m+       "amount": -6.38,[90m
[31m+       "category": "Coffee Shops",[90m
[31m+       "cleared": true,[90m
[31m+       "date": 2024-10-08T23:00:00.000Z,[90m
[31m+       "description": "Nero",[90m
[31m+       "id": "t313",[90m
[31m+       "type": "expense",[90m
[31m+     },[90m
[31m+     {[90m
[31m+       "accountId": "6",[90m
[31m+       "amount": -51.92,[90m
[31m+       "category": "Groceries",[90m
[31m+       "cleared": true,[90m
[31m+       "date": 2024-10-09T23:00:00.000Z,[90m
[31m+       "description": "Tesco",[90m
[31m+       "id": "t314",[90m
[31m+       "type": "expense",[90m
[31m+     },[90m
[31m+     {[90m
[31m+       "accountId": "6",[90m
[31m+       "amount": -6.69,[90m
[31m+       "category": "Coffee Shops",[90m
[31m+       "cleared": true,[90m
[31m+       "date": 2024-10-09T23:00:00.000Z,[90m
[31m+       "description": "Nero",[90m
[31m+       "id": "t315",[90m
[31m+       "type": "expense",[90m
[31m+     },[90m
[31m+     {[90m
[31m+       "accountId": "6",[90m
[31m+       "amount": -6.82,[90m
[31m+       "category": "Coffee Shops",[90m
[31m+       "cleared": true,[90m
[31m+       "date": 2024-10-10T23:00:00.000Z,[90m
[31m+       "description": "Nero",[90m
[31m+       "id": "t316",[90m
[31m+       "type": "expense",[90m
[31m+     },[90m
[31m+     {[90m
[31m+       "accountId": "6",[90m
[31m+       "amount": -36.4,[90m
[31m+       "category": "Groceries",[90m
[31m+       "cleared": true,[90m
[31m+       "date": 2024-10-11T23:00:00.000Z,[90m
[31m+       "description": "Tesco",[90m
[31m+       "id": "t317",[90m
[31m+       "type": "expense",[90m
[31m+     },[90m
[31m+     {[90m
[31m+       "accountId": "6",[90m
[31m+       "amount": -49.57,[90m
[31m+       "category": "Dining Out",[90m
[31m+       "cleared": true,[90m
[31m+       "date": 2024-10-11T23:00:00.000Z,[90m
[31m+       "description": "Wagamama",[90m
[31m+       "id": "t318",[90m
[31m+       "type": "expense",[90m
[31m+     },[90m
[31m+     {[90m
[31m+       "accountId": "6",[90m
[31m+       "amount": -27.03,[90m
[31m+       "category": "Transport",[90m
[31m+       "cleared": true,[90m
[31m+       "date": 2024-10-11T23:00:00.000Z,[90m
[31m+       "description": "Uber",[90m
[31m+       "id": "t319",[90m
[31m+       "type": "expense",[90m
[31m+     },[90m
[31m+     {[90m
[31m+       "accountId": "6",[90m
[31m+       "amount": -110.8,[90m
[31m+       "category": "Online Shopping",[90m
[31m+       "cleared": true,[90m
[31m+       "date": 2024-10-11T23:00:00.000Z,[90m
[31m+       "description": "eBay",[90m
[31m+       "id": "t320",[90m
[31m+       "type": "expense",[90m
[31m+     },[90m
[31m+     {[90m
[31m+       "accountId": "5",[90m
[31m+       "amount": -4.19,[90m
[31m+       "category": "Coffee Shops",[90m
[31m+       "cleared": true,[90m
[31m+       "date": 2024-10-11T23:00:00.000Z,[90m
[31m+       "description": "Pret",[90m
[31m+       "id": "t321",[90m
[31m+       "type": "expense",[90m
[31m+     },[90m
[31m+     {[90m
[31m+       "accountId": "6",[90m
[31m+       "amount": -21.08,[90m
[31m+       "category": "Groceries",[90m
[31m+       "cleared": true,[90m
[31m+       "date": 2024-10-12T23:00:00.000Z,[90m
[31m+       "description": "Tesco",[90m
[31m+       "id": "t322",[90m
[31m+       "type": "expense",[90m
[31m+     },[90m
[31m+     {[90m
[31m+       "accountId": "6",[90m
[31m+       "amount": -41.31,[90m
[31m+       "category": "Transport",[90m
[31m+       "cleared": true,[90m
[31m+       "date": 2024-10-12T23:00:00.000Z,[90m
[31m+       "description": "Addison Lee",[90m
[31m+       "id": "t323",[90m
[31m+       "type": "expense",[90m
[31m+     },[90m
[31m+     {[90m
[31m+       "accountId": "5",[90m
[31m+       "amount": -54.33,[90m
[31m+       "category": "Shopping",[90m
[31m+       "cleared": true,[90m
[31m+       "date": 2024-10-12T23:00:00.000Z,[90m
[31m+       "description": "Next",[90m
[31m+       "id": "t324",[90m
[31m+       "type": "expense",[90m
[31m+     },[90m
[31m+     {[90m
[31m+       "accountId": "5",[90m
[31m+       "amount": -94.66,[90m
[31m+       "category": "Entertainment",[90m
[31m+       "cleared": true,[90m
[31m+       "date": 2024-10-12T23:00:00.000Z,[90m
[31m+       "description": "O2 Arena",[90m
[31m+       "id": "t325",[90m
[31m+       "type": "expense",[90m
[31m+     },[90m
[31m+     {[90m
[31m+       "accountId": "5",[90m
[31m+       "amount": -7.93,[90m
[31m+       "category": "Coffee Shops",[90m
[31m+       "cleared": true,[90m
[31m+       "date": 2024-10-12T23:00:00.000Z,[90m
[31m+       "description": "Gail's",[90m
[31m+       "id": "t326",[90m
[31m+       "type": "expense",[90m
[31m+     },[90m
[31m+     {[90m
[31m+       "accountId": "6",[90m
[31m+       "amount": -63.4,[90m
[31m+       "category": "Groceries",[90m
[31m+       "cleared": true,[90m
[31m+       "date": 2024-10-14T23:00:00.000Z,[90m
[31m+       "description": "Aldi",[90m
[31m+       "id": "t327",[90m
[31m+       "type": "expense",[90m
[31m+     },[90m
[31m+     {[90m
[31m+       "accountId": "6",[90m
[31m+       "amount": -5.61,[90m
[31m+       "category": "Coffee Shops",[90m
[31m+       "cleared": true,[90m
[31m+       "date": 2024-10-14T23:00:00.000Z,[90m
[31m+       "description": "Pret",[90m
[31m+       "id": "t328",[90m
[31m+       "type": "expense",[90m
[31m+     },[90m
[31m+     {[90m
[31m+       "accountId": "6",[90m
[31m+       "amount": -98.96,[90m
[31m+       "category": "Dining Out",[90m
[31m+       "cleared": true,[90m
[31m+       "date": 2024-10-15T23:00:00.000Z,[90m
[31m+       "description": "Pizza Express",[90m
[31m+       "id": "t329",[90m
[31m+       "type": "expense",[90m
[31m+     },[90m
[31m+     {[90m
[31m+       "accountId": "6",[90m
[31m+       "amount": -36.46,[90m
[31m+       "category": "Online Shopping",[90m
[31m+       "cleared": true,[90m
[31m+       "date": 2024-10-15T23:00:00.000Z,[90m
[31m+       "description": "Argos",[90m
[31m+       "id": "t330",[90m
[31m+       "type": "expense",[90m
[31m+     },[90m
[31m+     {[90m
[31m+       "accountId": "5",[90m
[31m+       "amount": -7.21,[90m
[31m+       "category": "Coffee Shops",[90m
[31m+       "cleared": true,[90m
[31m+       "date": 2024-10-15T23:00:00.000Z,[90m
[31m+       "description": "Gail's",[90m
[31m+       "id": "t331",[90m
[31m+       "type": "expense",[90m
[31m+     },[90m
[31m+     {[90m
[31m+       "accountId": "6",[90m
[31m+       "amount": -40.47,[90m
[31m+       "category": "Groceries",[90m
[31m+       "cleared": true,[90m
[31m+       "date": 2024-10-16T23:00:00.000Z,[90m
[31m+       "description": "Waitrose",[90m
[31m+       "id": "t332",[90m
[31m+       "type": "expense",[90m
[31m+     },[90m
[31m+     {[90m
[31m+       "accountId": "5",[90m
[31m+       "amount": -5.71,[90m
[31m+       "category": "Coffee Shops",[90m
[31m+       "cleared": true,[90m
[31m+       "date": 2024-10-16T23:00:00.000Z,[90m
[31m+       "description": "Starbucks",[90m
[31m+       "id": "t333",[90m
[31m+       "type": "expense",[90m
[31m+     },[90m
[31m+     {[90m
[31m+       "accountId": "6",[90m
[31m+       "amount": -6.63,[90m
[31m+       "category": "Coffee Shops",[90m
[31m+       "cleared": true,[90m
[31m+       "date": 2024-10-17T23:00:00.000Z,[90m
[31m+       "description": "Nero",[90m
[31m+       "id": "t334",[90m
[31m+       "type": "expense",[90m
[31m+     },[90m
[31m+     {[90m
[31m+       "accountId": "5",[90m
[31m+       "amount": -74.46,[90m
[31m+       "category": "Groceries",[90m
[31m+       "cleared": true,[90m
[31m+       "date": 2024-10-18T23:00:00.000Z,[90m
[31m+       "description": "Tesco",[90m
[31m+       "id": "t335",[90m
[31m+       "type": "expense",[90m
[31m+     },[90m
[31m+     {[90m
[31m+       "accountId": "6",[90m
[31m+       "amount": -6.45,[90m
[31m+       "category": "Coffee Shops",[90m
[31m+       "cleared": true,[90m
[31m+       "date": 2024-10-18T23:00:00.000Z,[90m
[31m+       "description": "Nero",[90m
[31m+       "id": "t336",[90m
[31m+       "type": "expense",[90m
[31m+     },[90m
[31m+     {[90m
[31m+       "accountId": "6",[90m
[31m+       "amount": -55.34,[90m
[31m+       "category": "Groceries",[90m
[31m+       "cleared": true,[90m
[31m+       "date": 2024-10-21T23:00:00.000Z,[90m
[31m+       "description": "Sainsbury's",[90m
[31m+       "id": "t337",[90m
[31m+       "type": "expense",[90m
[31m+     },[90m
[31m+     {[90m
[31m+       "accountId": "5",[90m
[31m+       "amount": -5.92,[90m
[31m+       "category": "Coffee Shops",[90m
[31m+       "cleared": true,[90m
[31m+       "date": 2024-10-21T23:00:00.000Z,[90m
[31m+       "description": "Costa",[90m
[31m+       "id": "t338",[90m
[31m+       "type": "expense",[90m
[31m+     },[90m
[31m+     {[90m
[31m+       "accountId": "5",[90m
[31m+       "amount": -7.1,[90m
[31m+       "category": "Coffee Shops",[90m
[31m+       "cleared": true,[90m
[31m+       "date": 2024-10-24T23:00:00.000Z,[90m
[31m+       "description": "Gail's",[90m
[31m+       "id": "t339",[90m
[31m+       "type": "expense",[90m
[31m+     },[90m
[31m+     {[90m
[31m+       "accountId": "5",[90m
[31m+       "amount": -71.68,[90m
[31m+       "category": "Groceries",[90m
[31m+       "cleared": true,[90m
[31m+       "date": 2024-10-25T23:00:00.000Z,[90m
[31m+       "description": "Morrisons",[90m
[31m+       "id": "t340",[90m
[31m+       "type": "expense",[90m
[31m+     },[90m
[31m+     {[90m
[31m+       "accountId": "5",[90m
[31m+       "amount": -85.36,[90m
[31m+       "category": "Dining Out",[90m
[31m+       "cleared": true,[90m
[31m+       "date": 2024-10-25T23:00:00.000Z,[90m
[31m+       "description": "Franco Manca",[90m
[31m+       "id": "t341",[90m
[31m+       "type": "expense",[90m
[31m+     },[90m
[31m+     {[90m
[31m+       "accountId": "6",[90m
[31m+       "amount": -46.54,[90m
[31m+       "category": "Transport",[90m
[31m+       "cleared": true,[90m
[31m+       "date": 2024-10-25T23:00:00.000Z,[90m
[31m+       "description": "Citymapper",[90m
[31m+       "id": "t342",[90m
[31m+       "type": "expense",[90m
[31m+     },[90m
[31m+     {[90m
[31m+       "accountId": "5",[90m
[31m+       "amount": -37.41,[90m
[31m+       "category": "Online Shopping",[90m
[31m+       "cleared": true,[90m
[31m+       "date": 2024-10-25T23:00:00.000Z,[90m
[31m+       "description": "Currys",[90m
[31m+       "id": "t343",[90m
[31m+       "type": "expense",[90m
[31m+     },[90m
[31m+     {[90m
[31m+       "accountId": "5",[90m
[31m+       "amount": -4.82,[90m
[31m+       "category": "Coffee Shops",[90m
[31m+       "cleared": true,[90m
[31m+       "date": 2024-10-25T23:00:00.000Z,[90m
[31m+       "description": "Pret",[90m
[31m+       "id": "t344",[90m
[31m+       "type": "expense",[90m
[31m+     },[90m
[31m+     {[90m
[31m+       "accountId": "6",[90m
[31m+       "amount": -158.8,[90m
[31m+       "category": "Shopping",[90m
[31m+       "cleared": true,[90m
[31m+       "date": 2024-10-26T23:00:00.000Z,[90m
[31m+       "description": "Selfridges",[90m
[31m+       "id": "t345",[90m
[31m+       "type": "expense",[90m
[31m+     },[90m
[31m+     {[90m
[31m+       "accountId": "6",[90m
[31m+       "amount": -35.09,[90m
[31m+       "category": "Entertainment",[90m
[31m+       "cleared": true,[90m
[31m+       "date": 2024-10-26T23:00:00.000Z,[90m
[31m+       "description": "Odeon",[90m
[31m+       "id": "t346",[90m
[31m+       "type": "expense",[90m
[31m+     },[90m
[31m+     {[90m
[31m+       "accountId": "5",[90m
[31m+       "amount": -3.89,[90m
[31m+       "category": "Coffee Shops",[90m
[31m+       "cleared": true,[90m
[31m+       "date": 2024-10-26T23:00:00.000Z,[90m
[31m+       "description": "Nero",[90m
[31m+       "id": "t347",[90m
[31m+       "type": "expense",[90m
[31m+     },[90m
[31m+     {[90m
[31m+       "accountId": "6",[90m
[31m+       "amount": -5.61,[90m
[31m+       "category": "Coffee Shops",[90m
[31m+       "cleared": true,[90m
[31m+       "date": 2024-10-28T00:00:00.000Z,[90m
[31m+       "description": "Costa",[90m
[31m+       "id": "t348",[90m
[31m+       "type": "expense",[90m
[31m+     },[90m
[31m+     {[90m
[31m+       "accountId": "6",[90m
[31m+       "amount": -75.27,[90m
[31m+       "category": "Groceries",[90m
[31m+       "cleared": false,[90m
[31m+       "date": 2024-10-29T00:00:00.000Z,[90m
[31m+       "description": "ASDA",[90m
[31m+       "id": "t349",[90m
[31m+       "type": "expense",[90m
[31m+     },[90m
[31m+     {[90m
[31m+       "accountId": "6",[90m
[31m+       "amount": -3.36,[90m
[31m+       "category": "Coffee Shops",[90m
[31m+       "cleared": false,[90m
[31m+       "date": 2024-10-29T00:00:00.000Z,[90m
[31m+       "description": "Costa",[90m
[31m+       "id": "t350",[90m
[31m+       "type": "expense",[90m
[31m+     },[90m
[31m+     {[90m
[31m+       "accountId": "6",[90m
[31m+       "amount": -23.85,[90m
[31m+       "category": "Transport",[90m
[31m+       "cleared": false,[90m
[31m+       "date": 2024-10-30T00:00:00.000Z,[90m
[31m+       "description": "National Rail",[90m
[31m+       "id": "t351",[90m
[31m+       "type": "expense",[90m
[31m+     },[90m
[31m+     {[90m
[31m+       "accountId": "5",[90m
[31m+       "amount": -38.05,[90m
[31m+       "category": "Online Shopping",[90m
[31m+       "cleared": false,[90m
[31m+       "date": 2024-10-30T00:00:00.000Z,[90m
[31m+       "description": "Currys",[90m
[31m+       "id": "t352",[90m
[31m+       "type": "expense",[90m
[31m+     },[90m
[31m+     {[90m
[31m+       "accountId": "5",[90m
[31m+       "amount": -7.45,[90m
[31m+       "category": "Coffee Shops",[90m
[31m+       "cleared": false,[90m
[31m+       "date": 2024-10-30T00:00:00.000Z,[90m
[31m+       "description": "Gail's",[90m
[31m+       "id": "t353",[90m
[31m+       "type": "expense",[90m
[31m+     },[90m
[31m+     {[90m
[31m+       "accountId": "6",[90m
[31m+       "amount": -44.42,[90m
[31m+       "category": "Groceries",[90m
[31m+       "cleared": false,[90m
[31m+       "date": 2024-10-31T00:00:00.000Z,[90m
[31m+       "description": "Waitrose",[90m
[31m+       "id": "t354",[90m
[31m+       "type": "expense",[90m
[31m+     },[90m
[31m+     {[90m
[31m+       "accountId": "5",[90m
[31m+       "amount": -5.81,[90m
[31m+       "category": "Coffee Shops",[90m
[31m+       "cleared": false,[90m
[31m+       "date": 2024-10-31T00:00:00.000Z,[90m
[31m+       "description": "Costa",[90m
[31m+       "id": "t355",[90m
[31m+       "type": "expense",[90m
[31m+     },[90m
[31m+     {[90m
[31m+       "accountId": "1",[90m
[31m+       "amount": -2133.24,[90m
[31m+       "category": "transfer",[90m
[31m+       "cleared": true,[90m
[31m+       "date": 2024-10-13T23:00:00.000Z,[90m
[31m+       "description": "Credit Card Payment - Natwest",[90m
[31m+       "id": "t356",[90m
[31m+       "type": "transfer",[90m
[31m+     },[90m
[31m+     {[90m
[31m+       "accountId": "5",[90m
[31m+       "amount": 2133.24,[90m
[31m+       "category": "transfer",[90m
[31m+       "cleared": true,[90m
[31m+       "date": 2024-10-13T23:00:00.000Z,[90m
[31m+       "description": "Credit Card Payment - Natwest",[90m
[31m+       "id": "t357",[90m
[31m+       "type": "transfer",[90m
[31m+     },[90m
[31m+     {[90m
[31m+       "accountId": "1",[90m
[31m+       "amount": -1948.26,[90m
[31m+       "category": "transfer",[90m
[31m+       "cleared": true,[90m
[31m+       "date": 2024-10-13T23:00:00.000Z,[90m
[31m+       "description": "Credit Card Payment - American Express",[90m
[31m+       "id": "t358",[90m
[31m+       "type": "transfer",[90m
[31m+     },[90m
[31m+     {[90m
[31m+       "accountId": "6",[90m
[31m+       "amount": 1948.26,[90m
[31m+       "category": "transfer",[90m
[31m+       "cleared": true,[90m
[31m+       "date": 2024-10-13T23:00:00.000Z,[90m
[31m+       "description": "Credit Card Payment - American Express",[90m
[31m+       "id": "t359",[90m
[31m+       "type": "transfer",[90m
[31m+     },[90m
[31m+     {[90m
[31m+       "accountId": "1",[90m
[31m+       "amount": -3.5000000000002274,[90m
[31m+       "category": "transfer",[90m
[31m+       "cleared": true,[90m
[31m+       "date": 2024-10-31T00:00:00.000Z,[90m
[31m+       "description": "Balance Sweep to Savings",[90m
[31m+       "id": "t360",[90m
[31m+       "type": "transfer",[90m
[31m+     },[90m
[31m+     {[90m
[31m+       "accountId": "3",[90m
[31m+       "amount": 3.5000000000002274,[90m
[31m+       "category": "transfer",[90m
[31m+       "cleared": true,[90m
[31m+       "date": 2024-10-31T00:00:00.000Z,[90m
[31m+       "description": "Balance Sweep from Current",[90m
[31m+       "id": "t361",[90m
[31m+       "type": "transfer",[90m
[31m+     },[90m
[31m+     {[90m
[31m+       "accountId": "1",[90m
[31m+       "amount": 6000,[90m
[31m+       "category": "Salary",[90m
[31m+       "cleared": true,[90m
[31m+       "date": 2024-11-01T00:00:00.000Z,[90m
[31m+       "description": "Monthly Salary",[90m
[31m+       "id": "t362",[90m
[31m+       "type": "income",[90m
[31m+     },[90m
[31m+     {[90m
[31m+       "accountId": "1",[90m
[31m+       "amount": -1200,[90m
[31m+       "category": "transfer",[90m
[31m+       "cleared": true,[90m
[31m+       "date": 2024-11-01T00:00:00.000Z,[90m
[31m+       "description": "Mortgage Payment",[90m
[31m+       "id": "t363",[90m
[31m+       "type": "transfer",[90m
[31m+     },[90m
[31m+     {[90m
[31m+       "accountId": "8",[90m
[31m+       "amount": 1200,[90m
[31m+       "category": "transfer",[90m
[31m+       "cleared": true,[90m
[31m+       "date": 2024-11-01T00:00:00.000Z,[90m
[31m+       "description": "Mortgage Payment",[90m
[31m+       "id": "t364",[90m
[31m+       "type": "transfer",[90m
[31m+     },[90m
[31m+     {[90m
[31m+       "accountId": "1",[90m
[31m+       "amount": -180,[90m
[31m+       "category": "Bills",[90m
[31m+       "cleared": true,[90m
[31m+       "date": 2024-11-01T00:00:00.000Z,[90m
[31m+       "description": "Council Tax",[90m
[31m+       "id": "t365",[90m
[31m+       "type": "expense",[90m
[31m+     },[90m
[31m+     {[90m
[31m+       "accountId": "1",[90m
[31m+       "amount": -150,[90m
[31m+       "category": "Utilities",[90m
[31m+       "cleared": true,[90m
[31m+       "date": 2024-11-01T00:00:00.000Z,[90m
[31m+       "description": "Gas & Electric",[90m
[31m+       "id": "t366",[90m
[31m+       "type": "expense",[90m
[31m+     },[90m
[31m+     {[90m
[31m+       "accountId": "1",[90m
[31m+       "amount": -45,[90m
[31m+       "category": "Utilities",[90m
[31m+       "cleared": true,[90m
[31m+       "date": 2024-11-01T00:00:00.000Z,[90m
[31m+       "description": "Water Bill",[90m
[31m+       "id": "t367",[90m
[31m+       "type": "expense",[90m
[31m+     },[90m
[31m+     {[90m
[31m+       "accountId": "1",[90m
[31m+       "amount": -55,[90m
[31m+       "category": "Utilities",[90m
[31m+       "cleared": true,[90m
[31m+       "date": 2024-11-01T00:00:00.000Z,[90m
[31m+       "description": "Internet & Phone",[90m
[31m+       "id": "t368",[90m
[31m+       "type": "expense",[90m
[31m+     },[90m
[31m+     {[90m
[31m+       "accountId": "1",[90m
[31m+       "amount": -35,[90m
[31m+       "category": "Bills",[90m
[31m+       "cleared": true,[90m
[31m+       "date": 2024-11-01T00:00:00.000Z,[90m
[31m+       "description": "Mobile Phone",[90m
[31m+       "id": "t369",[90m
[31m+       "type": "expense",[90m
[31m+     },[90m
[31m+     {[90m
[31m+       "accountId": "1",[90m
[31m+       "amount": -65,[90m
[31m+       "category": "Insurance",[90m
[31m+       "cleared": true,[90m
[31m+       "date": 2024-11-01T00:00:00.000Z,[90m
[31m+       "description": "Home Insurance",[90m
[31m+       "id": "t370",[90m
[31m+       "type": "expense",[90m
[31m+     },[90m
[31m+     {[90m
[31m+       "accountId": "1",[90m
[31m+       "amount": -45,[90m
[31m+       "category": "Insurance",[90m
[31m+       "cleared": true,[90m
[31m+       "date": 2024-11-01T00:00:00.000Z,[90m
[31m+       "description": "Life Insurance",[90m
[31m+       "id": "t371",[90m
[31m+       "type": "expense",[90m
[31m+     },[90m
[31m+     {[90m
[31m+       "accountId": "1",[90m
[31m+       "amount": -85,[90m
[31m+       "category": "Insurance",[90m
[31m+       "cleared": true,[90m
[31m+       "date": 2024-11-01T00:00:00.000Z,[90m
[31m+       "description": "Car Insurance",[90m
[31m+       "id": "t372",[90m
[31m+       "type": "expense",[90m
[31m+     },[90m
[31m+     {[90m
[31m+       "accountId": "1",[90m
[31m+       "amount": -55,[90m
[31m+       "category": "Health & Fitness",[90m
[31m+       "cleared": true,[90m
[31m+       "date": 2024-11-01T00:00:00.000Z,[90m
[31m+       "description": "Gym Membership",[90m
[31m+       "id": "t373",[90m
[31m+       "type": "expense",[90m
[31m+     },[90m
[31m+     {[90m
[31m+       "accountId": "6",[90m
[31m+       "amount": -5.14,[90m
[31m+       "category": "Coffee Shops",[90m
[31m+       "cleared": true,[90m
[31m+       "date": 2024-11-01T00:00:00.000Z,[90m
[31m+       "description": "Nero",[90m
[31m+       "id": "t374",[90m
[31m+       "type": "expense",[90m
[31m+     },[90m
[31m+     {[90m
[31m+       "accountId": "5",[90m
[31m+       "amount": -97.28,[90m
[31m+       "category": "Dining Out",[90m
[31m+       "cleared": true,[90m
[31m+       "date": 2024-11-02T00:00:00.000Z,[90m
[31m+       "description": "Franco Manca",[90m
[31m+       "id": "t375",[90m
[31m+       "type": "expense",[90m
[31m+     },[90m
[31m+     {[90m
[31m+       "accountId": "6",[90m
[31m+       "amount": -49.84,[90m
[31m+       "category": "Transport",[90m
[31m+       "cleared": true,[90m
[31m+       "date": 2024-11-02T00:00:00.000Z,[90m
[31m+       "description": "Citymapper",[90m
[31m+       "id": "t376",[90m
[31m+       "type": "expense",[90m
[31m+     },[90m
[31m+     {[90m
[31m+       "accountId": "6",[90m
[31m+       "amount": -41.16,[90m
[31m+       "category": "Online Shopping",[90m
[31m+       "cleared": true,[90m
[31m+       "date": 2024-11-02T00:00:00.000Z,[90m
[31m+       "description": "Argos",[90m
[31m+       "id": "t377",[90m
[31m+       "type": "expense",[90m
[31m+     },[90m
[31m+     {[90m
[31m+       "accountId": "6",[90m
[31m+       "amount": -5.22,[90m
[31m+       "category": "Coffee Shops",[90m
[31m+       "cleared": true,[90m
[31m+       "date": 2024-11-04T00:00:00.000Z,[90m
[31m+       "description": "Starbucks",[90m
[31m+       "id": "t378",[90m
[31m+       "type": "expense",[90m
[31m+     },[90m
[31m+     {[90m
[31m+       "accountId": "6",[90m
[31m+       "amount": -14.45,[90m
[31m+       "category": "Subscriptions",[90m
[31m+       "cleared": true,[90m
[31m+       "date": 2024-11-04T00:00:00.000Z,[90m
[31m+       "description": "Apple Music",[90m
[31m+       "id": "t379",[90m
[31m+       "type": "expense",[90m
[31m+     },[90m
[31m+     {[90m
[31m+       "accountId": "6",[90m
[31m+       "amount": -31.51,[90m
[31m+       "category": "Transport",[90m
[31m+       "cleared": true,[90m
[31m+       "date": 2024-11-06T00:00:00.000Z,[90m
[31m+       "description": "Citymapper",[90m
[31m+       "id": "t380",[90m
[31m+       "type": "expense",[90m
[31m+     },[90m
[31m+     {[90m
[31m+       "accountId": "6",[90m
[31m+       "amount": -123.03,[90m
[31m+       "category": "Online Shopping",[90m
[31m+       "cleared": true,[90m
[31m+       "date": 2024-11-06T00:00:00.000Z,[90m
[31m+       "description": "Argos",[90m
[31m+       "id": "t381",[90m
[31m+       "type": "expense",[90m
[31m+     },[90m
[31m+     {[90m
[31m+       "accountId": "6",[90m
[31m+       "amount": -7.48,[90m
[31m+       "category": "Coffee Shops",[90m
[31m+       "cleared": true,[90m
[31m+       "date": 2024-11-06T00:00:00.000Z,[90m
[31m+       "description": "Pret",[90m
[31m+       "id": "t382",[90m
[31m+       "type": "expense",[90m
[31m+     },[90m
[31m+     {[90m
[31m+       "accountId": "6",[90m
[31m+       "amount": -6.51,[90m
[31m+       "category": "Coffee Shops",[90m
[31m+       "cleared": true,[90m
[31m+       "date": 2024-11-07T00:00:00.000Z,[90m
[31m+       "description": "Gail's",[90m
[31m+       "id": "t383",[90m
[31m+       "type": "expense",[90m
[31m+     },[90m
[31m+     {[90m
[31m+       "accountId": "5",[90m
[31m+       "amount": -3.61,[90m
[31m+       "category": "Coffee Shops",[90m
[31m+       "cleared": true,[90m
[31m+       "date": 2024-11-08T00:00:00.000Z,[90m
[31m+       "description": "Costa",[90m
[31m+       "id": "t384",[90m
[31m+       "type": "expense",[90m
[31m+     },[90m
[31m+     {[90m
[31m+       "accountId": "6",[90m
[31m+       "amount": -77.79,[90m
[31m+       "category": "Groceries",[90m
[31m+       "cleared": true,[90m
[31m+       "date": 2024-11-09T00:00:00.000Z,[90m
[31m+       "description": "Tesco",[90m
[31m+       "id": "t385",[90m
[31m+       "type": "expense",[90m
[31m+     },[90m
[31m+     {[90m
[31m+       "accountId": "6",[90m
[31m+       "amount": -93.98,[90m
[31m+       "category": "Dining Out",[90m
[31m+       "cleared": true,[90m
[31m+       "date": 2024-11-09T00:00:00.000Z,[90m
[31m+       "description": "Nando's",[90m
[31m+       "id": "t386",[90m
[31m+       "type": "expense",[90m
[31m+     },[90m
[31m+     {[90m
[31m+       "accountId": "6",[90m
[31m+       "amount": -34.87,[90m
[31m+       "category": "Transport",[90m
[31m+       "cleared": true,[90m
[31m+       "date": 2024-11-09T00:00:00.000Z,[90m
[31m+       "description": "Citymapper",[90m
[31m+       "id": "t387",[90m
[31m+       "type": "expense",[90m
[31m+     },[90m
[31m+     {[90m
[31m+       "accountId": "5",[90m
[31m+       "amount": -83.65,[90m
[31m+       "category": "Online Shopping",[90m
[31m+       "cleared": true,[90m
[31m+       "date": 2024-11-09T00:00:00.000Z,[90m
[31m+       "description": "Currys",[90m
[31m+       "id": "t388",[90m
[31m+       "type": "expense",[90m
[31m+     },[90m
[31m+     {[90m
[31m+       "accountId": "5",[90m
[31m+       "amount": -3.39,[90m
[31m+       "category": "Coffee Shops",[90m
[31m+       "cleared": true,[90m
[31m+       "date": 2024-11-09T00:00:00.000Z,[90m
[31m+       "description": "Starbucks",[90m
[31m+       "id": "t389",[90m
[31m+       "type": "expense",[90m
[31m+     },[90m
[31m+     {[90m
[31m+       "accountId": "5",[90m
[31m+       "amount": -57.28,[90m
[31m+       "category": "Groceries",[90m
[31m+       "cleared": true,[90m
[31m+       "date": 2024-11-10T00:00:00.000Z,[90m
[31m+       "description": "Aldi",[90m
[31m+       "id": "t390",[90m
[31m+       "type": "expense",[90m
[31m+     },[90m
[31m+     {[90m
[31m+       "accountId": "5",[90m
[31m+       "amount": -61.74,[90m
[31m+       "category": "Dining Out",[90m
[31m+       "cleared": true,[90m
[31m+       "date": 2024-11-10T00:00:00.000Z,[90m
[31m+       "description": "Nando's",[90m
[31m+       "id": "t391",[90m
[31m+       "type": "expense",[90m
[31m+     },[90m
[31m+     {[90m
[31m+       "accountId": "6",[90m
[31m+       "amount": -40.6,[90m
[31m+       "category": "Transport",[90m
[31m+       "cleared": true,[90m
[31m+       "date": 2024-11-10T00:00:00.000Z,[90m
[31m+       "description": "Addison Lee",[90m
[31m+       "id": "t392",[90m
[31m+       "type": "expense",[90m
[31m+     },[90m
[31m+     {[90m
[31m+       "accountId": "6",[90m
[31m+       "amount": -101.45,[90m
[31m+       "category": "Shopping",[90m
[31m+       "cleared": true,[90m
[31m+       "date": 2024-11-10T00:00:00.000Z,[90m
[31m+       "description": "Zara",[90m
[31m+       "id": "t393",[90m
[31m+       "type": "expense",[90m
[31m+     },[90m
[31m+     {[90m
[31m+       "accountId": "5",[90m
[31m+       "amount": -6.99,[90m
[31m+       "category": "Coffee Shops",[90m
[31m+       "cleared": true,[90m
[31m+       "date": 2024-11-10T00:00:00.000Z,[90m
[31m+       "description": "Costa",[90m
[31m+       "id": "t394",[90m
[31m+       "type": "expense",[90m
[31m+     },[90m
[31m+     {[90m
[31m+       "accountId": "5",[90m
[31m+       "amount": -5,[90m
[31m+       "category": "Coffee Shops",[90m
[31m+       "cleared": true,[90m
[31m+       "date": 2024-11-11T00:00:00.000Z,[90m
[31m+       "description": "Costa",[90m
[31m+       "id": "t395",[90m
[31m+       "type": "expense",[90m
[31m+     },[90m
[31m+     {[90m
[31m+       "accountId": "6",[90m
[31m+       "amount": -60.49,[90m
[31m+       "category": "Groceries",[90m
[31m+       "cleared": true,[90m
[31m+       "date": 2024-11-12T00:00:00.000Z,[90m
[31m+       "description": "Lidl",[90m
[31m+       "id": "t396",[90m
[31m+       "type": "expense",[90m
[31m+     },[90m
[31m+     {[90m
[31m+       "accountId": "5",[90m
[31m+       "amount": -5.28,[90m
[31m+       "category": "Coffee Shops",[90m
[31m+       "cleared": true,[90m
[31m+       "date": 2024-11-12T00:00:00.000Z,[90m
[31m+       "description": "Starbucks",[90m
[31m+       "id": "t397",[90m
[31m+       "type": "expense",[90m
[31m+     },[90m
[31m+     {[90m
[31m+       "accountId": "6",[90m
[31m+       "amount": -25.02,[90m
[31m+       "category": "Dining Out",[90m
[31m+       "cleared": true,[90m
[31m+       "date": 2024-11-13T00:00:00.000Z,[90m
[31m+       "description": "Nando's",[90m
[31m+       "id": "t398",[90m
[31m+       "type": "expense",[90m
[31m+     },[90m
[31m+     {[90m
[31m+       "accountId": "6",[90m
[31m+       "amount": -39.31,[90m
[31m+       "category": "Transport",[90m
[31m+       "cleared": true,[90m
[31m+       "date": 2024-11-13T00:00:00.000Z,[90m
[31m+       "description": "TfL",[90m
[31m+       "id": "t399",[90m
[31m+       "type": "expense",[90m
[31m+     },[90m
[31m+     {[90m
[31m+       "accountId": "6",[90m
[31m+       "amount": -114.42,[90m
[31m+       "category": "Online Shopping",[90m
[31m+       "cleared": true,[90m
[31m+       "date": 2024-11-13T00:00:00.000Z,[90m
[31m+       "description": "Currys",[90m
[31m+       "id": "t400",[90m
[31m+       "type": "expense",[90m
[31m+     },[90m
[31m+     {[90m
[31m+       "accountId": "6",[90m
[31m+       "amount": -7.34,[90m
[31m+       "category": "Coffee Shops",[90m
[31m+       "cleared": true,[90m
[31m+       "date": 2024-11-14T00:00:00.000Z,[90m
[31m+       "description": "Pret",[90m
[31m+       "id": "t401",[90m
[31m+       "type": "expense",[90m
[31m+     },[90m
[31m+     {[90m
[31m+       "accountId": "5",[90m
[31m+       "amount": -4.54,[90m
[31m+       "category": "Coffee Shops",[90m
[31m+       "cleared": true,[90m
[31m+       "date": 2024-11-15T00:00:00.000Z,[90m
[31m+       "description": "Starbucks",[90m
[31m+       "id": "t402",[90m
[31m+       "type": "expense",[90m
[31m+     },[90m
[31m+     {[90m
[31m+       "accountId": "5",[90m
[31m+       "amount": -60.24,[90m
[31m+       "category": "Groceries",[90m
[31m+       "cleared": true,[90m
[31m+       "date": 2024-11-16T00:00:00.000Z,[90m
[31m+       "description": "Tesco",[90m
[31m+       "id": "t403",[90m
[31m+       "type": "expense",[90m
[31m+     },[90m
[31m+     {[90m
[31m+       "accountId": "5",[90m
[31m+       "amount": -45.11,[90m
[31m+       "category": "Transport",[90m
[31m+       "cleared": true,[90m
[31m+       "date": 2024-11-16T00:00:00.000Z,[90m
[31m+       "description": "Uber",[90m
[31m+       "id": "t404",[90m
[31m+       "type": "expense",[90m
[31m+     },[90m
[31m+     {[90m
[31m+       "accountId": "5",[90m
[31m+       "amount": -17.99,[90m
[31m+       "category": "Online Shopping",[90m
[31m+       "cleared": true,[90m
[31m+       "date": 2024-11-16T00:00:00.000Z,[90m
[31m+       "description": "eBay",[90m
[31m+       "id": "t405",[90m
[31m+       "type": "expense",[90m
[31m+     },[90m
[31m+     {[90m
[31m+       "accountId": "6",[90m
[31m+       "amount": -3.52,[90m
[31m+       "category": "Coffee Shops",[90m
[31m+       "cleared": true,[90m
[31m+       "date": 2024-11-16T00:00:00.000Z,[90m
[31m+       "description": "Pret",[90m
[31m+       "id": "t406",[90m
[31m+       "type": "expense",[90m
[31m+     },[90m
[31m+     {[90m
[31m+       "accountId": "5",[90m
[31m+       "amount": -73.13,[90m
[31m+       "category": "Groceries",[90m
[31m+       "cleared": true,[90m
[31m+       "date": 2024-11-17T00:00:00.000Z,[90m
[31m+       "description": "ASDA",[90m
[31m+       "id": "t407",[90m
[31m+       "type": "expense",[90m
[31m+     },[90m
[31m+     {[90m
[31m+       "accountId": "6",[90m
[31m+       "amount": -115.95,[90m
[31m+       "category": "Dining Out",[90m
[31m+       "cleared": true,[90m
[31m+       "date": 2024-11-17T00:00:00.000Z,[90m
[31m+       "description": "Pizza Express",[90m
[31m+       "id": "t408",[90m
[31m+       "type": "expense",[90m
[31m+     },[90m
[31m+     {[90m
[31m+       "accountId": "6",[90m
[31m+       "amount": -41.94,[90m
[31m+       "category": "Transport",[90m
[31m+       "cleared": true,[90m
[31m+       "date": 2024-11-17T00:00:00.000Z,[90m
[31m+       "description": "TfL",[90m
[31m+       "id": "t409",[90m
[31m+       "type": "expense",[90m
[31m+     },[90m
[31m+     {[90m
[31m+       "accountId": "5",[90m
[31m+       "amount": -177.13,[90m
[31m+       "category": "Shopping",[90m
[31m+       "cleared": true,[90m
[31m+       "date": 2024-11-17T00:00:00.000Z,[90m
[31m+       "description": "Next",[90m
[31m+       "id": "t410",[90m
[31m+       "type": "expense",[90m
[31m+     },[90m
[31m+     {[90m
[31m+       "accountId": "5",[90m
[31m+       "amount": -33.26,[90m
[31m+       "category": "Entertainment",[90m
[31m+       "cleared": true,[90m
[31m+       "date": 2024-11-17T00:00:00.000Z,[90m
[31m+       "description": "National Theatre",[90m
[31m+       "id": "t411",[90m
[31m+       "type": "expense",[90m
[31m+     },[90m
[31m+     {[90m
[31m+       "accountId": "5",[90m
[31m+       "amount": -5.01,[90m
[31m+       "category": "Coffee Shops",[90m
[31m+       "cleared": true,[90m
[31m+       "date": 2024-11-17T00:00:00.000Z,[90m
[31m+       "description": "Starbucks",[90m
[31m+       "id": "t412",[90m
[31m+       "type": "expense",[90m
[31m+     },[90m
[31m+     {[90m
[31m+       "accountId": "5",[90m
[31m+       "amount": -4.29,[90m
[31m+       "category": "Coffee Shops",[90m
[31m+       "cleared": true,[90m
[31m+       "date": 2024-11-18T00:00:00.000Z,[90m
[31m+       "description": "Costa",[90m
[31m+       "id": "t413",[90m
[31m+       "type": "expense",[90m
[31m+     },[90m
[31m+     {[90m
[31m+       "accountId": "5",[90m
[31m+       "amount": -31.32,[90m
[31m+       "category": "Groceries",[90m
[31m+       "cleared": true,[90m
[31m+       "date": 2024-11-19T00:00:00.000Z,[90m
[31m+       "description": "Waitrose",[90m
[31m+       "id": "t414",[90m
[31m+       "type": "expense",[90m
[31m+     },[90m
[31m+     {[90m
[31m+       "accountId": "5",[90m
[31m+       "amount": -7.9,[90m
[31m+       "category": "Coffee Shops",[90m
[31m+       "cleared": true,[90m
[31m+       "date": 2024-11-19T00:00:00.000Z,[90m
[31m+       "description": "Pret",[90m
[31m+       "id": "t415",[90m
[31m+       "type": "expense",[90m
[31m+     },[90m
[31m+     {[90m
[31m+       "accountId": "5",[90m
[31m+       "amount": -45.11,[90m
[31m+       "category": "Dining Out",[90m
[31m+       "cleared": true,[90m
[31m+       "date": 2024-11-20T00:00:00.000Z,[90m
[31m+       "description": "Nando's",[90m
[31m+       "id": "t416",[90m
[31m+       "type": "expense",[90m
[31m+     },[90m
[31m+     {[90m
[31m+       "accountId": "5",[90m
[31m+       "amount": -20.72,[90m
[31m+       "category": "Transport",[90m
[31m+       "cleared": true,[90m
[31m+       "date": 2024-11-20T00:00:00.000Z,[90m
[31m+       "description": "National Rail",[90m
[31m+       "id": "t417",[90m
[31m+       "type": "expense",[90m
[31m+     },[90m
[31m+     {[90m
[31m+       "accountId": "6",[90m
[31m+       "amount": -115.01,[90m
[31m+       "category": "Online Shopping",[90m
[31m+       "cleared": true,[90m
[31m+       "date": 2024-11-20T00:00:00.000Z,[90m
[31m+       "description": "Currys",[90m
[31m+       "id": "t418",[90m
[31m+       "type": "expense",[90m
[31m+     },[90m
[31m+     {[90m
[31m+       "accountId": "6",[90m
[31m+       "amount": -7.8,[90m
[31m+       "category": "Coffee Shops",[90m
[31m+       "cleared": true,[90m
[31m+       "date": 2024-11-20T00:00:00.000Z,[90m
[31m+       "description": "Gail's",[90m
[31m+       "id": "t419",[90m
[31m+       "type": "expense",[90m
[31m+     },[90m
[31m+     {[90m
[31m+       "accountId": "6",[90m
[31m+       "amount": -4.2,[90m
[31m+       "category": "Coffee Shops",[90m
[31m+       "cleared": true,[90m
[31m+       "date": 2024-11-22T00:00:00.000Z,[90m
[31m+       "description": "Nero",[90m
[31m+       "id": "t420",[90m
[31m+       "type": "expense",[90m
[31m+     },[90m
[31m+     {[90m
[31m+       "accountId": "6",[90m
[31m+       "amount": -58.46,[90m
[31m+       "category": "Dining Out",[90m
[31m+       "cleared": true,[90m
[31m+       "date": 2024-11-23T00:00:00.000Z,[90m
[31m+       "description": "Franco Manca",[90m
[31m+       "id": "t421",[90m
[31m+       "type": "expense",[90m
[31m+     },[90m
[31m+     {[90m
[31m+       "accountId": "6",[90m
[31m+       "amount": -31.57,[90m
[31m+       "category": "Transport",[90m
[31m+       "cleared": true,[90m
[31m+       "date": 2024-11-23T00:00:00.000Z,[90m
[31m+       "description": "Addison Lee",[90m
[31m+       "id": "t422",[90m
[31m+       "type": "expense",[90m
[31m+     },[90m
[31m+     {[90m
[31m+       "accountId": "5",[90m
[31m+       "amount": -69.93,[90m
[31m+       "category": "Online Shopping",[90m
[31m+       "cleared": true,[90m
[31m+       "date": 2024-11-23T00:00:00.000Z,[90m
[31m+       "description": "Argos",[90m
[31m+       "id": "t423",[90m
[31m+       "type": "expense",[90m
[31m+     },[90m
[31m+     {[90m
[31m+       "accountId": "5",[90m
[31m+       "amount": -55.52,[90m
[31m+       "category": "Groceries",[90m
[31m+       "cleared": true,[90m
[31m+       "date": 2024-11-24T00:00:00.000Z,[90m
[31m+       "description": "Tesco",[90m
[31m+       "id": "t424",[90m
[31m+       "type": "expense",[90m
[31m+     },[90m
[31m+     {[90m
[31m+       "accountId": "5",[90m
[31m+       "amount": -35.72,[90m
[31m+       "category": "Dining Out",[90m
[31m+       "cleared": true,[90m
[31m+       "date": 2024-11-24T00:00:00.000Z,[90m
[31m+       "description": "The Ivy",[90m
[31m+       "id": "t425",[90m
[31m+       "type": "expense",[90m
[31m+     },[90m
[31m+     {[90m
[31m+       "accountId": "5",[90m
[31m+       "amount": -33.97,[90m
[31m+       "category": "Transport",[90m
[31m+       "cleared": true,[90m
[31m+       "date": 2024-11-24T00:00:00.000Z,[90m
[31m+       "description": "Addison Lee",[90m
[31m+       "id": "t426",[90m
[31m+       "type": "expense",[90m
[31m+     },[90m
[31m+     {[90m
[31m+       "accountId": "5",[90m
[31m+       "amount": -112.16,[90m
[31m+       "category": "Shopping",[90m
[31m+       "cleared": true,[90m
[31m+       "date": 2024-11-24T00:00:00.000Z,[90m
[31m+       "description": "M&S",[90m
[31m+       "id": "t427",[90m
[31m+       "type": "expense",[90m
[31m+     },[90m
[31m+     {[90m
[31m+       "accountId": "5",[90m
[31m+       "amount": -7.9,[90m
[31m+       "category": "Coffee Shops",[90m
[31m+       "cleared": true,[90m
[31m+       "date": 2024-11-24T00:00:00.000Z,[90m
[31m+       "description": "Pret",[90m
[31m+       "id": "t428",[90m
[31m+       "type": "expense",[90m
[31m+     },[90m
[31m+     {[90m
[31m+       "accountId": "5",[90m
[31m+       "amount": -5.23,[90m
[31m+       "category": "Coffee Shops",[90m
[31m+       "cleared": true,[90m
[31m+       "date": 2024-11-25T00:00:00.000Z,[90m
[31m+       "description": "Nero",[90m
[31m+       "id": "t429",[90m
[31m+       "type": "expense",[90m
[31m+     },[90m
[31m+     {[90m
[31m+       "accountId": "6",[90m
[31m+       "amount": -42.31,[90m
[31m+       "category": "Groceries",[90m
[31m+       "cleared": true,[90m
[31m+       "date": 2024-11-26T00:00:00.000Z,[90m
[31m+       "description": "Tesco",[90m
[31m+       "id": "t430",[90m
[31m+       "type": "expense",[90m
[31m+     },[90m
[31m+     {[90m
[31m+       "accountId": "5",[90m
[31m+       "amount": -32.16,[90m
[31m+       "category": "Groceries",[90m
[31m+       "cleared": false,[90m
[31m+       "date": 2024-11-28T00:00:00.000Z,[90m
[31m+       "description": "Aldi",[90m
[31m+       "id": "t431",[90m
[31m+       "type": "expense",[90m
[31m+     },[90m
[31m+     {[90m
[31m+       "accountId": "5",[90m
[31m+       "amount": -6.71,[90m
[31m+       "category": "Coffee Shops",[90m
[31m+       "cleared": false,[90m
[31m+       "date": 2024-11-28T00:00:00.000Z,[90m
[31m+       "description": "Nero",[90m
[31m+       "id": "t432",[90m
[31m+       "type": "expense",[90m
[31m+     },[90m
[31m+     {[90m
[31m+       "accountId": "6",[90m
[31m+       "amount": -71.31,[90m
[31m+       "category": "Groceries",[90m
[31m+       "cleared": false,[90m
[31m+       "date": 2024-11-30T00:00:00.000Z,[90m
[31m+       "description": "Sainsbury's",[90m
[31m+       "id": "t433",[90m
[31m+       "type": "expense",[90m
[31m+     },[90m
[31m+     {[90m
[31m+       "accountId": "6",[90m
[31m+       "amount": -91.91,[90m
[31m+       "category": "Dining Out",[90m
[31m+       "cleared": false,[90m
[31m+       "date": 2024-11-30T00:00:00.000Z,[90m
[31m+       "description": "Pizza Express",[90m
[31m+       "id": "t434",[90m
[31m+       "type": "expense",[90m
[31m+     },[90m
[31m+     {[90m
[31m+       "accountId": "6",[90m
[31m+       "amount": -21.43,[90m
[31m+       "category": "Transport",[90m
[31m+       "cleared": false,[90m
[31m+       "date": 2024-11-30T00:00:00.000Z,[90m
[31m+       "description": "Citymapper",[90m
[31m+       "id": "t435",[90m
[31m+       "type": "expense",[90m
[31m+     },[90m
[31m+     {[90m
[31m+       "accountId": "5",[90m
[31m+       "amount": -65.42,[90m
[31m+       "category": "Online Shopping",[90m
[31m+       "cleared": false,[90m
[31m+       "date": 2024-11-30T00:00:00.000Z,[90m
[31m+       "description": "Currys",[90m
[31m+       "id": "t436",[90m
[31m+       "type": "expense",[90m
[31m+     },[90m
[31m+     {[90m
[31m+       "accountId": "6",[90m
[31m+       "amount": -6.12,[90m
[31m+       "category": "Coffee Shops",[90m
[31m+       "cleared": false,[90m
[31m+       "date": 2024-11-30T00:00:00.000Z,[90m
[31m+       "description": "Costa",[90m
[31m+       "id": "t437",[90m
[31m+       "type": "expense",[90m
[31m+     },[90m
[31m+     {[90m
[31m+       "accountId": "1",[90m
[31m+       "amount": -828.3799999999999,[90m
[31m+       "category": "transfer",[90m
[31m+       "cleared": true,[90m
[31m+       "date": 2024-11-14T00:00:00.000Z,[90m
[31m+       "description": "Credit Card Payment - Natwest",[90m
[31m+       "id": "t438",[90m
[31m+       "type": "transfer",[90m
[31m+     },[90m
[31m+     {[90m
[31m+       "accountId": "5",[90m
[31m+       "amount": 828.3799999999999,[90m
[31m+       "category": "transfer",[90m
[31m+       "cleared": true,[90m
[31m+       "date": 2024-11-14T00:00:00.000Z,[90m
[31m+       "description": "Credit Card Payment - Natwest",[90m
[31m+       "id": "t439",[90m
[31m+       "type": "transfer",[90m
[31m+     },[90m
[31m+     {[90m
[31m+       "accountId": "1",[90m
[31m+       "amount": -1414.5099999999998,[90m
[31m+       "category": "transfer",[90m
[31m+       "cleared": true,[90m
[31m+       "date": 2024-11-14T00:00:00.000Z,[90m
[31m+       "description": "Credit Card Payment - American Express",[90m
[31m+       "id": "t440",[90m
[31m+       "type": "transfer",[90m
[31m+     },[90m
[31m+     {[90m
[31m+       "accountId": "6",[90m
[31m+       "amount": 1414.5099999999998,[90m
[31m+       "category": "transfer",[90m
[31m+       "cleared": true,[90m
[31m+       "date": 2024-11-14T00:00:00.000Z,[90m
[31m+       "description": "Credit Card Payment - American Express",[90m
[31m+       "id": "t441",[90m
[31m+       "type": "transfer",[90m
[31m+     },[90m
[31m+     {[90m
[31m+       "accountId": "1",[90m
[31m+       "amount": -1842.1100000000001,[90m
[31m+       "category": "transfer",[90m
[31m+       "cleared": true,[90m
[31m+       "date": 2024-11-30T00:00:00.000Z,[90m
[31m+       "description": "Balance Sweep to Savings",[90m
[31m+       "id": "t442",[90m
[31m+       "type": "transfer",[90m
[31m+     },[90m
[31m+     {[90m
[31m+       "accountId": "3",[90m
[31m+       "amount": 1842.1100000000001,[90m
[31m+       "category": "transfer",[90m
[31m+       "cleared": true,[90m
[31m+       "date": 2024-11-30T00:00:00.000Z,[90m
[31m+       "description": "Balance Sweep from Current",[90m
[31m+       "id": "t443",[90m
[31m+       "type": "transfer",[90m
[31m+     },[90m
[31m+     {[90m
[31m+       "accountId": "1",[90m
[31m+       "amount": 6000,[90m
[31m+       "category": "Salary",[90m
[31m+       "cleared": true,[90m
[31m+       "date": 2024-12-01T00:00:00.000Z,[90m
[31m+       "description": "Monthly Salary",[90m
[31m+       "id": "t444",[90m
[31m+       "type": "income",[90m
[31m+     },[90m
[31m+     {[90m
[31m+       "accountId": "1",[90m
[31m+       "amount": -1200,[90m
[31m+       "category": "transfer",[90m
[31m+       "cleared": true,[90m
[31m+       "date": 2024-12-01T00:00:00.000Z,[90m
[31m+       "description": "Mortgage Payment",[90m
[31m+       "id": "t445",[90m
[31m+       "type": "transfer",[90m
[31m+     },[90m
[31m+     {[90m
[31m+       "accountId": "8",[90m
[31m+       "amount": 1200,[90m
[31m+       "category": "transfer",[90m
[31m+       "cleared": true,[90m
[31m+       "date": 2024-12-01T00:00:00.000Z,[90m
[31m+       "description": "Mortgage Payment",[90m
[31m+       "id": "t446",[90m
[31m+       "type": "transfer",[90m
[31m+     },[90m
[31m+     {[90m
[31m+       "accountId": "1",[90m
[31m+       "amount": -180,[90m
[31m+       "category": "Bills",[90m
[31m+       "cleared": true,[90m
[31m+       "date": 2024-12-01T00:00:00.000Z,[90m
[31m+       "description": "Council Tax",[90m
[31m+       "id": "t447",[90m
[31m+       "type": "expense",[90m
[31m+     },[90m
[31m+     {[90m
[31m+       "accountId": "1",[90m
[31m+       "amount": -150,[90m
[31m+       "category": "Utilities",[90m
[31m+       "cleared": true,[90m
[31m+       "date": 2024-12-01T00:00:00.000Z,[90m
[31m+       "description": "Gas & Electric",[90m
[31m+       "id": "t448",[90m
[31m+       "type": "expense",[90m
[31m+     },[90m
[31m+     {[90m
[31m+       "accountId": "1",[90m
[31m+       "amount": -45,[90m
[31m+       "category": "Utilities",[90m
[31m+       "cleared": true,[90m
[31m+       "date": 2024-12-01T00:00:00.000Z,[90m
[31m+       "description": "Water Bill",[90m
[31m+       "id": "t449",[90m
[31m+       "type": "expense",[90m
[31m+     },[90m
[31m+     {[90m
[31m+       "accountId": "1",[90m
[31m+       "amount": -55,[90m
[31m+       "category": "Utilities",[90m
[31m+       "cleared": true,[90m
[31m+       "date": 2024-12-01T00:00:00.000Z,[90m
[31m+       "description": "Internet & Phone",[90m
[31m+       "id": "t450",[90m
[31m+       "type": "expense",[90m
[31m+     },[90m
[31m+     {[90m
[31m+       "accountId": "1",[90m
[31m+       "amount": -35,[90m
[31m+       "category": "Bills",[90m
[31m+       "cleared": true,[90m
[31m+       "date": 2024-12-01T00:00:00.000Z,[90m
[31m+       "description": "Mobile Phone",[90m
[31m+       "id": "t451",[90m
[31m+       "type": "expense",[90m
[31m+     },[90m
[31m+     {[90m
[31m+       "accountId": "1",[90m
[31m+       "amount": -65,[90m
[31m+       "category": "Insurance",[90m
[31m+       "cleared": true,[90m
[31m+       "date": 2024-12-01T00:00:00.000Z,[90m
[31m+       "description": "Home Insurance",[90m
[31m+       "id": "t452",[90m
[31m+       "type": "expense",[90m
[31m+     },[90m
[31m+     {[90m
[31m+       "accountId": "1",[90m
[31m+       "amount": -45,[90m
[31m+       "category": "Insurance",[90m
[31m+       "cleared": true,[90m
[31m+       "date": 2024-12-01T00:00:00.000Z,[90m
[31m+       "description": "Life Insurance",[90m
[31m+       "id": "t453",[90m
[31m+       "type": "expense",[90m
[31m+     },[90m
[31m+     {[90m
[31m+       "accountId": "1",[90m
[31m+       "amount": -85,[90m
[31m+       "category": "Insurance",[90m
[31m+       "cleared": true,[90m
[31m+       "date": 2024-12-01T00:00:00.000Z,[90m
[31m+       "description": "Car Insurance",[90m
[31m+       "id": "t454",[90m
[31m+       "type": "expense",[90m
[31m+     },[90m
[31m+     {[90m
[31m+       "accountId": "1",[90m
[31m+       "amount": -55,[90m
[31m+       "category": "Health & Fitness",[90m
[31m+       "cleared": true,[90m
[31m+       "date": 2024-12-01T00:00:00.000Z,[90m
[31m+       "description": "Gym Membership",[90m
[31m+       "id": "t455",[90m
[31m+       "type": "expense",[90m
[31m+     },[90m
[31m+     {[90m
[31m+       "accountId": "5",[90m
[31m+       "amount": -67,[90m
[31m+       "category": "Groceries",[90m
[31m+       "cleared": true,[90m
[31m+       "date": 2024-12-01T00:00:00.000Z,[90m
[31m+       "description": "Aldi",[90m
[31m+       "id": "t456",[90m
[31m+       "type": "expense",[90m
[31m+     },[90m
[31m+     {[90m
[31m+       "accountId": "6",[90m
[31m+       "amount": -47.51,[90m
[31m+       "category": "Dining Out",[90m
[31m+       "cleared": true,[90m
[31m+       "date": 2024-12-01T00:00:00.000Z,[90m
[31m+       "description": "Wagamama",[90m
[31m+       "id": "t457",[90m
[31m+       "type": "expense",[90m
[31m+     },[90m
[31m+     {[90m
[31m+       "accountId": "6",[90m
[31m+       "amount": -27.26,[90m
[31m+       "category": "Transport",[90m
[31m+       "cleared": true,[90m
[31m+       "date": 2024-12-01T00:00:00.000Z,[90m
[31m+       "description": "Uber",[90m
[31m+       "id": "t458",[90m
[31m+       "type": "expense",[90m
[31m+     },[90m
[31m+     {[90m
[31m+       "accountId": "5",[90m
[31m+       "amount": -183.83,[90m
[31m+       "category": "Shopping",[90m
[31m+       "cleared": true,[90m
[31m+       "date": 2024-12-01T00:00:00.000Z,[90m
[31m+       "description": "ASOS",[90m
[31m+       "id": "t459",[90m
[31m+       "type": "expense",[90m
[31m+     },[90m
[31m+     {[90m
[31m+       "accountId": "5",[90m
[31m+       "amount": -99.15,[90m
[31m+       "category": "Entertainment",[90m
[31m+       "cleared": true,[90m
[31m+       "date": 2024-12-01T00:00:00.000Z,[90m
[31m+       "description": "O2 Arena",[90m
[31m+       "id": "t460",[90m
[31m+       "type": "expense",[90m
[31m+     },[90m
[31m+     {[90m
[31m+       "accountId": "5",[90m
[31m+       "amount": -37.17,[90m
[31m+       "category": "Online Shopping",[90m
[31m+       "cleared": true,[90m
[31m+       "date": 2024-12-01T00:00:00.000Z,[90m
[31m+       "description": "Apple Store",[90m
[31m+       "id": "t461",[90m
[31m+       "type": "expense",[90m
[31m+     },[90m
[31m+     {[90m
[31m+       "accountId": "6",[90m
[31m+       "amount": -5.42,[90m
[31m+       "category": "Coffee Shops",[90m
[31m+       "cleared": true,[90m
[31m+       "date": 2024-12-01T00:00:00.000Z,[90m
[31m+       "description": "Gail's",[90m
[31m+       "id": "t462",[90m
[31m+       "type": "expense",[90m
[31m+     },[90m
[31m+     {[90m
[31m+       "accountId": "5",[90m
[31m+       "amount": -4.27,[90m
[31m+       "category": "Coffee Shops",[90m
[31m+       "cleared": true,[90m
[31m+       "date": 2024-12-02T00:00:00.000Z,[90m
[31m+       "description": "Costa",[90m
[31m+       "id": "t463",[90m
[31m+       "type": "expense",[90m
[31m+     },[90m
[31m+     {[90m
[31m+       "accountId": "5",[90m
[31m+       "amount": -72.18,[90m
[31m+       "category": "Fuel",[90m
[31m+       "cleared": true,[90m
[31m+       "date": 2024-12-02T00:00:00.000Z,[90m
[31m+       "description": "BP",[90m
[31m+       "id": "t464",[90m
[31m+       "type": "expense",[90m
[31m+     },[90m
[31m+     {[90m
[31m+       "accountId": "5",[90m
[31m+       "amount": -56.49,[90m
[31m+       "category": "Groceries",[90m
[31m+       "cleared": true,[90m
[31m+       "date": 2024-12-03T00:00:00.000Z,[90m
[31m+       "description": "Tesco",[90m
[31m+       "id": "t465",[90m
[31m+       "type": "expense",[90m
[31m+     },[90m
[31m+     {[90m
[31m+       "accountId": "6",[90m
[31m+       "amount": -6.18,[90m
[31m+       "category": "Coffee Shops",[90m
[31m+       "cleared": true,[90m
[31m+       "date": 2024-12-03T00:00:00.000Z,[90m
[31m+       "description": "Starbucks",[90m
[31m+       "id": "t466",[90m
[31m+       "type": "expense",[90m
[31m+     },[90m
[31m+     {[90m
[31m+       "accountId": "5",[90m
[31m+       "amount": -36.31,[90m
[31m+       "category": "Dining Out",[90m
[31m+       "cleared": true,[90m
[31m+       "date": 2024-12-04T00:00:00.000Z,[90m
[31m+       "description": "Dishoom",[90m
[31m+       "id": "t467",[90m
[31m+       "type": "expense",[90m
[31m+     },[90m
[31m+     {[90m
[31m+       "accountId": "5",[90m
[31m+       "amount": -20.29,[90m
[31m+       "category": "Transport",[90m
[31m+       "cleared": true,[90m
[31m+       "date": 2024-12-04T00:00:00.000Z,[90m
[31m+       "description": "TfL",[90m
[31m+       "id": "t468",[90m
[31m+       "type": "expense",[90m
[31m+     },[90m
[31m+     {[90m
[31m+       "accountId": "5",[90m
[31m+       "amount": -149.06,[90m
[31m+       "category": "Online Shopping",[90m
[31m+       "cleared": true,[90m
[31m+       "date": 2024-12-04T00:00:00.000Z,[90m
[31m+       "description": "Apple Store",[90m
[31m+       "id": "t469",[90m
[31m+       "type": "expense",[90m
[31m+     },[90m
[31m+     {[90m
[31m+       "accountId": "6",[90m
[31m+       "amount": -5.88,[90m
[31m+       "category": "Coffee Shops",[90m
[31m+       "cleared": true,[90m
[31m+       "date": 2024-12-04T00:00:00.000Z,[90m
[31m+       "description": "Nero",[90m
[31m+       "id": "t470",[90m
[31m+       "type": "expense",[90m
[31m+     },[90m
[31m+     {[90m
[31m+       "accountId": "6",[90m
[31m+       "amount": -79.73,[90m
[31m+       "category": "Groceries",[90m
[31m+       "cleared": true,[90m
[31m+       "date": 2024-12-08T00:00:00.000Z,[90m
[31m+       "description": "Waitrose",[90m
[31m+       "id": "t471",[90m
[31m+       "type": "expense",[90m
[31m+     },[90m
[31m+     {[90m
[31m+       "accountId": "6",[90m
[31m+       "amount": -103.38,[90m
[31m+       "category": "Dining Out",[90m
[31m+       "cleared": true,[90m
[31m+       "date": 2024-12-08T00:00:00.000Z,[90m
[31m+       "description": "The Ivy",[90m
[31m+       "id": "t472",[90m
[31m+       "type": "expense",[90m
[31m+     },[90m
[31m+     {[90m
[31m+       "accountId": "5",[90m
[31m+       "amount": -32.43,[90m
[31m+       "category": "Transport",[90m
[31m+       "cleared": true,[90m
[31m+       "date": 2024-12-08T00:00:00.000Z,[90m
[31m+       "description": "National Rail",[90m
[31m+       "id": "t473",[90m
[31m+       "type": "expense",[90m
[31m+     },[90m
[31m+     {[90m
[31m+       "accountId": "5",[90m
[31m+       "amount": -27.69,[90m
[31m+       "category": "Entertainment",[90m
[31m+       "cleared": true,[90m
[31m+       "date": 2024-12-08T00:00:00.000Z,[90m
[31m+       "description": "National Theatre",[90m
[31m+       "id": "t474",[90m
[31m+       "type": "expense",[90m
[31m+     },[90m
[31m+     {[90m
[31m+       "accountId": "5",[90m
[31m+       "amount": -83.65,[90m
[31m+       "category": "Online Shopping",[90m
[31m+       "cleared": true,[90m
[31m+       "date": 2024-12-08T00:00:00.000Z,[90m
[31m+       "description": "eBay",[90m
[31m+       "id": "t475",[90m
[31m+       "type": "expense",[90m
[31m+     },[90m
[31m+     {[90m
[31m+       "accountId": "5",[90m
[31m+       "amount": -3.35,[90m
[31m+       "category": "Coffee Shops",[90m
[31m+       "cleared": true,[90m
[31m+       "date": 2024-12-08T00:00:00.000Z,[90m
[31m+       "description": "Starbucks",[90m
[31m+       "id": "t476",[90m
[31m+       "type": "expense",[90m
[31m+     },[90m
[31m+     {[90m
[31m+       "accountId": "6",[90m
[31m+       "amount": -7.85,[90m
[31m+       "category": "Coffee Shops",[90m
[31m+       "cleared": true,[90m
[31m+       "date": 2024-12-09T00:00:00.000Z,[90m
[31m+       "description": "Costa",[90m
[31m+       "id": "t477",[90m
[31m+       "type": "expense",[90m
[31m+     },[90m
[31m+     {[90m
[31m+       "accountId": "6",[90m
[31m+       "amount": -57.79,[90m
[31m+       "category": "Groceries",[90m
[31m+       "cleared": true,[90m
[31m+       "date": 2024-12-10T00:00:00.000Z,[90m
[31m+       "description": "Waitrose",[90m
[31m+       "id": "t478",[90m
[31m+       "type": "expense",[90m
[31m+     },[90m
[31m+     {[90m
[31m+       "accountId": "6",[90m
[31m+       "amount": -6.58,[90m
[31m+       "category": "Coffee Shops",[90m
[31m+       "cleared": true,[90m
[31m+       "date": 2024-12-10T00:00:00.000Z,[90m
[31m+       "description": "Nero",[90m
[31m+       "id": "t479",[90m
[31m+       "type": "expense",[90m
[31m+     },[90m
[31m+     {[90m
[31m+       "accountId": "6",[90m
[31m+       "amount": -54.99,[90m
[31m+       "category": "Dining Out",[90m
[31m+       "cleared": true,[90m
[31m+       "date": 2024-12-11T00:00:00.000Z,[90m
[31m+       "description": "Dishoom",[90m
[31m+       "id": "t480",[90m
[31m+       "type": "expense",[90m
[31m+     },[90m
[31m+     {[90m
[31m+       "accountId": "6",[90m
[31m+       "amount": -35.9,[90m
[31m+       "category": "Transport",[90m
[31m+       "cleared": true,[90m
[31m+       "date": 2024-12-11T00:00:00.000Z,[90m
[31m+       "description": "Addison Lee",[90m
[31m+       "id": "t481",[90m
[31m+       "type": "expense",[90m
[31m+     },[90m
[31m+     {[90m
[31m+       "accountId": "6",[90m
[31m+       "amount": -121.31,[90m
[31m+       "category": "Online Shopping",[90m
[31m+       "cleared": true,[90m
[31m+       "date": 2024-12-11T00:00:00.000Z,[90m
[31m+       "description": "eBay",[90m
[31m+       "id": "t482",[90m
[31m+       "type": "expense",[90m
[31m+     },[90m
[31m+     {[90m
[31m+       "accountId": "6",[90m
[31m+       "amount": -6.31,[90m
[31m+       "category": "Coffee Shops",[90m
[31m+       "cleared": true,[90m
[31m+       "date": 2024-12-11T00:00:00.000Z,[90m
[31m+       "description": "Pret",[90m
[31m+       "id": "t483",[90m
[31m+       "type": "expense",[90m
[31m+     },[90m
[31m+     {[90m
[31m+       "accountId": "6",[90m
[31m+       "amount": -66.93,[90m
[31m+       "category": "Groceries",[90m
[31m+       "cleared": true,[90m
[31m+       "date": 2024-12-12T00:00:00.000Z,[90m
[31m+       "description": "Tesco",[90m
[31m+       "id": "t484",[90m
[31m+       "type": "expense",[90m
[31m+     },[90m
[31m+     {[90m
[31m+       "accountId": "6",[90m
[31m+       "amount": -7.52,[90m
[31m+       "category": "Coffee Shops",[90m
[31m+       "cleared": true,[90m
[31m+       "date": 2024-12-13T00:00:00.000Z,[90m
[31m+       "description": "Starbucks",[90m
[31m+       "id": "t485",[90m
[31m+       "type": "expense",[90m
[31m+     },[90m
[31m+     {[90m
[31m+       "accountId": "5",[90m
[31m+       "amount": -70.29,[90m
[31m+       "category": "Groceries",[90m
[31m+       "cleared": true,[90m
[31m+       "date": 2024-12-14T00:00:00.000Z,[90m
[31m+       "description": "ASDA",[90m
[31m+       "id": "t486",[90m
[31m+       "type": "expense",[90m
[31m+     },[90m
[31m+     {[90m
[31m+       "accountId": "5",[90m
[31m+       "amount": -45.23,[90m
[31m+       "category": "Dining Out",[90m
[31m+       "cleared": true,[90m
[31m+       "date": 2024-12-14T00:00:00.000Z,[90m
[31m+       "description": "Franco Manca",[90m
[31m+       "id": "t487",[90m
[31m+       "type": "expense",[90m
[31m+     },[90m
[31m+     {[90m
[31m+       "accountId": "6",[90m
[31m+       "amount": -22.41,[90m
[31m+       "category": "Transport",[90m
[31m+       "cleared": true,[90m
[31m+       "date": 2024-12-14T00:00:00.000Z,[90m
[31m+       "description": "Citymapper",[90m
[31m+       "id": "t488",[90m
[31m+       "type": "expense",[90m
[31m+     },[90m
[31m+     {[90m
[31m+       "accountId": "6",[90m
[31m+       "amount": -101.21,[90m
[31m+       "category": "Online Shopping",[90m
[31m+       "cleared": true,[90m
[31m+       "date": 2024-12-14T00:00:00.000Z,[90m
[31m+       "description": "Apple Store",[90m
[31m+       "id": "t489",[90m
[31m+       "type": "expense",[90m
[31m+     },[90m
[31m+     {[90m
[31m+       "accountId": "6",[90m
[31m+       "amount": -4.93,[90m
[31m+       "category": "Coffee Shops",[90m
[31m+       "cleared": true,[90m
[31m+       "date": 2024-12-14T00:00:00.000Z,[90m
[31m+       "description": "Starbucks",[90m
[31m+       "id": "t490",[90m
[31m+       "type": "expense",[90m
[31m+     },[90m
[31m+     {[90m
[31m+       "accountId": "6",[90m
[31m+       "amount": -47.59,[90m
[31m+       "category": "Dining Out",[90m
[31m+       "cleared": true,[90m
[31m+       "date": 2024-12-15T00:00:00.000Z,[90m
[31m+       "description": "The Ivy",[90m
[31m+       "id": "t491",[90m
[31m+       "type": "expense",[90m
[31m+     },[90m
[31m+     {[90m
[31m+       "accountId": "5",[90m
[31m+       "amount": -44.28,[90m
[31m+       "category": "Transport",[90m
[31m+       "cleared": true,[90m
[31m+       "date": 2024-12-15T00:00:00.000Z,[90m
[31m+       "description": "Addison Lee",[90m
[31m+       "id": "t492",[90m
[31m+       "type": "expense",[90m
[31m+     },[90m
[31m+     {[90m
[31m+       "accountId": "6",[90m
[31m+       "amount": -70.44,[90m
[31m+       "category": "Entertainment",[90m
[31m+       "cleared": true,[90m
[31m+       "date": 2024-12-15T00:00:00.000Z,[90m
[31m+       "description": "National Theatre",[90m
[31m+       "id": "t493",[90m
[31m+       "type": "expense",[90m
[31m+     },[90m
[31m+     {[90m
[31m+       "accountId": "6",[90m
[31m+       "amount": -7.47,[90m
[31m+       "category": "Coffee Shops",[90m
[31m+       "cleared": true,[90m
[31m+       "date": 2024-12-16T00:00:00.000Z,[90m
[31m+       "description": "Costa",[90m
[31m+       "id": "t494",[90m
[31m+       "type": "expense",[90m
[31m+     },[90m
[31m+     {[90m
[31m+       "accountId": "6",[90m
[31m+       "amount": -65.17,[90m
[31m+       "category": "Groceries",[90m
[31m+       "cleared": true,[90m
[31m+       "date": 2024-12-17T00:00:00.000Z,[90m
[31m+       "description": "ASDA",[90m
[31m+       "id": "t495",[90m
[31m+       "type": "expense",[90m
[31m+     },[90m
[31m+     {[90m
[31m+       "accountId": "6",[90m
[31m+       "amount": -6.98,[90m
[31m+       "category": "Coffee Shops",[90m
[31m+       "cleared": true,[90m
[31m+       "date": 2024-12-17T00:00:00.000Z,[90m
[31m+       "description": "Gail's",[90m
[31m+       "id": "t496",[90m
[31m+       "type": "expense",[90m
[31m+     },[90m
[31m+     {[90m
[31m+       "accountId": "5",[90m
[31m+       "amount": -39.74,[90m
[31m+       "category": "Dining Out",[90m
[31m+       "cleared": true,[90m
[31m+       "date": 2024-12-18T00:00:00.000Z,[90m
[31m+       "description": "Pizza Express",[90m
[31m+       "id": "t497",[90m
[31m+       "type": "expense",[90m
[31m+     },[90m
[31m+     {[90m
[31m+       "accountId": "5",[90m
[31m+       "amount": -26.54,[90m
[31m+       "category": "Transport",[90m
[31m+       "cleared": true,[90m
[31m+       "date": 2024-12-18T00:00:00.000Z,[90m
[31m+       "description": "National Rail",[90m
[31m+       "id": "t498",[90m
[31m+       "type": "expense",[90m
[31m+     },[90m
[31m+     {[90m
[31m+       "accountId": "5",[90m
[31m+       "amount": -51.08,[90m
[31m+       "category": "Online Shopping",[90m
[31m+       "cleared": true,[90m
[31m+       "date": 2024-12-18T00:00:00.000Z,[90m
[31m+       "description": "Currys",[90m
[31m+       "id": "t499",[90m
[31m+       "type": "expense",[90m
[31m+     },[90m
[31m+     {[90m
[31m+       "accountId": "6",[90m
[31m+       "amount": -7.51,[90m
[31m+       "category": "Coffee Shops",[90m
[31m+       "cleared": true,[90m
[31m+       "date": 2024-12-18T00:00:00.000Z,[90m
[31m+       "description": "Gail's",[90m
[31m+       "id": "t500",[90m
[31m+       "type": "expense",[90m
[31m+     },[90m
[31m+     {[90m
[31m+       "accountId": "6",[90m
[31m+       "amount": -36.53,[90m
[31m+       "category": "Groceries",[90m
[31m+       "cleared": true,[90m
[31m+       "date": 2024-12-19T00:00:00.000Z,[90m
[31m+       "description": "Morrisons",[90m
[31m+       "id": "t501",[90m
[31m+       "type": "expense",[90m
[31m+     },[90m
[31m+     {[90m
[31m+       "accountId": "6",[90m
[31m+       "amount": -3.32,[90m
[31m+       "category": "Coffee Shops",[90m
[31m+       "cleared": true,[90m
[31m+       "date": 2024-12-19T00:00:00.000Z,[90m
[31m+       "description": "Starbucks",[90m
[31m+       "id": "t502",[90m
[31m+       "type": "expense",[90m
[31m+     },[90m
[31m+     {[90m
[31m+       "accountId": "6",[90m
[31m+       "amount": -6.58,[90m
[31m+       "category": "Coffee Shops",[90m
[31m+       "cleared": true,[90m
[31m+       "date": 2024-12-23T00:00:00.000Z,[90m
[31m+       "description": "Gail's",[90m
[31m+       "id": "t503",[90m
[31m+       "type": "expense",[90m
[31m+     },[90m
[31m+     {[90m
[31m+       "accountId": "5",[90m
[31m+       "amount": -32.8,[90m
[31m+       "category": "Groceries",[90m
[31m+       "cleared": true,[90m
[31m+       "date": 2024-12-24T00:00:00.000Z,[90m
[31m+       "description": "ASDA",[90m
[31m+       "id": "t504",[90m
[31m+       "type": "expense",[90m
[31m+     },[90m
[31m+     {[90m
[31m+       "accountId": "6",[90m
[31m+       "amount": -4.74,[90m
[31m+       "category": "Coffee Shops",[90m
[31m+       "cleared": true,[90m
[31m+       "date": 2024-12-24T00:00:00.000Z,[90m
[31m+       "description": "Nero",[90m
[31m+       "id": "t505",[90m
[31m+       "type": "expense",[90m
[31m+     },[90m
[31m+     {[90m
[31m+       "accountId": "6",[90m
[31m+       "amount": -116.13,[90m
[31m+       "category": "Dining Out",[90m
[31m+       "cleared": true,[90m
[31m+       "date": 2024-12-25T00:00:00.000Z,[90m
[31m+       "description": "Nando's",[90m
[31m+       "id": "t506",[90m
[31m+       "type": "expense",[90m
[31m+     },[90m
[31m+     {[90m
[31m+       "accountId": "5",[90m
[31m+       "amount": -94.33,[90m
[31m+       "category": "Online Shopping",[90m
[31m+       "cleared": true,[90m
[31m+       "date": 2024-12-25T00:00:00.000Z,[90m
[31m+       "description": "Amazon",[90m
[31m+       "id": "t507",[90m
[31m+       "type": "expense",[90m
[31m+     },[90m
[31m+     {[90m
[31m+       "accountId": "6",[90m
[31m+       "amount": -6.48,[90m
[31m+       "category": "Coffee Shops",[90m
[31m+       "cleared": true,[90m
[31m+       "date": 2024-12-25T00:00:00.000Z,[90m
[31m+       "description": "Starbucks",[90m
[31m+       "id": "t508",[90m
[31m+       "type": "expense",[90m
[31m+     },[90m
[31m+     {[90m
[31m+       "accountId": "5",[90m
[31m+       "amount": -36.46,[90m
[31m+       "category": "Groceries",[90m
[31m+       "cleared": true,[90m
[31m+       "date": 2024-12-26T00:00:00.000Z,[90m
[31m+       "description": "Sainsbury's",[90m
[31m+       "id": "t509",[90m
[31m+       "type": "expense",[90m
[31m+     },[90m
[31m+     {[90m
[31m+       "accountId": "6",[90m
[31m+       "amount": -5.67,[90m
[31m+       "category": "Coffee Shops",[90m
[31m+       "cleared": true,[90m
[31m+       "date": 2024-12-26T00:00:00.000Z,[90m
[31m+       "description": "Costa",[90m
[31m+       "id": "t510",[90m
[31m+       "type": "expense",[90m
[31m+     },[90m
[31m+     {[90m
[31m+       "accountId": "6",[90m
[31m+       "amount": -6.08,[90m
[31m+       "category": "Coffee Shops",[90m
[31m+       "cleared": true,[90m
[31m+       "date": 2024-12-27T00:00:00.000Z,[90m
[31m+       "description": "Costa",[90m
[31m+       "id": "t511",[90m
[31m+       "type": "expense",[90m
[31m+     },[90m
[31m+     {[90m
[31m+       "accountId": "6",[90m
[31m+       "amount": -51.85,[90m
[31m+       "category": "Groceries",[90m
[31m+       "cleared": true,[90m
[31m+       "date": 2024-12-28T00:00:00.000Z,[90m
[31m+       "description": "Tesco",[90m
[31m+       "id": "t512",[90m
[31m+       "type": "expense",[90m
[31m+     },[90m
[31m+     {[90m
[31m+       "accountId": "5",[90m
[31m+       "amount": -71.94,[90m
[31m+       "category": "Dining Out",[90m
[31m+       "cleared": true,[90m
[31m+       "date": 2024-12-28T00:00:00.000Z,[90m
[31m+       "description": "Franco Manca",[90m
[31m+       "id": "t513",[90m
[31m+       "type": "expense",[90m
[31m+     },[90m
[31m+     {[90m
[31m+       "accountId": "6",[90m
[31m+       "amount": -4.55,[90m
[31m+       "category": "Coffee Shops",[90m
[31m+       "cleared": true,[90m
[31m+       "date": 2024-12-28T00:00:00.000Z,[90m
[31m+       "description": "Gail's",[90m
[31m+       "id": "t514",[90m
[31m+       "type": "expense",[90m
[31m+     },[90m
[31m+     {[90m
[31m+       "accountId": "5",[90m
[31m+       "amount": -24.16,[90m
[31m+       "category": "Groceries",[90m
[31m+       "cleared": false,[90m
[31m+       "date": 2024-12-29T00:00:00.000Z,[90m
[31m+       "description": "Aldi",[90m
[31m+       "id": "t515",[90m
[31m+       "type": "expense",[90m
[31m+     },[90m
[31m+     {[90m
[31m+       "accountId": "6",[90m
[31m+       "amount": -110.39,[90m
[31m+       "category": "Dining Out",[90m
[31m+       "cleared": false,[90m
[31m+       "date": 2024-12-29T00:00:00.000Z,[90m
[31m+       "description": "Nando's",[90m
[31m+       "id": "t516",[90m
[31m+       "type": "expense",[90m
[31m+     },[90m
[31m+     {[90m
[31m+       "accountId": "6",[90m
[31m+       "amount": -48.55,[90m
[31m+       "category": "Transport",[90m
[31m+       "cleared": false,[90m
[31m+       "date": 2024-12-29T00:00:00.000Z,[90m
[31m+       "description": "National Rail",[90m
[31m+       "id": "t517",[90m
[31m+       "type": "expense",[90m
[31m+     },[90m
[31m+     {[90m
[31m+       "accountId": "6",[90m
[31m+       "amount": -148.38,[90m
[31m+       "category": "Shopping",[90m
[31m+       "cleared": false,[90m
[31m+       "date": 2024-12-29T00:00:00.000Z,[90m
[31m+       "description": "Zara",[90m
[31m+       "id": "t518",[90m
[31m+       "type": "expense",[90m
[31m+     },[90m
[31m+     {[90m
[31m+       "accountId": "6",[90m
[31m+       "amount": -44.66,[90m
[31m+       "category": "Entertainment",[90m
[31m+       "cleared": false,[90m
[31m+       "date": 2024-12-29T00:00:00.000Z,[90m
[31m+       "description": "Ticketmaster",[90m
[31m+       "id": "t519",[90m
[31m+       "type": "expense",[90m
[31m+     },[90m
[31m+     {[90m
[31m+       "accountId": "6",[90m
[31m+       "amount": -7.54,[90m
[31m+       "category": "Coffee Shops",[90m
[31m+       "cleared": false,[90m
[31m+       "date": 2024-12-29T00:00:00.000Z,[90m
[31m+       "description": "Costa",[90m
[31m+       "id": "t520",[90m
[31m+       "type": "expense",[90m
[31m+     },[90m
[31m+     {[90m
[31m+       "accountId": "5",[90m
[31m+       "amount": -49.53,[90m
[31m+       "category": "Groceries",[90m
[31m+       "cleared": false,[90m
[31m+       "date": 2024-12-31T00:00:00.000Z,[90m
[31m+       "description": "Tesco",[90m
[31m+       "id": "t521",[90m
[31m+       "type": "expense",[90m
[31m+     },[90m
[31m+     {[90m
[31m+       "accountId": "6",[90m
[31m+       "amount": -5.48,[90m
[31m+       "category": "Coffee Shops",[90m
[31m+       "cleared": false,[90m
[31m+       "date": 2024-12-31T00:00:00.000Z,[90m
[31m+       "description": "Nero",[90m
[31m+       "id": "t522",[90m
[31m+       "type": "expense",[90m
[31m+     },[90m
[31m+     {[90m
[31m+       "accountId": "1",[90m
[31m+       "amount": -1274.6900000000005,[90m
[31m+       "category": "transfer",[90m
[31m+       "cleared": true,[90m
[31m+       "date": 2024-12-14T00:00:00.000Z,[90m
[31m+       "description": "Credit Card Payment - Natwest",[90m
[31m+       "id": "t523",[90m
[31m+       "type": "transfer",[90m
[31m+     },[90m
[31m+     {[90m
[31m+       "accountId": "5",[90m
[31m+       "amount": 1274.6900000000005,[90m
[31m+       "category": "transfer",[90m
[31m+       "cleared": true,[90m
[31m+       "date": 2024-12-14T00:00:00.000Z,[90m
[31m+       "description": "Credit Card Payment - Natwest",[90m
[31m+       "id": "t524",[90m
[31m+       "type": "transfer",[90m
[31m+     },[90m
[31m+     {[90m
[31m+       "accountId": "1",[90m
[31m+       "amount": -1491.14,[90m
[31m+       "category": "transfer",[90m
[31m+       "cleared": true,[90m
[31m+       "date": 2024-12-14T00:00:00.000Z,[90m
[31m+       "description": "Credit Card Payment - American Express",[90m
[31m+       "id": "t525",[90m
[31m+       "type": "transfer",[90m
[31m+     },[90m
[31m+     {[90m
[31m+       "accountId": "6",[90m
[31m+       "amount": 1491.14,[90m
[31m+       "category": "transfer",[90m
[31m+       "cleared": true,[90m
[31m+       "date": 2024-12-14T00:00:00.000Z,[90m
[31m+       "description": "Credit Card Payment - American Express",[90m
[31m+       "id": "t526",[90m
[31m+       "type": "transfer",[90m
[31m+     },[90m
[31m+     {[90m
[31m+       "accountId": "1",[90m
[31m+       "amount": -1319.1699999999994,[90m
[31m+       "category": "transfer",[90m
[31m+       "cleared": true,[90m
[31m+       "date": 2024-12-31T00:00:00.000Z,[90m
[31m+       "description": "Balance Sweep to Savings",[90m
[31m+       "id": "t527",[90m
[31m+       "type": "transfer",[90m
[31m+     },[90m
[31m+     {[90m
[31m+       "accountId": "3",[90m
[31m+       "amount": 1319.1699999999994,[90m
[31m+       "category": "transfer",[90m
[31m+       "cleared": true,[90m
[31m+       "date": 2024-12-31T00:00:00.000Z,[90m
[31m+       "description": "Balance Sweep from Current",[90m
[31m+       "id": "t528",[90m
[31m+       "type": "transfer",[90m
[31m+     },[90m
[31m+     {[90m
[31m+       "accountId": "1",[90m
[31m+       "amount": 6000,[90m
[31m+       "category": "Salary",[90m
[31m+       "cleared": true,[90m
[31m+       "date": 2025-01-01T00:00:00.000Z,[90m
[31m+       "description": "Monthly Salary",[90m
[31m+       "id": "t529",[90m
[2m        "type": "income",[22m
[31m+     },[90m
[31m+     {[90m
[31m+       "accountId": "1",[90m
[31m+       "amount": -1200,[90m
[31m+       "category": "transfer",[90m
[31m+       "cleared": true,[90m
[31m+       "date": 2025-01-01T00:00:00.000Z,[90m
[31m+       "description": "Mortgage Payment",[90m
[31m+       "id": "t530",[90m
[31m+       "type": "transfer",[90m
[2m      },[22m
[2m      {[22m
[32m-       "accountId": "acc-1",[90m
[31m+       "accountId": "8",[90m
[2m        "amount": 1200,[22m
[32m-       "category": "rent",[90m
[31m+       "category": "transfer",[90m
[31m+       "cleared": true,[90m
[2m        "date": 2025-01-01T00:00:00.000Z,[22m
[32m-       "description": "Monthly rent",[90m
[32m-       "id": "tx-2",[90m
[32m-       "isReconciled": false,[90m
[32m-       "pending": false,[90m
[31m+       "description": "Mortgage Payment",[90m
[31m+       "id": "t531",[90m
[31m+       "type": "transfer",[90m
[31m+     },[90m
[31m+     {[90m
[31m+       "accountId": "1",[90m
[31m+       "amount": -180,[90m
[31m+       "category": "Bills",[90m
[31m+       "cleared": true,[90m
[31m+       "date": 2025-01-01T00:00:00.000Z,[90m
[31m+       "description": "Council Tax",[90m
[31m+       "id": "t532",[90m
[31m+       "type": "expense",[90m
[31m+     },[90m
[31m+     {[90m
[31m+       "accountId": "1",[90m
[31m+       "amount": -150,[90m
[31m+       "category": "Utilities",[90m
[31m+       "cleared": true,[90m
[31m+       "date": 2025-01-01T00:00:00.000Z,[90m
[31m+       "description": "Gas & Electric",[90m
[31m+       "id": "t533",[90m
[31m+       "type": "expense",[90m
[31m+     },[90m
[31m+     {[90m
[31m+       "accountId": "1",[90m
[31m+       "amount": -45,[90m
[31m+       "category": "Utilities",[90m
[31m+       "cleared": true,[90m
[31m+       "date": 2025-01-01T00:00:00.000Z,[90m
[31m+       "description": "Water Bill",[90m
[31m+       "id": "t534",[90m
[31m+       "type": "expense",[90m
[31m+     },[90m
[31m+     {[90m
[31m+       "accountId": "1",[90m
[31m+       "amount": -55,[90m
[31m+       "category": "Utilities",[90m
[31m+       "cleared": true,[90m
[31m+       "date": 2025-01-01T00:00:00.000Z,[90m
[31m+       "description": "Internet & Phone",[90m
[31m+       "id": "t535",[90m
[31m+       "type": "expense",[90m
[31m+     },[90m
[31m+     {[90m
[31m+       "accountId": "1",[90m
[31m+       "amount": -35,[90m
[31m+       "category": "Bills",[90m
[31m+       "cleared": true,[90m
[31m+       "date": 2025-01-01T00:00:00.000Z,[90m
[31m+       "description": "Mobile Phone",[90m
[31m+       "id": "t536",[90m
[31m+       "type": "expense",[90m
[31m+     },[90m
[31m+     {[90m
[31m+       "accountId": "1",[90m
[31m+       "amount": -65,[90m
[31m+       "category": "Insurance",[90m
[31m+       "cleared": true,[90m
[31m+       "date": 2025-01-01T00:00:00.000Z,[90m
[31m+       "description": "Home Insurance",[90m
[31m+       "id": "t537",[90m
[31m+       "type": "expense",[90m
[31m+     },[90m
[31m+     {[90m
[31m+       "accountId": "1",[90m
[31m+       "amount": -45,[90m
[31m+       "category": "Insurance",[90m
[31m+       "cleared": true,[90m
[31m+       "date": 2025-01-01T00:00:00.000Z,[90m
[31m+       "description": "Life Insurance",[90m
[31m+       "id": "t538",[90m
[31m+       "type": "expense",[90m
[31m+     },[90m
[31m+     {[90m
[31m+       "accountId": "1",[90m
[31m+       "amount": -85,[90m
[31m+       "category": "Insurance",[90m
[31m+       "cleared": true,[90m
[31m+       "date": 2025-01-01T00:00:00.000Z,[90m
[31m+       "description": "Car Insurance",[90m
[31m+       "id": "t539",[90m
[31m+       "type": "expense",[90m
[31m+     },[90m
[31m+     {[90m
[31m+       "accountId": "1",[90m
[31m+       "amount": -55,[90m
[31m+       "category": "Health & Fitness",[90m
[31m+       "cleared": true,[90m
[31m+       "date": 2025-01-01T00:00:00.000Z,[90m
[31m+       "description": "Gym Membership",[90m
[31m+       "id": "t540",[90m
[31m+       "type": "expense",[90m
[31m+     },[90m
[31m+     {[90m
[31m+       "accountId": "6",[90m
[31m+       "amount": -72.54,[90m
[31m+       "category": "Dining Out",[90m
[31m+       "cleared": true,[90m
[31m+       "date": 2025-01-01T00:00:00.000Z,[90m
[31m+       "description": "Wagamama",[90m
[31m+       "id": "t541",[90m
[31m+       "type": "expense",[90m
[31m+     },[90m
[31m+     {[90m
[31m+       "accountId": "6",[90m
[31m+       "amount": -21.96,[90m
[31m+       "category": "Transport",[90m
[31m+       "cleared": true,[90m
[31m+       "date": 2025-01-01T00:00:00.000Z,[90m
[31m+       "description": "Uber",[90m
[31m+       "id": "t542",[90m
[31m+       "type": "expense",[90m
[31m+     },[90m
[31m+     {[90m
[31m+       "accountId": "6",[90m
[31m+       "amount": -47.61,[90m
[31m+       "category": "Online Shopping",[90m
[31m+       "cleared": true,[90m
[31m+       "date": 2025-01-01T00:00:00.000Z,[90m
[31m+       "description": "Currys",[90m
[31m+       "id": "t543",[90m
[31m+       "type": "expense",[90m
[31m+     },[90m
[31m+     {[90m
[31m+       "accountId": "5",[90m
[31m+       "amount": -6.06,[90m
[31m+       "category": "Coffee Shops",[90m
[31m+       "cleared": true,[90m
[31m+       "date": 2025-01-01T00:00:00.000Z,[90m
[31m+       "description": "Costa",[90m
[31m+       "id": "t544",[90m
[31m+       "type": "expense",[90m
[31m+     },[90m
[31m+     {[90m
[31m+       "accountId": "6",[90m
[31m+       "amount": -69.71,[90m
[31m+       "category": "Groceries",[90m
[31m+       "cleared": true,[90m
[31m+       "date": 2025-01-02T00:00:00.000Z,[90m
[31m+       "description": "Lidl",[90m
[31m+       "id": "t545",[90m
[31m+       "type": "expense",[90m
[31m+     },[90m
[31m+     {[90m
[31m+       "accountId": "5",[90m
[31m+       "amount": -6.32,[90m
[31m+       "category": "Coffee Shops",[90m
[31m+       "cleared": true,[90m
[31m+       "date": 2025-01-02T00:00:00.000Z,[90m
[31m+       "description": "Costa",[90m
[31m+       "id": "t546",[90m
[31m+       "type": "expense",[90m
[31m+     },[90m
[31m+     {[90m
[31m+       "accountId": "5",[90m
[31m+       "amount": -78.28,[90m
[31m+       "category": "Fuel",[90m
[31m+       "cleared": true,[90m
[31m+       "date": 2025-01-02T00:00:00.000Z,[90m
[31m+       "description": "Esso",[90m
[31m+       "id": "t547",[90m
[31m+       "type": "expense",[90m
[31m+     },[90m
[31m+     {[90m
[31m+       "accountId": "6",[90m
[31m+       "amount": -6.56,[90m
[31m+       "category": "Coffee Shops",[90m
[31m+       "cleared": true,[90m
[31m+       "date": 2025-01-03T00:00:00.000Z,[90m
[31m+       "description": "Nero",[90m
[31m+       "id": "t548",[90m
[31m+       "type": "expense",[90m
[31m+     },[90m
[31m+     {[90m
[31m+       "accountId": "6",[90m
[31m+       "amount": -76.73,[90m
[31m+       "category": "Groceries",[90m
[31m+       "cleared": true,[90m
[31m+       "date": 2025-01-04T00:00:00.000Z,[90m
[31m+       "description": "Lidl",[90m
[31m+       "id": "t549",[90m
[31m+       "type": "expense",[90m
[31m+     },[90m
[31m+     {[90m
[31m+       "accountId": "5",[90m
[31m+       "amount": -101.22,[90m
[31m+       "category": "Dining Out",[90m
[31m+       "cleared": true,[90m
[31m+       "date": 2025-01-04T00:00:00.000Z,[90m
[31m+       "description": "The Ivy",[90m
[31m+       "id": "t550",[90m
[31m+       "type": "expense",[90m
[31m+     },[90m
[31m+     {[90m
[31m+       "accountId": "6",[90m
[31m+       "amount": -33.88,[90m
[31m+       "category": "Transport",[90m
[31m+       "cleared": true,[90m
[31m+       "date": 2025-01-04T00:00:00.000Z,[90m
[31m+       "description": "Citymapper",[90m
[31m+       "id": "t551",[90m
[31m+       "type": "expense",[90m
[31m+     },[90m
[31m+     {[90m
[31m+       "accountId": "6",[90m
[31m+       "amount": -50.88,[90m
[31m+       "category": "Online Shopping",[90m
[31m+       "cleared": true,[90m
[31m+       "date": 2025-01-04T00:00:00.000Z,[90m
[31m+       "description": "eBay",[90m
[31m+       "id": "t552",[90m
[31m+       "type": "expense",[90m
[31m+     },[90m
[31m+     {[90m
[31m+       "accountId": "5",[90m
[31m+       "amount": -6.22,[90m
[31m+       "category": "Coffee Shops",[90m
[31m+       "cleared": true,[90m
[31m+       "date": 2025-01-04T00:00:00.000Z,[90m
[31m+       "description": "Starbucks",[90m
[31m+       "id": "t553",[90m
[31m+       "type": "expense",[90m
[31m+     },[90m
[31m+     {[90m
[31m+       "accountId": "6",[90m
[31m+       "amount": -11.18,[90m
[31m+       "category": "Subscriptions",[90m
[31m+       "cleared": true,[90m
[31m+       "date": 2025-01-04T00:00:00.000Z,[90m
[31m+       "description": "Spotify",[90m
[31m+       "id": "t554",[90m
[31m+       "type": "expense",[90m
[31m+     },[90m
[31m+     {[90m
[31m+       "accountId": "5",[90m
[31m+       "amount": -3.87,[90m
[31m+       "category": "Coffee Shops",[90m
[31m+       "cleared": true,[90m
[31m+       "date": 2025-01-06T00:00:00.000Z,[90m
[31m+       "description": "Nero",[90m
[31m+       "id": "t555",[90m
[31m+       "type": "expense",[90m
[31m+     },[90m
[31m+     {[90m
[31m+       "accountId": "5",[90m
[31m+       "amount": -24.66,[90m
[31m+       "category": "Groceries",[90m
[31m+       "cleared": true,[90m
[31m+       "date": 2025-01-07T00:00:00.000Z,[90m
[31m+       "description": "Sainsbury's",[90m
[31m+       "id": "t556",[90m
[31m+       "type": "expense",[90m
[31m+     },[90m
[31m+     {[90m
[31m+       "accountId": "5",[90m
[31m+       "amount": -5.4,[90m
[31m+       "category": "Coffee Shops",[90m
[31m+       "cleared": true,[90m
[31m+       "date": 2025-01-07T00:00:00.000Z,[90m
[31m+       "description": "Starbucks",[90m
[31m+       "id": "t557",[90m
[31m+       "type": "expense",[90m
[31m+     },[90m
[31m+     {[90m
[31m+       "accountId": "6",[90m
[31m+       "amount": -35.07,[90m
[31m+       "category": "Groceries",[90m
[31m+       "cleared": true,[90m
[31m+       "date": 2025-01-09T00:00:00.000Z,[90m
[31m+       "description": "Tesco",[90m
[31m+       "id": "t558",[90m
[31m+       "type": "expense",[90m
[31m+     },[90m
[31m+     {[90m
[31m+       "accountId": "5",[90m
[31m+       "amount": -31.75,[90m
[31m+       "category": "Groceries",[90m
[31m+       "cleared": true,[90m
[31m+       "date": 2025-01-11T00:00:00.000Z,[90m
[31m+       "description": "Morrisons",[90m
[31m+       "id": "t559",[90m
[31m+       "type": "expense",[90m
[31m+     },[90m
[31m+     {[90m
[31m+       "accountId": "5",[90m
[31m+       "amount": -20.66,[90m
[31m+       "category": "Transport",[90m
[31m+       "cleared": true,[90m
[31m+       "date": 2025-01-11T00:00:00.000Z,[90m
[31m+       "description": "National Rail",[90m
[31m+       "id": "t560",[90m
[31m+       "type": "expense",[90m
[31m+     },[90m
[31m+     {[90m
[31m+       "accountId": "6",[90m
[31m+       "amount": -83.35,[90m
[31m+       "category": "Online Shopping",[90m
[31m+       "cleared": true,[90m
[31m+       "date": 2025-01-11T00:00:00.000Z,[90m
[31m+       "description": "Apple Store",[90m
[31m+       "id": "t561",[90m
[31m+       "type": "expense",[90m
[31m+     },[90m
[31m+     {[90m
[31m+       "accountId": "5",[90m
[31m+       "amount": -6.58,[90m
[31m+       "category": "Coffee Shops",[90m
[31m+       "cleared": true,[90m
[31m+       "date": 2025-01-11T00:00:00.000Z,[90m
[31m+       "description": "Costa",[90m
[31m+       "id": "t562",[90m
[31m+       "type": "expense",[90m
[31m+     },[90m
[31m+     {[90m
[31m+       "accountId": "6",[90m
[31m+       "amount": -34.99,[90m
[31m+       "category": "Groceries",[90m
[31m+       "cleared": true,[90m
[31m+       "date": 2025-01-12T00:00:00.000Z,[90m
[31m+       "description": "Morrisons",[90m
[31m+       "id": "t563",[90m
[31m+       "type": "expense",[90m
[31m+     },[90m
[31m+     {[90m
[31m+       "accountId": "6",[90m
[31m+       "amount": -71.87,[90m
[31m+       "category": "Dining Out",[90m
[31m+       "cleared": true,[90m
[31m+       "date": 2025-01-12T00:00:00.000Z,[90m
[31m+       "description": "Franco Manca",[90m
[31m+       "id": "t564",[90m
[31m+       "type": "expense",[90m
[31m+     },[90m
[31m+     {[90m
[31m+       "accountId": "6",[90m
[31m+       "amount": -19.38,[90m
[31m+       "category": "Transport",[90m
[31m+       "cleared": true,[90m
[31m+       "date": 2025-01-12T00:00:00.000Z,[90m
[31m+       "description": "National Rail",[90m
[31m+       "id": "t565",[90m
[31m+       "type": "expense",[90m
[31m+     },[90m
[31m+     {[90m
[31m+       "accountId": "6",[90m
[31m+       "amount": -197.54,[90m
[31m+       "category": "Shopping",[90m
[31m+       "cleared": true,[90m
[31m+       "date": 2025-01-12T00:00:00.000Z,[90m
[31m+       "description": "Selfridges",[90m
[31m+       "id": "t566",[90m
[31m+       "type": "expense",[90m
[31m+     },[90m
[31m+     {[90m
[31m+       "accountId": "5",[90m
[31m+       "amount": -79.47,[90m
[31m+       "category": "Entertainment",[90m
[31m+       "cleared": true,[90m
[31m+       "date": 2025-01-12T00:00:00.000Z,[90m
[31m+       "description": "Ticketmaster",[90m
[31m+       "id": "t567",[90m
[31m+       "type": "expense",[90m
[31m+     },[90m
[31m+     {[90m
[31m+       "accountId": "5",[90m
[31m+       "amount": -52.4,[90m
[31m+       "category": "Online Shopping",[90m
[31m+       "cleared": true,[90m
[31m+       "date": 2025-01-12T00:00:00.000Z,[90m
[31m+       "description": "eBay",[90m
[31m+       "id": "t568",[90m
[31m+       "type": "expense",[90m
[31m+     },[90m
[31m+     {[90m
[31m+       "accountId": "6",[90m
[31m+       "amount": -6.96,[90m
[31m+       "category": "Coffee Shops",[90m
[31m+       "cleared": true,[90m
[31m+       "date": 2025-01-12T00:00:00.000Z,[90m
[31m+       "description": "Pret",[90m
[31m+       "id": "t569",[90m
[31m+       "type": "expense",[90m
[31m+     },[90m
[31m+     {[90m
[31m+       "accountId": "6",[90m
[31m+       "amount": -6.82,[90m
[31m+       "category": "Coffee Shops",[90m
[31m+       "cleared": true,[90m
[31m+       "date": 2025-01-13T00:00:00.000Z,[90m
[31m+       "description": "Starbucks",[90m
[31m+       "id": "t570",[90m
[2m        "type": "expense",[22m
[31m+     },[90m
[31m+     {[90m
[31m+       "accountId": "5",[90m
[31m+       "amount": -115.45,[90m
[31m+       "category": "Dining Out",[90m
[31m+       "cleared": true,[90m
[31m+       "date": 2025-01-15T00:00:00.000Z,[90m
[31m+       "description": "Nando's",[90m
[31m+       "id": "t571",[90m
[31m+       "type": "expense",[90m
[31m+     },[90m
[31m+     {[90m
[31m+       "accountId": "5",[90m
[31m+       "amount": -78.36,[90m
[31m+       "category": "Online Shopping",[90m
[31m+       "cleared": true,[90m
[31m+       "date": 2025-01-15T00:00:00.000Z,[90m
[31m+       "description": "Amazon",[90m
[31m+       "id": "t572",[90m
[31m+       "type": "expense",[90m
[31m+     },[90m
[31m+     {[90m
[31m+       "accountId": "5",[90m
[31m+       "amount": -5.67,[90m
[31m+       "category": "Coffee Shops",[90m
[31m+       "cleared": true,[90m
[31m+       "date": 2025-01-15T00:00:00.000Z,[90m
[31m+       "description": "Starbucks",[90m
[31m+       "id": "t573",[90m
[31m+       "type": "expense",[90m
[31m+     },[90m
[31m+     {[90m
[31m+       "accountId": "6",[90m
[31m+       "amount": -59.34,[90m
[31m+       "category": "Groceries",[90m
[31m+       "cleared": true,[90m
[31m+       "date": 2025-01-16T00:00:00.000Z,[90m
[31m+       "description": "Aldi",[90m
[31m+       "id": "t574",[90m
[31m+       "type": "expense",[90m
[31m+     },[90m
[31m+     {[90m
[31m+       "accountId": "6",[90m
[31m+       "amount": -7.01,[90m
[31m+       "category": "Coffee Shops",[90m
[31m+       "cleared": true,[90m
[31m+       "date": 2025-01-16T00:00:00.000Z,[90m
[31m+       "description": "Costa",[90m
[31m+       "id": "t575",[90m
[31m+       "type": "expense",[90m
[31m+     },[90m
[31m+     {[90m
[31m+       "accountId": "5",[90m
[31m+       "amount": -110.75,[90m
[31m+       "category": "Dining Out",[90m
[31m+       "cleared": true,[90m
[31m+       "date": 2025-01-18T00:00:00.000Z,[90m
[31m+       "description": "Nando's",[90m
[31m+       "id": "t576",[90m
[31m+       "type": "expense",[90m
[31m+     },[90m
[31m+     {[90m
[31m+       "accountId": "6",[90m
[31m+       "amount": -30.14,[90m
[31m+       "category": "Transport",[90m
[31m+       "cleared": true,[90m
[31m+       "date": 2025-01-18T00:00:00.000Z,[90m
[31m+       "description": "National Rail",[90m
[31m+       "id": "t577",[90m
[31m+       "type": "expense",[90m
[31m+     },[90m
[31m+     {[90m
[31m+       "accountId": "5",[90m
[31m+       "amount": -118.63,[90m
[31m+       "category": "Online Shopping",[90m
[31m+       "cleared": true,[90m
[31m+       "date": 2025-01-18T00:00:00.000Z,[90m
[31m+       "description": "Currys",[90m
[31m+       "id": "t578",[90m
[31m+       "type": "expense",[90m
[31m+     },[90m
[31m+     {[90m
[31m+       "accountId": "5",[90m
[31m+       "amount": -4.46,[90m
[31m+       "category": "Coffee Shops",[90m
[31m+       "cleared": true,[90m
[31m+       "date": 2025-01-18T00:00:00.000Z,[90m
[31m+       "description": "Pret",[90m
[31m+       "id": "t579",[90m
[31m+       "type": "expense",[90m
[31m+     },[90m
[31m+     {[90m
[31m+       "accountId": "5",[90m
[31m+       "amount": -43.44,[90m
[31m+       "category": "Groceries",[90m
[31m+       "cleared": true,[90m
[31m+       "date": 2025-01-19T00:00:00.000Z,[90m
[31m+       "description": "Lidl",[90m
[31m+       "id": "t580",[90m
[31m+       "type": "expense",[90m
[31m+     },[90m
[31m+     {[90m
[31m+       "accountId": "5",[90m
[31m+       "amount": -49.21,[90m
[31m+       "category": "Dining Out",[90m
[31m+       "cleared": true,[90m
[31m+       "date": 2025-01-19T00:00:00.000Z,[90m
[31m+       "description": "Nando's",[90m
[31m+       "id": "t581",[90m
[31m+       "type": "expense",[90m
[31m+     },[90m
[31m+     {[90m
[31m+       "accountId": "6",[90m
[31m+       "amount": -28.46,[90m
[31m+       "category": "Transport",[90m
[31m+       "cleared": true,[90m
[31m+       "date": 2025-01-19T00:00:00.000Z,[90m
[31m+       "description": "Addison Lee",[90m
[31m+       "id": "t582",[90m
[31m+       "type": "expense",[90m
[31m+     },[90m
[31m+     {[90m
[31m+       "accountId": "6",[90m
[31m+       "amount": -174.22,[90m
[31m+       "category": "Shopping",[90m
[31m+       "cleared": true,[90m
[31m+       "date": 2025-01-19T00:00:00.000Z,[90m
[31m+       "description": "Zara",[90m
[31m+       "id": "t583",[90m
[31m+       "type": "expense",[90m
[31m+     },[90m
[31m+     {[90m
[31m+       "accountId": "6",[90m
[31m+       "amount": -96.84,[90m
[31m+       "category": "Entertainment",[90m
[31m+       "cleared": true,[90m
[31m+       "date": 2025-01-19T00:00:00.000Z,[90m
[31m+       "description": "O2 Arena",[90m
[31m+       "id": "t584",[90m
[31m+       "type": "expense",[90m
[31m+     },[90m
[31m+     {[90m
[31m+       "accountId": "6",[90m
[31m+       "amount": -132.51,[90m
[31m+       "category": "Online Shopping",[90m
[31m+       "cleared": true,[90m
[31m+       "date": 2025-01-19T00:00:00.000Z,[90m
[31m+       "description": "Argos",[90m
[31m+       "id": "t585",[90m
[31m+       "type": "expense",[90m
[31m+     },[90m
[31m+     {[90m
[31m+       "accountId": "5",[90m
[31m+       "amount": -6.74,[90m
[31m+       "category": "Coffee Shops",[90m
[31m+       "cleared": true,[90m
[31m+       "date": 2025-01-19T00:00:00.000Z,[90m
[31m+       "description": "Gail's",[90m
[31m+       "id": "t586",[90m
[31m+       "type": "expense",[90m
[31m+     },[90m
[31m+     {[90m
[31m+       "accountId": "6",[90m
[31m+       "amount": -35.41,[90m
[31m+       "category": "Transport",[90m
[31m+       "cleared": true,[90m
[31m+       "date": 2025-01-22T00:00:00.000Z,[90m
[31m+       "description": "Uber",[90m
[31m+       "id": "t587",[90m
[31m+       "type": "expense",[90m
[31m+     },[90m
[31m+     {[90m
[31m+       "accountId": "5",[90m
[31m+       "amount": -7.17,[90m
[31m+       "category": "Coffee Shops",[90m
[31m+       "cleared": true,[90m
[31m+       "date": 2025-01-22T00:00:00.000Z,[90m
[31m+       "description": "Pret",[90m
[31m+       "id": "t588",[90m
[31m+       "type": "expense",[90m
[31m+     },[90m
[31m+     {[90m
[31m+       "accountId": "6",[90m
[31m+       "amount": -43.77,[90m
[31m+       "category": "Groceries",[90m
[31m+       "cleared": true,[90m
[31m+       "date": 2025-01-23T00:00:00.000Z,[90m
[31m+       "description": "Aldi",[90m
[31m+       "id": "t589",[90m
[31m+       "type": "expense",[90m
[31m+     },[90m
[31m+     {[90m
[31m+       "accountId": "5",[90m
[31m+       "amount": -4.42,[90m
[31m+       "category": "Coffee Shops",[90m
[31m+       "cleared": true,[90m
[31m+       "date": 2025-01-23T00:00:00.000Z,[90m
[31m+       "description": "Costa",[90m
[31m+       "id": "t590",[90m
[31m+       "type": "expense",[90m
[31m+     },[90m
[31m+     {[90m
[31m+       "accountId": "5",[90m
[31m+       "amount": -4.49,[90m
[31m+       "category": "Coffee Shops",[90m
[31m+       "cleared": true,[90m
[31m+       "date": 2025-01-24T00:00:00.000Z,[90m
[31m+       "description": "Costa",[90m
[31m+       "id": "t591",[90m
[31m+       "type": "expense",[90m
[31m+     },[90m
[31m+     {[90m
[31m+       "accountId": "6",[90m
[31m+       "amount": -29.54,[90m
[31m+       "category": "Groceries",[90m
[31m+       "cleared": true,[90m
[31m+       "date": 2025-01-25T00:00:00.000Z,[90m
[31m+       "description": "ASDA",[90m
[31m+       "id": "t592",[90m
[31m+       "type": "expense",[90m
[31m+     },[90m
[31m+     {[90m
[31m+       "accountId": "6",[90m
[31m+       "amount": -115.37,[90m
[31m+       "category": "Dining Out",[90m
[31m+       "cleared": true,[90m
[31m+       "date": 2025-01-25T00:00:00.000Z,[90m
[31m+       "description": "Franco Manca",[90m
[31m+       "id": "t593",[90m
[31m+       "type": "expense",[90m
[31m+     },[90m
[31m+     {[90m
[31m+       "accountId": "5",[90m
[31m+       "amount": -25.09,[90m
[31m+       "category": "Transport",[90m
[31m+       "cleared": true,[90m
[31m+       "date": 2025-01-25T00:00:00.000Z,[90m
[31m+       "description": "National Rail",[90m
[31m+       "id": "t594",[90m
[31m+       "type": "expense",[90m
[31m+     },[90m
[31m+     {[90m
[31m+       "accountId": "6",[90m
[31m+       "amount": -6.8,[90m
[31m+       "category": "Coffee Shops",[90m
[31m+       "cleared": true,[90m
[31m+       "date": 2025-01-25T00:00:00.000Z,[90m
[31m+       "description": "Pret",[90m
[31m+       "id": "t595",[90m
[31m+       "type": "expense",[90m
[31m+     },[90m
[31m+     {[90m
[31m+       "accountId": "5",[90m
[31m+       "amount": -35.45,[90m
[31m+       "category": "Groceries",[90m
[31m+       "cleared": true,[90m
[31m+       "date": 2025-01-26T00:00:00.000Z,[90m
[31m+       "description": "Sainsbury's",[90m
[31m+       "id": "t596",[90m
[31m+       "type": "expense",[90m
[31m+     },[90m
[31m+     {[90m
[31m+       "accountId": "5",[90m
[31m+       "amount": -87.75,[90m
[31m+       "category": "Dining Out",[90m
[31m+       "cleared": true,[90m
[31m+       "date": 2025-01-26T00:00:00.000Z,[90m
[31m+       "description": "Wagamama",[90m
[31m+       "id": "t597",[90m
[31m+       "type": "expense",[90m
[31m+     },[90m
[31m+     {[90m
[31m+       "accountId": "6",[90m
[31m+       "amount": -25.05,[90m
[31m+       "category": "Transport",[90m
[31m+       "cleared": true,[90m
[31m+       "date": 2025-01-26T00:00:00.000Z,[90m
[31m+       "description": "Citymapper",[90m
[31m+       "id": "t598",[90m
[31m+       "type": "expense",[90m
[31m+     },[90m
[31m+     {[90m
[31m+       "accountId": "5",[90m
[31m+       "amount": -188.42,[90m
[31m+       "category": "Shopping",[90m
[31m+       "cleared": true,[90m
[31m+       "date": 2025-01-26T00:00:00.000Z,[90m
[31m+       "description": "Selfridges",[90m
[31m+       "id": "t599",[90m
[31m+       "type": "expense",[90m
[31m+     },[90m
[31m+     {[90m
[31m+       "accountId": "5",[90m
[31m+       "amount": -80.93,[90m
[31m+       "category": "Entertainment",[90m
[31m+       "cleared": true,[90m
[31m+       "date": 2025-01-26T00:00:00.000Z,[90m
[31m+       "description": "Ticketmaster",[90m
[31m+       "id": "t600",[90m
[31m+       "type": "expense",[90m
[31m+     },[90m
[31m+     {[90m
[31m+       "accountId": "6",[90m
[31m+       "amount": -57.61,[90m
[31m+       "category": "Online Shopping",[90m
[31m+       "cleared": true,[90m
[31m+       "date": 2025-01-26T00:00:00.000Z,[90m
[31m+       "description": "Currys",[90m
[31m+       "id": "t601",[90m
[31m+       "type": "expense",[90m
[31m+     },[90m
[31m+     {[90m
[31m+       "accountId": "5",[90m
[31m+       "amount": -4.96,[90m
[31m+       "category": "Coffee Shops",[90m
[31m+       "cleared": true,[90m
[31m+       "date": 2025-01-26T00:00:00.000Z,[90m
[31m+       "description": "Costa",[90m
[31m+       "id": "t602",[90m
[31m+       "type": "expense",[90m
[31m+     },[90m
[31m+     {[90m
[31m+       "accountId": "6",[90m
[31m+       "amount": -35.95,[90m
[31m+       "category": "Dining Out",[90m
[31m+       "cleared": false,[90m
[31m+       "date": 2025-01-29T00:00:00.000Z,[90m
[31m+       "description": "Wagamama",[90m
[31m+       "id": "t603",[90m
[31m+       "type": "expense",[90m
[31m+     },[90m
[31m+     {[90m
[31m+       "accountId": "6",[90m
[31m+       "amount": -34.69,[90m
[31m+       "category": "Transport",[90m
[31m+       "cleared": false,[90m
[31m+       "date": 2025-01-29T00:00:00.000Z,[90m
[31m+       "description": "Addison Lee",[90m
[31m+       "id": "t604",[90m
[31m+       "type": "expense",[90m
[31m+     },[90m
[31m+     {[90m
[31m+       "accountId": "6",[90m
[31m+       "amount": -56.24,[90m
[31m+       "category": "Online Shopping",[90m
[31m+       "cleared": false,[90m
[31m+       "date": 2025-01-29T00:00:00.000Z,[90m
[31m+       "description": "Apple Store",[90m
[31m+       "id": "t605",[90m
[31m+       "type": "expense",[90m
[31m+     },[90m
[31m+     {[90m
[31m+       "accountId": "6",[90m
[31m+       "amount": -5.32,[90m
[31m+       "category": "Coffee Shops",[90m
[31m+       "cleared": false,[90m
[31m+       "date": 2025-01-29T00:00:00.000Z,[90m
[31m+       "description": "Gail's",[90m
[31m+       "id": "t606",[90m
[31m+       "type": "expense",[90m
[31m+     },[90m
[31m+     {[90m
[31m+       "accountId": "5",[90m
[31m+       "amount": -53.28,[90m
[31m+       "category": "Groceries",[90m
[31m+       "cleared": false,[90m
[31m+       "date": 2025-01-30T00:00:00.000Z,[90m
[31m+       "description": "Morrisons",[90m
[31m+       "id": "t607",[90m
[31m+       "type": "expense",[90m
[31m+     },[90m
[31m+     {[90m
[31m+       "accountId": "6",[90m
[31m+       "amount": -7.89,[90m
[31m+       "category": "Coffee Shops",[90m
[31m+       "cleared": false,[90m
[31m+       "date": 2025-01-30T00:00:00.000Z,[90m
[31m+       "description": "Starbucks",[90m
[31m+       "id": "t608",[90m
[31m+       "type": "expense",[90m
[31m+     },[90m
[31m+     {[90m
[31m+       "accountId": "1",[90m
[31m+       "amount": -1459.25,[90m
[31m+       "category": "transfer",[90m
[31m+       "cleared": true,[90m
[31m+       "date": 2025-01-14T00:00:00.000Z,[90m
[31m+       "description": "Credit Card Payment - Natwest",[90m
[31m+       "id": "t609",[90m
[31m+       "type": "transfer",[90m
[31m+     },[90m
[31m+     {[90m
[31m+       "accountId": "5",[90m
[31m+       "amount": 1459.25,[90m
[31m+       "category": "transfer",[90m
[31m+       "cleared": true,[90m
[31m+       "date": 2025-01-14T00:00:00.000Z,[90m
[31m+       "description": "Credit Card Payment - Natwest",[90m
[31m+       "id": "t610",[90m
[31m+       "type": "transfer",[90m
[31m+     },[90m
[31m+     {[90m
[31m+       "accountId": "1",[90m
[31m+       "amount": -1581.1799999999996,[90m
[31m+       "category": "transfer",[90m
[31m+       "cleared": true,[90m
[31m+       "date": 2025-01-14T00:00:00.000Z,[90m
[31m+       "description": "Credit Card Payment - American Express",[90m
[31m+       "id": "t611",[90m
[31m+       "type": "transfer",[90m
[31m+     },[90m
[31m+     {[90m
[31m+       "accountId": "6",[90m
[31m+       "amount": 1581.1799999999996,[90m
[31m+       "category": "transfer",[90m
[31m+       "cleared": true,[90m
[31m+       "date": 2025-01-14T00:00:00.000Z,[90m
[31m+       "description": "Credit Card Payment - American Express",[90m
[31m+       "id": "t612",[90m
[31m+       "type": "transfer",[90m
[31m+     },[90m
[31m+     {[90m
[31m+       "accountId": "1",[90m
[31m+       "amount": -1044.5700000000004,[90m
[31m+       "category": "transfer",[90m
[31m+       "cleared": true,[90m
[31m+       "date": 2025-01-31T00:00:00.000Z,[90m
[31m+       "description": "Balance Sweep to Savings",[90m
[31m+       "id": "t613",[90m
[31m+       "type": "transfer",[90m
[31m+     },[90m
[31m+     {[90m
[31m+       "accountId": "3",[90m
[31m+       "amount": 1044.5700000000004,[90m
[31m+       "category": "transfer",[90m
[31m+       "cleared": true,[90m
[31m+       "date": 2025-01-31T00:00:00.000Z,[90m
[31m+       "description": "Balance Sweep from Current",[90m
[31m+       "id": "t614",[90m
[31m+       "type": "transfer",[90m
[2m      },[22m
[2m    ],[22m
[2m    6,[22m
[2m  ][22m
[39m[90m

Number of calls: [1m1[22m
[39m
   ✓ useCashFlowForecast > basic functionality > does not generate forecast when disabled 4ms
   × useCashFlowForecast > basic functionality > filters accounts and transactions based on accountIds 9ms
     → expected "spy" to be called with arguments: [ [ { id: 'acc-1', …(5) } ], …(2) ][90m

Received: 

[1m  1st spy call:

[22m[2m  [[22m
[32m-   [[90m
[32m-     {[90m
[32m-       "balance": 5000,[90m
[32m-       "createdAt": 2024-01-01T00:00:00.000Z,[90m
[32m-       "id": "acc-1",[90m
[32m-       "name": "Checking",[90m
[32m-       "type": "current",[90m
[32m-       "updatedAt": 2025-01-20T00:00:00.000Z,[90m
[32m-     },[90m
[32m-   ],[90m
[32m-   [[90m
[32m-     {[90m
[32m-       "accountId": "acc-1",[90m
[32m-       "amount": 3000,[90m
[32m-       "category": "salary",[90m
[32m-       "date": 2025-01-15T00:00:00.000Z,[90m
[32m-       "description": "Monthly salary",[90m
[32m-       "id": "tx-1",[90m
[32m-       "isReconciled": false,[90m
[32m-       "pending": false,[90m
[32m-       "type": "income",[90m
[32m-     },[90m
[32m-     {[90m
[32m-       "accountId": "acc-1",[90m
[32m-       "amount": 1200,[90m
[32m-       "category": "rent",[90m
[32m-       "date": 2025-01-01T00:00:00.000Z,[90m
[32m-       "description": "Monthly rent",[90m
[32m-       "id": "tx-2",[90m
[32m-       "isReconciled": false,[90m
[32m-       "pending": false,[90m
[32m-       "type": "expense",[90m
[32m-     },[90m
[32m-   ],[90m
[31m+   [],[90m
[31m+   [],[90m
[2m    6,[22m
[2m  ][22m

[1m  2nd spy call:

[22m[2m  [[22m
[32m-   [[90m
[32m-     {[90m
[32m-       "balance": 5000,[90m
[32m-       "createdAt": 2024-01-01T00:00:00.000Z,[90m
[32m-       "id": "acc-1",[90m
[32m-       "name": "Checking",[90m
[32m-       "type": "current",[90m
[32m-       "updatedAt": 2025-01-20T00:00:00.000Z,[90m
[32m-     },[90m
[32m-   ],[90m
[32m-   [[90m
[32m-     {[90m
[32m-       "accountId": "acc-1",[90m
[32m-       "amount": 3000,[90m
[32m-       "category": "salary",[90m
[32m-       "date": 2025-01-15T00:00:00.000Z,[90m
[32m-       "description": "Monthly salary",[90m
[32m-       "id": "tx-1",[90m
[32m-       "isReconciled": false,[90m
[32m-       "pending": false,[90m
[32m-       "type": "income",[90m
[32m-     },[90m
[32m-     {[90m
[32m-       "accountId": "acc-1",[90m
[32m-       "amount": 1200,[90m
[32m-       "category": "rent",[90m
[32m-       "date": 2025-01-01T00:00:00.000Z,[90m
[32m-       "description": "Monthly rent",[90m
[32m-       "id": "tx-2",[90m
[32m-       "isReconciled": false,[90m
[32m-       "pending": false,[90m
[32m-       "type": "expense",[90m
[32m-     },[90m
[32m-   ],[90m
[31m+   [],[90m
[31m+   [],[90m
[2m    6,[22m
[2m  ][22m
[39m[90m

Number of calls: [1m2[22m
[39m
   × useCashFlowForecast > basic functionality > allows customizing forecast period 63ms
     → expected "spy" to be called with arguments: [ …(3) ][90m

Received: 

[1m  1st spy call:

[22m[2m  [[22m
[2m    [[22m
[2m      {[22m
[32m-       "balance": 5000,[90m
[32m-       "createdAt": 2024-01-01T00:00:00.000Z,[90m
[32m-       "id": "acc-1",[90m
[32m-       "name": "Checking",[90m
[31m+       "balance": 0,[90m
[31m+       "currency": "GBP",[90m
[31m+       "id": "1",[90m
[31m+       "institution": "Natwest",[90m
[31m+       "lastUpdated": 2025-01-20T10:00:00.000Z,[90m
[31m+       "name": "Natwest Current Account",[90m
[31m+       "openingBalance": 0,[90m
[31m+       "openingBalanceDate": 2024-07-01T00:00:00.000Z,[90m
[31m+       "type": "current",[90m
[31m+     },[90m
[31m+     {[90m
[31m+       "balance": 0,[90m
[31m+       "currency": "GBP",[90m
[31m+       "id": "2",[90m
[31m+       "institution": "Monzo",[90m
[31m+       "lastUpdated": 2025-01-20T10:00:00.000Z,[90m
[31m+       "name": "Monzo Current Account",[90m
[31m+       "openingBalance": 0,[90m
[31m+       "openingBalanceDate": 2024-07-01T00:00:00.000Z,[90m
[2m        "type": "current",[22m
[32m-       "updatedAt": 2025-01-20T00:00:00.000Z,[90m
[31m+     },[90m
[31m+     {[90m
[31m+       "balance": 0,[90m
[31m+       "currency": "GBP",[90m
[31m+       "id": "3",[90m
[31m+       "institution": "Natwest",[90m
[31m+       "lastUpdated": 2025-01-20T10:00:00.000Z,[90m
[31m+       "name": "Natwest Savings Account",[90m
[31m+       "openingBalance": 0,[90m
[31m+       "openingBalanceDate": 2024-07-01T00:00:00.000Z,[90m
[31m+       "type": "savings",[90m
[31m+     },[90m
[31m+     {[90m
[31m+       "balance": 0,[90m
[31m+       "currency": "GBP",[90m
[31m+       "id": "4",[90m
[31m+       "institution": "NS&I",[90m
[31m+       "lastUpdated": 2025-01-20T10:00:00.000Z,[90m
[31m+       "name": "NS&I Premium Bonds",[90m
[31m+       "openingBalance": 0,[90m
[31m+       "openingBalanceDate": 2024-07-01T00:00:00.000Z,[90m
[31m+       "type": "savings",[90m
[31m+     },[90m
[31m+     {[90m
[31m+       "balance": 0,[90m
[31m+       "currency": "GBP",[90m
[31m+       "id": "5",[90m
[31m+       "institution": "Natwest",[90m
[31m+       "lastUpdated": 2025-01-20T10:00:00.000Z,[90m
[31m+       "name": "Natwest Credit Card",[90m
[31m+       "openingBalance": 0,[90m
[31m+       "openingBalanceDate": 2024-07-01T00:00:00.000Z,[90m
[31m+       "type": "credit",[90m
[31m+     },[90m
[31m+     {[90m
[31m+       "balance": 0,[90m
[31m+       "currency": "GBP",[90m
[31m+       "id": "6",[90m
[31m+       "institution": "American Express",[90m
[31m+       "lastUpdated": 2025-01-20T10:00:00.000Z,[90m
[31m+       "name": "American Express Gold",[90m
[31m+       "openingBalance": 0,[90m
[31m+       "openingBalanceDate": 2024-07-01T00:00:00.000Z,[90m
[31m+       "type": "credit",[90m
[31m+     },[90m
[31m+     {[90m
[31m+       "balance": 0,[90m
[31m+       "currency": "GBP",[90m
[31m+       "id": "7",[90m
[31m+       "institution": "Natwest",[90m
[31m+       "lastUpdated": 2025-01-20T10:00:00.000Z,[90m
[31m+       "name": "Natwest Personal Loan",[90m
[31m+       "openingBalance": 0,[90m
[31m+       "openingBalanceDate": 2024-07-01T00:00:00.000Z,[90m
[31m+       "type": "loan",[90m
[31m+     },[90m
[31m+     {[90m
[31m+       "balance": 0,[90m
[31m+       "currency": "GBP",[90m
[31m+       "id": "8",[90m
[31m+       "institution": "Natwest",[90m
[31m+       "lastUpdated": 2025-01-20T10:00:00.000Z,[90m
[31m+       "name": "Natwest Mortgage",[90m
[31m+       "openingBalance": 0,[90m
[31m+       "openingBalanceDate": 2024-07-01T00:00:00.000Z,[90m
[31m+       "type": "mortgage",[90m
[31m+     },[90m
[31m+     {[90m
[31m+       "balance": 0,[90m
[31m+       "currency": "GBP",[90m
[31m+       "holdings": [[90m
[31m+         {[90m
[31m+           "averageCost": 0.54,[90m
[31m+           "currency": "GBP",[90m
[31m+           "currentPrice": 0.56,[90m
[31m+           "gain": 400.0000000000018,[90m
[31m+           "gainPercent": 3.703703703703721,[90m
[31m+           "lastUpdated": 2025-01-20T10:00:00.000Z,[90m
[31m+           "marketValue": 11200.000000000002,[90m
[31m+           "name": "Lloyds Banking Group",[90m
[31m+           "shares": 20000,[90m
[31m+           "ticker": "LLOY.L",[90m
[31m+           "value": 10800,[90m
[31m+         },[90m
[31m+         {[90m
[31m+           "averageCost": 2.1,[90m
[31m+           "currency": "GBP",[90m
[31m+           "currentPrice": 2.15,[90m
[31m+           "gain": 150,[90m
[31m+           "gainPercent": 2.380952380952381,[90m
[31m+           "lastUpdated": 2025-01-20T10:00:00.000Z,[90m
[31m+           "marketValue": 6450,[90m
[31m+           "name": "Barclays",[90m
[31m+           "shares": 3000,[90m
[31m+           "ticker": "BARC.L",[90m
[31m+           "value": 6300,[90m
[31m+         },[90m
[31m+         {[90m
[31m+           "averageCost": 4.85,[90m
[31m+           "currency": "GBP",[90m
[31m+           "currentPrice": 4.9,[90m
[31m+           "gain": 100,[90m
[31m+           "gainPercent": 1.0309278350515463,[90m
[31m+           "lastUpdated": 2025-01-20T10:00:00.000Z,[90m
[31m+           "marketValue": 9800,[90m
[31m+           "name": "BP",[90m
[31m+           "shares": 2000,[90m
[31m+           "ticker": "BP.L",[90m
[31m+           "value": 9700,[90m
[31m+         },[90m
[31m+         {[90m
[31m+           "averageCost": 16.5,[90m
[31m+           "currency": "GBP",[90m
[31m+           "currentPrice": 16.75,[90m
[31m+           "gain": 200,[90m
[31m+           "gainPercent": 1.5151515151515151,[90m
[31m+           "lastUpdated": 2025-01-20T10:00:00.000Z,[90m
[31m+           "marketValue": 13400,[90m
[31m+           "name": "GlaxoSmithKline",[90m
[31m+           "shares": 800,[90m
[31m+           "ticker": "GSK.L",[90m
[31m+           "value": 13200,[90m
[31m+         },[90m
[31m+         {[90m
[31m+           "averageCost": 154.72,[90m
[31m+           "currency": "GBP",[90m
[31m+           "currentPrice": 158.5,[90m
[31m+           "gain": 378,[90m
[31m+           "gainPercent": 2.4431230610134436,[90m
[31m+           "lastUpdated": 2025-01-20T10:00:00.000Z,[90m
[31m+           "marketValue": 15850,[90m
[31m+           "name": "Apple Inc",[90m
[31m+           "shares": 100,[90m
[31m+           "ticker": "AAPL",[90m
[31m+           "value": 15472,[90m
[31m+         },[90m
[31m+         {[90m
[31m+           "averageCost": 355.9,[90m
[31m+           "currency": "GBP",[90m
[31m+           "currentPrice": 365,[90m
[31m+           "gain": 455,[90m
[31m+           "gainPercent": 2.5568980050576005,[90m
[31m+           "lastUpdated": 2025-01-20T10:00:00.000Z,[90m
[31m+           "marketValue": 18250,[90m
[31m+           "name": "Microsoft Corp",[90m
[31m+           "shares": 50,[90m
[31m+           "ticker": "MSFT",[90m
[31m+           "value": 17795,[90m
[31m+         },[90m
[31m+         {[90m
[31m+           "averageCost": 142.52,[90m
[31m+           "currency": "GBP",[90m
[31m+           "currentPrice": 145,[90m
[31m+           "gain": 247.99999999999818,[90m
[31m+           "gainPercent": 1.7401066516979944,[90m
[31m+           "lastUpdated": 2025-01-20T10:00:00.000Z,[90m
[31m+           "marketValue": 14500,[90m
[31m+           "name": "Alphabet Inc",[90m
[31m+           "shares": 100,[90m
[31m+           "ticker": "GOOGL",[90m
[31m+           "value": 14252.000000000002,[90m
[31m+         },[90m
[31m+         {[90m
[31m+           "averageCost": 96.06,[90m
[31m+           "currency": "GBP",[90m
[31m+           "currentPrice": 98.5,[90m
[31m+           "gain": 244,[90m
[31m+           "gainPercent": 2.540079117218405,[90m
[31m+           "lastUpdated": 2025-01-20T10:00:00.000Z,[90m
[31m+           "marketValue": 9850,[90m
[31m+           "name": "NVIDIA Corp",[90m
[31m+           "shares": 100,[90m
[31m+           "ticker": "NVDA",[90m
[31m+           "value": 9606,[90m
[31m+         },[90m
[31m+         {[90m
[31m+           "averageCost": 108.5,[90m
[31m+           "currency": "GBP",[90m
[31m+           "currentPrice": 110,[90m
[31m+           "gain": 375,[90m
[31m+           "gainPercent": 1.3824884792626728,[90m
[31m+           "lastUpdated": 2025-01-20T10:00:00.000Z,[90m
[31m+           "marketValue": 27500,[90m
[31m+           "name": "Vanguard FTSE All-World ETF",[90m
[31m+           "shares": 250,[90m
[31m+           "ticker": "VWRL",[90m
[31m+           "value": 27125,[90m
[31m+         },[90m
[31m+         {[90m
[31m+           "averageCost": 8.45,[90m
[31m+           "currency": "GBP",[90m
[31m+           "currentPrice": 8.6,[90m
[31m+           "gain": 300,[90m
[31m+           "gainPercent": 1.7751479289940828,[90m
[31m+           "lastUpdated": 2025-01-20T10:00:00.000Z,[90m
[31m+           "marketValue": 17200,[90m
[31m+           "name": "Scottish Mortgage Trust",[90m
[31m+           "shares": 2000,[90m
[31m+           "ticker": "SMT",[90m
[31m+           "value": 16900,[90m
[31m+         },[90m
[31m+         {[90m
[31m+           "averageCost": 4.25,[90m
[31m+           "currency": "GBP",[90m
[31m+           "currentPrice": 4.3,[90m
[31m+           "gain": 75,[90m
[31m+           "gainPercent": 1.1764705882352942,[90m
[31m+           "lastUpdated": 2025-01-20T10:00:00.000Z,[90m
[31m+           "marketValue": 6450,[90m
[31m+           "name": "City of London Investment Trust",[90m
[31m+           "shares": 1500,[90m
[31m+           "ticker": "CTY",[90m
[31m+           "value": 6375,[90m
[31m+         },[90m
[31m+       ],[90m
[31m+       "id": "9",[90m
[31m+       "institution": "Hargreaves Lansdown",[90m
[31m+       "lastUpdated": 2025-01-20T10:00:00.000Z,[90m
[31m+       "name": "Hargreaves Lansdown SIPP",[90m
[31m+       "openingBalance": 0,[90m
[31m+       "openingBalanceDate": 2024-07-01T00:00:00.000Z,[90m
[31m+       "type": "investment",[90m
[31m+     },[90m
[31m+     {[90m
[31m+       "balance": 0,[90m
[31m+       "currency": "GBP",[90m
[31m+       "id": "10",[90m
[31m+       "institution": "Hargreaves Lansdown",[90m
[31m+       "lastUpdated": 2025-01-20T10:00:00.000Z,[90m
[31m+       "name": "Hargreaves Lansdown ISA",[90m
[31m+       "openingBalance": 0,[90m
[31m+       "openingBalanceDate": 2024-07-01T00:00:00.000Z,[90m
[31m+       "type": "investment",[90m
[2m      },[22m
[2m      {[22m
[2m        "balance": 10000,[22m
[32m-       "createdAt": 2024-01-01T00:00:00.000Z,[90m
[32m-       "id": "acc-2",[90m
[32m-       "name": "Savings",[90m
[32m-       "type": "savings",[90m
[32m-       "updatedAt": 2025-01-20T00:00:00.000Z,[90m
[31m+       "currency": "GBP",[90m
[31m+       "id": "11",[90m
[31m+       "institution": "City Trading",[90m
[31m+       "lastUpdated": 2025-01-20T10:00:00.000Z,[90m
[31m+       "name": "City Trader Account",[90m
[31m+       "openingBalance": 10000,[90m
[31m+       "openingBalanceDate": 2024-07-01T00:00:00.000Z,[90m
[31m+       "type": "investment",[90m
[31m+     },[90m
[31m+     {[90m
[31m+       "balance": 0,[90m
[31m+       "currency": "GBP",[90m
[31m+       "id": "12",[90m
[31m+       "institution": "Property",[90m
[31m+       "lastUpdated": 2025-01-20T10:00:00.000Z,[90m
[31m+       "name": "Primary Residence",[90m
[31m+       "openingBalance": 0,[90m
[31m+       "openingBalanceDate": 2024-07-01T00:00:00.000Z,[90m
[31m+       "type": "asset",[90m
[2m      },[22m
[2m    ],[22m
[2m    [[22m
[31m+     {[90m
[31m+       "accountId": "8",[90m
[31m+       "amount": -200000,[90m
[31m+       "category": "transfer",[90m
[31m+       "cleared": true,[90m
[31m+       "date": 2024-07-01T00:00:00.000Z,[90m
[31m+       "description": "Mortgage Loan",[90m
[31m+       "id": "t1",[90m
[31m+       "type": "transfer",[90m
[31m+     },[90m
[31m+     {[90m
[31m+       "accountId": "12",[90m
[31m+       "amount": 200000,[90m
[31m+       "category": "transfer",[90m
[31m+       "cleared": true,[90m
[31m+       "date": 2024-07-01T00:00:00.000Z,[90m
[31m+       "description": "Mortgage Loan",[90m
[31m+       "id": "t2",[90m
[31m+       "type": "transfer",[90m
[31m+     },[90m
[31m+     {[90m
[31m+       "accountId": "7",[90m
[31m+       "amount": -50000,[90m
[31m+       "category": "transfer",[90m
[31m+       "cleared": true,[90m
[31m+       "date": 2024-07-01T00:00:00.000Z,[90m
[31m+       "description": "Personal Loan",[90m
[31m+       "id": "t3",[90m
[31m+       "type": "transfer",[90m
[31m+     },[90m
[31m+     {[90m
[31m+       "accountId": "1",[90m
[31m+       "amount": 50000,[90m
[31m+       "category": "transfer",[90m
[31m+       "cleared": true,[90m
[31m+       "date": 2024-07-01T00:00:00.000Z,[90m
[31m+       "description": "Personal Loan",[90m
[31m+       "id": "t4",[90m
[31m+       "type": "transfer",[90m
[31m+     },[90m
[31m+     {[90m
[31m+       "accountId": "1",[90m
[31m+       "amount": -20000,[90m
[31m+       "category": "transfer",[90m
[31m+       "cleared": true,[90m
[31m+       "date": 2024-07-01T00:00:00.000Z,[90m
[31m+       "description": "House Deposit",[90m
[31m+       "id": "t5",[90m
[31m+       "type": "transfer",[90m
[31m+     },[90m
[31m+     {[90m
[31m+       "accountId": "12",[90m
[31m+       "amount": 20000,[90m
[31m+       "category": "transfer",[90m
[31m+       "cleared": true,[90m
[31m+       "date": 2024-07-01T00:00:00.000Z,[90m
[31m+       "description": "House Deposit",[90m
[31m+       "id": "t6",[90m
[31m+       "type": "transfer",[90m
[31m+     },[90m
[31m+     {[90m
[31m+       "accountId": "1",[90m
[31m+       "amount": -20000,[90m
[31m+       "category": "transfer",[90m
[31m+       "cleared": true,[90m
[31m+       "date": 2024-07-01T00:00:00.000Z,[90m
[31m+       "description": "Hargreaves ISA",[90m
[31m+       "id": "t7",[90m
[31m+       "type": "transfer",[90m
[31m+     },[90m
[31m+     {[90m
[31m+       "accountId": "10",[90m
[31m+       "amount": 20000,[90m
[31m+       "category": "transfer",[90m
[31m+       "cleared": true,[90m
[31m+       "date": 2024-07-01T00:00:00.000Z,[90m
[31m+       "description": "Hargreaves ISA",[90m
[31m+       "id": "t8",[90m
[31m+       "type": "transfer",[90m
[31m+     },[90m
[31m+     {[90m
[31m+       "accountId": "1",[90m
[31m+       "amount": -10000,[90m
[31m+       "category": "transfer",[90m
[31m+       "cleared": true,[90m
[31m+       "date": 2024-07-01T00:00:00.000Z,[90m
[31m+       "description": "NS&I Premium Bonds",[90m
[31m+       "id": "t9",[90m
[31m+       "type": "transfer",[90m
[31m+     },[90m
[31m+     {[90m
[31m+       "accountId": "4",[90m
[31m+       "amount": 10000,[90m
[31m+       "category": "transfer",[90m
[31m+       "cleared": true,[90m
[31m+       "date": 2024-07-01T00:00:00.000Z,[90m
[31m+       "description": "NS&I Premium Bonds",[90m
[31m+       "id": "t10",[90m
[31m+       "type": "transfer",[90m
[31m+     },[90m
[31m+     {[90m
[31m+       "accountId": "9",[90m
[31m+       "amount": -10878.95,[90m
[31m+       "category": "Investments",[90m
[31m+       "cleared": true,[90m
[31m+       "date": 2024-07-01T00:00:00.000Z,[90m
[31m+       "description": "Buy 20000 LLOY.L",[90m
[31m+       "id": "t11",[90m
[31m+       "investmentData": {[90m
[31m+         "pricePerShare": 0.54,[90m
[31m+         "quantity": 20000,[90m
[31m+         "stampDuty": 54,[90m
[31m+         "symbol": "LLOY.L",[90m
[31m+         "totalCost": 10878.95,[90m
[31m+         "transactionFee": 24.95,[90m
[31m+       },[90m
[31m+       "type": "expense",[90m
[31m+     },[90m
[31m+     {[90m
[31m+       "accountId": "9",[90m
[31m+       "amount": -6356.45,[90m
[31m+       "category": "Investments",[90m
[31m+       "cleared": true,[90m
[31m+       "date": 2024-07-01T00:00:00.000Z,[90m
[31m+       "description": "Buy 3000 BARC.L",[90m
[31m+       "id": "t12",[90m
[31m+       "investmentData": {[90m
[31m+         "pricePerShare": 2.1,[90m
[31m+         "quantity": 3000,[90m
[31m+         "stampDuty": 31.5,[90m
[31m+         "symbol": "BARC.L",[90m
[31m+         "totalCost": 6356.45,[90m
[31m+         "transactionFee": 24.95,[90m
[31m+       },[90m
[31m+       "type": "expense",[90m
[31m+     },[90m
[31m+     {[90m
[31m+       "accountId": "9",[90m
[31m+       "amount": -9773.45,[90m
[31m+       "category": "Investments",[90m
[31m+       "cleared": true,[90m
[31m+       "date": 2024-07-01T00:00:00.000Z,[90m
[31m+       "description": "Buy 2000 BP.L",[90m
[31m+       "id": "t13",[90m
[31m+       "investmentData": {[90m
[31m+         "pricePerShare": 4.85,[90m
[31m+         "quantity": 2000,[90m
[31m+         "stampDuty": 48.5,[90m
[31m+         "symbol": "BP.L",[90m
[31m+         "totalCost": 9773.45,[90m
[31m+         "transactionFee": 24.95,[90m
[31m+       },[90m
[31m+       "type": "expense",[90m
[31m+     },[90m
[31m+     {[90m
[31m+       "accountId": "9",[90m
[31m+       "amount": -13290.95,[90m
[31m+       "category": "Investments",[90m
[31m+       "cleared": true,[90m
[31m+       "date": 2024-07-01T00:00:00.000Z,[90m
[31m+       "description": "Buy 800 GSK.L",[90m
[31m+       "id": "t14",[90m
[31m+       "investmentData": {[90m
[31m+         "pricePerShare": 16.5,[90m
[31m+         "quantity": 800,[90m
[31m+         "stampDuty": 66,[90m
[31m+         "symbol": "GSK.L",[90m
[31m+         "totalCost": 13290.95,[90m
[31m+         "transactionFee": 24.95,[90m
[31m+       },[90m
[31m+       "type": "expense",[90m
[31m+     },[90m
[31m+     {[90m
[31m+       "accountId": "9",[90m
[31m+       "amount": -15496.95,[90m
[31m+       "category": "Investments",[90m
[31m+       "cleared": true,[90m
[31m+       "date": 2024-07-01T00:00:00.000Z,[90m
[31m+       "description": "Buy 100 AAPL",[90m
[31m+       "id": "t15",[90m
[31m+       "investmentData": {[90m
[31m+         "pricePerShare": 154.72,[90m
[31m+         "quantity": 100,[90m
[31m+         "stampDuty": 0,[90m
[31m+         "symbol": "AAPL",[90m
[31m+         "totalCost": 15496.95,[90m
[31m+         "transactionFee": 24.95,[90m
[31m+       },[90m
[31m+       "type": "expense",[90m
[31m+     },[90m
[31m+     {[90m
[31m+       "accountId": "9",[90m
[31m+       "amount": -17819.95,[90m
[31m+       "category": "Investments",[90m
[31m+       "cleared": true,[90m
[31m+       "date": 2024-07-01T00:00:00.000Z,[90m
[31m+       "description": "Buy 50 MSFT",[90m
[31m+       "id": "t16",[90m
[31m+       "investmentData": {[90m
[31m+         "pricePerShare": 355.9,[90m
[31m+         "quantity": 50,[90m
[31m+         "stampDuty": 0,[90m
[31m+         "symbol": "MSFT",[90m
[31m+         "totalCost": 17819.95,[90m
[31m+         "transactionFee": 24.95,[90m
[31m+       },[90m
[31m+       "type": "expense",[90m
[31m+     },[90m
[31m+     {[90m
[31m+       "accountId": "9",[90m
[31m+       "amount": -14276.950000000003,[90m
[31m+       "category": "Investments",[90m
[31m+       "cleared": true,[90m
[31m+       "date": 2024-07-01T00:00:00.000Z,[90m
[31m+       "description": "Buy 100 GOOGL",[90m
[31m+       "id": "t17",[90m
[31m+       "investmentData": {[90m
[31m+         "pricePerShare": 142.52,[90m
[31m+         "quantity": 100,[90m
[31m+         "stampDuty": 0,[90m
[31m+         "symbol": "GOOGL",[90m
[31m+         "totalCost": 14276.950000000003,[90m
[31m+         "transactionFee": 24.95,[90m
[31m+       },[90m
[31m+       "type": "expense",[90m
[31m+     },[90m
[31m+     {[90m
[31m+       "accountId": "9",[90m
[31m+       "amount": -9630.95,[90m
[31m+       "category": "Investments",[90m
[31m+       "cleared": true,[90m
[31m+       "date": 2024-07-01T00:00:00.000Z,[90m
[31m+       "description": "Buy 100 NVDA",[90m
[31m+       "id": "t18",[90m
[31m+       "investmentData": {[90m
[31m+         "pricePerShare": 96.06,[90m
[31m+         "quantity": 100,[90m
[31m+         "stampDuty": 0,[90m
[31m+         "symbol": "NVDA",[90m
[31m+         "totalCost": 9630.95,[90m
[31m+         "transactionFee": 24.95,[90m
[31m+       },[90m
[31m+       "type": "expense",[90m
[31m+     },[90m
[31m+     {[90m
[31m+       "accountId": "9",[90m
[31m+       "amount": -27149.95,[90m
[31m+       "category": "Investments",[90m
[31m+       "cleared": true,[90m
[31m+       "date": 2024-07-01T00:00:00.000Z,[90m
[31m+       "description": "Buy 250 VWRL",[90m
[31m+       "id": "t19",[90m
[31m+       "investmentData": {[90m
[31m+         "pricePerShare": 108.5,[90m
[31m+         "quantity": 250,[90m
[31m+         "stampDuty": 0,[90m
[31m+         "symbol": "VWRL",[90m
[31m+         "totalCost": 27149.95,[90m
[31m+         "transactionFee": 24.95,[90m
[31m+       },[90m
[31m+       "type": "expense",[90m
[31m+     },[90m
[31m+     {[90m
[31m+       "accountId": "9",[90m
[31m+       "amount": -16924.95,[90m
[31m+       "category": "Investments",[90m
[31m+       "cleared": true,[90m
[31m+       "date": 2024-07-01T00:00:00.000Z,[90m
[31m+       "description": "Buy 2000 SMT",[90m
[31m+       "id": "t20",[90m
[31m+       "investmentData": {[90m
[31m+         "pricePerShare": 8.45,[90m
[31m+         "quantity": 2000,[90m
[31m+         "stampDuty": 0,[90m
[31m+         "symbol": "SMT",[90m
[31m+         "totalCost": 16924.95,[90m
[31m+         "transactionFee": 24.95,[90m
[31m+       },[90m
[31m+       "type": "expense",[90m
[31m+     },[90m
[31m+     {[90m
[31m+       "accountId": "9",[90m
[31m+       "amount": -6399.95,[90m
[31m+       "category": "Investments",[90m
[31m+       "cleared": true,[90m
[31m+       "date": 2024-07-01T00:00:00.000Z,[90m
[31m+       "description": "Buy 1500 CTY",[90m
[31m+       "id": "t21",[90m
[31m+       "investmentData": {[90m
[31m+         "pricePerShare": 4.25,[90m
[31m+         "quantity": 1500,[90m
[31m+         "stampDuty": 0,[90m
[31m+         "symbol": "CTY",[90m
[31m+         "totalCost": 6399.95,[90m
[31m+         "transactionFee": 24.95,[90m
[31m+       },[90m
[31m+       "type": "expense",[90m
[31m+     },[90m
[31m+     {[90m
[31m+       "accountId": "1",[90m
[31m+       "amount": 6000,[90m
[31m+       "category": "Salary",[90m
[31m+       "cleared": true,[90m
[31m+       "date": 2024-06-30T23:00:00.000Z,[90m
[31m+       "description": "Monthly Salary",[90m
[31m+       "id": "t22",[90m
[31m+       "type": "income",[90m
[31m+     },[90m
[31m+     {[90m
[31m+       "accountId": "1",[90m
[31m+       "amount": -1200,[90m
[31m+       "category": "transfer",[90m
[31m+       "cleared": true,[90m
[31m+       "date": 2024-06-30T23:00:00.000Z,[90m
[31m+       "description": "Mortgage Payment",[90m
[31m+       "id": "t23",[90m
[31m+       "type": "transfer",[90m
[31m+     },[90m
[31m+     {[90m
[31m+       "accountId": "8",[90m
[31m+       "amount": 1200,[90m
[31m+       "category": "transfer",[90m
[31m+       "cleared": true,[90m
[31m+       "date": 2024-06-30T23:00:00.000Z,[90m
[31m+       "description": "Mortgage Payment",[90m
[31m+       "id": "t24",[90m
[31m+       "type": "transfer",[90m
[31m+     },[90m
[31m+     {[90m
[31m+       "accountId": "1",[90m
[31m+       "amount": -180,[90m
[31m+       "category": "Bills",[90m
[31m+       "cleared": true,[90m
[31m+       "date": 2024-06-30T23:00:00.000Z,[90m
[31m+       "description": "Council Tax",[90m
[31m+       "id": "t25",[90m
[31m+       "type": "expense",[90m
[31m+     },[90m
[31m+     {[90m
[31m+       "accountId": "1",[90m
[31m+       "amount": -150,[90m
[31m+       "category": "Utilities",[90m
[31m+       "cleared": true,[90m
[31m+       "date": 2024-06-30T23:00:00.000Z,[90m
[31m+       "description": "Gas & Electric",[90m
[31m+       "id": "t26",[90m
[31m+       "type": "expense",[90m
[31m+     },[90m
[31m+     {[90m
[31m+       "accountId": "1",[90m
[31m+       "amount": -45,[90m
[31m+       "category": "Utilities",[90m
[31m+       "cleared": true,[90m
[31m+       "date": 2024-06-30T23:00:00.000Z,[90m
[31m+       "description": "Water Bill",[90m
[31m+       "id": "t27",[90m
[31m+       "type": "expense",[90m
[31m+     },[90m
[31m+     {[90m
[31m+       "accountId": "1",[90m
[31m+       "amount": -55,[90m
[31m+       "category": "Utilities",[90m
[31m+       "cleared": true,[90m
[31m+       "date": 2024-06-30T23:00:00.000Z,[90m
[31m+       "description": "Internet & Phone",[90m
[31m+       "id": "t28",[90m
[31m+       "type": "expense",[90m
[31m+     },[90m
[31m+     {[90m
[31m+       "accountId": "1",[90m
[31m+       "amount": -35,[90m
[31m+       "category": "Bills",[90m
[31m+       "cleared": true,[90m
[31m+       "date": 2024-06-30T23:00:00.000Z,[90m
[31m+       "description": "Mobile Phone",[90m
[31m+       "id": "t29",[90m
[31m+       "type": "expense",[90m
[31m+     },[90m
[31m+     {[90m
[31m+       "accountId": "1",[90m
[31m+       "amount": -65,[90m
[31m+       "category": "Insurance",[90m
[31m+       "cleared": true,[90m
[31m+       "date": 2024-06-30T23:00:00.000Z,[90m
[31m+       "description": "Home Insurance",[90m
[31m+       "id": "t30",[90m
[31m+       "type": "expense",[90m
[31m+     },[90m
[31m+     {[90m
[31m+       "accountId": "1",[90m
[31m+       "amount": -45,[90m
[31m+       "category": "Insurance",[90m
[31m+       "cleared": true,[90m
[31m+       "date": 2024-06-30T23:00:00.000Z,[90m
[31m+       "description": "Life Insurance",[90m
[31m+       "id": "t31",[90m
[31m+       "type": "expense",[90m
[31m+     },[90m
[31m+     {[90m
[31m+       "accountId": "1",[90m
[31m+       "amount": -85,[90m
[31m+       "category": "Insurance",[90m
[31m+       "cleared": true,[90m
[31m+       "date": 2024-06-30T23:00:00.000Z,[90m
[31m+       "description": "Car Insurance",[90m
[31m+       "id": "t32",[90m
[31m+       "type": "expense",[90m
[31m+     },[90m
[31m+     {[90m
[31m+       "accountId": "1",[90m
[31m+       "amount": -55,[90m
[31m+       "category": "Health & Fitness",[90m
[31m+       "cleared": true,[90m
[31m+       "date": 2024-06-30T23:00:00.000Z,[90m
[31m+       "description": "Gym Membership",[90m
[31m+       "id": "t33",[90m
[31m+       "type": "expense",[90m
[31m+     },[90m
[31m+     {[90m
[31m+       "accountId": "6",[90m
[31m+       "amount": -7.18,[90m
[31m+       "category": "Coffee Shops",[90m
[31m+       "cleared": true,[90m
[31m+       "date": 2024-06-30T23:00:00.000Z,[90m
[31m+       "description": "Pret",[90m
[31m+       "id": "t34",[90m
[31m+       "type": "expense",[90m
[31m+     },[90m
[31m+     {[90m
[31m+       "accountId": "5",[90m
[31m+       "amount": -80.26,[90m
[31m+       "category": "Dining Out",[90m
[31m+       "cleared": true,[90m
[31m+       "date": 2024-07-02T23:00:00.000Z,[90m
[31m+       "description": "Nando's",[90m
[31m+       "id": "t35",[90m
[31m+       "type": "expense",[90m
[31m+     },[90m
[31m+     {[90m
[31m+       "accountId": "6",[90m
[31m+       "amount": -48.65,[90m
[31m+       "category": "Transport",[90m
[31m+       "cleared": true,[90m
[31m+       "date": 2024-07-02T23:00:00.000Z,[90m
[31m+       "description": "Addison Lee",[90m
[31m+       "id": "t36",[90m
[31m+       "type": "expense",[90m
[31m+     },[90m
[31m+     {[90m
[31m+       "accountId": "6",[90m
[31m+       "amount": -7.52,[90m
[31m+       "category": "Coffee Shops",[90m
[31m+       "cleared": true,[90m
[31m+       "date": 2024-07-02T23:00:00.000Z,[90m
[31m+       "description": "Pret",[90m
[31m+       "id": "t37",[90m
[31m+       "type": "expense",[90m
[31m+     },[90m
[31m+     {[90m
[31m+       "accountId": "6",[90m
[31m+       "amount": -48.7,[90m
[31m+       "category": "Groceries",[90m
[31m+       "cleared": true,[90m
[31m+       "date": 2024-07-03T23:00:00.000Z,[90m
[31m+       "description": "Sainsbury's",[90m
[31m+       "id": "t38",[90m
[31m+       "type": "expense",[90m
[31m+     },[90m
[31m+     {[90m
[31m+       "accountId": "6",[90m
[31m+       "amount": -6.76,[90m
[31m+       "category": "Coffee Shops",[90m
[31m+       "cleared": true,[90m
[31m+       "date": 2024-07-03T23:00:00.000Z,[90m
[31m+       "description": "Pret",[90m
[31m+       "id": "t39",[90m
[31m+       "type": "expense",[90m
[31m+     },[90m
[31m+     {[90m
[31m+       "accountId": "6",[90m
[31m+       "amount": -19.63,[90m
[31m+       "category": "Subscriptions",[90m
[31m+       "cleared": true,[90m
[31m+       "date": 2024-07-03T23:00:00.000Z,[90m
[31m+       "description": "Apple Music",[90m
[31m+       "id": "t40",[90m
[31m+       "type": "expense",[90m
[31m+     },[90m
[31m+     {[90m
[31m+       "accountId": "5",[90m
[31m+       "amount": -75.18,[90m
[31m+       "category": "Groceries",[90m
[31m+       "cleared": true,[90m
[31m+       "date": 2024-07-05T23:00:00.000Z,[90m
[31m+       "description": "Lidl",[90m
[31m+       "id": "t41",[90m
[31m+       "type": "expense",[90m
[31m+     },[90m
[31m+     {[90m
[31m+       "accountId": "6",[90m
[31m+       "amount": -96.6,[90m
[31m+       "category": "Dining Out",[90m
[31m+       "cleared": true,[90m
[31m+       "date": 2024-07-05T23:00:00.000Z,[90m
[31m+       "description": "The Ivy",[90m
[31m+       "id": "t42",[90m
[31m+       "type": "expense",[90m
[31m+     },[90m
[31m+     {[90m
[31m+       "accountId": "6",[90m
[31m+       "amount": -38.22,[90m
[31m+       "category": "Transport",[90m
[31m+       "cleared": true,[90m
[31m+       "date": 2024-07-05T23:00:00.000Z,[90m
[31m+       "description": "Addison Lee",[90m
[31m+       "id": "t43",[90m
[31m+       "type": "expense",[90m
[31m+     },[90m
[31m+     {[90m
[31m+       "accountId": "5",[90m
[31m+       "amount": -61.41,[90m
[31m+       "category": "Online Shopping",[90m
[31m+       "cleared": true,[90m
[31m+       "date": 2024-07-05T23:00:00.000Z,[90m
[31m+       "description": "Currys",[90m
[31m+       "id": "t44",[90m
[31m+       "type": "expense",[90m
[31m+     },[90m
[31m+     {[90m
[31m+       "accountId": "6",[90m
[31m+       "amount": -4.4,[90m
[31m+       "category": "Coffee Shops",[90m
[31m+       "cleared": true,[90m
[31m+       "date": 2024-07-05T23:00:00.000Z,[90m
[31m+       "description": "Gail's",[90m
[31m+       "id": "t45",[90m
[31m+       "type": "expense",[90m
[31m+     },[90m
[31m+     {[90m
[31m+       "accountId": "5",[90m
[31m+       "amount": -66.04,[90m
[31m+       "category": "Groceries",[90m
[31m+       "cleared": true,[90m
[31m+       "date": 2024-07-06T23:00:00.000Z,[90m
[31m+       "description": "ASDA",[90m
[31m+       "id": "t46",[90m
[31m+       "type": "expense",[90m
[31m+     },[90m
[31m+     {[90m
[31m+       "accountId": "6",[90m
[31m+       "amount": -47.71,[90m
[31m+       "category": "Dining Out",[90m
[31m+       "cleared": true,[90m
[31m+       "date": 2024-07-06T23:00:00.000Z,[90m
[31m+       "description": "Dishoom",[90m
[31m+       "id": "t47",[90m
[31m+       "type": "expense",[90m
[31m+     },[90m
[31m+     {[90m
[31m+       "accountId": "5",[90m
[31m+       "amount": -46.82,[90m
[31m+       "category": "Transport",[90m
[31m+       "cleared": true,[90m
[31m+       "date": 2024-07-06T23:00:00.000Z,[90m
[31m+       "description": "Addison Lee",[90m
[31m+       "id": "t48",[90m
[31m+       "type": "expense",[90m
[31m+     },[90m
[31m+     {[90m
[31m+       "accountId": "6",[90m
[31m+       "amount": -78.28,[90m
[31m+       "category": "Shopping",[90m
[31m+       "cleared": true,[90m
[31m+       "date": 2024-07-06T23:00:00.000Z,[90m
[31m+       "description": "John Lewis",[90m
[31m+       "id": "t49",[90m
[31m+       "type": "expense",[90m
[31m+     },[90m
[31m+     {[90m
[31m+       "accountId": "6",[90m
[31m+       "amount": -69.53,[90m
[31m+       "category": "Entertainment",[90m
[31m+       "cleared": true,[90m
[31m+       "date": 2024-07-06T23:00:00.000Z,[90m
[31m+       "description": "O2 Arena",[90m
[31m+       "id": "t50",[90m
[31m+       "type": "expense",[90m
[31m+     },[90m
[31m+     {[90m
[31m+       "accountId": "6",[90m
[31m+       "amount": -32.79,[90m
[31m+       "category": "Online Shopping",[90m
[31m+       "cleared": true,[90m
[31m+       "date": 2024-07-06T23:00:00.000Z,[90m
[31m+       "description": "Argos",[90m
[31m+       "id": "t51",[90m
[31m+       "type": "expense",[90m
[31m+     },[90m
[31m+     {[90m
[31m+       "accountId": "6",[90m
[31m+       "amount": -7.16,[90m
[31m+       "category": "Coffee Shops",[90m
[31m+       "cleared": true,[90m
[31m+       "date": 2024-07-07T23:00:00.000Z,[90m
[31m+       "description": "Nero",[90m
[31m+       "id": "t52",[90m
[31m+       "type": "expense",[90m
[31m+     },[90m
[31m+     {[90m
[31m+       "accountId": "5",[90m
[31m+       "amount": -44.56,[90m
[31m+       "category": "Groceries",[90m
[31m+       "cleared": true,[90m
[31m+       "date": 2024-07-08T23:00:00.000Z,[90m
[31m+       "description": "Aldi",[90m
[31m+       "id": "t53",[90m
[31m+       "type": "expense",[90m
[31m+     },[90m
[31m+     {[90m
[31m+       "accountId": "5",[90m
[31m+       "amount": -6.17,[90m
[31m+       "category": "Coffee Shops",[90m
[31m+       "cleared": true,[90m
[31m+       "date": 2024-07-08T23:00:00.000Z,[90m
[31m+       "description": "Gail's",[90m
[31m+       "id": "t54",[90m
[31m+       "type": "expense",[90m
[31m+     },[90m
[31m+     {[90m
[31m+       "accountId": "5",[90m
[31m+       "amount": -30.07,[90m
[31m+       "category": "Dining Out",[90m
[31m+       "cleared": true,[90m
[31m+       "date": 2024-07-09T23:00:00.000Z,[90m
[31m+       "description": "The Ivy",[90m
[31m+       "id": "t55",[90m
[31m+       "type": "expense",[90m
[31m+     },[90m
[31m+     {[90m
[31m+       "accountId": "6",[90m
[31m+       "amount": -23.69,[90m
[31m+       "category": "Transport",[90m
[31m+       "cleared": true,[90m
[31m+       "date": 2024-07-09T23:00:00.000Z,[90m
[31m+       "description": "Addison Lee",[90m
[31m+       "id": "t56",[90m
[31m+       "type": "expense",[90m
[31m+     },[90m
[31m+     {[90m
[31m+       "accountId": "6",[90m
[31m+       "amount": -90.34,[90m
[31m+       "category": "Online Shopping",[90m
[31m+       "cleared": true,[90m
[31m+       "date": 2024-07-09T23:00:00.000Z,[90m
[31m+       "description": "Currys",[90m
[31m+       "id": "t57",[90m
[31m+       "type": "expense",[90m
[31m+     },[90m
[31m+     {[90m
[31m+       "accountId": "6",[90m
[31m+       "amount": -72.19,[90m
[31m+       "category": "Groceries",[90m
[31m+       "cleared": true,[90m
[31m+       "date": 2024-07-10T23:00:00.000Z,[90m
[31m+       "description": "Sainsbury's",[90m
[31m+       "id": "t58",[90m
[31m+       "type": "expense",[90m
[31m+     },[90m
[31m+     {[90m
[31m+       "accountId": "5",[90m
[31m+       "amount": -6.55,[90m
[31m+       "category": "Coffee Shops",[90m
[31m+       "cleared": true,[90m
[31m+       "date": 2024-07-10T23:00:00.000Z,[90m
[31m+       "description": "Costa",[90m
[31m+       "id": "t59",[90m
[31m+       "type": "expense",[90m
[31m+     },[90m
[31m+     {[90m
[31m+       "accountId": "6",[90m
[31m+       "amount": -5.97,[90m
[31m+       "category": "Coffee Shops",[90m
[31m+       "cleared": true,[90m
[31m+       "date": 2024-07-11T23:00:00.000Z,[90m
[31m+       "description": "Gail's",[90m
[31m+       "id": "t60",[90m
[31m+       "type": "expense",[90m
[31m+     },[90m
[31m+     {[90m
[31m+       "accountId": "5",[90m
[31m+       "amount": -6.6,[90m
[31m+       "category": "Coffee Shops",[90m
[31m+       "cleared": true,[90m
[31m+       "date": 2024-07-14T23:00:00.000Z,[90m
[31m+       "description": "Costa",[90m
[31m+       "id": "t61",[90m
[31m+       "type": "expense",[90m
[31m+     },[90m
[31m+     {[90m
[31m+       "accountId": "5",[90m
[31m+       "amount": -117.27,[90m
[31m+       "category": "Dining Out",[90m
[31m+       "cleared": true,[90m
[31m+       "date": 2024-07-16T23:00:00.000Z,[90m
[31m+       "description": "Pizza Express",[90m
[31m+       "id": "t62",[90m
[31m+       "type": "expense",[90m
[31m+     },[90m
[31m+     {[90m
[31m+       "accountId": "6",[90m
[31m+       "amount": -30.59,[90m
[31m+       "category": "Transport",[90m
[31m+       "cleared": true,[90m
[31m+       "date": 2024-07-16T23:00:00.000Z,[90m
[31m+       "description": "Citymapper",[90m
[31m+       "id": "t63",[90m
[31m+       "type": "expense",[90m
[31m+     },[90m
[31m+     {[90m
[31m+       "accountId": "5",[90m
[31m+       "amount": -120.4,[90m
[31m+       "category": "Online Shopping",[90m
[31m+       "cleared": true,[90m
[31m+       "date": 2024-07-16T23:00:00.000Z,[90m
[31m+       "description": "Apple Store",[90m
[31m+       "id": "t64",[90m
[31m+       "type": "expense",[90m
[31m+     },[90m
[31m+     {[90m
[31m+       "accountId": "5",[90m
[31m+       "amount": -5.86,[90m
[31m+       "category": "Coffee Shops",[90m
[31m+       "cleared": true,[90m
[31m+       "date": 2024-07-16T23:00:00.000Z,[90m
[31m+       "description": "Pret",[90m
[31m+       "id": "t65",[90m
[31m+       "type": "expense",[90m
[31m+     },[90m
[2m      {[22m
[32m-       "accountId": "acc-1",[90m
[32m-       "amount": 3000,[90m
[32m-       "category": "salary",[90m
[32m-       "date": 2025-01-15T00:00:00.000Z,[90m
[32m-       "description": "Monthly salary",[90m
[32m-       "id": "tx-1",[90m
[32m-       "isReconciled": false,[90m
[32m-       "pending": false,[90m
[31m+       "accountId": "6",[90m
[31m+       "amount": -29.2,[90m
[31m+       "category": "Groceries",[90m
[31m+       "cleared": true,[90m
[31m+       "date": 2024-07-17T23:00:00.000Z,[90m
[31m+       "description": "ASDA",[90m
[31m+       "id": "t66",[90m
[31m+       "type": "expense",[90m
[31m+     },[90m
[31m+     {[90m
[31m+       "accountId": "6",[90m
[31m+       "amount": -6.23,[90m
[31m+       "category": "Coffee Shops",[90m
[31m+       "cleared": true,[90m
[31m+       "date": 2024-07-17T23:00:00.000Z,[90m
[31m+       "description": "Nero",[90m
[31m+       "id": "t67",[90m
[31m+       "type": "expense",[90m
[31m+     },[90m
[31m+     {[90m
[31m+       "accountId": "6",[90m
[31m+       "amount": -7.11,[90m
[31m+       "category": "Coffee Shops",[90m
[31m+       "cleared": true,[90m
[31m+       "date": 2024-07-18T23:00:00.000Z,[90m
[31m+       "description": "Pret",[90m
[31m+       "id": "t68",[90m
[31m+       "type": "expense",[90m
[31m+     },[90m
[31m+     {[90m
[31m+       "accountId": "5",[90m
[31m+       "amount": -67.99,[90m
[31m+       "category": "Groceries",[90m
[31m+       "cleared": true,[90m
[31m+       "date": 2024-07-19T23:00:00.000Z,[90m
[31m+       "description": "Aldi",[90m
[31m+       "id": "t69",[90m
[31m+       "type": "expense",[90m
[31m+     },[90m
[31m+     {[90m
[31m+       "accountId": "5",[90m
[31m+       "amount": -38.15,[90m
[31m+       "category": "Dining Out",[90m
[31m+       "cleared": true,[90m
[31m+       "date": 2024-07-19T23:00:00.000Z,[90m
[31m+       "description": "The Ivy",[90m
[31m+       "id": "t70",[90m
[31m+       "type": "expense",[90m
[31m+     },[90m
[31m+     {[90m
[31m+       "accountId": "6",[90m
[31m+       "amount": -134.99,[90m
[31m+       "category": "Online Shopping",[90m
[31m+       "cleared": true,[90m
[31m+       "date": 2024-07-19T23:00:00.000Z,[90m
[31m+       "description": "Argos",[90m
[31m+       "id": "t71",[90m
[31m+       "type": "expense",[90m
[31m+     },[90m
[31m+     {[90m
[31m+       "accountId": "6",[90m
[31m+       "amount": -7.69,[90m
[31m+       "category": "Coffee Shops",[90m
[31m+       "cleared": true,[90m
[31m+       "date": 2024-07-19T23:00:00.000Z,[90m
[31m+       "description": "Starbucks",[90m
[31m+       "id": "t72",[90m
[31m+       "type": "expense",[90m
[31m+     },[90m
[31m+     {[90m
[31m+       "accountId": "5",[90m
[31m+       "amount": -25.55,[90m
[31m+       "category": "Groceries",[90m
[31m+       "cleared": true,[90m
[31m+       "date": 2024-07-20T23:00:00.000Z,[90m
[31m+       "description": "Waitrose",[90m
[31m+       "id": "t73",[90m
[31m+       "type": "expense",[90m
[31m+     },[90m
[31m+     {[90m
[31m+       "accountId": "6",[90m
[31m+       "amount": -55,[90m
[31m+       "category": "Dining Out",[90m
[31m+       "cleared": true,[90m
[31m+       "date": 2024-07-20T23:00:00.000Z,[90m
[31m+       "description": "The Ivy",[90m
[31m+       "id": "t74",[90m
[31m+       "type": "expense",[90m
[31m+     },[90m
[31m+     {[90m
[31m+       "accountId": "6",[90m
[31m+       "amount": -186.37,[90m
[31m+       "category": "Shopping",[90m
[31m+       "cleared": true,[90m
[31m+       "date": 2024-07-20T23:00:00.000Z,[90m
[31m+       "description": "John Lewis",[90m
[31m+       "id": "t75",[90m
[31m+       "type": "expense",[90m
[31m+     },[90m
[31m+     {[90m
[31m+       "accountId": "6",[90m
[31m+       "amount": -92.88,[90m
[31m+       "category": "Entertainment",[90m
[31m+       "cleared": true,[90m
[31m+       "date": 2024-07-20T23:00:00.000Z,[90m
[31m+       "description": "O2 Arena",[90m
[31m+       "id": "t76",[90m
[31m+       "type": "expense",[90m
[31m+     },[90m
[31m+     {[90m
[31m+       "accountId": "5",[90m
[31m+       "amount": -95.34,[90m
[31m+       "category": "Online Shopping",[90m
[31m+       "cleared": true,[90m
[31m+       "date": 2024-07-20T23:00:00.000Z,[90m
[31m+       "description": "Amazon",[90m
[31m+       "id": "t77",[90m
[31m+       "type": "expense",[90m
[31m+     },[90m
[31m+     {[90m
[31m+       "accountId": "5",[90m
[31m+       "amount": -45.88,[90m
[31m+       "category": "Groceries",[90m
[31m+       "cleared": true,[90m
[31m+       "date": 2024-07-22T23:00:00.000Z,[90m
[31m+       "description": "Tesco",[90m
[31m+       "id": "t78",[90m
[31m+       "type": "expense",[90m
[31m+     },[90m
[31m+     {[90m
[31m+       "accountId": "6",[90m
[31m+       "amount": -7.54,[90m
[31m+       "category": "Coffee Shops",[90m
[31m+       "cleared": true,[90m
[31m+       "date": 2024-07-22T23:00:00.000Z,[90m
[31m+       "description": "Costa",[90m
[31m+       "id": "t79",[90m
[31m+       "type": "expense",[90m
[31m+     },[90m
[31m+     {[90m
[31m+       "accountId": "5",[90m
[31m+       "amount": -40.54,[90m
[31m+       "category": "Transport",[90m
[31m+       "cleared": true,[90m
[31m+       "date": 2024-07-23T23:00:00.000Z,[90m
[31m+       "description": "National Rail",[90m
[31m+       "id": "t80",[90m
[31m+       "type": "expense",[90m
[31m+     },[90m
[31m+     {[90m
[31m+       "accountId": "6",[90m
[31m+       "amount": -88.46,[90m
[31m+       "category": "Online Shopping",[90m
[31m+       "cleared": true,[90m
[31m+       "date": 2024-07-23T23:00:00.000Z,[90m
[31m+       "description": "Amazon",[90m
[31m+       "id": "t81",[90m
[31m+       "type": "expense",[90m
[31m+     },[90m
[31m+     {[90m
[31m+       "accountId": "6",[90m
[31m+       "amount": -7.61,[90m
[31m+       "category": "Coffee Shops",[90m
[31m+       "cleared": true,[90m
[31m+       "date": 2024-07-23T23:00:00.000Z,[90m
[31m+       "description": "Gail's",[90m
[31m+       "id": "t82",[90m
[31m+       "type": "expense",[90m
[31m+     },[90m
[31m+     {[90m
[31m+       "accountId": "5",[90m
[31m+       "amount": -48.13,[90m
[31m+       "category": "Groceries",[90m
[31m+       "cleared": true,[90m
[31m+       "date": 2024-07-24T23:00:00.000Z,[90m
[31m+       "description": "Morrisons",[90m
[31m+       "id": "t83",[90m
[31m+       "type": "expense",[90m
[31m+     },[90m
[31m+     {[90m
[31m+       "accountId": "6",[90m
[31m+       "amount": -7.31,[90m
[31m+       "category": "Coffee Shops",[90m
[31m+       "cleared": true,[90m
[31m+       "date": 2024-07-24T23:00:00.000Z,[90m
[31m+       "description": "Nero",[90m
[31m+       "id": "t84",[90m
[31m+       "type": "expense",[90m
[31m+     },[90m
[31m+     {[90m
[31m+       "accountId": "5",[90m
[31m+       "amount": -40.18,[90m
[31m+       "category": "Dining Out",[90m
[31m+       "cleared": true,[90m
[31m+       "date": 2024-07-26T23:00:00.000Z,[90m
[31m+       "description": "Pizza Express",[90m
[31m+       "id": "t85",[90m
[31m+       "type": "expense",[90m
[31m+     },[90m
[31m+     {[90m
[31m+       "accountId": "6",[90m
[31m+       "amount": -16.68,[90m
[31m+       "category": "Transport",[90m
[31m+       "cleared": true,[90m
[31m+       "date": 2024-07-26T23:00:00.000Z,[90m
[31m+       "description": "Addison Lee",[90m
[31m+       "id": "t86",[90m
[31m+       "type": "expense",[90m
[31m+     },[90m
[31m+     {[90m
[31m+       "accountId": "6",[90m
[31m+       "amount": -22.99,[90m
[31m+       "category": "Online Shopping",[90m
[31m+       "cleared": true,[90m
[31m+       "date": 2024-07-26T23:00:00.000Z,[90m
[31m+       "description": "Argos",[90m
[31m+       "id": "t87",[90m
[31m+       "type": "expense",[90m
[31m+     },[90m
[31m+     {[90m
[31m+       "accountId": "5",[90m
[31m+       "amount": -7.68,[90m
[31m+       "category": "Coffee Shops",[90m
[31m+       "cleared": true,[90m
[31m+       "date": 2024-07-26T23:00:00.000Z,[90m
[31m+       "description": "Starbucks",[90m
[31m+       "id": "t88",[90m
[31m+       "type": "expense",[90m
[31m+     },[90m
[31m+     {[90m
[31m+       "accountId": "5",[90m
[31m+       "amount": -35.85,[90m
[31m+       "category": "Groceries",[90m
[31m+       "cleared": true,[90m
[31m+       "date": 2024-07-27T23:00:00.000Z,[90m
[31m+       "description": "Morrisons",[90m
[31m+       "id": "t89",[90m
[31m+       "type": "expense",[90m
[31m+     },[90m
[31m+     {[90m
[31m+       "accountId": "6",[90m
[31m+       "amount": -90.21,[90m
[31m+       "category": "Dining Out",[90m
[31m+       "cleared": true,[90m
[31m+       "date": 2024-07-27T23:00:00.000Z,[90m
[31m+       "description": "Dishoom",[90m
[31m+       "id": "t90",[90m
[31m+       "type": "expense",[90m
[31m+     },[90m
[31m+     {[90m
[31m+       "accountId": "5",[90m
[31m+       "amount": -16.76,[90m
[31m+       "category": "Transport",[90m
[31m+       "cleared": true,[90m
[31m+       "date": 2024-07-27T23:00:00.000Z,[90m
[31m+       "description": "Uber",[90m
[31m+       "id": "t91",[90m
[31m+       "type": "expense",[90m
[31m+     },[90m
[31m+     {[90m
[31m+       "accountId": "5",[90m
[31m+       "amount": -61.76,[90m
[31m+       "category": "Shopping",[90m
[31m+       "cleared": true,[90m
[31m+       "date": 2024-07-27T23:00:00.000Z,[90m
[31m+       "description": "Next",[90m
[31m+       "id": "t92",[90m
[31m+       "type": "expense",[90m
[31m+     },[90m
[31m+     {[90m
[31m+       "accountId": "6",[90m
[31m+       "amount": -90.22,[90m
[31m+       "category": "Entertainment",[90m
[31m+       "cleared": true,[90m
[31m+       "date": 2024-07-27T23:00:00.000Z,[90m
[31m+       "description": "Ticketmaster",[90m
[31m+       "id": "t93",[90m
[31m+       "type": "expense",[90m
[31m+     },[90m
[31m+     {[90m
[31m+       "accountId": "5",[90m
[31m+       "amount": -29.6,[90m
[31m+       "category": "Online Shopping",[90m
[31m+       "cleared": true,[90m
[31m+       "date": 2024-07-27T23:00:00.000Z,[90m
[31m+       "description": "Argos",[90m
[31m+       "id": "t94",[90m
[31m+       "type": "expense",[90m
[31m+     },[90m
[31m+     {[90m
[31m+       "accountId": "6",[90m
[31m+       "amount": -7.02,[90m
[31m+       "category": "Coffee Shops",[90m
[31m+       "cleared": true,[90m
[31m+       "date": 2024-07-27T23:00:00.000Z,[90m
[31m+       "description": "Costa",[90m
[31m+       "id": "t95",[90m
[31m+       "type": "expense",[90m
[31m+     },[90m
[31m+     {[90m
[31m+       "accountId": "5",[90m
[31m+       "amount": -56.74,[90m
[31m+       "category": "Groceries",[90m
[31m+       "cleared": false,[90m
[31m+       "date": 2024-07-29T23:00:00.000Z,[90m
[31m+       "description": "Waitrose",[90m
[31m+       "id": "t96",[90m
[31m+       "type": "expense",[90m
[31m+     },[90m
[31m+     {[90m
[31m+       "accountId": "6",[90m
[31m+       "amount": -6.76,[90m
[31m+       "category": "Coffee Shops",[90m
[31m+       "cleared": false,[90m
[31m+       "date": 2024-07-29T23:00:00.000Z,[90m
[31m+       "description": "Nero",[90m
[31m+       "id": "t97",[90m
[31m+       "type": "expense",[90m
[31m+     },[90m
[31m+     {[90m
[31m+       "accountId": "5",[90m
[31m+       "amount": -54.18,[90m
[31m+       "category": "Dining Out",[90m
[31m+       "cleared": false,[90m
[31m+       "date": 2024-07-30T23:00:00.000Z,[90m
[31m+       "description": "Dishoom",[90m
[31m+       "id": "t98",[90m
[31m+       "type": "expense",[90m
[31m+     },[90m
[31m+     {[90m
[31m+       "accountId": "6",[90m
[31m+       "amount": -19.05,[90m
[31m+       "category": "Transport",[90m
[31m+       "cleared": false,[90m
[31m+       "date": 2024-07-30T23:00:00.000Z,[90m
[31m+       "description": "TfL",[90m
[31m+       "id": "t99",[90m
[31m+       "type": "expense",[90m
[31m+     },[90m
[31m+     {[90m
[31m+       "accountId": "5",[90m
[31m+       "amount": -34.67,[90m
[31m+       "category": "Online Shopping",[90m
[31m+       "cleared": false,[90m
[31m+       "date": 2024-07-30T23:00:00.000Z,[90m
[31m+       "description": "Currys",[90m
[31m+       "id": "t100",[90m
[31m+       "type": "expense",[90m
[31m+     },[90m
[31m+     {[90m
[31m+       "accountId": "6",[90m
[31m+       "amount": -3.68,[90m
[31m+       "category": "Coffee Shops",[90m
[31m+       "cleared": false,[90m
[31m+       "date": 2024-07-30T23:00:00.000Z,[90m
[31m+       "description": "Nero",[90m
[31m+       "id": "t101",[90m
[31m+       "type": "expense",[90m
[31m+     },[90m
[31m+     {[90m
[31m+       "accountId": "1",[90m
[31m+       "amount": -4085,[90m
[31m+       "category": "transfer",[90m
[31m+       "cleared": true,[90m
[31m+       "date": 2024-07-30T23:00:00.000Z,[90m
[31m+       "description": "Balance Sweep to Savings",[90m
[31m+       "id": "t102",[90m
[31m+       "type": "transfer",[90m
[31m+     },[90m
[31m+     {[90m
[31m+       "accountId": "3",[90m
[31m+       "amount": 4085,[90m
[31m+       "category": "transfer",[90m
[31m+       "cleared": true,[90m
[31m+       "date": 2024-07-30T23:00:00.000Z,[90m
[31m+       "description": "Balance Sweep from Current",[90m
[31m+       "id": "t103",[90m
[31m+       "type": "transfer",[90m
[31m+     },[90m
[31m+     {[90m
[31m+       "accountId": "1",[90m
[31m+       "amount": 6000,[90m
[31m+       "category": "Salary",[90m
[31m+       "cleared": true,[90m
[31m+       "date": 2024-07-31T23:00:00.000Z,[90m
[31m+       "description": "Monthly Salary",[90m
[31m+       "id": "t104",[90m
[31m+       "type": "income",[90m
[31m+     },[90m
[31m+     {[90m
[31m+       "accountId": "1",[90m
[31m+       "amount": -1200,[90m
[31m+       "category": "transfer",[90m
[31m+       "cleared": true,[90m
[31m+       "date": 2024-07-31T23:00:00.000Z,[90m
[31m+       "description": "Mortgage Payment",[90m
[31m+       "id": "t105",[90m
[31m+       "type": "transfer",[90m
[31m+     },[90m
[31m+     {[90m
[31m+       "accountId": "8",[90m
[31m+       "amount": 1200,[90m
[31m+       "category": "transfer",[90m
[31m+       "cleared": true,[90m
[31m+       "date": 2024-07-31T23:00:00.000Z,[90m
[31m+       "description": "Mortgage Payment",[90m
[31m+       "id": "t106",[90m
[31m+       "type": "transfer",[90m
[31m+     },[90m
[31m+     {[90m
[31m+       "accountId": "1",[90m
[31m+       "amount": -180,[90m
[31m+       "category": "Bills",[90m
[31m+       "cleared": true,[90m
[31m+       "date": 2024-07-31T23:00:00.000Z,[90m
[31m+       "description": "Council Tax",[90m
[31m+       "id": "t107",[90m
[31m+       "type": "expense",[90m
[31m+     },[90m
[31m+     {[90m
[31m+       "accountId": "1",[90m
[31m+       "amount": -150,[90m
[31m+       "category": "Utilities",[90m
[31m+       "cleared": true,[90m
[31m+       "date": 2024-07-31T23:00:00.000Z,[90m
[31m+       "description": "Gas & Electric",[90m
[31m+       "id": "t108",[90m
[31m+       "type": "expense",[90m
[31m+     },[90m
[31m+     {[90m
[31m+       "accountId": "1",[90m
[31m+       "amount": -45,[90m
[31m+       "category": "Utilities",[90m
[31m+       "cleared": true,[90m
[31m+       "date": 2024-07-31T23:00:00.000Z,[90m
[31m+       "description": "Water Bill",[90m
[31m+       "id": "t109",[90m
[31m+       "type": "expense",[90m
[31m+     },[90m
[31m+     {[90m
[31m+       "accountId": "1",[90m
[31m+       "amount": -55,[90m
[31m+       "category": "Utilities",[90m
[31m+       "cleared": true,[90m
[31m+       "date": 2024-07-31T23:00:00.000Z,[90m
[31m+       "description": "Internet & Phone",[90m
[31m+       "id": "t110",[90m
[31m+       "type": "expense",[90m
[31m+     },[90m
[31m+     {[90m
[31m+       "accountId": "1",[90m
[31m+       "amount": -35,[90m
[31m+       "category": "Bills",[90m
[31m+       "cleared": true,[90m
[31m+       "date": 2024-07-31T23:00:00.000Z,[90m
[31m+       "description": "Mobile Phone",[90m
[31m+       "id": "t111",[90m
[31m+       "type": "expense",[90m
[31m+     },[90m
[31m+     {[90m
[31m+       "accountId": "1",[90m
[31m+       "amount": -65,[90m
[31m+       "category": "Insurance",[90m
[31m+       "cleared": true,[90m
[31m+       "date": 2024-07-31T23:00:00.000Z,[90m
[31m+       "description": "Home Insurance",[90m
[31m+       "id": "t112",[90m
[31m+       "type": "expense",[90m
[31m+     },[90m
[31m+     {[90m
[31m+       "accountId": "1",[90m
[31m+       "amount": -45,[90m
[31m+       "category": "Insurance",[90m
[31m+       "cleared": true,[90m
[31m+       "date": 2024-07-31T23:00:00.000Z,[90m
[31m+       "description": "Life Insurance",[90m
[31m+       "id": "t113",[90m
[31m+       "type": "expense",[90m
[31m+     },[90m
[31m+     {[90m
[31m+       "accountId": "1",[90m
[31m+       "amount": -85,[90m
[31m+       "category": "Insurance",[90m
[31m+       "cleared": true,[90m
[31m+       "date": 2024-07-31T23:00:00.000Z,[90m
[31m+       "description": "Car Insurance",[90m
[31m+       "id": "t114",[90m
[31m+       "type": "expense",[90m
[31m+     },[90m
[31m+     {[90m
[31m+       "accountId": "1",[90m
[31m+       "amount": -55,[90m
[31m+       "category": "Health & Fitness",[90m
[31m+       "cleared": true,[90m
[31m+       "date": 2024-07-31T23:00:00.000Z,[90m
[31m+       "description": "Gym Membership",[90m
[31m+       "id": "t115",[90m
[31m+       "type": "expense",[90m
[31m+     },[90m
[31m+     {[90m
[31m+       "accountId": "5",[90m
[31m+       "amount": -50.24,[90m
[31m+       "category": "Groceries",[90m
[31m+       "cleared": true,[90m
[31m+       "date": 2024-07-31T23:00:00.000Z,[90m
[31m+       "description": "Aldi",[90m
[31m+       "id": "t116",[90m
[31m+       "type": "expense",[90m
[31m+     },[90m
[31m+     {[90m
[31m+       "accountId": "6",[90m
[31m+       "amount": -4.65,[90m
[31m+       "category": "Coffee Shops",[90m
[31m+       "cleared": true,[90m
[31m+       "date": 2024-07-31T23:00:00.000Z,[90m
[31m+       "description": "Nero",[90m
[31m+       "id": "t117",[90m
[31m+       "type": "expense",[90m
[31m+     },[90m
[31m+     {[90m
[31m+       "accountId": "5",[90m
[31m+       "amount": -6.57,[90m
[31m+       "category": "Coffee Shops",[90m
[31m+       "cleared": true,[90m
[31m+       "date": 2024-08-01T23:00:00.000Z,[90m
[31m+       "description": "Pret",[90m
[31m+       "id": "t118",[90m
[31m+       "type": "expense",[90m
[31m+     },[90m
[31m+     {[90m
[31m+       "accountId": "5",[90m
[31m+       "amount": -52.68,[90m
[31m+       "category": "Fuel",[90m
[31m+       "cleared": true,[90m
[31m+       "date": 2024-08-01T23:00:00.000Z,[90m
[31m+       "description": "Esso",[90m
[31m+       "id": "t119",[90m
[31m+       "type": "expense",[90m
[31m+     },[90m
[31m+     {[90m
[31m+       "accountId": "5",[90m
[31m+       "amount": -83.33,[90m
[31m+       "category": "Dining Out",[90m
[31m+       "cleared": true,[90m
[31m+       "date": 2024-08-02T23:00:00.000Z,[90m
[31m+       "description": "Franco Manca",[90m
[31m+       "id": "t120",[90m
[31m+       "type": "expense",[90m
[31m+     },[90m
[31m+     {[90m
[31m+       "accountId": "5",[90m
[31m+       "amount": -35.43,[90m
[31m+       "category": "Transport",[90m
[31m+       "cleared": true,[90m
[31m+       "date": 2024-08-02T23:00:00.000Z,[90m
[31m+       "description": "Citymapper",[90m
[31m+       "id": "t121",[90m
[31m+       "type": "expense",[90m
[31m+     },[90m
[31m+     {[90m
[31m+       "accountId": "5",[90m
[31m+       "amount": -100.79,[90m
[31m+       "category": "Online Shopping",[90m
[31m+       "cleared": true,[90m
[31m+       "date": 2024-08-02T23:00:00.000Z,[90m
[31m+       "description": "eBay",[90m
[31m+       "id": "t122",[90m
[31m+       "type": "expense",[90m
[31m+     },[90m
[31m+     {[90m
[31m+       "accountId": "5",[90m
[31m+       "amount": -6.12,[90m
[31m+       "category": "Coffee Shops",[90m
[31m+       "cleared": true,[90m
[31m+       "date": 2024-08-02T23:00:00.000Z,[90m
[31m+       "description": "Nero",[90m
[31m+       "id": "t123",[90m
[31m+       "type": "expense",[90m
[31m+     },[90m
[31m+     {[90m
[31m+       "accountId": "5",[90m
[31m+       "amount": -68.05,[90m
[31m+       "category": "Groceries",[90m
[31m+       "cleared": true,[90m
[31m+       "date": 2024-08-03T23:00:00.000Z,[90m
[31m+       "description": "Tesco",[90m
[31m+       "id": "t124",[90m
[31m+       "type": "expense",[90m
[31m+     },[90m
[31m+     {[90m
[31m+       "accountId": "5",[90m
[31m+       "amount": -56.7,[90m
[31m+       "category": "Dining Out",[90m
[31m+       "cleared": true,[90m
[31m+       "date": 2024-08-03T23:00:00.000Z,[90m
[31m+       "description": "Franco Manca",[90m
[31m+       "id": "t125",[90m
[31m+       "type": "expense",[90m
[31m+     },[90m
[31m+     {[90m
[31m+       "accountId": "5",[90m
[31m+       "amount": -36.41,[90m
[31m+       "category": "Transport",[90m
[31m+       "cleared": true,[90m
[31m+       "date": 2024-08-03T23:00:00.000Z,[90m
[31m+       "description": "TfL",[90m
[31m+       "id": "t126",[90m
[31m+       "type": "expense",[90m
[31m+     },[90m
[31m+     {[90m
[31m+       "accountId": "5",[90m
[31m+       "amount": -52.07,[90m
[31m+       "category": "Shopping",[90m
[31m+       "cleared": true,[90m
[31m+       "date": 2024-08-03T23:00:00.000Z,[90m
[31m+       "description": "John Lewis",[90m
[31m+       "id": "t127",[90m
[31m+       "type": "expense",[90m
[31m+     },[90m
[31m+     {[90m
[31m+       "accountId": "6",[90m
[31m+       "amount": -24.99,[90m
[31m+       "category": "Online Shopping",[90m
[31m+       "cleared": true,[90m
[31m+       "date": 2024-08-03T23:00:00.000Z,[90m
[31m+       "description": "Apple Store",[90m
[31m+       "id": "t128",[90m
[31m+       "type": "expense",[90m
[31m+     },[90m
[31m+     {[90m
[31m+       "accountId": "6",[90m
[31m+       "amount": -5.96,[90m
[31m+       "category": "Coffee Shops",[90m
[31m+       "cleared": true,[90m
[31m+       "date": 2024-08-04T23:00:00.000Z,[90m
[31m+       "description": "Nero",[90m
[31m+       "id": "t129",[90m
[31m+       "type": "expense",[90m
[31m+     },[90m
[31m+     {[90m
[31m+       "accountId": "6",[90m
[31m+       "amount": -28.09,[90m
[31m+       "category": "Groceries",[90m
[31m+       "cleared": true,[90m
[31m+       "date": 2024-08-05T23:00:00.000Z,[90m
[31m+       "description": "Sainsbury's",[90m
[31m+       "id": "t130",[90m
[31m+       "type": "expense",[90m
[31m+     },[90m
[31m+     {[90m
[31m+       "accountId": "5",[90m
[31m+       "amount": -7.96,[90m
[31m+       "category": "Coffee Shops",[90m
[31m+       "cleared": true,[90m
[31m+       "date": 2024-08-05T23:00:00.000Z,[90m
[31m+       "description": "Costa",[90m
[31m+       "id": "t131",[90m
[31m+       "type": "expense",[90m
[31m+     },[90m
[31m+     {[90m
[31m+       "accountId": "6",[90m
[31m+       "amount": -46.89,[90m
[31m+       "category": "Dining Out",[90m
[31m+       "cleared": true,[90m
[31m+       "date": 2024-08-06T23:00:00.000Z,[90m
[31m+       "description": "Dishoom",[90m
[31m+       "id": "t132",[90m
[31m+       "type": "expense",[90m
[31m+     },[90m
[31m+     {[90m
[31m+       "accountId": "5",[90m
[31m+       "amount": -41.39,[90m
[31m+       "category": "Transport",[90m
[31m+       "cleared": true,[90m
[31m+       "date": 2024-08-06T23:00:00.000Z,[90m
[31m+       "description": "TfL",[90m
[31m+       "id": "t133",[90m
[31m+       "type": "expense",[90m
[31m+     },[90m
[31m+     {[90m
[31m+       "accountId": "6",[90m
[31m+       "amount": -48.78,[90m
[31m+       "category": "Online Shopping",[90m
[31m+       "cleared": true,[90m
[31m+       "date": 2024-08-06T23:00:00.000Z,[90m
[31m+       "description": "eBay",[90m
[31m+       "id": "t134",[90m
[31m+       "type": "expense",[90m
[31m+     },[90m
[31m+     {[90m
[31m+       "accountId": "6",[90m
[31m+       "amount": -7.58,[90m
[31m+       "category": "Coffee Shops",[90m
[31m+       "cleared": true,[90m
[31m+       "date": 2024-08-06T23:00:00.000Z,[90m
[31m+       "description": "Gail's",[90m
[31m+       "id": "t135",[90m
[31m+       "type": "expense",[90m
[31m+     },[90m
[31m+     {[90m
[31m+       "accountId": "5",[90m
[31m+       "amount": -55.68,[90m
[31m+       "category": "Groceries",[90m
[31m+       "cleared": true,[90m
[31m+       "date": 2024-08-07T23:00:00.000Z,[90m
[31m+       "description": "ASDA",[90m
[31m+       "id": "t136",[90m
[31m+       "type": "expense",[90m
[31m+     },[90m
[31m+     {[90m
[31m+       "accountId": "5",[90m
[31m+       "amount": -5.75,[90m
[31m+       "category": "Coffee Shops",[90m
[31m+       "cleared": true,[90m
[31m+       "date": 2024-08-07T23:00:00.000Z,[90m
[31m+       "description": "Costa",[90m
[31m+       "id": "t137",[90m
[31m+       "type": "expense",[90m
[31m+     },[90m
[31m+     {[90m
[31m+       "accountId": "5",[90m
[31m+       "amount": -5.77,[90m
[31m+       "category": "Coffee Shops",[90m
[31m+       "cleared": true,[90m
[31m+       "date": 2024-08-08T23:00:00.000Z,[90m
[31m+       "description": "Gail's",[90m
[31m+       "id": "t138",[90m
[31m+       "type": "expense",[90m
[31m+     },[90m
[31m+     {[90m
[31m+       "accountId": "5",[90m
[31m+       "amount": -7.33,[90m
[31m+       "category": "Coffee Shops",[90m
[31m+       "cleared": true,[90m
[31m+       "date": 2024-08-11T23:00:00.000Z,[90m
[31m+       "description": "Costa",[90m
[31m+       "id": "t139",[90m
[31m+       "type": "expense",[90m
[31m+     },[90m
[31m+     {[90m
[31m+       "accountId": "6",[90m
[31m+       "amount": -56.86,[90m
[31m+       "category": "Groceries",[90m
[31m+       "cleared": true,[90m
[31m+       "date": 2024-08-12T23:00:00.000Z,[90m
[31m+       "description": "Sainsbury's",[90m
[31m+       "id": "t140",[90m
[31m+       "type": "expense",[90m
[31m+     },[90m
[31m+     {[90m
[31m+       "accountId": "6",[90m
[31m+       "amount": -4.07,[90m
[31m+       "category": "Coffee Shops",[90m
[31m+       "cleared": true,[90m
[31m+       "date": 2024-08-12T23:00:00.000Z,[90m
[31m+       "description": "Starbucks",[90m
[31m+       "id": "t141",[90m
[31m+       "type": "expense",[90m
[31m+     },[90m
[31m+     {[90m
[31m+       "accountId": "6",[90m
[31m+       "amount": -111.72,[90m
[31m+       "category": "Dining Out",[90m
[31m+       "cleared": true,[90m
[31m+       "date": 2024-08-13T23:00:00.000Z,[90m
[31m+       "description": "Franco Manca",[90m
[31m+       "id": "t142",[90m
[31m+       "type": "expense",[90m
[31m+     },[90m
[31m+     {[90m
[31m+       "accountId": "5",[90m
[31m+       "amount": -132.81,[90m
[31m+       "category": "Online Shopping",[90m
[31m+       "cleared": true,[90m
[31m+       "date": 2024-08-13T23:00:00.000Z,[90m
[31m+       "description": "Amazon",[90m
[31m+       "id": "t143",[90m
[31m+       "type": "expense",[90m
[31m+     },[90m
[31m+     {[90m
[31m+       "accountId": "5",[90m
[31m+       "amount": -68.49,[90m
[31m+       "category": "Groceries",[90m
[31m+       "cleared": true,[90m
[31m+       "date": 2024-08-14T23:00:00.000Z,[90m
[31m+       "description": "Sainsbury's",[90m
[31m+       "id": "t144",[90m
[31m+       "type": "expense",[90m
[31m+     },[90m
[31m+     {[90m
[31m+       "accountId": "5",[90m
[31m+       "amount": -5.65,[90m
[31m+       "category": "Coffee Shops",[90m
[31m+       "cleared": true,[90m
[31m+       "date": 2024-08-14T23:00:00.000Z,[90m
[31m+       "description": "Gail's",[90m
[31m+       "id": "t145",[90m
[31m+       "type": "expense",[90m
[31m+     },[90m
[31m+     {[90m
[31m+       "accountId": "6",[90m
[31m+       "amount": -26.81,[90m
[31m+       "category": "Groceries",[90m
[31m+       "cleared": true,[90m
[31m+       "date": 2024-08-16T23:00:00.000Z,[90m
[31m+       "description": "ASDA",[90m
[31m+       "id": "t146",[90m
[31m+       "type": "expense",[90m
[31m+     },[90m
[31m+     {[90m
[31m+       "accountId": "5",[90m
[31m+       "amount": -38.93,[90m
[31m+       "category": "Transport",[90m
[31m+       "cleared": true,[90m
[31m+       "date": 2024-08-16T23:00:00.000Z,[90m
[31m+       "description": "Citymapper",[90m
[31m+       "id": "t147",[90m
[31m+       "type": "expense",[90m
[31m+     },[90m
[31m+     {[90m
[31m+       "accountId": "5",[90m
[31m+       "amount": -93.7,[90m
[31m+       "category": "Online Shopping",[90m
[31m+       "cleared": true,[90m
[31m+       "date": 2024-08-16T23:00:00.000Z,[90m
[31m+       "description": "eBay",[90m
[31m+       "id": "t148",[90m
[31m+       "type": "expense",[90m
[31m+     },[90m
[31m+     {[90m
[31m+       "accountId": "6",[90m
[31m+       "amount": -47.94,[90m
[31m+       "category": "Dining Out",[90m
[31m+       "cleared": true,[90m
[31m+       "date": 2024-08-17T23:00:00.000Z,[90m
[31m+       "description": "Wagamama",[90m
[31m+       "id": "t149",[90m
[31m+       "type": "expense",[90m
[31m+     },[90m
[31m+     {[90m
[31m+       "accountId": "6",[90m
[31m+       "amount": -49.8,[90m
[31m+       "category": "Transport",[90m
[31m+       "cleared": true,[90m
[31m+       "date": 2024-08-17T23:00:00.000Z,[90m
[31m+       "description": "Uber",[90m
[31m+       "id": "t150",[90m
[31m+       "type": "expense",[90m
[31m+     },[90m
[31m+     {[90m
[31m+       "accountId": "5",[90m
[31m+       "amount": -94.4,[90m
[31m+       "category": "Shopping",[90m
[31m+       "cleared": true,[90m
[31m+       "date": 2024-08-17T23:00:00.000Z,[90m
[31m+       "description": "Selfridges",[90m
[31m+       "id": "t151",[90m
[31m+       "type": "expense",[90m
[31m+     },[90m
[31m+     {[90m
[31m+       "accountId": "6",[90m
[31m+       "amount": -106.49,[90m
[31m+       "category": "Online Shopping",[90m
[31m+       "cleared": true,[90m
[31m+       "date": 2024-08-17T23:00:00.000Z,[90m
[31m+       "description": "Argos",[90m
[31m+       "id": "t152",[90m
[31m+       "type": "expense",[90m
[31m+     },[90m
[31m+     {[90m
[31m+       "accountId": "6",[90m
[31m+       "amount": -3.71,[90m
[31m+       "category": "Coffee Shops",[90m
[31m+       "cleared": true,[90m
[31m+       "date": 2024-08-17T23:00:00.000Z,[90m
[31m+       "description": "Nero",[90m
[31m+       "id": "t153",[90m
[31m+       "type": "expense",[90m
[31m+     },[90m
[31m+     {[90m
[31m+       "accountId": "6",[90m
[31m+       "amount": -3.41,[90m
[31m+       "category": "Coffee Shops",[90m
[31m+       "cleared": true,[90m
[31m+       "date": 2024-08-18T23:00:00.000Z,[90m
[31m+       "description": "Costa",[90m
[31m+       "id": "t154",[90m
[31m+       "type": "expense",[90m
[31m+     },[90m
[31m+     {[90m
[31m+       "accountId": "6",[90m
[31m+       "amount": -35.79,[90m
[31m+       "category": "Groceries",[90m
[31m+       "cleared": true,[90m
[31m+       "date": 2024-08-19T23:00:00.000Z,[90m
[31m+       "description": "Sainsbury's",[90m
[31m+       "id": "t155",[90m
[31m+       "type": "expense",[90m
[31m+     },[90m
[31m+     {[90m
[31m+       "accountId": "5",[90m
[31m+       "amount": -116.73,[90m
[31m+       "category": "Dining Out",[90m
[31m+       "cleared": true,[90m
[31m+       "date": 2024-08-20T23:00:00.000Z,[90m
[31m+       "description": "Wagamama",[90m
[31m+       "id": "t156",[90m
[31m+       "type": "expense",[90m
[31m+     },[90m
[31m+     {[90m
[31m+       "accountId": "5",[90m
[31m+       "amount": -22.25,[90m
[31m+       "category": "Transport",[90m
[31m+       "cleared": true,[90m
[31m+       "date": 2024-08-20T23:00:00.000Z,[90m
[31m+       "description": "TfL",[90m
[31m+       "id": "t157",[90m
[31m+       "type": "expense",[90m
[31m+     },[90m
[31m+     {[90m
[31m+       "accountId": "5",[90m
[31m+       "amount": -33.18,[90m
[31m+       "category": "Online Shopping",[90m
[31m+       "cleared": true,[90m
[31m+       "date": 2024-08-20T23:00:00.000Z,[90m
[31m+       "description": "Apple Store",[90m
[31m+       "id": "t158",[90m
[31m+       "type": "expense",[90m
[31m+     },[90m
[31m+     {[90m
[31m+       "accountId": "6",[90m
[31m+       "amount": -4.39,[90m
[31m+       "category": "Coffee Shops",[90m
[31m+       "cleared": true,[90m
[31m+       "date": 2024-08-20T23:00:00.000Z,[90m
[31m+       "description": "Costa",[90m
[31m+       "id": "t159",[90m
[31m+       "type": "expense",[90m
[31m+     },[90m
[31m+     {[90m
[31m+       "accountId": "6",[90m
[31m+       "amount": -4.37,[90m
[31m+       "category": "Coffee Shops",[90m
[31m+       "cleared": true,[90m
[31m+       "date": 2024-08-21T23:00:00.000Z,[90m
[31m+       "description": "Starbucks",[90m
[31m+       "id": "t160",[90m
[31m+       "type": "expense",[90m
[31m+     },[90m
[31m+     {[90m
[31m+       "accountId": "5",[90m
[31m+       "amount": -102.8,[90m
[31m+       "category": "Dining Out",[90m
[31m+       "cleared": true,[90m
[31m+       "date": 2024-08-23T23:00:00.000Z,[90m
[31m+       "description": "Wagamama",[90m
[31m+       "id": "t161",[90m
[31m+       "type": "expense",[90m
[31m+     },[90m
[31m+     {[90m
[31m+       "accountId": "5",[90m
[31m+       "amount": -29.59,[90m
[31m+       "category": "Online Shopping",[90m
[31m+       "cleared": true,[90m
[31m+       "date": 2024-08-23T23:00:00.000Z,[90m
[31m+       "description": "Argos",[90m
[31m+       "id": "t162",[90m
[31m+       "type": "expense",[90m
[31m+     },[90m
[31m+     {[90m
[31m+       "accountId": "6",[90m
[31m+       "amount": -62.36,[90m
[31m+       "category": "Groceries",[90m
[31m+       "cleared": true,[90m
[31m+       "date": 2024-08-24T23:00:00.000Z,[90m
[31m+       "description": "ASDA",[90m
[31m+       "id": "t163",[90m
[31m+       "type": "expense",[90m
[31m+     },[90m
[31m+     {[90m
[31m+       "accountId": "5",[90m
[31m+       "amount": -97.62,[90m
[31m+       "category": "Dining Out",[90m
[31m+       "cleared": true,[90m
[31m+       "date": 2024-08-24T23:00:00.000Z,[90m
[31m+       "description": "Nando's",[90m
[31m+       "id": "t164",[90m
[31m+       "type": "expense",[90m
[31m+     },[90m
[31m+     {[90m
[31m+       "accountId": "5",[90m
[31m+       "amount": -40.73,[90m
[31m+       "category": "Transport",[90m
[31m+       "cleared": true,[90m
[31m+       "date": 2024-08-24T23:00:00.000Z,[90m
[31m+       "description": "Citymapper",[90m
[31m+       "id": "t165",[90m
[31m+       "type": "expense",[90m
[31m+     },[90m
[31m+     {[90m
[31m+       "accountId": "5",[90m
[31m+       "amount": -67.66,[90m
[31m+       "category": "Shopping",[90m
[31m+       "cleared": true,[90m
[31m+       "date": 2024-08-24T23:00:00.000Z,[90m
[31m+       "description": "ASOS",[90m
[31m+       "id": "t166",[90m
[31m+       "type": "expense",[90m
[31m+     },[90m
[31m+     {[90m
[31m+       "accountId": "6",[90m
[31m+       "amount": -83.55,[90m
[31m+       "category": "Entertainment",[90m
[31m+       "cleared": true,[90m
[31m+       "date": 2024-08-24T23:00:00.000Z,[90m
[31m+       "description": "National Theatre",[90m
[31m+       "id": "t167",[90m
[31m+       "type": "expense",[90m
[31m+     },[90m
[31m+     {[90m
[31m+       "accountId": "5",[90m
[31m+       "amount": -133.1,[90m
[31m+       "category": "Online Shopping",[90m
[31m+       "cleared": true,[90m
[31m+       "date": 2024-08-24T23:00:00.000Z,[90m
[31m+       "description": "Apple Store",[90m
[31m+       "id": "t168",[90m
[31m+       "type": "expense",[90m
[31m+     },[90m
[31m+     {[90m
[31m+       "accountId": "5",[90m
[31m+       "amount": -7.38,[90m
[31m+       "category": "Coffee Shops",[90m
[31m+       "cleared": true,[90m
[31m+       "date": 2024-08-24T23:00:00.000Z,[90m
[31m+       "description": "Nero",[90m
[31m+       "id": "t169",[90m
[31m+       "type": "expense",[90m
[31m+     },[90m
[31m+     {[90m
[31m+       "accountId": "6",[90m
[31m+       "amount": -5.03,[90m
[31m+       "category": "Coffee Shops",[90m
[31m+       "cleared": true,[90m
[31m+       "date": 2024-08-25T23:00:00.000Z,[90m
[31m+       "description": "Nero",[90m
[31m+       "id": "t170",[90m
[31m+       "type": "expense",[90m
[31m+     },[90m
[31m+     {[90m
[31m+       "accountId": "5",[90m
[31m+       "amount": -110.66,[90m
[31m+       "category": "Dining Out",[90m
[31m+       "cleared": true,[90m
[31m+       "date": 2024-08-27T23:00:00.000Z,[90m
[31m+       "description": "Franco Manca",[90m
[31m+       "id": "t171",[90m
[31m+       "type": "expense",[90m
[31m+     },[90m
[31m+     {[90m
[31m+       "accountId": "6",[90m
[31m+       "amount": -110.44,[90m
[31m+       "category": "Online Shopping",[90m
[31m+       "cleared": true,[90m
[31m+       "date": 2024-08-27T23:00:00.000Z,[90m
[31m+       "description": "Currys",[90m
[31m+       "id": "t172",[90m
[31m+       "type": "expense",[90m
[31m+     },[90m
[31m+     {[90m
[31m+       "accountId": "5",[90m
[31m+       "amount": -4.21,[90m
[31m+       "category": "Coffee Shops",[90m
[31m+       "cleared": true,[90m
[31m+       "date": 2024-08-27T23:00:00.000Z,[90m
[31m+       "description": "Starbucks",[90m
[31m+       "id": "t173",[90m
[31m+       "type": "expense",[90m
[31m+     },[90m
[31m+     {[90m
[31m+       "accountId": "6",[90m
[31m+       "amount": -25.56,[90m
[31m+       "category": "Groceries",[90m
[31m+       "cleared": false,[90m
[31m+       "date": 2024-08-28T23:00:00.000Z,[90m
[31m+       "description": "Waitrose",[90m
[31m+       "id": "t174",[90m
[31m+       "type": "expense",[90m
[31m+     },[90m
[31m+     {[90m
[31m+       "accountId": "6",[90m
[31m+       "amount": -3.25,[90m
[31m+       "category": "Coffee Shops",[90m
[31m+       "cleared": false,[90m
[31m+       "date": 2024-08-28T23:00:00.000Z,[90m
[31m+       "description": "Gail's",[90m
[31m+       "id": "t175",[90m
[31m+       "type": "expense",[90m
[31m+     },[90m
[31m+     {[90m
[31m+       "accountId": "6",[90m
[31m+       "amount": -5.48,[90m
[31m+       "category": "Coffee Shops",[90m
[31m+       "cleared": false,[90m
[31m+       "date": 2024-08-29T23:00:00.000Z,[90m
[31m+       "description": "Costa",[90m
[31m+       "id": "t176",[90m
[31m+       "type": "expense",[90m
[31m+     },[90m
[31m+     {[90m
[31m+       "accountId": "6",[90m
[31m+       "amount": -56.03,[90m
[31m+       "category": "Groceries",[90m
[31m+       "cleared": false,[90m
[31m+       "date": 2024-08-30T23:00:00.000Z,[90m
[31m+       "description": "Aldi",[90m
[31m+       "id": "t177",[90m
[31m+       "type": "expense",[90m
[31m+     },[90m
[31m+     {[90m
[31m+       "accountId": "5",[90m
[31m+       "amount": -79.36,[90m
[31m+       "category": "Dining Out",[90m
[31m+       "cleared": false,[90m
[31m+       "date": 2024-08-30T23:00:00.000Z,[90m
[31m+       "description": "The Ivy",[90m
[31m+       "id": "t178",[90m
[31m+       "type": "expense",[90m
[31m+     },[90m
[31m+     {[90m
[31m+       "accountId": "6",[90m
[31m+       "amount": -36.99,[90m
[31m+       "category": "Transport",[90m
[31m+       "cleared": false,[90m
[31m+       "date": 2024-08-30T23:00:00.000Z,[90m
[31m+       "description": "Addison Lee",[90m
[31m+       "id": "t179",[90m
[31m+       "type": "expense",[90m
[31m+     },[90m
[31m+     {[90m
[31m+       "accountId": "5",[90m
[31m+       "amount": -92.76,[90m
[31m+       "category": "Online Shopping",[90m
[31m+       "cleared": false,[90m
[31m+       "date": 2024-08-30T23:00:00.000Z,[90m
[31m+       "description": "Apple Store",[90m
[31m+       "id": "t180",[90m
[31m+       "type": "expense",[90m
[31m+     },[90m
[31m+     {[90m
[31m+       "accountId": "1",[90m
[31m+       "amount": -1366.19,[90m
[31m+       "category": "transfer",[90m
[31m+       "cleared": true,[90m
[31m+       "date": 2024-08-13T23:00:00.000Z,[90m
[31m+       "description": "Credit Card Payment - Natwest",[90m
[31m+       "id": "t181",[90m
[31m+       "type": "transfer",[90m
[31m+     },[90m
[31m+     {[90m
[31m+       "accountId": "5",[90m
[31m+       "amount": 1366.19,[90m
[31m+       "category": "transfer",[90m
[31m+       "cleared": true,[90m
[31m+       "date": 2024-08-13T23:00:00.000Z,[90m
[31m+       "description": "Credit Card Payment - Natwest",[90m
[31m+       "id": "t182",[90m
[31m+       "type": "transfer",[90m
[31m+     },[90m
[31m+     {[90m
[31m+       "accountId": "1",[90m
[31m+       "amount": -1622.9100000000005,[90m
[31m+       "category": "transfer",[90m
[31m+       "cleared": true,[90m
[31m+       "date": 2024-08-13T23:00:00.000Z,[90m
[31m+       "description": "Credit Card Payment - American Express",[90m
[31m+       "id": "t183",[90m
[31m+       "type": "transfer",[90m
[31m+     },[90m
[31m+     {[90m
[31m+       "accountId": "6",[90m
[31m+       "amount": 1622.9100000000005,[90m
[31m+       "category": "transfer",[90m
[31m+       "cleared": true,[90m
[31m+       "date": 2024-08-13T23:00:00.000Z,[90m
[31m+       "description": "Credit Card Payment - American Express",[90m
[31m+       "id": "t184",[90m
[31m+       "type": "transfer",[90m
[31m+     },[90m
[31m+     {[90m
[31m+       "accountId": "1",[90m
[31m+       "amount": -1095.8999999999994,[90m
[31m+       "category": "transfer",[90m
[31m+       "cleared": true,[90m
[31m+       "date": 2024-08-30T23:00:00.000Z,[90m
[31m+       "description": "Balance Sweep to Savings",[90m
[31m+       "id": "t185",[90m
[31m+       "type": "transfer",[90m
[31m+     },[90m
[31m+     {[90m
[31m+       "accountId": "3",[90m
[31m+       "amount": 1095.8999999999994,[90m
[31m+       "category": "transfer",[90m
[31m+       "cleared": true,[90m
[31m+       "date": 2024-08-30T23:00:00.000Z,[90m
[31m+       "description": "Balance Sweep from Current",[90m
[31m+       "id": "t186",[90m
[31m+       "type": "transfer",[90m
[31m+     },[90m
[31m+     {[90m
[31m+       "accountId": "1",[90m
[31m+       "amount": 6000,[90m
[31m+       "category": "Salary",[90m
[31m+       "cleared": true,[90m
[31m+       "date": 2024-08-31T23:00:00.000Z,[90m
[31m+       "description": "Monthly Salary",[90m
[31m+       "id": "t187",[90m
[31m+       "type": "income",[90m
[31m+     },[90m
[31m+     {[90m
[31m+       "accountId": "1",[90m
[31m+       "amount": -1200,[90m
[31m+       "category": "transfer",[90m
[31m+       "cleared": true,[90m
[31m+       "date": 2024-08-31T23:00:00.000Z,[90m
[31m+       "description": "Mortgage Payment",[90m
[31m+       "id": "t188",[90m
[31m+       "type": "transfer",[90m
[31m+     },[90m
[31m+     {[90m
[31m+       "accountId": "8",[90m
[31m+       "amount": 1200,[90m
[31m+       "category": "transfer",[90m
[31m+       "cleared": true,[90m
[31m+       "date": 2024-08-31T23:00:00.000Z,[90m
[31m+       "description": "Mortgage Payment",[90m
[31m+       "id": "t189",[90m
[31m+       "type": "transfer",[90m
[31m+     },[90m
[31m+     {[90m
[31m+       "accountId": "1",[90m
[31m+       "amount": -180,[90m
[31m+       "category": "Bills",[90m
[31m+       "cleared": true,[90m
[31m+       "date": 2024-08-31T23:00:00.000Z,[90m
[31m+       "description": "Council Tax",[90m
[31m+       "id": "t190",[90m
[31m+       "type": "expense",[90m
[31m+     },[90m
[31m+     {[90m
[31m+       "accountId": "1",[90m
[31m+       "amount": -150,[90m
[31m+       "category": "Utilities",[90m
[31m+       "cleared": true,[90m
[31m+       "date": 2024-08-31T23:00:00.000Z,[90m
[31m+       "description": "Gas & Electric",[90m
[31m+       "id": "t191",[90m
[31m+       "type": "expense",[90m
[31m+     },[90m
[31m+     {[90m
[31m+       "accountId": "1",[90m
[31m+       "amount": -45,[90m
[31m+       "category": "Utilities",[90m
[31m+       "cleared": true,[90m
[31m+       "date": 2024-08-31T23:00:00.000Z,[90m
[31m+       "description": "Water Bill",[90m
[31m+       "id": "t192",[90m
[31m+       "type": "expense",[90m
[31m+     },[90m
[31m+     {[90m
[31m+       "accountId": "1",[90m
[31m+       "amount": -55,[90m
[31m+       "category": "Utilities",[90m
[31m+       "cleared": true,[90m
[31m+       "date": 2024-08-31T23:00:00.000Z,[90m
[31m+       "description": "Internet & Phone",[90m
[31m+       "id": "t193",[90m
[31m+       "type": "expense",[90m
[31m+     },[90m
[31m+     {[90m
[31m+       "accountId": "1",[90m
[31m+       "amount": -35,[90m
[31m+       "category": "Bills",[90m
[31m+       "cleared": true,[90m
[31m+       "date": 2024-08-31T23:00:00.000Z,[90m
[31m+       "description": "Mobile Phone",[90m
[31m+       "id": "t194",[90m
[31m+       "type": "expense",[90m
[31m+     },[90m
[31m+     {[90m
[31m+       "accountId": "1",[90m
[31m+       "amount": -65,[90m
[31m+       "category": "Insurance",[90m
[31m+       "cleared": true,[90m
[31m+       "date": 2024-08-31T23:00:00.000Z,[90m
[31m+       "description": "Home Insurance",[90m
[31m+       "id": "t195",[90m
[31m+       "type": "expense",[90m
[31m+     },[90m
[31m+     {[90m
[31m+       "accountId": "1",[90m
[31m+       "amount": -45,[90m
[31m+       "category": "Insurance",[90m
[31m+       "cleared": true,[90m
[31m+       "date": 2024-08-31T23:00:00.000Z,[90m
[31m+       "description": "Life Insurance",[90m
[31m+       "id": "t196",[90m
[31m+       "type": "expense",[90m
[31m+     },[90m
[31m+     {[90m
[31m+       "accountId": "1",[90m
[31m+       "amount": -85,[90m
[31m+       "category": "Insurance",[90m
[31m+       "cleared": true,[90m
[31m+       "date": 2024-08-31T23:00:00.000Z,[90m
[31m+       "description": "Car Insurance",[90m
[31m+       "id": "t197",[90m
[31m+       "type": "expense",[90m
[31m+     },[90m
[31m+     {[90m
[31m+       "accountId": "1",[90m
[31m+       "amount": -55,[90m
[31m+       "category": "Health & Fitness",[90m
[31m+       "cleared": true,[90m
[31m+       "date": 2024-08-31T23:00:00.000Z,[90m
[31m+       "description": "Gym Membership",[90m
[31m+       "id": "t198",[90m
[31m+       "type": "expense",[90m
[31m+     },[90m
[31m+     {[90m
[31m+       "accountId": "5",[90m
[31m+       "amount": -75.45,[90m
[31m+       "category": "Groceries",[90m
[31m+       "cleared": true,[90m
[31m+       "date": 2024-08-31T23:00:00.000Z,[90m
[31m+       "description": "Lidl",[90m
[31m+       "id": "t199",[90m
[31m+       "type": "expense",[90m
[31m+     },[90m
[31m+     {[90m
[31m+       "accountId": "6",[90m
[31m+       "amount": -106.21,[90m
[31m+       "category": "Dining Out",[90m
[31m+       "cleared": true,[90m
[31m+       "date": 2024-08-31T23:00:00.000Z,[90m
[31m+       "description": "Nando's",[90m
[31m+       "id": "t200",[90m
[31m+       "type": "expense",[90m
[31m+     },[90m
[31m+     {[90m
[31m+       "accountId": "5",[90m
[31m+       "amount": -44.32,[90m
[31m+       "category": "Transport",[90m
[31m+       "cleared": true,[90m
[31m+       "date": 2024-08-31T23:00:00.000Z,[90m
[31m+       "description": "Uber",[90m
[31m+       "id": "t201",[90m
[31m+       "type": "expense",[90m
[31m+     },[90m
[31m+     {[90m
[31m+       "accountId": "5",[90m
[31m+       "amount": -180.8,[90m
[31m+       "category": "Shopping",[90m
[31m+       "cleared": true,[90m
[31m+       "date": 2024-08-31T23:00:00.000Z,[90m
[31m+       "description": "Next",[90m
[31m+       "id": "t202",[90m
[31m+       "type": "expense",[90m
[31m+     },[90m
[31m+     {[90m
[31m+       "accountId": "6",[90m
[31m+       "amount": -37.22,[90m
[31m+       "category": "Entertainment",[90m
[31m+       "cleared": true,[90m
[31m+       "date": 2024-08-31T23:00:00.000Z,[90m
[31m+       "description": "Odeon",[90m
[31m+       "id": "t203",[90m
[31m+       "type": "expense",[90m
[31m+     },[90m
[31m+     {[90m
[31m+       "accountId": "5",[90m
[31m+       "amount": -107.35,[90m
[31m+       "category": "Online Shopping",[90m
[31m+       "cleared": true,[90m
[31m+       "date": 2024-08-31T23:00:00.000Z,[90m
[31m+       "description": "Apple Store",[90m
[31m+       "id": "t204",[90m
[31m+       "type": "expense",[90m
[31m+     },[90m
[31m+     {[90m
[31m+       "accountId": "6",[90m
[31m+       "amount": -7.55,[90m
[31m+       "category": "Coffee Shops",[90m
[31m+       "cleared": true,[90m
[31m+       "date": 2024-08-31T23:00:00.000Z,[90m
[31m+       "description": "Nero",[90m
[31m+       "id": "t205",[90m
[31m+       "type": "expense",[90m
[31m+     },[90m
[31m+     {[90m
[31m+       "accountId": "5",[90m
[31m+       "amount": -4.26,[90m
[31m+       "category": "Coffee Shops",[90m
[31m+       "cleared": true,[90m
[31m+       "date": 2024-09-01T23:00:00.000Z,[90m
[31m+       "description": "Nero",[90m
[31m+       "id": "t206",[90m
[31m+       "type": "expense",[90m
[31m+     },[90m
[31m+     {[90m
[31m+       "accountId": "5",[90m
[31m+       "amount": -61.2,[90m
[31m+       "category": "Fuel",[90m
[31m+       "cleared": true,[90m
[31m+       "date": 2024-09-01T23:00:00.000Z,[90m
[31m+       "description": "BP",[90m
[31m+       "id": "t207",[90m
[31m+       "type": "expense",[90m
[31m+     },[90m
[31m+     {[90m
[31m+       "accountId": "6",[90m
[31m+       "amount": -32.81,[90m
[31m+       "category": "Dining Out",[90m
[31m+       "cleared": true,[90m
[31m+       "date": 2024-09-03T23:00:00.000Z,[90m
[31m+       "description": "Franco Manca",[90m
[31m+       "id": "t208",[90m
[31m+       "type": "expense",[90m
[31m+     },[90m
[31m+     {[90m
[31m+       "accountId": "6",[90m
[31m+       "amount": -44.04,[90m
[31m+       "category": "Transport",[90m
[31m+       "cleared": true,[90m
[31m+       "date": 2024-09-03T23:00:00.000Z,[90m
[31m+       "description": "Uber",[90m
[31m+       "id": "t209",[90m
[31m+       "type": "expense",[90m
[31m+     },[90m
[31m+     {[90m
[31m+       "accountId": "5",[90m
[31m+       "amount": -102.85,[90m
[31m+       "category": "Online Shopping",[90m
[31m+       "cleared": true,[90m
[31m+       "date": 2024-09-03T23:00:00.000Z,[90m
[31m+       "description": "eBay",[90m
[31m+       "id": "t210",[90m
[31m+       "type": "expense",[90m
[31m+     },[90m
[31m+     {[90m
[31m+       "accountId": "6",[90m
[31m+       "amount": -10.66,[90m
[31m+       "category": "Subscriptions",[90m
[31m+       "cleared": true,[90m
[31m+       "date": 2024-09-03T23:00:00.000Z,[90m
[31m+       "description": "Amazon Prime",[90m
[31m+       "id": "t211",[90m
[31m+       "type": "expense",[90m
[31m+     },[90m
[31m+     {[90m
[31m+       "accountId": "6",[90m
[31m+       "amount": -70.28,[90m
[31m+       "category": "Groceries",[90m
[31m+       "cleared": true,[90m
[31m+       "date": 2024-09-04T23:00:00.000Z,[90m
[31m+       "description": "Waitrose",[90m
[31m+       "id": "t212",[90m
[31m+       "type": "expense",[90m
[31m+     },[90m
[31m+     {[90m
[31m+       "accountId": "5",[90m
[31m+       "amount": -6.53,[90m
[31m+       "category": "Coffee Shops",[90m
[31m+       "cleared": true,[90m
[31m+       "date": 2024-09-04T23:00:00.000Z,[90m
[31m+       "description": "Starbucks",[90m
[31m+       "id": "t213",[90m
[31m+       "type": "expense",[90m
[31m+     },[90m
[31m+     {[90m
[31m+       "accountId": "6",[90m
[31m+       "amount": -35.66,[90m
[31m+       "category": "Groceries",[90m
[31m+       "cleared": true,[90m
[31m+       "date": 2024-09-06T23:00:00.000Z,[90m
[31m+       "description": "Morrisons",[90m
[31m+       "id": "t214",[90m
[31m+       "type": "expense",[90m
[31m+     },[90m
[31m+     {[90m
[31m+       "accountId": "5",[90m
[31m+       "amount": -102.34,[90m
[31m+       "category": "Dining Out",[90m
[31m+       "cleared": true,[90m
[31m+       "date": 2024-09-06T23:00:00.000Z,[90m
[31m+       "description": "Dishoom",[90m
[31m+       "id": "t215",[90m
[31m+       "type": "expense",[90m
[31m+     },[90m
[31m+     {[90m
[31m+       "accountId": "5",[90m
[31m+       "amount": -24.28,[90m
[31m+       "category": "Online Shopping",[90m
[31m+       "cleared": true,[90m
[31m+       "date": 2024-09-06T23:00:00.000Z,[90m
[31m+       "description": "Currys",[90m
[31m+       "id": "t216",[90m
[31m+       "type": "expense",[90m
[31m+     },[90m
[31m+     {[90m
[31m+       "accountId": "6",[90m
[31m+       "amount": -5.04,[90m
[31m+       "category": "Coffee Shops",[90m
[31m+       "cleared": true,[90m
[31m+       "date": 2024-09-06T23:00:00.000Z,[90m
[31m+       "description": "Pret",[90m
[31m+       "id": "t217",[90m
[31m+       "type": "expense",[90m
[31m+     },[90m
[31m+     {[90m
[31m+       "accountId": "5",[90m
[31m+       "amount": -47.19,[90m
[31m+       "category": "Groceries",[90m
[31m+       "cleared": true,[90m
[31m+       "date": 2024-09-07T23:00:00.000Z,[90m
[31m+       "description": "Waitrose",[90m
[31m+       "id": "t218",[90m
[31m+       "type": "expense",[90m
[31m+     },[90m
[31m+     {[90m
[31m+       "accountId": "6",[90m
[31m+       "amount": -53.2,[90m
[31m+       "category": "Dining Out",[90m
[31m+       "cleared": true,[90m
[31m+       "date": 2024-09-07T23:00:00.000Z,[90m
[31m+       "description": "Wagamama",[90m
[31m+       "id": "t219",[90m
[31m+       "type": "expense",[90m
[31m+     },[90m
[31m+     {[90m
[31m+       "accountId": "6",[90m
[31m+       "amount": -24.3,[90m
[31m+       "category": "Transport",[90m
[31m+       "cleared": true,[90m
[31m+       "date": 2024-09-07T23:00:00.000Z,[90m
[31m+       "description": "Citymapper",[90m
[31m+       "id": "t220",[90m
[31m+       "type": "expense",[90m
[31m+     },[90m
[31m+     {[90m
[31m+       "accountId": "6",[90m
[31m+       "amount": -115.4,[90m
[31m+       "category": "Shopping",[90m
[31m+       "cleared": true,[90m
[31m+       "date": 2024-09-07T23:00:00.000Z,[90m
[31m+       "description": "Next",[90m
[31m+       "id": "t221",[90m
[31m+       "type": "expense",[90m
[31m+     },[90m
[31m+     {[90m
[31m+       "accountId": "5",[90m
[31m+       "amount": -22.55,[90m
[31m+       "category": "Entertainment",[90m
[31m+       "cleared": true,[90m
[31m+       "date": 2024-09-07T23:00:00.000Z,[90m
[31m+       "description": "Odeon",[90m
[31m+       "id": "t222",[90m
[31m+       "type": "expense",[90m
[31m+     },[90m
[31m+     {[90m
[31m+       "accountId": "6",[90m
[31m+       "amount": -24.91,[90m
[31m+       "category": "Online Shopping",[90m
[31m+       "cleared": true,[90m
[31m+       "date": 2024-09-07T23:00:00.000Z,[90m
[31m+       "description": "eBay",[90m
[31m+       "id": "t223",[90m
[31m+       "type": "expense",[90m
[31m+     },[90m
[31m+     {[90m
[31m+       "accountId": "5",[90m
[31m+       "amount": -6.09,[90m
[31m+       "category": "Coffee Shops",[90m
[31m+       "cleared": true,[90m
[31m+       "date": 2024-09-07T23:00:00.000Z,[90m
[31m+       "description": "Gail's",[90m
[31m+       "id": "t224",[90m
[31m+       "type": "expense",[90m
[31m+     },[90m
[31m+     {[90m
[31m+       "accountId": "5",[90m
[31m+       "amount": -25.11,[90m
[31m+       "category": "Groceries",[90m
[31m+       "cleared": true,[90m
[31m+       "date": 2024-09-09T23:00:00.000Z,[90m
[31m+       "description": "Aldi",[90m
[31m+       "id": "t225",[90m
[31m+       "type": "expense",[90m
[31m+     },[90m
[31m+     {[90m
[31m+       "accountId": "6",[90m
[31m+       "amount": -5.51,[90m
[31m+       "category": "Coffee Shops",[90m
[31m+       "cleared": true,[90m
[31m+       "date": 2024-09-09T23:00:00.000Z,[90m
[31m+       "description": "Pret",[90m
[31m+       "id": "t226",[90m
[31m+       "type": "expense",[90m
[31m+     },[90m
[31m+     {[90m
[31m+       "accountId": "5",[90m
[31m+       "amount": -99.15,[90m
[31m+       "category": "Dining Out",[90m
[31m+       "cleared": true,[90m
[31m+       "date": 2024-09-10T23:00:00.000Z,[90m
[31m+       "description": "The Ivy",[90m
[31m+       "id": "t227",[90m
[31m+       "type": "expense",[90m
[31m+     },[90m
[31m+     {[90m
[31m+       "accountId": "5",[90m
[31m+       "amount": -24.56,[90m
[31m+       "category": "Transport",[90m
[31m+       "cleared": true,[90m
[31m+       "date": 2024-09-10T23:00:00.000Z,[90m
[31m+       "description": "Citymapper",[90m
[31m+       "id": "t228",[90m
[31m+       "type": "expense",[90m
[31m+     },[90m
[31m+     {[90m
[31m+       "accountId": "5",[90m
[31m+       "amount": -17.13,[90m
[31m+       "category": "Online Shopping",[90m
[31m+       "cleared": true,[90m
[31m+       "date": 2024-09-10T23:00:00.000Z,[90m
[31m+       "description": "Apple Store",[90m
[31m+       "id": "t229",[90m
[31m+       "type": "expense",[90m
[31m+     },[90m
[31m+     {[90m
[31m+       "accountId": "5",[90m
[31m+       "amount": -3.74,[90m
[31m+       "category": "Coffee Shops",[90m
[31m+       "cleared": true,[90m
[31m+       "date": 2024-09-10T23:00:00.000Z,[90m
[31m+       "description": "Pret",[90m
[31m+       "id": "t230",[90m
[31m+       "type": "expense",[90m
[31m+     },[90m
[31m+     {[90m
[31m+       "accountId": "6",[90m
[31m+       "amount": -111.72,[90m
[31m+       "category": "Dining Out",[90m
[31m+       "cleared": true,[90m
[31m+       "date": 2024-09-13T23:00:00.000Z,[90m
[31m+       "description": "Wagamama",[90m
[31m+       "id": "t231",[90m
[31m+       "type": "expense",[90m
[31m+     },[90m
[31m+     {[90m
[31m+       "accountId": "5",[90m
[31m+       "amount": -47.17,[90m
[31m+       "category": "Transport",[90m
[31m+       "cleared": true,[90m
[31m+       "date": 2024-09-13T23:00:00.000Z,[90m
[31m+       "description": "National Rail",[90m
[31m+       "id": "t232",[90m
[31m+       "type": "expense",[90m
[31m+     },[90m
[31m+     {[90m
[31m+       "accountId": "5",[90m
[31m+       "amount": -130.2,[90m
[31m+       "category": "Online Shopping",[90m
[31m+       "cleared": true,[90m
[31m+       "date": 2024-09-13T23:00:00.000Z,[90m
[31m+       "description": "Argos",[90m
[31m+       "id": "t233",[90m
[31m+       "type": "expense",[90m
[31m+     },[90m
[31m+     {[90m
[31m+       "accountId": "6",[90m
[31m+       "amount": -6.65,[90m
[31m+       "category": "Coffee Shops",[90m
[31m+       "cleared": true,[90m
[31m+       "date": 2024-09-13T23:00:00.000Z,[90m
[31m+       "description": "Nero",[90m
[31m+       "id": "t234",[90m
[31m+       "type": "expense",[90m
[31m+     },[90m
[31m+     {[90m
[31m+       "accountId": "5",[90m
[31m+       "amount": -57.8,[90m
[31m+       "category": "Dining Out",[90m
[31m+       "cleared": true,[90m
[31m+       "date": 2024-09-14T23:00:00.000Z,[90m
[31m+       "description": "Pizza Express",[90m
[31m+       "id": "t235",[90m
[31m+       "type": "expense",[90m
[31m+     },[90m
[31m+     {[90m
[31m+       "accountId": "6",[90m
[31m+       "amount": -45.11,[90m
[31m+       "category": "Transport",[90m
[31m+       "cleared": true,[90m
[31m+       "date": 2024-09-14T23:00:00.000Z,[90m
[31m+       "description": "TfL",[90m
[31m+       "id": "t236",[90m
[31m+       "type": "expense",[90m
[31m+     },[90m
[31m+     {[90m
[31m+       "accountId": "6",[90m
[31m+       "amount": -132.92,[90m
[31m+       "category": "Shopping",[90m
[31m+       "cleared": true,[90m
[31m+       "date": 2024-09-14T23:00:00.000Z,[90m
[31m+       "description": "John Lewis",[90m
[31m+       "id": "t237",[90m
[31m+       "type": "expense",[90m
[31m+     },[90m
[31m+     {[90m
[31m+       "accountId": "6",[90m
[31m+       "amount": -94.46,[90m
[31m+       "category": "Entertainment",[90m
[31m+       "cleared": true,[90m
[31m+       "date": 2024-09-14T23:00:00.000Z,[90m
[31m+       "description": "Odeon",[90m
[31m+       "id": "t238",[90m
[31m+       "type": "expense",[90m
[31m+     },[90m
[31m+     {[90m
[31m+       "accountId": "6",[90m
[31m+       "amount": -5.1,[90m
[31m+       "category": "Coffee Shops",[90m
[31m+       "cleared": true,[90m
[31m+       "date": 2024-09-14T23:00:00.000Z,[90m
[31m+       "description": "Costa",[90m
[31m+       "id": "t239",[90m
[31m+       "type": "expense",[90m
[31m+     },[90m
[31m+     {[90m
[31m+       "accountId": "5",[90m
[31m+       "amount": -3.03,[90m
[31m+       "category": "Coffee Shops",[90m
[31m+       "cleared": true,[90m
[31m+       "date": 2024-09-15T23:00:00.000Z,[90m
[31m+       "description": "Nero",[90m
[31m+       "id": "t240",[90m
[31m+       "type": "expense",[90m
[31m+     },[90m
[31m+     {[90m
[31m+       "accountId": "5",[90m
[31m+       "amount": -62.35,[90m
[31m+       "category": "Groceries",[90m
[31m+       "cleared": true,[90m
[31m+       "date": 2024-09-16T23:00:00.000Z,[90m
[31m+       "description": "Sainsbury's",[90m
[31m+       "id": "t241",[90m
[31m+       "type": "expense",[90m
[31m+     },[90m
[31m+     {[90m
[31m+       "accountId": "5",[90m
[31m+       "amount": -7.29,[90m
[31m+       "category": "Coffee Shops",[90m
[31m+       "cleared": true,[90m
[31m+       "date": 2024-09-16T23:00:00.000Z,[90m
[31m+       "description": "Costa",[90m
[31m+       "id": "t242",[90m
[31m+       "type": "expense",[90m
[31m+     },[90m
[31m+     {[90m
[31m+       "accountId": "5",[90m
[31m+       "amount": -44.31,[90m
[31m+       "category": "Transport",[90m
[31m+       "cleared": true,[90m
[31m+       "date": 2024-09-17T23:00:00.000Z,[90m
[31m+       "description": "TfL",[90m
[31m+       "id": "t243",[90m
[31m+       "type": "expense",[90m
[31m+     },[90m
[31m+     {[90m
[31m+       "accountId": "5",[90m
[31m+       "amount": -99.98,[90m
[31m+       "category": "Online Shopping",[90m
[31m+       "cleared": true,[90m
[31m+       "date": 2024-09-17T23:00:00.000Z,[90m
[31m+       "description": "Currys",[90m
[31m+       "id": "t244",[90m
[31m+       "type": "expense",[90m
[31m+     },[90m
[31m+     {[90m
[31m+       "accountId": "6",[90m
[31m+       "amount": -6.45,[90m
[31m+       "category": "Coffee Shops",[90m
[31m+       "cleared": true,[90m
[31m+       "date": 2024-09-17T23:00:00.000Z,[90m
[31m+       "description": "Pret",[90m
[31m+       "id": "t245",[90m
[31m+       "type": "expense",[90m
[31m+     },[90m
[31m+     {[90m
[31m+       "accountId": "5",[90m
[31m+       "amount": -7.78,[90m
[31m+       "category": "Coffee Shops",[90m
[31m+       "cleared": true,[90m
[31m+       "date": 2024-09-18T23:00:00.000Z,[90m
[31m+       "description": "Gail's",[90m
[31m+       "id": "t246",[90m
[31m+       "type": "expense",[90m
[31m+     },[90m
[31m+     {[90m
[31m+       "accountId": "5",[90m
[31m+       "amount": -22.02,[90m
[31m+       "category": "Groceries",[90m
[31m+       "cleared": true,[90m
[31m+       "date": 2024-09-20T23:00:00.000Z,[90m
[31m+       "description": "Morrisons",[90m
[31m+       "id": "t247",[90m
[31m+       "type": "expense",[90m
[31m+     },[90m
[31m+     {[90m
[31m+       "accountId": "6",[90m
[31m+       "amount": -52.84,[90m
[31m+       "category": "Dining Out",[90m
[31m+       "cleared": true,[90m
[31m+       "date": 2024-09-20T23:00:00.000Z,[90m
[31m+       "description": "The Ivy",[90m
[31m+       "id": "t248",[90m
[31m+       "type": "expense",[90m
[31m+     },[90m
[31m+     {[90m
[31m+       "accountId": "5",[90m
[31m+       "amount": -34.71,[90m
[31m+       "category": "Transport",[90m
[31m+       "cleared": true,[90m
[31m+       "date": 2024-09-20T23:00:00.000Z,[90m
[31m+       "description": "National Rail",[90m
[31m+       "id": "t249",[90m
[31m+       "type": "expense",[90m
[31m+     },[90m
[31m+     {[90m
[31m+       "accountId": "6",[90m
[31m+       "amount": -80.95,[90m
[31m+       "category": "Online Shopping",[90m
[31m+       "cleared": true,[90m
[31m+       "date": 2024-09-20T23:00:00.000Z,[90m
[31m+       "description": "Currys",[90m
[31m+       "id": "t250",[90m
[31m+       "type": "expense",[90m
[31m+     },[90m
[31m+     {[90m
[31m+       "accountId": "6",[90m
[31m+       "amount": -3.41,[90m
[31m+       "category": "Coffee Shops",[90m
[31m+       "cleared": true,[90m
[31m+       "date": 2024-09-20T23:00:00.000Z,[90m
[31m+       "description": "Starbucks",[90m
[31m+       "id": "t251",[90m
[31m+       "type": "expense",[90m
[31m+     },[90m
[31m+     {[90m
[31m+       "accountId": "5",[90m
[31m+       "amount": -63.45,[90m
[31m+       "category": "Groceries",[90m
[31m+       "cleared": true,[90m
[31m+       "date": 2024-09-21T23:00:00.000Z,[90m
[31m+       "description": "Lidl",[90m
[31m+       "id": "t252",[90m
[31m+       "type": "expense",[90m
[31m+     },[90m
[31m+     {[90m
[31m+       "accountId": "5",[90m
[31m+       "amount": -37.18,[90m
[31m+       "category": "Dining Out",[90m
[31m+       "cleared": true,[90m
[31m+       "date": 2024-09-21T23:00:00.000Z,[90m
[31m+       "description": "Franco Manca",[90m
[31m+       "id": "t253",[90m
[31m+       "type": "expense",[90m
[31m+     },[90m
[31m+     {[90m
[31m+       "accountId": "5",[90m
[31m+       "amount": -26.81,[90m
[31m+       "category": "Transport",[90m
[31m+       "cleared": true,[90m
[31m+       "date": 2024-09-21T23:00:00.000Z,[90m
[31m+       "description": "Addison Lee",[90m
[31m+       "id": "t254",[90m
[31m+       "type": "expense",[90m
[31m+     },[90m
[31m+     {[90m
[31m+       "accountId": "6",[90m
[31m+       "amount": -173.53,[90m
[31m+       "category": "Shopping",[90m
[31m+       "cleared": true,[90m
[31m+       "date": 2024-09-21T23:00:00.000Z,[90m
[31m+       "description": "Next",[90m
[31m+       "id": "t255",[90m
[31m+       "type": "expense",[90m
[31m+     },[90m
[31m+     {[90m
[31m+       "accountId": "5",[90m
[31m+       "amount": -62.2,[90m
[31m+       "category": "Entertainment",[90m
[31m+       "cleared": true,[90m
[31m+       "date": 2024-09-21T23:00:00.000Z,[90m
[31m+       "description": "Ticketmaster",[90m
[31m+       "id": "t256",[90m
[31m+       "type": "expense",[90m
[31m+     },[90m
[31m+     {[90m
[31m+       "accountId": "6",[90m
[31m+       "amount": -19.4,[90m
[31m+       "category": "Online Shopping",[90m
[31m+       "cleared": true,[90m
[31m+       "date": 2024-09-21T23:00:00.000Z,[90m
[31m+       "description": "eBay",[90m
[31m+       "id": "t257",[90m
[31m+       "type": "expense",[90m
[31m+     },[90m
[31m+     {[90m
[31m+       "accountId": "6",[90m
[31m+       "amount": -6.84,[90m
[31m+       "category": "Coffee Shops",[90m
[31m+       "cleared": true,[90m
[31m+       "date": 2024-09-21T23:00:00.000Z,[90m
[31m+       "description": "Costa",[90m
[31m+       "id": "t258",[90m
[31m+       "type": "expense",[90m
[31m+     },[90m
[31m+     {[90m
[31m+       "accountId": "5",[90m
[31m+       "amount": -4.88,[90m
[31m+       "category": "Coffee Shops",[90m
[31m+       "cleared": true,[90m
[31m+       "date": 2024-09-22T23:00:00.000Z,[90m
[31m+       "description": "Nero",[90m
[31m+       "id": "t259",[90m
[31m+       "type": "expense",[90m
[31m+     },[90m
[31m+     {[90m
[31m+       "accountId": "5",[90m
[31m+       "amount": -22.7,[90m
[31m+       "category": "Groceries",[90m
[31m+       "cleared": true,[90m
[31m+       "date": 2024-09-23T23:00:00.000Z,[90m
[31m+       "description": "ASDA",[90m
[31m+       "id": "t260",[90m
[31m+       "type": "expense",[90m
[31m+     },[90m
[31m+     {[90m
[31m+       "accountId": "5",[90m
[31m+       "amount": -3.35,[90m
[31m+       "category": "Coffee Shops",[90m
[31m+       "cleared": true,[90m
[31m+       "date": 2024-09-23T23:00:00.000Z,[90m
[31m+       "description": "Nero",[90m
[31m+       "id": "t261",[90m
[31m+       "type": "expense",[90m
[31m+     },[90m
[31m+     {[90m
[31m+       "accountId": "5",[90m
[31m+       "amount": -107.04,[90m
[31m+       "category": "Dining Out",[90m
[31m+       "cleared": true,[90m
[31m+       "date": 2024-09-24T23:00:00.000Z,[90m
[31m+       "description": "Franco Manca",[90m
[31m+       "id": "t262",[90m
[31m+       "type": "expense",[90m
[31m+     },[90m
[31m+     {[90m
[31m+       "accountId": "6",[90m
[31m+       "amount": -46.99,[90m
[31m+       "category": "Transport",[90m
[31m+       "cleared": true,[90m
[31m+       "date": 2024-09-24T23:00:00.000Z,[90m
[31m+       "description": "TfL",[90m
[31m+       "id": "t263",[90m
[31m+       "type": "expense",[90m
[31m+     },[90m
[31m+     {[90m
[31m+       "accountId": "6",[90m
[31m+       "amount": -123.22,[90m
[31m+       "category": "Online Shopping",[90m
[31m+       "cleared": true,[90m
[31m+       "date": 2024-09-24T23:00:00.000Z,[90m
[31m+       "description": "Amazon",[90m
[31m+       "id": "t264",[90m
[31m+       "type": "expense",[90m
[31m+     },[90m
[31m+     {[90m
[31m+       "accountId": "6",[90m
[31m+       "amount": -3.43,[90m
[31m+       "category": "Coffee Shops",[90m
[31m+       "cleared": true,[90m
[31m+       "date": 2024-09-24T23:00:00.000Z,[90m
[31m+       "description": "Gail's",[90m
[31m+       "id": "t265",[90m
[31m+       "type": "expense",[90m
[31m+     },[90m
[31m+     {[90m
[31m+       "accountId": "6",[90m
[31m+       "amount": -31.55,[90m
[31m+       "category": "Groceries",[90m
[31m+       "cleared": true,[90m
[31m+       "date": 2024-09-25T23:00:00.000Z,[90m
[31m+       "description": "Sainsbury's",[90m
[31m+       "id": "t266",[90m
[31m+       "type": "expense",[90m
[31m+     },[90m
[31m+     {[90m
[31m+       "accountId": "6",[90m
[31m+       "amount": -7.6,[90m
[31m+       "category": "Coffee Shops",[90m
[31m+       "cleared": true,[90m
[31m+       "date": 2024-09-26T23:00:00.000Z,[90m
[31m+       "description": "Starbucks",[90m
[31m+       "id": "t267",[90m
[31m+       "type": "expense",[90m
[31m+     },[90m
[31m+     {[90m
[31m+       "accountId": "6",[90m
[31m+       "amount": -50.9,[90m
[31m+       "category": "Groceries",[90m
[31m+       "cleared": false,[90m
[31m+       "date": 2024-09-27T23:00:00.000Z,[90m
[31m+       "description": "Morrisons",[90m
[31m+       "id": "t268",[90m
[31m+       "type": "expense",[90m
[31m+     },[90m
[31m+     {[90m
[31m+       "accountId": "6",[90m
[31m+       "amount": -82.81,[90m
[31m+       "category": "Dining Out",[90m
[31m+       "cleared": false,[90m
[31m+       "date": 2024-09-27T23:00:00.000Z,[90m
[31m+       "description": "Franco Manca",[90m
[31m+       "id": "t269",[90m
[31m+       "type": "expense",[90m
[31m+     },[90m
[31m+     {[90m
[31m+       "accountId": "6",[90m
[31m+       "amount": -105.09,[90m
[31m+       "category": "Online Shopping",[90m
[31m+       "cleared": false,[90m
[31m+       "date": 2024-09-27T23:00:00.000Z,[90m
[31m+       "description": "Apple Store",[90m
[31m+       "id": "t270",[90m
[31m+       "type": "expense",[90m
[31m+     },[90m
[31m+     {[90m
[31m+       "accountId": "6",[90m
[31m+       "amount": -6.75,[90m
[31m+       "category": "Coffee Shops",[90m
[31m+       "cleared": false,[90m
[31m+       "date": 2024-09-27T23:00:00.000Z,[90m
[31m+       "description": "Costa",[90m
[31m+       "id": "t271",[90m
[31m+       "type": "expense",[90m
[31m+     },[90m
[31m+     {[90m
[31m+       "accountId": "6",[90m
[31m+       "amount": -39.57,[90m
[31m+       "category": "Groceries",[90m
[31m+       "cleared": false,[90m
[31m+       "date": 2024-09-28T23:00:00.000Z,[90m
[31m+       "description": "Sainsbury's",[90m
[31m+       "id": "t272",[90m
[31m+       "type": "expense",[90m
[31m+     },[90m
[31m+     {[90m
[31m+       "accountId": "6",[90m
[31m+       "amount": -82.92,[90m
[31m+       "category": "Dining Out",[90m
[31m+       "cleared": false,[90m
[31m+       "date": 2024-09-28T23:00:00.000Z,[90m
[31m+       "description": "Franco Manca",[90m
[31m+       "id": "t273",[90m
[31m+       "type": "expense",[90m
[31m+     },[90m
[31m+     {[90m
[31m+       "accountId": "5",[90m
[31m+       "amount": -39.02,[90m
[31m+       "category": "Transport",[90m
[31m+       "cleared": false,[90m
[31m+       "date": 2024-09-28T23:00:00.000Z,[90m
[31m+       "description": "TfL",[90m
[31m+       "id": "t274",[90m
[31m+       "type": "expense",[90m
[31m+     },[90m
[31m+     {[90m
[31m+       "accountId": "5",[90m
[31m+       "amount": -181.18,[90m
[31m+       "category": "Shopping",[90m
[31m+       "cleared": false,[90m
[31m+       "date": 2024-09-28T23:00:00.000Z,[90m
[31m+       "description": "H&M",[90m
[31m+       "id": "t275",[90m
[31m+       "type": "expense",[90m
[31m+     },[90m
[31m+     {[90m
[31m+       "accountId": "6",[90m
[31m+       "amount": -55.26,[90m
[31m+       "category": "Entertainment",[90m
[31m+       "cleared": false,[90m
[31m+       "date": 2024-09-28T23:00:00.000Z,[90m
[31m+       "description": "Ticketmaster",[90m
[31m+       "id": "t276",[90m
[31m+       "type": "expense",[90m
[31m+     },[90m
[31m+     {[90m
[31m+       "accountId": "5",[90m
[31m+       "amount": -113.89,[90m
[31m+       "category": "Online Shopping",[90m
[31m+       "cleared": false,[90m
[31m+       "date": 2024-09-28T23:00:00.000Z,[90m
[31m+       "description": "eBay",[90m
[31m+       "id": "t277",[90m
[31m+       "type": "expense",[90m
[31m+     },[90m
[31m+     {[90m
[31m+       "accountId": "1",[90m
[31m+       "amount": -2044.2800000000002,[90m
[31m+       "category": "transfer",[90m
[31m+       "cleared": true,[90m
[31m+       "date": 2024-09-13T23:00:00.000Z,[90m
[31m+       "description": "Credit Card Payment - Natwest",[90m
[31m+       "id": "t278",[90m
[31m+       "type": "transfer",[90m
[31m+     },[90m
[31m+     {[90m
[31m+       "accountId": "5",[90m
[31m+       "amount": 2044.2800000000002,[90m
[31m+       "category": "transfer",[90m
[31m+       "cleared": true,[90m
[31m+       "date": 2024-09-13T23:00:00.000Z,[90m
[31m+       "description": "Credit Card Payment - Natwest",[90m
[31m+       "id": "t279",[90m
[31m+       "type": "transfer",[90m
[31m+     },[90m
[31m+     {[90m
[31m+       "accountId": "1",[90m
[31m+       "amount": -1010.9899999999998,[90m
[31m+       "category": "transfer",[90m
[31m+       "cleared": true,[90m
[31m+       "date": 2024-09-13T23:00:00.000Z,[90m
[31m+       "description": "Credit Card Payment - American Express",[90m
[31m+       "id": "t280",[90m
[31m+       "type": "transfer",[90m
[31m+     },[90m
[31m+     {[90m
[31m+       "accountId": "6",[90m
[31m+       "amount": 1010.9899999999998,[90m
[31m+       "category": "transfer",[90m
[31m+       "cleared": true,[90m
[31m+       "date": 2024-09-13T23:00:00.000Z,[90m
[31m+       "description": "Credit Card Payment - American Express",[90m
[31m+       "id": "t281",[90m
[31m+       "type": "transfer",[90m
[31m+     },[90m
[31m+     {[90m
[31m+       "accountId": "1",[90m
[31m+       "amount": -1029.73,[90m
[31m+       "category": "transfer",[90m
[31m+       "cleared": true,[90m
[31m+       "date": 2024-09-29T23:00:00.000Z,[90m
[31m+       "description": "Balance Sweep to Savings",[90m
[31m+       "id": "t282",[90m
[31m+       "type": "transfer",[90m
[31m+     },[90m
[31m+     {[90m
[31m+       "accountId": "3",[90m
[31m+       "amount": 1029.73,[90m
[31m+       "category": "transfer",[90m
[31m+       "cleared": true,[90m
[31m+       "date": 2024-09-29T23:00:00.000Z,[90m
[31m+       "description": "Balance Sweep from Current",[90m
[31m+       "id": "t283",[90m
[31m+       "type": "transfer",[90m
[31m+     },[90m
[31m+     {[90m
[31m+       "accountId": "1",[90m
[31m+       "amount": 6000,[90m
[31m+       "category": "Salary",[90m
[31m+       "cleared": true,[90m
[31m+       "date": 2024-09-30T23:00:00.000Z,[90m
[31m+       "description": "Monthly Salary",[90m
[31m+       "id": "t284",[90m
[31m+       "type": "income",[90m
[31m+     },[90m
[31m+     {[90m
[31m+       "accountId": "1",[90m
[31m+       "amount": -1200,[90m
[31m+       "category": "transfer",[90m
[31m+       "cleared": true,[90m
[31m+       "date": 2024-09-30T23:00:00.000Z,[90m
[31m+       "description": "Mortgage Payment",[90m
[31m+       "id": "t285",[90m
[31m+       "type": "transfer",[90m
[31m+     },[90m
[31m+     {[90m
[31m+       "accountId": "8",[90m
[31m+       "amount": 1200,[90m
[31m+       "category": "transfer",[90m
[31m+       "cleared": true,[90m
[31m+       "date": 2024-09-30T23:00:00.000Z,[90m
[31m+       "description": "Mortgage Payment",[90m
[31m+       "id": "t286",[90m
[31m+       "type": "transfer",[90m
[31m+     },[90m
[31m+     {[90m
[31m+       "accountId": "1",[90m
[31m+       "amount": -180,[90m
[31m+       "category": "Bills",[90m
[31m+       "cleared": true,[90m
[31m+       "date": 2024-09-30T23:00:00.000Z,[90m
[31m+       "description": "Council Tax",[90m
[31m+       "id": "t287",[90m
[31m+       "type": "expense",[90m
[31m+     },[90m
[31m+     {[90m
[31m+       "accountId": "1",[90m
[31m+       "amount": -150,[90m
[31m+       "category": "Utilities",[90m
[31m+       "cleared": true,[90m
[31m+       "date": 2024-09-30T23:00:00.000Z,[90m
[31m+       "description": "Gas & Electric",[90m
[31m+       "id": "t288",[90m
[31m+       "type": "expense",[90m
[31m+     },[90m
[31m+     {[90m
[31m+       "accountId": "1",[90m
[31m+       "amount": -45,[90m
[31m+       "category": "Utilities",[90m
[31m+       "cleared": true,[90m
[31m+       "date": 2024-09-30T23:00:00.000Z,[90m
[31m+       "description": "Water Bill",[90m
[31m+       "id": "t289",[90m
[31m+       "type": "expense",[90m
[31m+     },[90m
[31m+     {[90m
[31m+       "accountId": "1",[90m
[31m+       "amount": -55,[90m
[31m+       "category": "Utilities",[90m
[31m+       "cleared": true,[90m
[31m+       "date": 2024-09-30T23:00:00.000Z,[90m
[31m+       "description": "Internet & Phone",[90m
[31m+       "id": "t290",[90m
[31m+       "type": "expense",[90m
[31m+     },[90m
[31m+     {[90m
[31m+       "accountId": "1",[90m
[31m+       "amount": -35,[90m
[31m+       "category": "Bills",[90m
[31m+       "cleared": true,[90m
[31m+       "date": 2024-09-30T23:00:00.000Z,[90m
[31m+       "description": "Mobile Phone",[90m
[31m+       "id": "t291",[90m
[31m+       "type": "expense",[90m
[31m+     },[90m
[31m+     {[90m
[31m+       "accountId": "1",[90m
[31m+       "amount": -65,[90m
[31m+       "category": "Insurance",[90m
[31m+       "cleared": true,[90m
[31m+       "date": 2024-09-30T23:00:00.000Z,[90m
[31m+       "description": "Home Insurance",[90m
[31m+       "id": "t292",[90m
[31m+       "type": "expense",[90m
[31m+     },[90m
[31m+     {[90m
[31m+       "accountId": "1",[90m
[31m+       "amount": -45,[90m
[31m+       "category": "Insurance",[90m
[31m+       "cleared": true,[90m
[31m+       "date": 2024-09-30T23:00:00.000Z,[90m
[31m+       "description": "Life Insurance",[90m
[31m+       "id": "t293",[90m
[31m+       "type": "expense",[90m
[31m+     },[90m
[31m+     {[90m
[31m+       "accountId": "1",[90m
[31m+       "amount": -85,[90m
[31m+       "category": "Insurance",[90m
[31m+       "cleared": true,[90m
[31m+       "date": 2024-09-30T23:00:00.000Z,[90m
[31m+       "description": "Car Insurance",[90m
[31m+       "id": "t294",[90m
[31m+       "type": "expense",[90m
[31m+     },[90m
[31m+     {[90m
[31m+       "accountId": "1",[90m
[31m+       "amount": -55,[90m
[31m+       "category": "Health & Fitness",[90m
[31m+       "cleared": true,[90m
[31m+       "date": 2024-09-30T23:00:00.000Z,[90m
[31m+       "description": "Gym Membership",[90m
[31m+       "id": "t295",[90m
[31m+       "type": "expense",[90m
[31m+     },[90m
[31m+     {[90m
[31m+       "accountId": "6",[90m
[31m+       "amount": -27.62,[90m
[31m+       "category": "Groceries",[90m
[31m+       "cleared": true,[90m
[31m+       "date": 2024-09-30T23:00:00.000Z,[90m
[31m+       "description": "Lidl",[90m
[31m+       "id": "t296",[90m
[31m+       "type": "expense",[90m
[31m+     },[90m
[31m+     {[90m
[31m+       "accountId": "5",[90m
[31m+       "amount": -4.25,[90m
[31m+       "category": "Coffee Shops",[90m
[31m+       "cleared": true,[90m
[31m+       "date": 2024-09-30T23:00:00.000Z,[90m
[31m+       "description": "Gail's",[90m
[31m+       "id": "t297",[90m
[31m+       "type": "expense",[90m
[31m+     },[90m
[31m+     {[90m
[31m+       "accountId": "6",[90m
[31m+       "amount": -42.92,[90m
[31m+       "category": "Dining Out",[90m
[31m+       "cleared": true,[90m
[31m+       "date": 2024-10-01T23:00:00.000Z,[90m
[31m+       "description": "Dishoom",[90m
[31m+       "id": "t298",[90m
[31m+       "type": "expense",[90m
[31m+     },[90m
[31m+     {[90m
[31m+       "accountId": "5",[90m
[31m+       "amount": -67.23,[90m
[31m+       "category": "Fuel",[90m
[31m+       "cleared": true,[90m
[31m+       "date": 2024-10-01T23:00:00.000Z,[90m
[31m+       "description": "Texaco",[90m
[31m+       "id": "t299",[90m
[31m+       "type": "expense",[90m
[31m+     },[90m
[31m+     {[90m
[31m+       "accountId": "6",[90m
[31m+       "amount": -16.63,[90m
[31m+       "category": "Subscriptions",[90m
[31m+       "cleared": true,[90m
[31m+       "date": 2024-10-03T23:00:00.000Z,[90m
[31m+       "description": "Amazon Prime",[90m
[31m+       "id": "t300",[90m
[31m+       "type": "expense",[90m
[31m+     },[90m
[31m+     {[90m
[31m+       "accountId": "6",[90m
[31m+       "amount": -62.92,[90m
[31m+       "category": "Groceries",[90m
[31m+       "cleared": true,[90m
[31m+       "date": 2024-10-04T23:00:00.000Z,[90m
[31m+       "description": "Waitrose",[90m
[31m+       "id": "t301",[90m
[31m+       "type": "expense",[90m
[31m+     },[90m
[31m+     {[90m
[31m+       "accountId": "5",[90m
[31m+       "amount": -3.28,[90m
[31m+       "category": "Coffee Shops",[90m
[31m+       "cleared": true,[90m
[31m+       "date": 2024-10-04T23:00:00.000Z,[90m
[31m+       "description": "Nero",[90m
[31m+       "id": "t302",[90m
[31m+       "type": "expense",[90m
[31m+     },[90m
[31m+     {[90m
[31m+       "accountId": "5",[90m
[31m+       "amount": -68.21,[90m
[31m+       "category": "Dining Out",[90m
[31m+       "cleared": true,[90m
[31m+       "date": 2024-10-05T23:00:00.000Z,[90m
[31m+       "description": "Nando's",[90m
[31m+       "id": "t303",[90m
[31m+       "type": "expense",[90m
[31m+     },[90m
[31m+     {[90m
[31m+       "accountId": "5",[90m
[31m+       "amount": -41.75,[90m
[31m+       "category": "Transport",[90m
[31m+       "cleared": true,[90m
[31m+       "date": 2024-10-05T23:00:00.000Z,[90m
[31m+       "description": "Uber",[90m
[31m+       "id": "t304",[90m
[31m+       "type": "expense",[90m
[31m+     },[90m
[31m+     {[90m
[31m+       "accountId": "5",[90m
[31m+       "amount": -55.44,[90m
[31m+       "category": "Entertainment",[90m
[31m+       "cleared": true,[90m
[31m+       "date": 2024-10-05T23:00:00.000Z,[90m
[31m+       "description": "Odeon",[90m
[31m+       "id": "t305",[90m
[31m+       "type": "expense",[90m
[31m+     },[90m
[31m+     {[90m
[31m+       "accountId": "6",[90m
[31m+       "amount": -85.34,[90m
[31m+       "category": "Online Shopping",[90m
[31m+       "cleared": true,[90m
[31m+       "date": 2024-10-05T23:00:00.000Z,[90m
[31m+       "description": "Currys",[90m
[31m+       "id": "t306",[90m
[31m+       "type": "expense",[90m
[31m+     },[90m
[31m+     {[90m
[31m+       "accountId": "5",[90m
[31m+       "amount": -6.45,[90m
[31m+       "category": "Coffee Shops",[90m
[31m+       "cleared": true,[90m
[31m+       "date": 2024-10-05T23:00:00.000Z,[90m
[31m+       "description": "Pret",[90m
[31m+       "id": "t307",[90m
[31m+       "type": "expense",[90m
[31m+     },[90m
[31m+     {[90m
[31m+       "accountId": "5",[90m
[31m+       "amount": -6.99,[90m
[31m+       "category": "Coffee Shops",[90m
[31m+       "cleared": true,[90m
[31m+       "date": 2024-10-06T23:00:00.000Z,[90m
[31m+       "description": "Gail's",[90m
[31m+       "id": "t308",[90m
[31m+       "type": "expense",[90m
[31m+     },[90m
[31m+     {[90m
[31m+       "accountId": "5",[90m
[31m+       "amount": -37.86,[90m
[31m+       "category": "Groceries",[90m
[31m+       "cleared": true,[90m
[31m+       "date": 2024-10-07T23:00:00.000Z,[90m
[31m+       "description": "Lidl",[90m
[31m+       "id": "t309",[90m
[31m+       "type": "expense",[90m
[31m+     },[90m
[31m+     {[90m
[31m+       "accountId": "6",[90m
[31m+       "amount": -5.73,[90m
[31m+       "category": "Coffee Shops",[90m
[31m+       "cleared": true,[90m
[31m+       "date": 2024-10-07T23:00:00.000Z,[90m
[31m+       "description": "Starbucks",[90m
[31m+       "id": "t310",[90m
[31m+       "type": "expense",[90m
[31m+     },[90m
[31m+     {[90m
[31m+       "accountId": "5",[90m
[31m+       "amount": -20.94,[90m
[31m+       "category": "Transport",[90m
[31m+       "cleared": true,[90m
[31m+       "date": 2024-10-08T23:00:00.000Z,[90m
[31m+       "description": "Citymapper",[90m
[31m+       "id": "t311",[90m
[31m+       "type": "expense",[90m
[31m+     },[90m
[31m+     {[90m
[31m+       "accountId": "6",[90m
[31m+       "amount": -109.09,[90m
[31m+       "category": "Online Shopping",[90m
[31m+       "cleared": true,[90m
[31m+       "date": 2024-10-08T23:00:00.000Z,[90m
[31m+       "description": "Argos",[90m
[31m+       "id": "t312",[90m
[31m+       "type": "expense",[90m
[31m+     },[90m
[31m+     {[90m
[31m+       "accountId": "6",[90m
[31m+       "amount": -6.38,[90m
[31m+       "category": "Coffee Shops",[90m
[31m+       "cleared": true,[90m
[31m+       "date": 2024-10-08T23:00:00.000Z,[90m
[31m+       "description": "Nero",[90m
[31m+       "id": "t313",[90m
[31m+       "type": "expense",[90m
[31m+     },[90m
[31m+     {[90m
[31m+       "accountId": "6",[90m
[31m+       "amount": -51.92,[90m
[31m+       "category": "Groceries",[90m
[31m+       "cleared": true,[90m
[31m+       "date": 2024-10-09T23:00:00.000Z,[90m
[31m+       "description": "Tesco",[90m
[31m+       "id": "t314",[90m
[31m+       "type": "expense",[90m
[31m+     },[90m
[31m+     {[90m
[31m+       "accountId": "6",[90m
[31m+       "amount": -6.69,[90m
[31m+       "category": "Coffee Shops",[90m
[31m+       "cleared": true,[90m
[31m+       "date": 2024-10-09T23:00:00.000Z,[90m
[31m+       "description": "Nero",[90m
[31m+       "id": "t315",[90m
[31m+       "type": "expense",[90m
[31m+     },[90m
[31m+     {[90m
[31m+       "accountId": "6",[90m
[31m+       "amount": -6.82,[90m
[31m+       "category": "Coffee Shops",[90m
[31m+       "cleared": true,[90m
[31m+       "date": 2024-10-10T23:00:00.000Z,[90m
[31m+       "description": "Nero",[90m
[31m+       "id": "t316",[90m
[31m+       "type": "expense",[90m
[31m+     },[90m
[31m+     {[90m
[31m+       "accountId": "6",[90m
[31m+       "amount": -36.4,[90m
[31m+       "category": "Groceries",[90m
[31m+       "cleared": true,[90m
[31m+       "date": 2024-10-11T23:00:00.000Z,[90m
[31m+       "description": "Tesco",[90m
[31m+       "id": "t317",[90m
[31m+       "type": "expense",[90m
[31m+     },[90m
[31m+     {[90m
[31m+       "accountId": "6",[90m
[31m+       "amount": -49.57,[90m
[31m+       "category": "Dining Out",[90m
[31m+       "cleared": true,[90m
[31m+       "date": 2024-10-11T23:00:00.000Z,[90m
[31m+       "description": "Wagamama",[90m
[31m+       "id": "t318",[90m
[31m+       "type": "expense",[90m
[31m+     },[90m
[31m+     {[90m
[31m+       "accountId": "6",[90m
[31m+       "amount": -27.03,[90m
[31m+       "category": "Transport",[90m
[31m+       "cleared": true,[90m
[31m+       "date": 2024-10-11T23:00:00.000Z,[90m
[31m+       "description": "Uber",[90m
[31m+       "id": "t319",[90m
[31m+       "type": "expense",[90m
[31m+     },[90m
[31m+     {[90m
[31m+       "accountId": "6",[90m
[31m+       "amount": -110.8,[90m
[31m+       "category": "Online Shopping",[90m
[31m+       "cleared": true,[90m
[31m+       "date": 2024-10-11T23:00:00.000Z,[90m
[31m+       "description": "eBay",[90m
[31m+       "id": "t320",[90m
[31m+       "type": "expense",[90m
[31m+     },[90m
[31m+     {[90m
[31m+       "accountId": "5",[90m
[31m+       "amount": -4.19,[90m
[31m+       "category": "Coffee Shops",[90m
[31m+       "cleared": true,[90m
[31m+       "date": 2024-10-11T23:00:00.000Z,[90m
[31m+       "description": "Pret",[90m
[31m+       "id": "t321",[90m
[31m+       "type": "expense",[90m
[31m+     },[90m
[31m+     {[90m
[31m+       "accountId": "6",[90m
[31m+       "amount": -21.08,[90m
[31m+       "category": "Groceries",[90m
[31m+       "cleared": true,[90m
[31m+       "date": 2024-10-12T23:00:00.000Z,[90m
[31m+       "description": "Tesco",[90m
[31m+       "id": "t322",[90m
[31m+       "type": "expense",[90m
[31m+     },[90m
[31m+     {[90m
[31m+       "accountId": "6",[90m
[31m+       "amount": -41.31,[90m
[31m+       "category": "Transport",[90m
[31m+       "cleared": true,[90m
[31m+       "date": 2024-10-12T23:00:00.000Z,[90m
[31m+       "description": "Addison Lee",[90m
[31m+       "id": "t323",[90m
[31m+       "type": "expense",[90m
[31m+     },[90m
[31m+     {[90m
[31m+       "accountId": "5",[90m
[31m+       "amount": -54.33,[90m
[31m+       "category": "Shopping",[90m
[31m+       "cleared": true,[90m
[31m+       "date": 2024-10-12T23:00:00.000Z,[90m
[31m+       "description": "Next",[90m
[31m+       "id": "t324",[90m
[31m+       "type": "expense",[90m
[31m+     },[90m
[31m+     {[90m
[31m+       "accountId": "5",[90m
[31m+       "amount": -94.66,[90m
[31m+       "category": "Entertainment",[90m
[31m+       "cleared": true,[90m
[31m+       "date": 2024-10-12T23:00:00.000Z,[90m
[31m+       "description": "O2 Arena",[90m
[31m+       "id": "t325",[90m
[31m+       "type": "expense",[90m
[31m+     },[90m
[31m+     {[90m
[31m+       "accountId": "5",[90m
[31m+       "amount": -7.93,[90m
[31m+       "category": "Coffee Shops",[90m
[31m+       "cleared": true,[90m
[31m+       "date": 2024-10-12T23:00:00.000Z,[90m
[31m+       "description": "Gail's",[90m
[31m+       "id": "t326",[90m
[31m+       "type": "expense",[90m
[31m+     },[90m
[31m+     {[90m
[31m+       "accountId": "6",[90m
[31m+       "amount": -63.4,[90m
[31m+       "category": "Groceries",[90m
[31m+       "cleared": true,[90m
[31m+       "date": 2024-10-14T23:00:00.000Z,[90m
[31m+       "description": "Aldi",[90m
[31m+       "id": "t327",[90m
[31m+       "type": "expense",[90m
[31m+     },[90m
[31m+     {[90m
[31m+       "accountId": "6",[90m
[31m+       "amount": -5.61,[90m
[31m+       "category": "Coffee Shops",[90m
[31m+       "cleared": true,[90m
[31m+       "date": 2024-10-14T23:00:00.000Z,[90m
[31m+       "description": "Pret",[90m
[31m+       "id": "t328",[90m
[31m+       "type": "expense",[90m
[31m+     },[90m
[31m+     {[90m
[31m+       "accountId": "6",[90m
[31m+       "amount": -98.96,[90m
[31m+       "category": "Dining Out",[90m
[31m+       "cleared": true,[90m
[31m+       "date": 2024-10-15T23:00:00.000Z,[90m
[31m+       "description": "Pizza Express",[90m
[31m+       "id": "t329",[90m
[31m+       "type": "expense",[90m
[31m+     },[90m
[31m+     {[90m
[31m+       "accountId": "6",[90m
[31m+       "amount": -36.46,[90m
[31m+       "category": "Online Shopping",[90m
[31m+       "cleared": true,[90m
[31m+       "date": 2024-10-15T23:00:00.000Z,[90m
[31m+       "description": "Argos",[90m
[31m+       "id": "t330",[90m
[31m+       "type": "expense",[90m
[31m+     },[90m
[31m+     {[90m
[31m+       "accountId": "5",[90m
[31m+       "amount": -7.21,[90m
[31m+       "category": "Coffee Shops",[90m
[31m+       "cleared": true,[90m
[31m+       "date": 2024-10-15T23:00:00.000Z,[90m
[31m+       "description": "Gail's",[90m
[31m+       "id": "t331",[90m
[31m+       "type": "expense",[90m
[31m+     },[90m
[31m+     {[90m
[31m+       "accountId": "6",[90m
[31m+       "amount": -40.47,[90m
[31m+       "category": "Groceries",[90m
[31m+       "cleared": true,[90m
[31m+       "date": 2024-10-16T23:00:00.000Z,[90m
[31m+       "description": "Waitrose",[90m
[31m+       "id": "t332",[90m
[31m+       "type": "expense",[90m
[31m+     },[90m
[31m+     {[90m
[31m+       "accountId": "5",[90m
[31m+       "amount": -5.71,[90m
[31m+       "category": "Coffee Shops",[90m
[31m+       "cleared": true,[90m
[31m+       "date": 2024-10-16T23:00:00.000Z,[90m
[31m+       "description": "Starbucks",[90m
[31m+       "id": "t333",[90m
[31m+       "type": "expense",[90m
[31m+     },[90m
[31m+     {[90m
[31m+       "accountId": "6",[90m
[31m+       "amount": -6.63,[90m
[31m+       "category": "Coffee Shops",[90m
[31m+       "cleared": true,[90m
[31m+       "date": 2024-10-17T23:00:00.000Z,[90m
[31m+       "description": "Nero",[90m
[31m+       "id": "t334",[90m
[31m+       "type": "expense",[90m
[31m+     },[90m
[31m+     {[90m
[31m+       "accountId": "5",[90m
[31m+       "amount": -74.46,[90m
[31m+       "category": "Groceries",[90m
[31m+       "cleared": true,[90m
[31m+       "date": 2024-10-18T23:00:00.000Z,[90m
[31m+       "description": "Tesco",[90m
[31m+       "id": "t335",[90m
[31m+       "type": "expense",[90m
[31m+     },[90m
[31m+     {[90m
[31m+       "accountId": "6",[90m
[31m+       "amount": -6.45,[90m
[31m+       "category": "Coffee Shops",[90m
[31m+       "cleared": true,[90m
[31m+       "date": 2024-10-18T23:00:00.000Z,[90m
[31m+       "description": "Nero",[90m
[31m+       "id": "t336",[90m
[31m+       "type": "expense",[90m
[31m+     },[90m
[31m+     {[90m
[31m+       "accountId": "6",[90m
[31m+       "amount": -55.34,[90m
[31m+       "category": "Groceries",[90m
[31m+       "cleared": true,[90m
[31m+       "date": 2024-10-21T23:00:00.000Z,[90m
[31m+       "description": "Sainsbury's",[90m
[31m+       "id": "t337",[90m
[31m+       "type": "expense",[90m
[31m+     },[90m
[31m+     {[90m
[31m+       "accountId": "5",[90m
[31m+       "amount": -5.92,[90m
[31m+       "category": "Coffee Shops",[90m
[31m+       "cleared": true,[90m
[31m+       "date": 2024-10-21T23:00:00.000Z,[90m
[31m+       "description": "Costa",[90m
[31m+       "id": "t338",[90m
[31m+       "type": "expense",[90m
[31m+     },[90m
[31m+     {[90m
[31m+       "accountId": "5",[90m
[31m+       "amount": -7.1,[90m
[31m+       "category": "Coffee Shops",[90m
[31m+       "cleared": true,[90m
[31m+       "date": 2024-10-24T23:00:00.000Z,[90m
[31m+       "description": "Gail's",[90m
[31m+       "id": "t339",[90m
[31m+       "type": "expense",[90m
[31m+     },[90m
[31m+     {[90m
[31m+       "accountId": "5",[90m
[31m+       "amount": -71.68,[90m
[31m+       "category": "Groceries",[90m
[31m+       "cleared": true,[90m
[31m+       "date": 2024-10-25T23:00:00.000Z,[90m
[31m+       "description": "Morrisons",[90m
[31m+       "id": "t340",[90m
[31m+       "type": "expense",[90m
[31m+     },[90m
[31m+     {[90m
[31m+       "accountId": "5",[90m
[31m+       "amount": -85.36,[90m
[31m+       "category": "Dining Out",[90m
[31m+       "cleared": true,[90m
[31m+       "date": 2024-10-25T23:00:00.000Z,[90m
[31m+       "description": "Franco Manca",[90m
[31m+       "id": "t341",[90m
[31m+       "type": "expense",[90m
[31m+     },[90m
[31m+     {[90m
[31m+       "accountId": "6",[90m
[31m+       "amount": -46.54,[90m
[31m+       "category": "Transport",[90m
[31m+       "cleared": true,[90m
[31m+       "date": 2024-10-25T23:00:00.000Z,[90m
[31m+       "description": "Citymapper",[90m
[31m+       "id": "t342",[90m
[31m+       "type": "expense",[90m
[31m+     },[90m
[31m+     {[90m
[31m+       "accountId": "5",[90m
[31m+       "amount": -37.41,[90m
[31m+       "category": "Online Shopping",[90m
[31m+       "cleared": true,[90m
[31m+       "date": 2024-10-25T23:00:00.000Z,[90m
[31m+       "description": "Currys",[90m
[31m+       "id": "t343",[90m
[31m+       "type": "expense",[90m
[31m+     },[90m
[31m+     {[90m
[31m+       "accountId": "5",[90m
[31m+       "amount": -4.82,[90m
[31m+       "category": "Coffee Shops",[90m
[31m+       "cleared": true,[90m
[31m+       "date": 2024-10-25T23:00:00.000Z,[90m
[31m+       "description": "Pret",[90m
[31m+       "id": "t344",[90m
[31m+       "type": "expense",[90m
[31m+     },[90m
[31m+     {[90m
[31m+       "accountId": "6",[90m
[31m+       "amount": -158.8,[90m
[31m+       "category": "Shopping",[90m
[31m+       "cleared": true,[90m
[31m+       "date": 2024-10-26T23:00:00.000Z,[90m
[31m+       "description": "Selfridges",[90m
[31m+       "id": "t345",[90m
[31m+       "type": "expense",[90m
[31m+     },[90m
[31m+     {[90m
[31m+       "accountId": "6",[90m
[31m+       "amount": -35.09,[90m
[31m+       "category": "Entertainment",[90m
[31m+       "cleared": true,[90m
[31m+       "date": 2024-10-26T23:00:00.000Z,[90m
[31m+       "description": "Odeon",[90m
[31m+       "id": "t346",[90m
[31m+       "type": "expense",[90m
[31m+     },[90m
[31m+     {[90m
[31m+       "accountId": "5",[90m
[31m+       "amount": -3.89,[90m
[31m+       "category": "Coffee Shops",[90m
[31m+       "cleared": true,[90m
[31m+       "date": 2024-10-26T23:00:00.000Z,[90m
[31m+       "description": "Nero",[90m
[31m+       "id": "t347",[90m
[31m+       "type": "expense",[90m
[31m+     },[90m
[31m+     {[90m
[31m+       "accountId": "6",[90m
[31m+       "amount": -5.61,[90m
[31m+       "category": "Coffee Shops",[90m
[31m+       "cleared": true,[90m
[31m+       "date": 2024-10-28T00:00:00.000Z,[90m
[31m+       "description": "Costa",[90m
[31m+       "id": "t348",[90m
[31m+       "type": "expense",[90m
[31m+     },[90m
[31m+     {[90m
[31m+       "accountId": "6",[90m
[31m+       "amount": -75.27,[90m
[31m+       "category": "Groceries",[90m
[31m+       "cleared": false,[90m
[31m+       "date": 2024-10-29T00:00:00.000Z,[90m
[31m+       "description": "ASDA",[90m
[31m+       "id": "t349",[90m
[31m+       "type": "expense",[90m
[31m+     },[90m
[31m+     {[90m
[31m+       "accountId": "6",[90m
[31m+       "amount": -3.36,[90m
[31m+       "category": "Coffee Shops",[90m
[31m+       "cleared": false,[90m
[31m+       "date": 2024-10-29T00:00:00.000Z,[90m
[31m+       "description": "Costa",[90m
[31m+       "id": "t350",[90m
[31m+       "type": "expense",[90m
[31m+     },[90m
[31m+     {[90m
[31m+       "accountId": "6",[90m
[31m+       "amount": -23.85,[90m
[31m+       "category": "Transport",[90m
[31m+       "cleared": false,[90m
[31m+       "date": 2024-10-30T00:00:00.000Z,[90m
[31m+       "description": "National Rail",[90m
[31m+       "id": "t351",[90m
[31m+       "type": "expense",[90m
[31m+     },[90m
[31m+     {[90m
[31m+       "accountId": "5",[90m
[31m+       "amount": -38.05,[90m
[31m+       "category": "Online Shopping",[90m
[31m+       "cleared": false,[90m
[31m+       "date": 2024-10-30T00:00:00.000Z,[90m
[31m+       "description": "Currys",[90m
[31m+       "id": "t352",[90m
[31m+       "type": "expense",[90m
[31m+     },[90m
[31m+     {[90m
[31m+       "accountId": "5",[90m
[31m+       "amount": -7.45,[90m
[31m+       "category": "Coffee Shops",[90m
[31m+       "cleared": false,[90m
[31m+       "date": 2024-10-30T00:00:00.000Z,[90m
[31m+       "description": "Gail's",[90m
[31m+       "id": "t353",[90m
[31m+       "type": "expense",[90m
[31m+     },[90m
[31m+     {[90m
[31m+       "accountId": "6",[90m
[31m+       "amount": -44.42,[90m
[31m+       "category": "Groceries",[90m
[31m+       "cleared": false,[90m
[31m+       "date": 2024-10-31T00:00:00.000Z,[90m
[31m+       "description": "Waitrose",[90m
[31m+       "id": "t354",[90m
[31m+       "type": "expense",[90m
[31m+     },[90m
[31m+     {[90m
[31m+       "accountId": "5",[90m
[31m+       "amount": -5.81,[90m
[31m+       "category": "Coffee Shops",[90m
[31m+       "cleared": false,[90m
[31m+       "date": 2024-10-31T00:00:00.000Z,[90m
[31m+       "description": "Costa",[90m
[31m+       "id": "t355",[90m
[31m+       "type": "expense",[90m
[31m+     },[90m
[31m+     {[90m
[31m+       "accountId": "1",[90m
[31m+       "amount": -2133.24,[90m
[31m+       "category": "transfer",[90m
[31m+       "cleared": true,[90m
[31m+       "date": 2024-10-13T23:00:00.000Z,[90m
[31m+       "description": "Credit Card Payment - Natwest",[90m
[31m+       "id": "t356",[90m
[31m+       "type": "transfer",[90m
[31m+     },[90m
[31m+     {[90m
[31m+       "accountId": "5",[90m
[31m+       "amount": 2133.24,[90m
[31m+       "category": "transfer",[90m
[31m+       "cleared": true,[90m
[31m+       "date": 2024-10-13T23:00:00.000Z,[90m
[31m+       "description": "Credit Card Payment - Natwest",[90m
[31m+       "id": "t357",[90m
[31m+       "type": "transfer",[90m
[31m+     },[90m
[31m+     {[90m
[31m+       "accountId": "1",[90m
[31m+       "amount": -1948.26,[90m
[31m+       "category": "transfer",[90m
[31m+       "cleared": true,[90m
[31m+       "date": 2024-10-13T23:00:00.000Z,[90m
[31m+       "description": "Credit Card Payment - American Express",[90m
[31m+       "id": "t358",[90m
[31m+       "type": "transfer",[90m
[31m+     },[90m
[31m+     {[90m
[31m+       "accountId": "6",[90m
[31m+       "amount": 1948.26,[90m
[31m+       "category": "transfer",[90m
[31m+       "cleared": true,[90m
[31m+       "date": 2024-10-13T23:00:00.000Z,[90m
[31m+       "description": "Credit Card Payment - American Express",[90m
[31m+       "id": "t359",[90m
[31m+       "type": "transfer",[90m
[31m+     },[90m
[31m+     {[90m
[31m+       "accountId": "1",[90m
[31m+       "amount": -3.5000000000002274,[90m
[31m+       "category": "transfer",[90m
[31m+       "cleared": true,[90m
[31m+       "date": 2024-10-31T00:00:00.000Z,[90m
[31m+       "description": "Balance Sweep to Savings",[90m
[31m+       "id": "t360",[90m
[31m+       "type": "transfer",[90m
[31m+     },[90m
[31m+     {[90m
[31m+       "accountId": "3",[90m
[31m+       "amount": 3.5000000000002274,[90m
[31m+       "category": "transfer",[90m
[31m+       "cleared": true,[90m
[31m+       "date": 2024-10-31T00:00:00.000Z,[90m
[31m+       "description": "Balance Sweep from Current",[90m
[31m+       "id": "t361",[90m
[31m+       "type": "transfer",[90m
[31m+     },[90m
[31m+     {[90m
[31m+       "accountId": "1",[90m
[31m+       "amount": 6000,[90m
[31m+       "category": "Salary",[90m
[31m+       "cleared": true,[90m
[31m+       "date": 2024-11-01T00:00:00.000Z,[90m
[31m+       "description": "Monthly Salary",[90m
[31m+       "id": "t362",[90m
[31m+       "type": "income",[90m
[31m+     },[90m
[31m+     {[90m
[31m+       "accountId": "1",[90m
[31m+       "amount": -1200,[90m
[31m+       "category": "transfer",[90m
[31m+       "cleared": true,[90m
[31m+       "date": 2024-11-01T00:00:00.000Z,[90m
[31m+       "description": "Mortgage Payment",[90m
[31m+       "id": "t363",[90m
[31m+       "type": "transfer",[90m
[31m+     },[90m
[31m+     {[90m
[31m+       "accountId": "8",[90m
[31m+       "amount": 1200,[90m
[31m+       "category": "transfer",[90m
[31m+       "cleared": true,[90m
[31m+       "date": 2024-11-01T00:00:00.000Z,[90m
[31m+       "description": "Mortgage Payment",[90m
[31m+       "id": "t364",[90m
[31m+       "type": "transfer",[90m
[31m+     },[90m
[31m+     {[90m
[31m+       "accountId": "1",[90m
[31m+       "amount": -180,[90m
[31m+       "category": "Bills",[90m
[31m+       "cleared": true,[90m
[31m+       "date": 2024-11-01T00:00:00.000Z,[90m
[31m+       "description": "Council Tax",[90m
[31m+       "id": "t365",[90m
[31m+       "type": "expense",[90m
[31m+     },[90m
[31m+     {[90m
[31m+       "accountId": "1",[90m
[31m+       "amount": -150,[90m
[31m+       "category": "Utilities",[90m
[31m+       "cleared": true,[90m
[31m+       "date": 2024-11-01T00:00:00.000Z,[90m
[31m+       "description": "Gas & Electric",[90m
[31m+       "id": "t366",[90m
[31m+       "type": "expense",[90m
[31m+     },[90m
[31m+     {[90m
[31m+       "accountId": "1",[90m
[31m+       "amount": -45,[90m
[31m+       "category": "Utilities",[90m
[31m+       "cleared": true,[90m
[31m+       "date": 2024-11-01T00:00:00.000Z,[90m
[31m+       "description": "Water Bill",[90m
[31m+       "id": "t367",[90m
[31m+       "type": "expense",[90m
[31m+     },[90m
[31m+     {[90m
[31m+       "accountId": "1",[90m
[31m+       "amount": -55,[90m
[31m+       "category": "Utilities",[90m
[31m+       "cleared": true,[90m
[31m+       "date": 2024-11-01T00:00:00.000Z,[90m
[31m+       "description": "Internet & Phone",[90m
[31m+       "id": "t368",[90m
[31m+       "type": "expense",[90m
[31m+     },[90m
[31m+     {[90m
[31m+       "accountId": "1",[90m
[31m+       "amount": -35,[90m
[31m+       "category": "Bills",[90m
[31m+       "cleared": true,[90m
[31m+       "date": 2024-11-01T00:00:00.000Z,[90m
[31m+       "description": "Mobile Phone",[90m
[31m+       "id": "t369",[90m
[31m+       "type": "expense",[90m
[31m+     },[90m
[31m+     {[90m
[31m+       "accountId": "1",[90m
[31m+       "amount": -65,[90m
[31m+       "category": "Insurance",[90m
[31m+       "cleared": true,[90m
[31m+       "date": 2024-11-01T00:00:00.000Z,[90m
[31m+       "description": "Home Insurance",[90m
[31m+       "id": "t370",[90m
[31m+       "type": "expense",[90m
[31m+     },[90m
[31m+     {[90m
[31m+       "accountId": "1",[90m
[31m+       "amount": -45,[90m
[31m+       "category": "Insurance",[90m
[31m+       "cleared": true,[90m
[31m+       "date": 2024-11-01T00:00:00.000Z,[90m
[31m+       "description": "Life Insurance",[90m
[31m+       "id": "t371",[90m
[31m+       "type": "expense",[90m
[31m+     },[90m
[31m+     {[90m
[31m+       "accountId": "1",[90m
[31m+       "amount": -85,[90m
[31m+       "category": "Insurance",[90m
[31m+       "cleared": true,[90m
[31m+       "date": 2024-11-01T00:00:00.000Z,[90m
[31m+       "description": "Car Insurance",[90m
[31m+       "id": "t372",[90m
[31m+       "type": "expense",[90m
[31m+     },[90m
[31m+     {[90m
[31m+       "accountId": "1",[90m
[31m+       "amount": -55,[90m
[31m+       "category": "Health & Fitness",[90m
[31m+       "cleared": true,[90m
[31m+       "date": 2024-11-01T00:00:00.000Z,[90m
[31m+       "description": "Gym Membership",[90m
[31m+       "id": "t373",[90m
[31m+       "type": "expense",[90m
[31m+     },[90m
[31m+     {[90m
[31m+       "accountId": "6",[90m
[31m+       "amount": -5.14,[90m
[31m+       "category": "Coffee Shops",[90m
[31m+       "cleared": true,[90m
[31m+       "date": 2024-11-01T00:00:00.000Z,[90m
[31m+       "description": "Nero",[90m
[31m+       "id": "t374",[90m
[31m+       "type": "expense",[90m
[31m+     },[90m
[31m+     {[90m
[31m+       "accountId": "5",[90m
[31m+       "amount": -97.28,[90m
[31m+       "category": "Dining Out",[90m
[31m+       "cleared": true,[90m
[31m+       "date": 2024-11-02T00:00:00.000Z,[90m
[31m+       "description": "Franco Manca",[90m
[31m+       "id": "t375",[90m
[31m+       "type": "expense",[90m
[31m+     },[90m
[31m+     {[90m
[31m+       "accountId": "6",[90m
[31m+       "amount": -49.84,[90m
[31m+       "category": "Transport",[90m
[31m+       "cleared": true,[90m
[31m+       "date": 2024-11-02T00:00:00.000Z,[90m
[31m+       "description": "Citymapper",[90m
[31m+       "id": "t376",[90m
[31m+       "type": "expense",[90m
[31m+     },[90m
[31m+     {[90m
[31m+       "accountId": "6",[90m
[31m+       "amount": -41.16,[90m
[31m+       "category": "Online Shopping",[90m
[31m+       "cleared": true,[90m
[31m+       "date": 2024-11-02T00:00:00.000Z,[90m
[31m+       "description": "Argos",[90m
[31m+       "id": "t377",[90m
[31m+       "type": "expense",[90m
[31m+     },[90m
[31m+     {[90m
[31m+       "accountId": "6",[90m
[31m+       "amount": -5.22,[90m
[31m+       "category": "Coffee Shops",[90m
[31m+       "cleared": true,[90m
[31m+       "date": 2024-11-04T00:00:00.000Z,[90m
[31m+       "description": "Starbucks",[90m
[31m+       "id": "t378",[90m
[31m+       "type": "expense",[90m
[31m+     },[90m
[31m+     {[90m
[31m+       "accountId": "6",[90m
[31m+       "amount": -14.45,[90m
[31m+       "category": "Subscriptions",[90m
[31m+       "cleared": true,[90m
[31m+       "date": 2024-11-04T00:00:00.000Z,[90m
[31m+       "description": "Apple Music",[90m
[31m+       "id": "t379",[90m
[31m+       "type": "expense",[90m
[31m+     },[90m
[31m+     {[90m
[31m+       "accountId": "6",[90m
[31m+       "amount": -31.51,[90m
[31m+       "category": "Transport",[90m
[31m+       "cleared": true,[90m
[31m+       "date": 2024-11-06T00:00:00.000Z,[90m
[31m+       "description": "Citymapper",[90m
[31m+       "id": "t380",[90m
[31m+       "type": "expense",[90m
[31m+     },[90m
[31m+     {[90m
[31m+       "accountId": "6",[90m
[31m+       "amount": -123.03,[90m
[31m+       "category": "Online Shopping",[90m
[31m+       "cleared": true,[90m
[31m+       "date": 2024-11-06T00:00:00.000Z,[90m
[31m+       "description": "Argos",[90m
[31m+       "id": "t381",[90m
[31m+       "type": "expense",[90m
[31m+     },[90m
[31m+     {[90m
[31m+       "accountId": "6",[90m
[31m+       "amount": -7.48,[90m
[31m+       "category": "Coffee Shops",[90m
[31m+       "cleared": true,[90m
[31m+       "date": 2024-11-06T00:00:00.000Z,[90m
[31m+       "description": "Pret",[90m
[31m+       "id": "t382",[90m
[31m+       "type": "expense",[90m
[31m+     },[90m
[31m+     {[90m
[31m+       "accountId": "6",[90m
[31m+       "amount": -6.51,[90m
[31m+       "category": "Coffee Shops",[90m
[31m+       "cleared": true,[90m
[31m+       "date": 2024-11-07T00:00:00.000Z,[90m
[31m+       "description": "Gail's",[90m
[31m+       "id": "t383",[90m
[31m+       "type": "expense",[90m
[31m+     },[90m
[31m+     {[90m
[31m+       "accountId": "5",[90m
[31m+       "amount": -3.61,[90m
[31m+       "category": "Coffee Shops",[90m
[31m+       "cleared": true,[90m
[31m+       "date": 2024-11-08T00:00:00.000Z,[90m
[31m+       "description": "Costa",[90m
[31m+       "id": "t384",[90m
[31m+       "type": "expense",[90m
[31m+     },[90m
[31m+     {[90m
[31m+       "accountId": "6",[90m
[31m+       "amount": -77.79,[90m
[31m+       "category": "Groceries",[90m
[31m+       "cleared": true,[90m
[31m+       "date": 2024-11-09T00:00:00.000Z,[90m
[31m+       "description": "Tesco",[90m
[31m+       "id": "t385",[90m
[31m+       "type": "expense",[90m
[31m+     },[90m
[31m+     {[90m
[31m+       "accountId": "6",[90m
[31m+       "amount": -93.98,[90m
[31m+       "category": "Dining Out",[90m
[31m+       "cleared": true,[90m
[31m+       "date": 2024-11-09T00:00:00.000Z,[90m
[31m+       "description": "Nando's",[90m
[31m+       "id": "t386",[90m
[31m+       "type": "expense",[90m
[31m+     },[90m
[31m+     {[90m
[31m+       "accountId": "6",[90m
[31m+       "amount": -34.87,[90m
[31m+       "category": "Transport",[90m
[31m+       "cleared": true,[90m
[31m+       "date": 2024-11-09T00:00:00.000Z,[90m
[31m+       "description": "Citymapper",[90m
[31m+       "id": "t387",[90m
[31m+       "type": "expense",[90m
[31m+     },[90m
[31m+     {[90m
[31m+       "accountId": "5",[90m
[31m+       "amount": -83.65,[90m
[31m+       "category": "Online Shopping",[90m
[31m+       "cleared": true,[90m
[31m+       "date": 2024-11-09T00:00:00.000Z,[90m
[31m+       "description": "Currys",[90m
[31m+       "id": "t388",[90m
[31m+       "type": "expense",[90m
[31m+     },[90m
[31m+     {[90m
[31m+       "accountId": "5",[90m
[31m+       "amount": -3.39,[90m
[31m+       "category": "Coffee Shops",[90m
[31m+       "cleared": true,[90m
[31m+       "date": 2024-11-09T00:00:00.000Z,[90m
[31m+       "description": "Starbucks",[90m
[31m+       "id": "t389",[90m
[31m+       "type": "expense",[90m
[31m+     },[90m
[31m+     {[90m
[31m+       "accountId": "5",[90m
[31m+       "amount": -57.28,[90m
[31m+       "category": "Groceries",[90m
[31m+       "cleared": true,[90m
[31m+       "date": 2024-11-10T00:00:00.000Z,[90m
[31m+       "description": "Aldi",[90m
[31m+       "id": "t390",[90m
[31m+       "type": "expense",[90m
[31m+     },[90m
[31m+     {[90m
[31m+       "accountId": "5",[90m
[31m+       "amount": -61.74,[90m
[31m+       "category": "Dining Out",[90m
[31m+       "cleared": true,[90m
[31m+       "date": 2024-11-10T00:00:00.000Z,[90m
[31m+       "description": "Nando's",[90m
[31m+       "id": "t391",[90m
[31m+       "type": "expense",[90m
[31m+     },[90m
[31m+     {[90m
[31m+       "accountId": "6",[90m
[31m+       "amount": -40.6,[90m
[31m+       "category": "Transport",[90m
[31m+       "cleared": true,[90m
[31m+       "date": 2024-11-10T00:00:00.000Z,[90m
[31m+       "description": "Addison Lee",[90m
[31m+       "id": "t392",[90m
[31m+       "type": "expense",[90m
[31m+     },[90m
[31m+     {[90m
[31m+       "accountId": "6",[90m
[31m+       "amount": -101.45,[90m
[31m+       "category": "Shopping",[90m
[31m+       "cleared": true,[90m
[31m+       "date": 2024-11-10T00:00:00.000Z,[90m
[31m+       "description": "Zara",[90m
[31m+       "id": "t393",[90m
[31m+       "type": "expense",[90m
[31m+     },[90m
[31m+     {[90m
[31m+       "accountId": "5",[90m
[31m+       "amount": -6.99,[90m
[31m+       "category": "Coffee Shops",[90m
[31m+       "cleared": true,[90m
[31m+       "date": 2024-11-10T00:00:00.000Z,[90m
[31m+       "description": "Costa",[90m
[31m+       "id": "t394",[90m
[31m+       "type": "expense",[90m
[31m+     },[90m
[31m+     {[90m
[31m+       "accountId": "5",[90m
[31m+       "amount": -5,[90m
[31m+       "category": "Coffee Shops",[90m
[31m+       "cleared": true,[90m
[31m+       "date": 2024-11-11T00:00:00.000Z,[90m
[31m+       "description": "Costa",[90m
[31m+       "id": "t395",[90m
[31m+       "type": "expense",[90m
[31m+     },[90m
[31m+     {[90m
[31m+       "accountId": "6",[90m
[31m+       "amount": -60.49,[90m
[31m+       "category": "Groceries",[90m
[31m+       "cleared": true,[90m
[31m+       "date": 2024-11-12T00:00:00.000Z,[90m
[31m+       "description": "Lidl",[90m
[31m+       "id": "t396",[90m
[31m+       "type": "expense",[90m
[31m+     },[90m
[31m+     {[90m
[31m+       "accountId": "5",[90m
[31m+       "amount": -5.28,[90m
[31m+       "category": "Coffee Shops",[90m
[31m+       "cleared": true,[90m
[31m+       "date": 2024-11-12T00:00:00.000Z,[90m
[31m+       "description": "Starbucks",[90m
[31m+       "id": "t397",[90m
[31m+       "type": "expense",[90m
[31m+     },[90m
[31m+     {[90m
[31m+       "accountId": "6",[90m
[31m+       "amount": -25.02,[90m
[31m+       "category": "Dining Out",[90m
[31m+       "cleared": true,[90m
[31m+       "date": 2024-11-13T00:00:00.000Z,[90m
[31m+       "description": "Nando's",[90m
[31m+       "id": "t398",[90m
[31m+       "type": "expense",[90m
[31m+     },[90m
[31m+     {[90m
[31m+       "accountId": "6",[90m
[31m+       "amount": -39.31,[90m
[31m+       "category": "Transport",[90m
[31m+       "cleared": true,[90m
[31m+       "date": 2024-11-13T00:00:00.000Z,[90m
[31m+       "description": "TfL",[90m
[31m+       "id": "t399",[90m
[31m+       "type": "expense",[90m
[31m+     },[90m
[31m+     {[90m
[31m+       "accountId": "6",[90m
[31m+       "amount": -114.42,[90m
[31m+       "category": "Online Shopping",[90m
[31m+       "cleared": true,[90m
[31m+       "date": 2024-11-13T00:00:00.000Z,[90m
[31m+       "description": "Currys",[90m
[31m+       "id": "t400",[90m
[31m+       "type": "expense",[90m
[31m+     },[90m
[31m+     {[90m
[31m+       "accountId": "6",[90m
[31m+       "amount": -7.34,[90m
[31m+       "category": "Coffee Shops",[90m
[31m+       "cleared": true,[90m
[31m+       "date": 2024-11-14T00:00:00.000Z,[90m
[31m+       "description": "Pret",[90m
[31m+       "id": "t401",[90m
[31m+       "type": "expense",[90m
[31m+     },[90m
[31m+     {[90m
[31m+       "accountId": "5",[90m
[31m+       "amount": -4.54,[90m
[31m+       "category": "Coffee Shops",[90m
[31m+       "cleared": true,[90m
[31m+       "date": 2024-11-15T00:00:00.000Z,[90m
[31m+       "description": "Starbucks",[90m
[31m+       "id": "t402",[90m
[31m+       "type": "expense",[90m
[31m+     },[90m
[31m+     {[90m
[31m+       "accountId": "5",[90m
[31m+       "amount": -60.24,[90m
[31m+       "category": "Groceries",[90m
[31m+       "cleared": true,[90m
[31m+       "date": 2024-11-16T00:00:00.000Z,[90m
[31m+       "description": "Tesco",[90m
[31m+       "id": "t403",[90m
[31m+       "type": "expense",[90m
[31m+     },[90m
[31m+     {[90m
[31m+       "accountId": "5",[90m
[31m+       "amount": -45.11,[90m
[31m+       "category": "Transport",[90m
[31m+       "cleared": true,[90m
[31m+       "date": 2024-11-16T00:00:00.000Z,[90m
[31m+       "description": "Uber",[90m
[31m+       "id": "t404",[90m
[31m+       "type": "expense",[90m
[31m+     },[90m
[31m+     {[90m
[31m+       "accountId": "5",[90m
[31m+       "amount": -17.99,[90m
[31m+       "category": "Online Shopping",[90m
[31m+       "cleared": true,[90m
[31m+       "date": 2024-11-16T00:00:00.000Z,[90m
[31m+       "description": "eBay",[90m
[31m+       "id": "t405",[90m
[31m+       "type": "expense",[90m
[31m+     },[90m
[31m+     {[90m
[31m+       "accountId": "6",[90m
[31m+       "amount": -3.52,[90m
[31m+       "category": "Coffee Shops",[90m
[31m+       "cleared": true,[90m
[31m+       "date": 2024-11-16T00:00:00.000Z,[90m
[31m+       "description": "Pret",[90m
[31m+       "id": "t406",[90m
[31m+       "type": "expense",[90m
[31m+     },[90m
[31m+     {[90m
[31m+       "accountId": "5",[90m
[31m+       "amount": -73.13,[90m
[31m+       "category": "Groceries",[90m
[31m+       "cleared": true,[90m
[31m+       "date": 2024-11-17T00:00:00.000Z,[90m
[31m+       "description": "ASDA",[90m
[31m+       "id": "t407",[90m
[31m+       "type": "expense",[90m
[31m+     },[90m
[31m+     {[90m
[31m+       "accountId": "6",[90m
[31m+       "amount": -115.95,[90m
[31m+       "category": "Dining Out",[90m
[31m+       "cleared": true,[90m
[31m+       "date": 2024-11-17T00:00:00.000Z,[90m
[31m+       "description": "Pizza Express",[90m
[31m+       "id": "t408",[90m
[31m+       "type": "expense",[90m
[31m+     },[90m
[31m+     {[90m
[31m+       "accountId": "6",[90m
[31m+       "amount": -41.94,[90m
[31m+       "category": "Transport",[90m
[31m+       "cleared": true,[90m
[31m+       "date": 2024-11-17T00:00:00.000Z,[90m
[31m+       "description": "TfL",[90m
[31m+       "id": "t409",[90m
[31m+       "type": "expense",[90m
[31m+     },[90m
[31m+     {[90m
[31m+       "accountId": "5",[90m
[31m+       "amount": -177.13,[90m
[31m+       "category": "Shopping",[90m
[31m+       "cleared": true,[90m
[31m+       "date": 2024-11-17T00:00:00.000Z,[90m
[31m+       "description": "Next",[90m
[31m+       "id": "t410",[90m
[31m+       "type": "expense",[90m
[31m+     },[90m
[31m+     {[90m
[31m+       "accountId": "5",[90m
[31m+       "amount": -33.26,[90m
[31m+       "category": "Entertainment",[90m
[31m+       "cleared": true,[90m
[31m+       "date": 2024-11-17T00:00:00.000Z,[90m
[31m+       "description": "National Theatre",[90m
[31m+       "id": "t411",[90m
[31m+       "type": "expense",[90m
[31m+     },[90m
[31m+     {[90m
[31m+       "accountId": "5",[90m
[31m+       "amount": -5.01,[90m
[31m+       "category": "Coffee Shops",[90m
[31m+       "cleared": true,[90m
[31m+       "date": 2024-11-17T00:00:00.000Z,[90m
[31m+       "description": "Starbucks",[90m
[31m+       "id": "t412",[90m
[31m+       "type": "expense",[90m
[31m+     },[90m
[31m+     {[90m
[31m+       "accountId": "5",[90m
[31m+       "amount": -4.29,[90m
[31m+       "category": "Coffee Shops",[90m
[31m+       "cleared": true,[90m
[31m+       "date": 2024-11-18T00:00:00.000Z,[90m
[31m+       "description": "Costa",[90m
[31m+       "id": "t413",[90m
[31m+       "type": "expense",[90m
[31m+     },[90m
[31m+     {[90m
[31m+       "accountId": "5",[90m
[31m+       "amount": -31.32,[90m
[31m+       "category": "Groceries",[90m
[31m+       "cleared": true,[90m
[31m+       "date": 2024-11-19T00:00:00.000Z,[90m
[31m+       "description": "Waitrose",[90m
[31m+       "id": "t414",[90m
[31m+       "type": "expense",[90m
[31m+     },[90m
[31m+     {[90m
[31m+       "accountId": "5",[90m
[31m+       "amount": -7.9,[90m
[31m+       "category": "Coffee Shops",[90m
[31m+       "cleared": true,[90m
[31m+       "date": 2024-11-19T00:00:00.000Z,[90m
[31m+       "description": "Pret",[90m
[31m+       "id": "t415",[90m
[31m+       "type": "expense",[90m
[31m+     },[90m
[31m+     {[90m
[31m+       "accountId": "5",[90m
[31m+       "amount": -45.11,[90m
[31m+       "category": "Dining Out",[90m
[31m+       "cleared": true,[90m
[31m+       "date": 2024-11-20T00:00:00.000Z,[90m
[31m+       "description": "Nando's",[90m
[31m+       "id": "t416",[90m
[31m+       "type": "expense",[90m
[31m+     },[90m
[31m+     {[90m
[31m+       "accountId": "5",[90m
[31m+       "amount": -20.72,[90m
[31m+       "category": "Transport",[90m
[31m+       "cleared": true,[90m
[31m+       "date": 2024-11-20T00:00:00.000Z,[90m
[31m+       "description": "National Rail",[90m
[31m+       "id": "t417",[90m
[31m+       "type": "expense",[90m
[31m+     },[90m
[31m+     {[90m
[31m+       "accountId": "6",[90m
[31m+       "amount": -115.01,[90m
[31m+       "category": "Online Shopping",[90m
[31m+       "cleared": true,[90m
[31m+       "date": 2024-11-20T00:00:00.000Z,[90m
[31m+       "description": "Currys",[90m
[31m+       "id": "t418",[90m
[31m+       "type": "expense",[90m
[31m+     },[90m
[31m+     {[90m
[31m+       "accountId": "6",[90m
[31m+       "amount": -7.8,[90m
[31m+       "category": "Coffee Shops",[90m
[31m+       "cleared": true,[90m
[31m+       "date": 2024-11-20T00:00:00.000Z,[90m
[31m+       "description": "Gail's",[90m
[31m+       "id": "t419",[90m
[31m+       "type": "expense",[90m
[31m+     },[90m
[31m+     {[90m
[31m+       "accountId": "6",[90m
[31m+       "amount": -4.2,[90m
[31m+       "category": "Coffee Shops",[90m
[31m+       "cleared": true,[90m
[31m+       "date": 2024-11-22T00:00:00.000Z,[90m
[31m+       "description": "Nero",[90m
[31m+       "id": "t420",[90m
[31m+       "type": "expense",[90m
[31m+     },[90m
[31m+     {[90m
[31m+       "accountId": "6",[90m
[31m+       "amount": -58.46,[90m
[31m+       "category": "Dining Out",[90m
[31m+       "cleared": true,[90m
[31m+       "date": 2024-11-23T00:00:00.000Z,[90m
[31m+       "description": "Franco Manca",[90m
[31m+       "id": "t421",[90m
[31m+       "type": "expense",[90m
[31m+     },[90m
[31m+     {[90m
[31m+       "accountId": "6",[90m
[31m+       "amount": -31.57,[90m
[31m+       "category": "Transport",[90m
[31m+       "cleared": true,[90m
[31m+       "date": 2024-11-23T00:00:00.000Z,[90m
[31m+       "description": "Addison Lee",[90m
[31m+       "id": "t422",[90m
[31m+       "type": "expense",[90m
[31m+     },[90m
[31m+     {[90m
[31m+       "accountId": "5",[90m
[31m+       "amount": -69.93,[90m
[31m+       "category": "Online Shopping",[90m
[31m+       "cleared": true,[90m
[31m+       "date": 2024-11-23T00:00:00.000Z,[90m
[31m+       "description": "Argos",[90m
[31m+       "id": "t423",[90m
[31m+       "type": "expense",[90m
[31m+     },[90m
[31m+     {[90m
[31m+       "accountId": "5",[90m
[31m+       "amount": -55.52,[90m
[31m+       "category": "Groceries",[90m
[31m+       "cleared": true,[90m
[31m+       "date": 2024-11-24T00:00:00.000Z,[90m
[31m+       "description": "Tesco",[90m
[31m+       "id": "t424",[90m
[31m+       "type": "expense",[90m
[31m+     },[90m
[31m+     {[90m
[31m+       "accountId": "5",[90m
[31m+       "amount": -35.72,[90m
[31m+       "category": "Dining Out",[90m
[31m+       "cleared": true,[90m
[31m+       "date": 2024-11-24T00:00:00.000Z,[90m
[31m+       "description": "The Ivy",[90m
[31m+       "id": "t425",[90m
[31m+       "type": "expense",[90m
[31m+     },[90m
[31m+     {[90m
[31m+       "accountId": "5",[90m
[31m+       "amount": -33.97,[90m
[31m+       "category": "Transport",[90m
[31m+       "cleared": true,[90m
[31m+       "date": 2024-11-24T00:00:00.000Z,[90m
[31m+       "description": "Addison Lee",[90m
[31m+       "id": "t426",[90m
[31m+       "type": "expense",[90m
[31m+     },[90m
[31m+     {[90m
[31m+       "accountId": "5",[90m
[31m+       "amount": -112.16,[90m
[31m+       "category": "Shopping",[90m
[31m+       "cleared": true,[90m
[31m+       "date": 2024-11-24T00:00:00.000Z,[90m
[31m+       "description": "M&S",[90m
[31m+       "id": "t427",[90m
[31m+       "type": "expense",[90m
[31m+     },[90m
[31m+     {[90m
[31m+       "accountId": "5",[90m
[31m+       "amount": -7.9,[90m
[31m+       "category": "Coffee Shops",[90m
[31m+       "cleared": true,[90m
[31m+       "date": 2024-11-24T00:00:00.000Z,[90m
[31m+       "description": "Pret",[90m
[31m+       "id": "t428",[90m
[31m+       "type": "expense",[90m
[31m+     },[90m
[31m+     {[90m
[31m+       "accountId": "5",[90m
[31m+       "amount": -5.23,[90m
[31m+       "category": "Coffee Shops",[90m
[31m+       "cleared": true,[90m
[31m+       "date": 2024-11-25T00:00:00.000Z,[90m
[31m+       "description": "Nero",[90m
[31m+       "id": "t429",[90m
[31m+       "type": "expense",[90m
[31m+     },[90m
[31m+     {[90m
[31m+       "accountId": "6",[90m
[31m+       "amount": -42.31,[90m
[31m+       "category": "Groceries",[90m
[31m+       "cleared": true,[90m
[31m+       "date": 2024-11-26T00:00:00.000Z,[90m
[31m+       "description": "Tesco",[90m
[31m+       "id": "t430",[90m
[31m+       "type": "expense",[90m
[31m+     },[90m
[31m+     {[90m
[31m+       "accountId": "5",[90m
[31m+       "amount": -32.16,[90m
[31m+       "category": "Groceries",[90m
[31m+       "cleared": false,[90m
[31m+       "date": 2024-11-28T00:00:00.000Z,[90m
[31m+       "description": "Aldi",[90m
[31m+       "id": "t431",[90m
[31m+       "type": "expense",[90m
[31m+     },[90m
[31m+     {[90m
[31m+       "accountId": "5",[90m
[31m+       "amount": -6.71,[90m
[31m+       "category": "Coffee Shops",[90m
[31m+       "cleared": false,[90m
[31m+       "date": 2024-11-28T00:00:00.000Z,[90m
[31m+       "description": "Nero",[90m
[31m+       "id": "t432",[90m
[31m+       "type": "expense",[90m
[31m+     },[90m
[31m+     {[90m
[31m+       "accountId": "6",[90m
[31m+       "amount": -71.31,[90m
[31m+       "category": "Groceries",[90m
[31m+       "cleared": false,[90m
[31m+       "date": 2024-11-30T00:00:00.000Z,[90m
[31m+       "description": "Sainsbury's",[90m
[31m+       "id": "t433",[90m
[31m+       "type": "expense",[90m
[31m+     },[90m
[31m+     {[90m
[31m+       "accountId": "6",[90m
[31m+       "amount": -91.91,[90m
[31m+       "category": "Dining Out",[90m
[31m+       "cleared": false,[90m
[31m+       "date": 2024-11-30T00:00:00.000Z,[90m
[31m+       "description": "Pizza Express",[90m
[31m+       "id": "t434",[90m
[31m+       "type": "expense",[90m
[31m+     },[90m
[31m+     {[90m
[31m+       "accountId": "6",[90m
[31m+       "amount": -21.43,[90m
[31m+       "category": "Transport",[90m
[31m+       "cleared": false,[90m
[31m+       "date": 2024-11-30T00:00:00.000Z,[90m
[31m+       "description": "Citymapper",[90m
[31m+       "id": "t435",[90m
[31m+       "type": "expense",[90m
[31m+     },[90m
[31m+     {[90m
[31m+       "accountId": "5",[90m
[31m+       "amount": -65.42,[90m
[31m+       "category": "Online Shopping",[90m
[31m+       "cleared": false,[90m
[31m+       "date": 2024-11-30T00:00:00.000Z,[90m
[31m+       "description": "Currys",[90m
[31m+       "id": "t436",[90m
[31m+       "type": "expense",[90m
[31m+     },[90m
[31m+     {[90m
[31m+       "accountId": "6",[90m
[31m+       "amount": -6.12,[90m
[31m+       "category": "Coffee Shops",[90m
[31m+       "cleared": false,[90m
[31m+       "date": 2024-11-30T00:00:00.000Z,[90m
[31m+       "description": "Costa",[90m
[31m+       "id": "t437",[90m
[31m+       "type": "expense",[90m
[31m+     },[90m
[31m+     {[90m
[31m+       "accountId": "1",[90m
[31m+       "amount": -828.3799999999999,[90m
[31m+       "category": "transfer",[90m
[31m+       "cleared": true,[90m
[31m+       "date": 2024-11-14T00:00:00.000Z,[90m
[31m+       "description": "Credit Card Payment - Natwest",[90m
[31m+       "id": "t438",[90m
[31m+       "type": "transfer",[90m
[31m+     },[90m
[31m+     {[90m
[31m+       "accountId": "5",[90m
[31m+       "amount": 828.3799999999999,[90m
[31m+       "category": "transfer",[90m
[31m+       "cleared": true,[90m
[31m+       "date": 2024-11-14T00:00:00.000Z,[90m
[31m+       "description": "Credit Card Payment - Natwest",[90m
[31m+       "id": "t439",[90m
[31m+       "type": "transfer",[90m
[31m+     },[90m
[31m+     {[90m
[31m+       "accountId": "1",[90m
[31m+       "amount": -1414.5099999999998,[90m
[31m+       "category": "transfer",[90m
[31m+       "cleared": true,[90m
[31m+       "date": 2024-11-14T00:00:00.000Z,[90m
[31m+       "description": "Credit Card Payment - American Express",[90m
[31m+       "id": "t440",[90m
[31m+       "type": "transfer",[90m
[31m+     },[90m
[31m+     {[90m
[31m+       "accountId": "6",[90m
[31m+       "amount": 1414.5099999999998,[90m
[31m+       "category": "transfer",[90m
[31m+       "cleared": true,[90m
[31m+       "date": 2024-11-14T00:00:00.000Z,[90m
[31m+       "description": "Credit Card Payment - American Express",[90m
[31m+       "id": "t441",[90m
[31m+       "type": "transfer",[90m
[31m+     },[90m
[31m+     {[90m
[31m+       "accountId": "1",[90m
[31m+       "amount": -1842.1100000000001,[90m
[31m+       "category": "transfer",[90m
[31m+       "cleared": true,[90m
[31m+       "date": 2024-11-30T00:00:00.000Z,[90m
[31m+       "description": "Balance Sweep to Savings",[90m
[31m+       "id": "t442",[90m
[31m+       "type": "transfer",[90m
[31m+     },[90m
[31m+     {[90m
[31m+       "accountId": "3",[90m
[31m+       "amount": 1842.1100000000001,[90m
[31m+       "category": "transfer",[90m
[31m+       "cleared": true,[90m
[31m+       "date": 2024-11-30T00:00:00.000Z,[90m
[31m+       "description": "Balance Sweep from Current",[90m
[31m+       "id": "t443",[90m
[31m+       "type": "transfer",[90m
[31m+     },[90m
[31m+     {[90m
[31m+       "accountId": "1",[90m
[31m+       "amount": 6000,[90m
[31m+       "category": "Salary",[90m
[31m+       "cleared": true,[90m
[31m+       "date": 2024-12-01T00:00:00.000Z,[90m
[31m+       "description": "Monthly Salary",[90m
[31m+       "id": "t444",[90m
[31m+       "type": "income",[90m
[31m+     },[90m
[31m+     {[90m
[31m+       "accountId": "1",[90m
[31m+       "amount": -1200,[90m
[31m+       "category": "transfer",[90m
[31m+       "cleared": true,[90m
[31m+       "date": 2024-12-01T00:00:00.000Z,[90m
[31m+       "description": "Mortgage Payment",[90m
[31m+       "id": "t445",[90m
[31m+       "type": "transfer",[90m
[31m+     },[90m
[31m+     {[90m
[31m+       "accountId": "8",[90m
[31m+       "amount": 1200,[90m
[31m+       "category": "transfer",[90m
[31m+       "cleared": true,[90m
[31m+       "date": 2024-12-01T00:00:00.000Z,[90m
[31m+       "description": "Mortgage Payment",[90m
[31m+       "id": "t446",[90m
[31m+       "type": "transfer",[90m
[31m+     },[90m
[31m+     {[90m
[31m+       "accountId": "1",[90m
[31m+       "amount": -180,[90m
[31m+       "category": "Bills",[90m
[31m+       "cleared": true,[90m
[31m+       "date": 2024-12-01T00:00:00.000Z,[90m
[31m+       "description": "Council Tax",[90m
[31m+       "id": "t447",[90m
[31m+       "type": "expense",[90m
[31m+     },[90m
[31m+     {[90m
[31m+       "accountId": "1",[90m
[31m+       "amount": -150,[90m
[31m+       "category": "Utilities",[90m
[31m+       "cleared": true,[90m
[31m+       "date": 2024-12-01T00:00:00.000Z,[90m
[31m+       "description": "Gas & Electric",[90m
[31m+       "id": "t448",[90m
[31m+       "type": "expense",[90m
[31m+     },[90m
[31m+     {[90m
[31m+       "accountId": "1",[90m
[31m+       "amount": -45,[90m
[31m+       "category": "Utilities",[90m
[31m+       "cleared": true,[90m
[31m+       "date": 2024-12-01T00:00:00.000Z,[90m
[31m+       "description": "Water Bill",[90m
[31m+       "id": "t449",[90m
[31m+       "type": "expense",[90m
[31m+     },[90m
[31m+     {[90m
[31m+       "accountId": "1",[90m
[31m+       "amount": -55,[90m
[31m+       "category": "Utilities",[90m
[31m+       "cleared": true,[90m
[31m+       "date": 2024-12-01T00:00:00.000Z,[90m
[31m+       "description": "Internet & Phone",[90m
[31m+       "id": "t450",[90m
[31m+       "type": "expense",[90m
[31m+     },[90m
[31m+     {[90m
[31m+       "accountId": "1",[90m
[31m+       "amount": -35,[90m
[31m+       "category": "Bills",[90m
[31m+       "cleared": true,[90m
[31m+       "date": 2024-12-01T00:00:00.000Z,[90m
[31m+       "description": "Mobile Phone",[90m
[31m+       "id": "t451",[90m
[31m+       "type": "expense",[90m
[31m+     },[90m
[31m+     {[90m
[31m+       "accountId": "1",[90m
[31m+       "amount": -65,[90m
[31m+       "category": "Insurance",[90m
[31m+       "cleared": true,[90m
[31m+       "date": 2024-12-01T00:00:00.000Z,[90m
[31m+       "description": "Home Insurance",[90m
[31m+       "id": "t452",[90m
[31m+       "type": "expense",[90m
[31m+     },[90m
[31m+     {[90m
[31m+       "accountId": "1",[90m
[31m+       "amount": -45,[90m
[31m+       "category": "Insurance",[90m
[31m+       "cleared": true,[90m
[31m+       "date": 2024-12-01T00:00:00.000Z,[90m
[31m+       "description": "Life Insurance",[90m
[31m+       "id": "t453",[90m
[31m+       "type": "expense",[90m
[31m+     },[90m
[31m+     {[90m
[31m+       "accountId": "1",[90m
[31m+       "amount": -85,[90m
[31m+       "category": "Insurance",[90m
[31m+       "cleared": true,[90m
[31m+       "date": 2024-12-01T00:00:00.000Z,[90m
[31m+       "description": "Car Insurance",[90m
[31m+       "id": "t454",[90m
[31m+       "type": "expense",[90m
[31m+     },[90m
[31m+     {[90m
[31m+       "accountId": "1",[90m
[31m+       "amount": -55,[90m
[31m+       "category": "Health & Fitness",[90m
[31m+       "cleared": true,[90m
[31m+       "date": 2024-12-01T00:00:00.000Z,[90m
[31m+       "description": "Gym Membership",[90m
[31m+       "id": "t455",[90m
[31m+       "type": "expense",[90m
[31m+     },[90m
[31m+     {[90m
[31m+       "accountId": "5",[90m
[31m+       "amount": -67,[90m
[31m+       "category": "Groceries",[90m
[31m+       "cleared": true,[90m
[31m+       "date": 2024-12-01T00:00:00.000Z,[90m
[31m+       "description": "Aldi",[90m
[31m+       "id": "t456",[90m
[31m+       "type": "expense",[90m
[31m+     },[90m
[31m+     {[90m
[31m+       "accountId": "6",[90m
[31m+       "amount": -47.51,[90m
[31m+       "category": "Dining Out",[90m
[31m+       "cleared": true,[90m
[31m+       "date": 2024-12-01T00:00:00.000Z,[90m
[31m+       "description": "Wagamama",[90m
[31m+       "id": "t457",[90m
[31m+       "type": "expense",[90m
[31m+     },[90m
[31m+     {[90m
[31m+       "accountId": "6",[90m
[31m+       "amount": -27.26,[90m
[31m+       "category": "Transport",[90m
[31m+       "cleared": true,[90m
[31m+       "date": 2024-12-01T00:00:00.000Z,[90m
[31m+       "description": "Uber",[90m
[31m+       "id": "t458",[90m
[31m+       "type": "expense",[90m
[31m+     },[90m
[31m+     {[90m
[31m+       "accountId": "5",[90m
[31m+       "amount": -183.83,[90m
[31m+       "category": "Shopping",[90m
[31m+       "cleared": true,[90m
[31m+       "date": 2024-12-01T00:00:00.000Z,[90m
[31m+       "description": "ASOS",[90m
[31m+       "id": "t459",[90m
[31m+       "type": "expense",[90m
[31m+     },[90m
[31m+     {[90m
[31m+       "accountId": "5",[90m
[31m+       "amount": -99.15,[90m
[31m+       "category": "Entertainment",[90m
[31m+       "cleared": true,[90m
[31m+       "date": 2024-12-01T00:00:00.000Z,[90m
[31m+       "description": "O2 Arena",[90m
[31m+       "id": "t460",[90m
[31m+       "type": "expense",[90m
[31m+     },[90m
[31m+     {[90m
[31m+       "accountId": "5",[90m
[31m+       "amount": -37.17,[90m
[31m+       "category": "Online Shopping",[90m
[31m+       "cleared": true,[90m
[31m+       "date": 2024-12-01T00:00:00.000Z,[90m
[31m+       "description": "Apple Store",[90m
[31m+       "id": "t461",[90m
[31m+       "type": "expense",[90m
[31m+     },[90m
[31m+     {[90m
[31m+       "accountId": "6",[90m
[31m+       "amount": -5.42,[90m
[31m+       "category": "Coffee Shops",[90m
[31m+       "cleared": true,[90m
[31m+       "date": 2024-12-01T00:00:00.000Z,[90m
[31m+       "description": "Gail's",[90m
[31m+       "id": "t462",[90m
[31m+       "type": "expense",[90m
[31m+     },[90m
[31m+     {[90m
[31m+       "accountId": "5",[90m
[31m+       "amount": -4.27,[90m
[31m+       "category": "Coffee Shops",[90m
[31m+       "cleared": true,[90m
[31m+       "date": 2024-12-02T00:00:00.000Z,[90m
[31m+       "description": "Costa",[90m
[31m+       "id": "t463",[90m
[31m+       "type": "expense",[90m
[31m+     },[90m
[31m+     {[90m
[31m+       "accountId": "5",[90m
[31m+       "amount": -72.18,[90m
[31m+       "category": "Fuel",[90m
[31m+       "cleared": true,[90m
[31m+       "date": 2024-12-02T00:00:00.000Z,[90m
[31m+       "description": "BP",[90m
[31m+       "id": "t464",[90m
[31m+       "type": "expense",[90m
[31m+     },[90m
[31m+     {[90m
[31m+       "accountId": "5",[90m
[31m+       "amount": -56.49,[90m
[31m+       "category": "Groceries",[90m
[31m+       "cleared": true,[90m
[31m+       "date": 2024-12-03T00:00:00.000Z,[90m
[31m+       "description": "Tesco",[90m
[31m+       "id": "t465",[90m
[31m+       "type": "expense",[90m
[31m+     },[90m
[31m+     {[90m
[31m+       "accountId": "6",[90m
[31m+       "amount": -6.18,[90m
[31m+       "category": "Coffee Shops",[90m
[31m+       "cleared": true,[90m
[31m+       "date": 2024-12-03T00:00:00.000Z,[90m
[31m+       "description": "Starbucks",[90m
[31m+       "id": "t466",[90m
[31m+       "type": "expense",[90m
[31m+     },[90m
[31m+     {[90m
[31m+       "accountId": "5",[90m
[31m+       "amount": -36.31,[90m
[31m+       "category": "Dining Out",[90m
[31m+       "cleared": true,[90m
[31m+       "date": 2024-12-04T00:00:00.000Z,[90m
[31m+       "description": "Dishoom",[90m
[31m+       "id": "t467",[90m
[31m+       "type": "expense",[90m
[31m+     },[90m
[31m+     {[90m
[31m+       "accountId": "5",[90m
[31m+       "amount": -20.29,[90m
[31m+       "category": "Transport",[90m
[31m+       "cleared": true,[90m
[31m+       "date": 2024-12-04T00:00:00.000Z,[90m
[31m+       "description": "TfL",[90m
[31m+       "id": "t468",[90m
[31m+       "type": "expense",[90m
[31m+     },[90m
[31m+     {[90m
[31m+       "accountId": "5",[90m
[31m+       "amount": -149.06,[90m
[31m+       "category": "Online Shopping",[90m
[31m+       "cleared": true,[90m
[31m+       "date": 2024-12-04T00:00:00.000Z,[90m
[31m+       "description": "Apple Store",[90m
[31m+       "id": "t469",[90m
[31m+       "type": "expense",[90m
[31m+     },[90m
[31m+     {[90m
[31m+       "accountId": "6",[90m
[31m+       "amount": -5.88,[90m
[31m+       "category": "Coffee Shops",[90m
[31m+       "cleared": true,[90m
[31m+       "date": 2024-12-04T00:00:00.000Z,[90m
[31m+       "description": "Nero",[90m
[31m+       "id": "t470",[90m
[31m+       "type": "expense",[90m
[31m+     },[90m
[31m+     {[90m
[31m+       "accountId": "6",[90m
[31m+       "amount": -79.73,[90m
[31m+       "category": "Groceries",[90m
[31m+       "cleared": true,[90m
[31m+       "date": 2024-12-08T00:00:00.000Z,[90m
[31m+       "description": "Waitrose",[90m
[31m+       "id": "t471",[90m
[31m+       "type": "expense",[90m
[31m+     },[90m
[31m+     {[90m
[31m+       "accountId": "6",[90m
[31m+       "amount": -103.38,[90m
[31m+       "category": "Dining Out",[90m
[31m+       "cleared": true,[90m
[31m+       "date": 2024-12-08T00:00:00.000Z,[90m
[31m+       "description": "The Ivy",[90m
[31m+       "id": "t472",[90m
[31m+       "type": "expense",[90m
[31m+     },[90m
[31m+     {[90m
[31m+       "accountId": "5",[90m
[31m+       "amount": -32.43,[90m
[31m+       "category": "Transport",[90m
[31m+       "cleared": true,[90m
[31m+       "date": 2024-12-08T00:00:00.000Z,[90m
[31m+       "description": "National Rail",[90m
[31m+       "id": "t473",[90m
[31m+       "type": "expense",[90m
[31m+     },[90m
[31m+     {[90m
[31m+       "accountId": "5",[90m
[31m+       "amount": -27.69,[90m
[31m+       "category": "Entertainment",[90m
[31m+       "cleared": true,[90m
[31m+       "date": 2024-12-08T00:00:00.000Z,[90m
[31m+       "description": "National Theatre",[90m
[31m+       "id": "t474",[90m
[31m+       "type": "expense",[90m
[31m+     },[90m
[31m+     {[90m
[31m+       "accountId": "5",[90m
[31m+       "amount": -83.65,[90m
[31m+       "category": "Online Shopping",[90m
[31m+       "cleared": true,[90m
[31m+       "date": 2024-12-08T00:00:00.000Z,[90m
[31m+       "description": "eBay",[90m
[31m+       "id": "t475",[90m
[31m+       "type": "expense",[90m
[31m+     },[90m
[31m+     {[90m
[31m+       "accountId": "5",[90m
[31m+       "amount": -3.35,[90m
[31m+       "category": "Coffee Shops",[90m
[31m+       "cleared": true,[90m
[31m+       "date": 2024-12-08T00:00:00.000Z,[90m
[31m+       "description": "Starbucks",[90m
[31m+       "id": "t476",[90m
[31m+       "type": "expense",[90m
[31m+     },[90m
[31m+     {[90m
[31m+       "accountId": "6",[90m
[31m+       "amount": -7.85,[90m
[31m+       "category": "Coffee Shops",[90m
[31m+       "cleared": true,[90m
[31m+       "date": 2024-12-09T00:00:00.000Z,[90m
[31m+       "description": "Costa",[90m
[31m+       "id": "t477",[90m
[31m+       "type": "expense",[90m
[31m+     },[90m
[31m+     {[90m
[31m+       "accountId": "6",[90m
[31m+       "amount": -57.79,[90m
[31m+       "category": "Groceries",[90m
[31m+       "cleared": true,[90m
[31m+       "date": 2024-12-10T00:00:00.000Z,[90m
[31m+       "description": "Waitrose",[90m
[31m+       "id": "t478",[90m
[31m+       "type": "expense",[90m
[31m+     },[90m
[31m+     {[90m
[31m+       "accountId": "6",[90m
[31m+       "amount": -6.58,[90m
[31m+       "category": "Coffee Shops",[90m
[31m+       "cleared": true,[90m
[31m+       "date": 2024-12-10T00:00:00.000Z,[90m
[31m+       "description": "Nero",[90m
[31m+       "id": "t479",[90m
[31m+       "type": "expense",[90m
[31m+     },[90m
[31m+     {[90m
[31m+       "accountId": "6",[90m
[31m+       "amount": -54.99,[90m
[31m+       "category": "Dining Out",[90m
[31m+       "cleared": true,[90m
[31m+       "date": 2024-12-11T00:00:00.000Z,[90m
[31m+       "description": "Dishoom",[90m
[31m+       "id": "t480",[90m
[31m+       "type": "expense",[90m
[31m+     },[90m
[31m+     {[90m
[31m+       "accountId": "6",[90m
[31m+       "amount": -35.9,[90m
[31m+       "category": "Transport",[90m
[31m+       "cleared": true,[90m
[31m+       "date": 2024-12-11T00:00:00.000Z,[90m
[31m+       "description": "Addison Lee",[90m
[31m+       "id": "t481",[90m
[31m+       "type": "expense",[90m
[31m+     },[90m
[31m+     {[90m
[31m+       "accountId": "6",[90m
[31m+       "amount": -121.31,[90m
[31m+       "category": "Online Shopping",[90m
[31m+       "cleared": true,[90m
[31m+       "date": 2024-12-11T00:00:00.000Z,[90m
[31m+       "description": "eBay",[90m
[31m+       "id": "t482",[90m
[31m+       "type": "expense",[90m
[31m+     },[90m
[31m+     {[90m
[31m+       "accountId": "6",[90m
[31m+       "amount": -6.31,[90m
[31m+       "category": "Coffee Shops",[90m
[31m+       "cleared": true,[90m
[31m+       "date": 2024-12-11T00:00:00.000Z,[90m
[31m+       "description": "Pret",[90m
[31m+       "id": "t483",[90m
[31m+       "type": "expense",[90m
[31m+     },[90m
[31m+     {[90m
[31m+       "accountId": "6",[90m
[31m+       "amount": -66.93,[90m
[31m+       "category": "Groceries",[90m
[31m+       "cleared": true,[90m
[31m+       "date": 2024-12-12T00:00:00.000Z,[90m
[31m+       "description": "Tesco",[90m
[31m+       "id": "t484",[90m
[31m+       "type": "expense",[90m
[31m+     },[90m
[31m+     {[90m
[31m+       "accountId": "6",[90m
[31m+       "amount": -7.52,[90m
[31m+       "category": "Coffee Shops",[90m
[31m+       "cleared": true,[90m
[31m+       "date": 2024-12-13T00:00:00.000Z,[90m
[31m+       "description": "Starbucks",[90m
[31m+       "id": "t485",[90m
[31m+       "type": "expense",[90m
[31m+     },[90m
[31m+     {[90m
[31m+       "accountId": "5",[90m
[31m+       "amount": -70.29,[90m
[31m+       "category": "Groceries",[90m
[31m+       "cleared": true,[90m
[31m+       "date": 2024-12-14T00:00:00.000Z,[90m
[31m+       "description": "ASDA",[90m
[31m+       "id": "t486",[90m
[31m+       "type": "expense",[90m
[31m+     },[90m
[31m+     {[90m
[31m+       "accountId": "5",[90m
[31m+       "amount": -45.23,[90m
[31m+       "category": "Dining Out",[90m
[31m+       "cleared": true,[90m
[31m+       "date": 2024-12-14T00:00:00.000Z,[90m
[31m+       "description": "Franco Manca",[90m
[31m+       "id": "t487",[90m
[31m+       "type": "expense",[90m
[31m+     },[90m
[31m+     {[90m
[31m+       "accountId": "6",[90m
[31m+       "amount": -22.41,[90m
[31m+       "category": "Transport",[90m
[31m+       "cleared": true,[90m
[31m+       "date": 2024-12-14T00:00:00.000Z,[90m
[31m+       "description": "Citymapper",[90m
[31m+       "id": "t488",[90m
[31m+       "type": "expense",[90m
[31m+     },[90m
[31m+     {[90m
[31m+       "accountId": "6",[90m
[31m+       "amount": -101.21,[90m
[31m+       "category": "Online Shopping",[90m
[31m+       "cleared": true,[90m
[31m+       "date": 2024-12-14T00:00:00.000Z,[90m
[31m+       "description": "Apple Store",[90m
[31m+       "id": "t489",[90m
[31m+       "type": "expense",[90m
[31m+     },[90m
[31m+     {[90m
[31m+       "accountId": "6",[90m
[31m+       "amount": -4.93,[90m
[31m+       "category": "Coffee Shops",[90m
[31m+       "cleared": true,[90m
[31m+       "date": 2024-12-14T00:00:00.000Z,[90m
[31m+       "description": "Starbucks",[90m
[31m+       "id": "t490",[90m
[31m+       "type": "expense",[90m
[31m+     },[90m
[31m+     {[90m
[31m+       "accountId": "6",[90m
[31m+       "amount": -47.59,[90m
[31m+       "category": "Dining Out",[90m
[31m+       "cleared": true,[90m
[31m+       "date": 2024-12-15T00:00:00.000Z,[90m
[31m+       "description": "The Ivy",[90m
[31m+       "id": "t491",[90m
[31m+       "type": "expense",[90m
[31m+     },[90m
[31m+     {[90m
[31m+       "accountId": "5",[90m
[31m+       "amount": -44.28,[90m
[31m+       "category": "Transport",[90m
[31m+       "cleared": true,[90m
[31m+       "date": 2024-12-15T00:00:00.000Z,[90m
[31m+       "description": "Addison Lee",[90m
[31m+       "id": "t492",[90m
[31m+       "type": "expense",[90m
[31m+     },[90m
[31m+     {[90m
[31m+       "accountId": "6",[90m
[31m+       "amount": -70.44,[90m
[31m+       "category": "Entertainment",[90m
[31m+       "cleared": true,[90m
[31m+       "date": 2024-12-15T00:00:00.000Z,[90m
[31m+       "description": "National Theatre",[90m
[31m+       "id": "t493",[90m
[31m+       "type": "expense",[90m
[31m+     },[90m
[31m+     {[90m
[31m+       "accountId": "6",[90m
[31m+       "amount": -7.47,[90m
[31m+       "category": "Coffee Shops",[90m
[31m+       "cleared": true,[90m
[31m+       "date": 2024-12-16T00:00:00.000Z,[90m
[31m+       "description": "Costa",[90m
[31m+       "id": "t494",[90m
[31m+       "type": "expense",[90m
[31m+     },[90m
[31m+     {[90m
[31m+       "accountId": "6",[90m
[31m+       "amount": -65.17,[90m
[31m+       "category": "Groceries",[90m
[31m+       "cleared": true,[90m
[31m+       "date": 2024-12-17T00:00:00.000Z,[90m
[31m+       "description": "ASDA",[90m
[31m+       "id": "t495",[90m
[31m+       "type": "expense",[90m
[31m+     },[90m
[31m+     {[90m
[31m+       "accountId": "6",[90m
[31m+       "amount": -6.98,[90m
[31m+       "category": "Coffee Shops",[90m
[31m+       "cleared": true,[90m
[31m+       "date": 2024-12-17T00:00:00.000Z,[90m
[31m+       "description": "Gail's",[90m
[31m+       "id": "t496",[90m
[31m+       "type": "expense",[90m
[31m+     },[90m
[31m+     {[90m
[31m+       "accountId": "5",[90m
[31m+       "amount": -39.74,[90m
[31m+       "category": "Dining Out",[90m
[31m+       "cleared": true,[90m
[31m+       "date": 2024-12-18T00:00:00.000Z,[90m
[31m+       "description": "Pizza Express",[90m
[31m+       "id": "t497",[90m
[31m+       "type": "expense",[90m
[31m+     },[90m
[31m+     {[90m
[31m+       "accountId": "5",[90m
[31m+       "amount": -26.54,[90m
[31m+       "category": "Transport",[90m
[31m+       "cleared": true,[90m
[31m+       "date": 2024-12-18T00:00:00.000Z,[90m
[31m+       "description": "National Rail",[90m
[31m+       "id": "t498",[90m
[31m+       "type": "expense",[90m
[31m+     },[90m
[31m+     {[90m
[31m+       "accountId": "5",[90m
[31m+       "amount": -51.08,[90m
[31m+       "category": "Online Shopping",[90m
[31m+       "cleared": true,[90m
[31m+       "date": 2024-12-18T00:00:00.000Z,[90m
[31m+       "description": "Currys",[90m
[31m+       "id": "t499",[90m
[31m+       "type": "expense",[90m
[31m+     },[90m
[31m+     {[90m
[31m+       "accountId": "6",[90m
[31m+       "amount": -7.51,[90m
[31m+       "category": "Coffee Shops",[90m
[31m+       "cleared": true,[90m
[31m+       "date": 2024-12-18T00:00:00.000Z,[90m
[31m+       "description": "Gail's",[90m
[31m+       "id": "t500",[90m
[31m+       "type": "expense",[90m
[31m+     },[90m
[31m+     {[90m
[31m+       "accountId": "6",[90m
[31m+       "amount": -36.53,[90m
[31m+       "category": "Groceries",[90m
[31m+       "cleared": true,[90m
[31m+       "date": 2024-12-19T00:00:00.000Z,[90m
[31m+       "description": "Morrisons",[90m
[31m+       "id": "t501",[90m
[31m+       "type": "expense",[90m
[31m+     },[90m
[31m+     {[90m
[31m+       "accountId": "6",[90m
[31m+       "amount": -3.32,[90m
[31m+       "category": "Coffee Shops",[90m
[31m+       "cleared": true,[90m
[31m+       "date": 2024-12-19T00:00:00.000Z,[90m
[31m+       "description": "Starbucks",[90m
[31m+       "id": "t502",[90m
[31m+       "type": "expense",[90m
[31m+     },[90m
[31m+     {[90m
[31m+       "accountId": "6",[90m
[31m+       "amount": -6.58,[90m
[31m+       "category": "Coffee Shops",[90m
[31m+       "cleared": true,[90m
[31m+       "date": 2024-12-23T00:00:00.000Z,[90m
[31m+       "description": "Gail's",[90m
[31m+       "id": "t503",[90m
[31m+       "type": "expense",[90m
[31m+     },[90m
[31m+     {[90m
[31m+       "accountId": "5",[90m
[31m+       "amount": -32.8,[90m
[31m+       "category": "Groceries",[90m
[31m+       "cleared": true,[90m
[31m+       "date": 2024-12-24T00:00:00.000Z,[90m
[31m+       "description": "ASDA",[90m
[31m+       "id": "t504",[90m
[31m+       "type": "expense",[90m
[31m+     },[90m
[31m+     {[90m
[31m+       "accountId": "6",[90m
[31m+       "amount": -4.74,[90m
[31m+       "category": "Coffee Shops",[90m
[31m+       "cleared": true,[90m
[31m+       "date": 2024-12-24T00:00:00.000Z,[90m
[31m+       "description": "Nero",[90m
[31m+       "id": "t505",[90m
[31m+       "type": "expense",[90m
[31m+     },[90m
[31m+     {[90m
[31m+       "accountId": "6",[90m
[31m+       "amount": -116.13,[90m
[31m+       "category": "Dining Out",[90m
[31m+       "cleared": true,[90m
[31m+       "date": 2024-12-25T00:00:00.000Z,[90m
[31m+       "description": "Nando's",[90m
[31m+       "id": "t506",[90m
[31m+       "type": "expense",[90m
[31m+     },[90m
[31m+     {[90m
[31m+       "accountId": "5",[90m
[31m+       "amount": -94.33,[90m
[31m+       "category": "Online Shopping",[90m
[31m+       "cleared": true,[90m
[31m+       "date": 2024-12-25T00:00:00.000Z,[90m
[31m+       "description": "Amazon",[90m
[31m+       "id": "t507",[90m
[31m+       "type": "expense",[90m
[31m+     },[90m
[31m+     {[90m
[31m+       "accountId": "6",[90m
[31m+       "amount": -6.48,[90m
[31m+       "category": "Coffee Shops",[90m
[31m+       "cleared": true,[90m
[31m+       "date": 2024-12-25T00:00:00.000Z,[90m
[31m+       "description": "Starbucks",[90m
[31m+       "id": "t508",[90m
[31m+       "type": "expense",[90m
[31m+     },[90m
[31m+     {[90m
[31m+       "accountId": "5",[90m
[31m+       "amount": -36.46,[90m
[31m+       "category": "Groceries",[90m
[31m+       "cleared": true,[90m
[31m+       "date": 2024-12-26T00:00:00.000Z,[90m
[31m+       "description": "Sainsbury's",[90m
[31m+       "id": "t509",[90m
[31m+       "type": "expense",[90m
[31m+     },[90m
[31m+     {[90m
[31m+       "accountId": "6",[90m
[31m+       "amount": -5.67,[90m
[31m+       "category": "Coffee Shops",[90m
[31m+       "cleared": true,[90m
[31m+       "date": 2024-12-26T00:00:00.000Z,[90m
[31m+       "description": "Costa",[90m
[31m+       "id": "t510",[90m
[31m+       "type": "expense",[90m
[31m+     },[90m
[31m+     {[90m
[31m+       "accountId": "6",[90m
[31m+       "amount": -6.08,[90m
[31m+       "category": "Coffee Shops",[90m
[31m+       "cleared": true,[90m
[31m+       "date": 2024-12-27T00:00:00.000Z,[90m
[31m+       "description": "Costa",[90m
[31m+       "id": "t511",[90m
[31m+       "type": "expense",[90m
[31m+     },[90m
[31m+     {[90m
[31m+       "accountId": "6",[90m
[31m+       "amount": -51.85,[90m
[31m+       "category": "Groceries",[90m
[31m+       "cleared": true,[90m
[31m+       "date": 2024-12-28T00:00:00.000Z,[90m
[31m+       "description": "Tesco",[90m
[31m+       "id": "t512",[90m
[31m+       "type": "expense",[90m
[31m+     },[90m
[31m+     {[90m
[31m+       "accountId": "5",[90m
[31m+       "amount": -71.94,[90m
[31m+       "category": "Dining Out",[90m
[31m+       "cleared": true,[90m
[31m+       "date": 2024-12-28T00:00:00.000Z,[90m
[31m+       "description": "Franco Manca",[90m
[31m+       "id": "t513",[90m
[31m+       "type": "expense",[90m
[31m+     },[90m
[31m+     {[90m
[31m+       "accountId": "6",[90m
[31m+       "amount": -4.55,[90m
[31m+       "category": "Coffee Shops",[90m
[31m+       "cleared": true,[90m
[31m+       "date": 2024-12-28T00:00:00.000Z,[90m
[31m+       "description": "Gail's",[90m
[31m+       "id": "t514",[90m
[31m+       "type": "expense",[90m
[31m+     },[90m
[31m+     {[90m
[31m+       "accountId": "5",[90m
[31m+       "amount": -24.16,[90m
[31m+       "category": "Groceries",[90m
[31m+       "cleared": false,[90m
[31m+       "date": 2024-12-29T00:00:00.000Z,[90m
[31m+       "description": "Aldi",[90m
[31m+       "id": "t515",[90m
[31m+       "type": "expense",[90m
[31m+     },[90m
[31m+     {[90m
[31m+       "accountId": "6",[90m
[31m+       "amount": -110.39,[90m
[31m+       "category": "Dining Out",[90m
[31m+       "cleared": false,[90m
[31m+       "date": 2024-12-29T00:00:00.000Z,[90m
[31m+       "description": "Nando's",[90m
[31m+       "id": "t516",[90m
[31m+       "type": "expense",[90m
[31m+     },[90m
[31m+     {[90m
[31m+       "accountId": "6",[90m
[31m+       "amount": -48.55,[90m
[31m+       "category": "Transport",[90m
[31m+       "cleared": false,[90m
[31m+       "date": 2024-12-29T00:00:00.000Z,[90m
[31m+       "description": "National Rail",[90m
[31m+       "id": "t517",[90m
[31m+       "type": "expense",[90m
[31m+     },[90m
[31m+     {[90m
[31m+       "accountId": "6",[90m
[31m+       "amount": -148.38,[90m
[31m+       "category": "Shopping",[90m
[31m+       "cleared": false,[90m
[31m+       "date": 2024-12-29T00:00:00.000Z,[90m
[31m+       "description": "Zara",[90m
[31m+       "id": "t518",[90m
[31m+       "type": "expense",[90m
[31m+     },[90m
[31m+     {[90m
[31m+       "accountId": "6",[90m
[31m+       "amount": -44.66,[90m
[31m+       "category": "Entertainment",[90m
[31m+       "cleared": false,[90m
[31m+       "date": 2024-12-29T00:00:00.000Z,[90m
[31m+       "description": "Ticketmaster",[90m
[31m+       "id": "t519",[90m
[31m+       "type": "expense",[90m
[31m+     },[90m
[31m+     {[90m
[31m+       "accountId": "6",[90m
[31m+       "amount": -7.54,[90m
[31m+       "category": "Coffee Shops",[90m
[31m+       "cleared": false,[90m
[31m+       "date": 2024-12-29T00:00:00.000Z,[90m
[31m+       "description": "Costa",[90m
[31m+       "id": "t520",[90m
[31m+       "type": "expense",[90m
[31m+     },[90m
[31m+     {[90m
[31m+       "accountId": "5",[90m
[31m+       "amount": -49.53,[90m
[31m+       "category": "Groceries",[90m
[31m+       "cleared": false,[90m
[31m+       "date": 2024-12-31T00:00:00.000Z,[90m
[31m+       "description": "Tesco",[90m
[31m+       "id": "t521",[90m
[31m+       "type": "expense",[90m
[31m+     },[90m
[31m+     {[90m
[31m+       "accountId": "6",[90m
[31m+       "amount": -5.48,[90m
[31m+       "category": "Coffee Shops",[90m
[31m+       "cleared": false,[90m
[31m+       "date": 2024-12-31T00:00:00.000Z,[90m
[31m+       "description": "Nero",[90m
[31m+       "id": "t522",[90m
[31m+       "type": "expense",[90m
[31m+     },[90m
[31m+     {[90m
[31m+       "accountId": "1",[90m
[31m+       "amount": -1274.6900000000005,[90m
[31m+       "category": "transfer",[90m
[31m+       "cleared": true,[90m
[31m+       "date": 2024-12-14T00:00:00.000Z,[90m
[31m+       "description": "Credit Card Payment - Natwest",[90m
[31m+       "id": "t523",[90m
[31m+       "type": "transfer",[90m
[31m+     },[90m
[31m+     {[90m
[31m+       "accountId": "5",[90m
[31m+       "amount": 1274.6900000000005,[90m
[31m+       "category": "transfer",[90m
[31m+       "cleared": true,[90m
[31m+       "date": 2024-12-14T00:00:00.000Z,[90m
[31m+       "description": "Credit Card Payment - Natwest",[90m
[31m+       "id": "t524",[90m
[31m+       "type": "transfer",[90m
[31m+     },[90m
[31m+     {[90m
[31m+       "accountId": "1",[90m
[31m+       "amount": -1491.14,[90m
[31m+       "category": "transfer",[90m
[31m+       "cleared": true,[90m
[31m+       "date": 2024-12-14T00:00:00.000Z,[90m
[31m+       "description": "Credit Card Payment - American Express",[90m
[31m+       "id": "t525",[90m
[31m+       "type": "transfer",[90m
[31m+     },[90m
[31m+     {[90m
[31m+       "accountId": "6",[90m
[31m+       "amount": 1491.14,[90m
[31m+       "category": "transfer",[90m
[31m+       "cleared": true,[90m
[31m+       "date": 2024-12-14T00:00:00.000Z,[90m
[31m+       "description": "Credit Card Payment - American Express",[90m
[31m+       "id": "t526",[90m
[31m+       "type": "transfer",[90m
[31m+     },[90m
[31m+     {[90m
[31m+       "accountId": "1",[90m
[31m+       "amount": -1319.1699999999994,[90m
[31m+       "category": "transfer",[90m
[31m+       "cleared": true,[90m
[31m+       "date": 2024-12-31T00:00:00.000Z,[90m
[31m+       "description": "Balance Sweep to Savings",[90m
[31m+       "id": "t527",[90m
[31m+       "type": "transfer",[90m
[31m+     },[90m
[31m+     {[90m
[31m+       "accountId": "3",[90m
[31m+       "amount": 1319.1699999999994,[90m
[31m+       "category": "transfer",[90m
[31m+       "cleared": true,[90m
[31m+       "date": 2024-12-31T00:00:00.000Z,[90m
[31m+       "description": "Balance Sweep from Current",[90m
[31m+       "id": "t528",[90m
[31m+       "type": "transfer",[90m
[31m+     },[90m
[31m+     {[90m
[31m+       "accountId": "1",[90m
[31m+       "amount": 6000,[90m
[31m+       "category": "Salary",[90m
[31m+       "cleared": true,[90m
[31m+       "date": 2025-01-01T00:00:00.000Z,[90m
[31m+       "description": "Monthly Salary",[90m
[31m+       "id": "t529",[90m
[2m        "type": "income",[22m
[31m+     },[90m
[31m+     {[90m
[31m+       "accountId": "1",[90m
[31m+       "amount": -1200,[90m
[31m+       "category": "transfer",[90m
[31m+       "cleared": true,[90m
[31m+       "date": 2025-01-01T00:00:00.000Z,[90m
[31m+       "description": "Mortgage Payment",[90m
[31m+       "id": "t530",[90m
[31m+       "type": "transfer",[90m
[2m      },[22m
[2m      {[22m
[32m-       "accountId": "acc-1",[90m
[31m+       "accountId": "8",[90m
[2m        "amount": 1200,[22m
[32m-       "category": "rent",[90m
[31m+       "category": "transfer",[90m
[31m+       "cleared": true,[90m
[2m        "date": 2025-01-01T00:00:00.000Z,[22m
[32m-       "description": "Monthly rent",[90m
[32m-       "id": "tx-2",[90m
[32m-       "isReconciled": false,[90m
[32m-       "pending": false,[90m
[31m+       "description": "Mortgage Payment",[90m
[31m+       "id": "t531",[90m
[31m+       "type": "transfer",[90m
[31m+     },[90m
[31m+     {[90m
[31m+       "accountId": "1",[90m
[31m+       "amount": -180,[90m
[31m+       "category": "Bills",[90m
[31m+       "cleared": true,[90m
[31m+       "date": 2025-01-01T00:00:00.000Z,[90m
[31m+       "description": "Council Tax",[90m
[31m+       "id": "t532",[90m
[31m+       "type": "expense",[90m
[31m+     },[90m
[31m+     {[90m
[31m+       "accountId": "1",[90m
[31m+       "amount": -150,[90m
[31m+       "category": "Utilities",[90m
[31m+       "cleared": true,[90m
[31m+       "date": 2025-01-01T00:00:00.000Z,[90m
[31m+       "description": "Gas & Electric",[90m
[31m+       "id": "t533",[90m
[31m+       "type": "expense",[90m
[31m+     },[90m
[31m+     {[90m
[31m+       "accountId": "1",[90m
[31m+       "amount": -45,[90m
[31m+       "category": "Utilities",[90m
[31m+       "cleared": true,[90m
[31m+       "date": 2025-01-01T00:00:00.000Z,[90m
[31m+       "description": "Water Bill",[90m
[31m+       "id": "t534",[90m
[31m+       "type": "expense",[90m
[31m+     },[90m
[31m+     {[90m
[31m+       "accountId": "1",[90m
[31m+       "amount": -55,[90m
[31m+       "category": "Utilities",[90m
[31m+       "cleared": true,[90m
[31m+       "date": 2025-01-01T00:00:00.000Z,[90m
[31m+       "description": "Internet & Phone",[90m
[31m+       "id": "t535",[90m
[31m+       "type": "expense",[90m
[31m+     },[90m
[31m+     {[90m
[31m+       "accountId": "1",[90m
[31m+       "amount": -35,[90m
[31m+       "category": "Bills",[90m
[31m+       "cleared": true,[90m
[31m+       "date": 2025-01-01T00:00:00.000Z,[90m
[31m+       "description": "Mobile Phone",[90m
[31m+       "id": "t536",[90m
[31m+       "type": "expense",[90m
[31m+     },[90m
[31m+     {[90m
[31m+       "accountId": "1",[90m
[31m+       "amount": -65,[90m
[31m+       "category": "Insurance",[90m
[31m+       "cleared": true,[90m
[31m+       "date": 2025-01-01T00:00:00.000Z,[90m
[31m+       "description": "Home Insurance",[90m
[31m+       "id": "t537",[90m
[31m+       "type": "expense",[90m
[31m+     },[90m
[31m+     {[90m
[31m+       "accountId": "1",[90m
[31m+       "amount": -45,[90m
[31m+       "category": "Insurance",[90m
[31m+       "cleared": true,[90m
[31m+       "date": 2025-01-01T00:00:00.000Z,[90m
[31m+       "description": "Life Insurance",[90m
[31m+       "id": "t538",[90m
[31m+       "type": "expense",[90m
[31m+     },[90m
[31m+     {[90m
[31m+       "accountId": "1",[90m
[31m+       "amount": -85,[90m
[31m+       "category": "Insurance",[90m
[31m+       "cleared": true,[90m
[31m+       "date": 2025-01-01T00:00:00.000Z,[90m
[31m+       "description": "Car Insurance",[90m
[31m+       "id": "t539",[90m
[31m+       "type": "expense",[90m
[31m+     },[90m
[31m+     {[90m
[31m+       "accountId": "1",[90m
[31m+       "amount": -55,[90m
[31m+       "category": "Health & Fitness",[90m
[31m+       "cleared": true,[90m
[31m+       "date": 2025-01-01T00:00:00.000Z,[90m
[31m+       "description": "Gym Membership",[90m
[31m+       "id": "t540",[90m
[31m+       "type": "expense",[90m
[31m+     },[90m
[31m+     {[90m
[31m+       "accountId": "6",[90m
[31m+       "amount": -72.54,[90m
[31m+       "category": "Dining Out",[90m
[31m+       "cleared": true,[90m
[31m+       "date": 2025-01-01T00:00:00.000Z,[90m
[31m+       "description": "Wagamama",[90m
[31m+       "id": "t541",[90m
[31m+       "type": "expense",[90m
[31m+     },[90m
[31m+     {[90m
[31m+       "accountId": "6",[90m
[31m+       "amount": -21.96,[90m
[31m+       "category": "Transport",[90m
[31m+       "cleared": true,[90m
[31m+       "date": 2025-01-01T00:00:00.000Z,[90m
[31m+       "description": "Uber",[90m
[31m+       "id": "t542",[90m
[31m+       "type": "expense",[90m
[31m+     },[90m
[31m+     {[90m
[31m+       "accountId": "6",[90m
[31m+       "amount": -47.61,[90m
[31m+       "category": "Online Shopping",[90m
[31m+       "cleared": true,[90m
[31m+       "date": 2025-01-01T00:00:00.000Z,[90m
[31m+       "description": "Currys",[90m
[31m+       "id": "t543",[90m
[31m+       "type": "expense",[90m
[31m+     },[90m
[31m+     {[90m
[31m+       "accountId": "5",[90m
[31m+       "amount": -6.06,[90m
[31m+       "category": "Coffee Shops",[90m
[31m+       "cleared": true,[90m
[31m+       "date": 2025-01-01T00:00:00.000Z,[90m
[31m+       "description": "Costa",[90m
[31m+       "id": "t544",[90m
[31m+       "type": "expense",[90m
[31m+     },[90m
[31m+     {[90m
[31m+       "accountId": "6",[90m
[31m+       "amount": -69.71,[90m
[31m+       "category": "Groceries",[90m
[31m+       "cleared": true,[90m
[31m+       "date": 2025-01-02T00:00:00.000Z,[90m
[31m+       "description": "Lidl",[90m
[31m+       "id": "t545",[90m
[31m+       "type": "expense",[90m
[31m+     },[90m
[31m+     {[90m
[31m+       "accountId": "5",[90m
[31m+       "amount": -6.32,[90m
[31m+       "category": "Coffee Shops",[90m
[31m+       "cleared": true,[90m
[31m+       "date": 2025-01-02T00:00:00.000Z,[90m
[31m+       "description": "Costa",[90m
[31m+       "id": "t546",[90m
[31m+       "type": "expense",[90m
[31m+     },[90m
[31m+     {[90m
[31m+       "accountId": "5",[90m
[31m+       "amount": -78.28,[90m
[31m+       "category": "Fuel",[90m
[31m+       "cleared": true,[90m
[31m+       "date": 2025-01-02T00:00:00.000Z,[90m
[31m+       "description": "Esso",[90m
[31m+       "id": "t547",[90m
[31m+       "type": "expense",[90m
[31m+     },[90m
[31m+     {[90m
[31m+       "accountId": "6",[90m
[31m+       "amount": -6.56,[90m
[31m+       "category": "Coffee Shops",[90m
[31m+       "cleared": true,[90m
[31m+       "date": 2025-01-03T00:00:00.000Z,[90m
[31m+       "description": "Nero",[90m
[31m+       "id": "t548",[90m
[31m+       "type": "expense",[90m
[31m+     },[90m
[31m+     {[90m
[31m+       "accountId": "6",[90m
[31m+       "amount": -76.73,[90m
[31m+       "category": "Groceries",[90m
[31m+       "cleared": true,[90m
[31m+       "date": 2025-01-04T00:00:00.000Z,[90m
[31m+       "description": "Lidl",[90m
[31m+       "id": "t549",[90m
[31m+       "type": "expense",[90m
[31m+     },[90m
[31m+     {[90m
[31m+       "accountId": "5",[90m
[31m+       "amount": -101.22,[90m
[31m+       "category": "Dining Out",[90m
[31m+       "cleared": true,[90m
[31m+       "date": 2025-01-04T00:00:00.000Z,[90m
[31m+       "description": "The Ivy",[90m
[31m+       "id": "t550",[90m
[31m+       "type": "expense",[90m
[31m+     },[90m
[31m+     {[90m
[31m+       "accountId": "6",[90m
[31m+       "amount": -33.88,[90m
[31m+       "category": "Transport",[90m
[31m+       "cleared": true,[90m
[31m+       "date": 2025-01-04T00:00:00.000Z,[90m
[31m+       "description": "Citymapper",[90m
[31m+       "id": "t551",[90m
[31m+       "type": "expense",[90m
[31m+     },[90m
[31m+     {[90m
[31m+       "accountId": "6",[90m
[31m+       "amount": -50.88,[90m
[31m+       "category": "Online Shopping",[90m
[31m+       "cleared": true,[90m
[31m+       "date": 2025-01-04T00:00:00.000Z,[90m
[31m+       "description": "eBay",[90m
[31m+       "id": "t552",[90m
[31m+       "type": "expense",[90m
[31m+     },[90m
[31m+     {[90m
[31m+       "accountId": "5",[90m
[31m+       "amount": -6.22,[90m
[31m+       "category": "Coffee Shops",[90m
[31m+       "cleared": true,[90m
[31m+       "date": 2025-01-04T00:00:00.000Z,[90m
[31m+       "description": "Starbucks",[90m
[31m+       "id": "t553",[90m
[31m+       "type": "expense",[90m
[31m+     },[90m
[31m+     {[90m
[31m+       "accountId": "6",[90m
[31m+       "amount": -11.18,[90m
[31m+       "category": "Subscriptions",[90m
[31m+       "cleared": true,[90m
[31m+       "date": 2025-01-04T00:00:00.000Z,[90m
[31m+       "description": "Spotify",[90m
[31m+       "id": "t554",[90m
[31m+       "type": "expense",[90m
[31m+     },[90m
[31m+     {[90m
[31m+       "accountId": "5",[90m
[31m+       "amount": -3.87,[90m
[31m+       "category": "Coffee Shops",[90m
[31m+       "cleared": true,[90m
[31m+       "date": 2025-01-06T00:00:00.000Z,[90m
[31m+       "description": "Nero",[90m
[31m+       "id": "t555",[90m
[31m+       "type": "expense",[90m
[31m+     },[90m
[31m+     {[90m
[31m+       "accountId": "5",[90m
[31m+       "amount": -24.66,[90m
[31m+       "category": "Groceries",[90m
[31m+       "cleared": true,[90m
[31m+       "date": 2025-01-07T00:00:00.000Z,[90m
[31m+       "description": "Sainsbury's",[90m
[31m+       "id": "t556",[90m
[31m+       "type": "expense",[90m
[31m+     },[90m
[31m+     {[90m
[31m+       "accountId": "5",[90m
[31m+       "amount": -5.4,[90m
[31m+       "category": "Coffee Shops",[90m
[31m+       "cleared": true,[90m
[31m+       "date": 2025-01-07T00:00:00.000Z,[90m
[31m+       "description": "Starbucks",[90m
[31m+       "id": "t557",[90m
[31m+       "type": "expense",[90m
[31m+     },[90m
[31m+     {[90m
[31m+       "accountId": "6",[90m
[31m+       "amount": -35.07,[90m
[31m+       "category": "Groceries",[90m
[31m+       "cleared": true,[90m
[31m+       "date": 2025-01-09T00:00:00.000Z,[90m
[31m+       "description": "Tesco",[90m
[31m+       "id": "t558",[90m
[31m+       "type": "expense",[90m
[31m+     },[90m
[31m+     {[90m
[31m+       "accountId": "5",[90m
[31m+       "amount": -31.75,[90m
[31m+       "category": "Groceries",[90m
[31m+       "cleared": true,[90m
[31m+       "date": 2025-01-11T00:00:00.000Z,[90m
[31m+       "description": "Morrisons",[90m
[31m+       "id": "t559",[90m
[31m+       "type": "expense",[90m
[31m+     },[90m
[31m+     {[90m
[31m+       "accountId": "5",[90m
[31m+       "amount": -20.66,[90m
[31m+       "category": "Transport",[90m
[31m+       "cleared": true,[90m
[31m+       "date": 2025-01-11T00:00:00.000Z,[90m
[31m+       "description": "National Rail",[90m
[31m+       "id": "t560",[90m
[31m+       "type": "expense",[90m
[31m+     },[90m
[31m+     {[90m
[31m+       "accountId": "6",[90m
[31m+       "amount": -83.35,[90m
[31m+       "category": "Online Shopping",[90m
[31m+       "cleared": true,[90m
[31m+       "date": 2025-01-11T00:00:00.000Z,[90m
[31m+       "description": "Apple Store",[90m
[31m+       "id": "t561",[90m
[31m+       "type": "expense",[90m
[31m+     },[90m
[31m+     {[90m
[31m+       "accountId": "5",[90m
[31m+       "amount": -6.58,[90m
[31m+       "category": "Coffee Shops",[90m
[31m+       "cleared": true,[90m
[31m+       "date": 2025-01-11T00:00:00.000Z,[90m
[31m+       "description": "Costa",[90m
[31m+       "id": "t562",[90m
[31m+       "type": "expense",[90m
[31m+     },[90m
[31m+     {[90m
[31m+       "accountId": "6",[90m
[31m+       "amount": -34.99,[90m
[31m+       "category": "Groceries",[90m
[31m+       "cleared": true,[90m
[31m+       "date": 2025-01-12T00:00:00.000Z,[90m
[31m+       "description": "Morrisons",[90m
[31m+       "id": "t563",[90m
[31m+       "type": "expense",[90m
[31m+     },[90m
[31m+     {[90m
[31m+       "accountId": "6",[90m
[31m+       "amount": -71.87,[90m
[31m+       "category": "Dining Out",[90m
[31m+       "cleared": true,[90m
[31m+       "date": 2025-01-12T00:00:00.000Z,[90m
[31m+       "description": "Franco Manca",[90m
[31m+       "id": "t564",[90m
[31m+       "type": "expense",[90m
[31m+     },[90m
[31m+     {[90m
[31m+       "accountId": "6",[90m
[31m+       "amount": -19.38,[90m
[31m+       "category": "Transport",[90m
[31m+       "cleared": true,[90m
[31m+       "date": 2025-01-12T00:00:00.000Z,[90m
[31m+       "description": "National Rail",[90m
[31m+       "id": "t565",[90m
[31m+       "type": "expense",[90m
[31m+     },[90m
[31m+     {[90m
[31m+       "accountId": "6",[90m
[31m+       "amount": -197.54,[90m
[31m+       "category": "Shopping",[90m
[31m+       "cleared": true,[90m
[31m+       "date": 2025-01-12T00:00:00.000Z,[90m
[31m+       "description": "Selfridges",[90m
[31m+       "id": "t566",[90m
[31m+       "type": "expense",[90m
[31m+     },[90m
[31m+     {[90m
[31m+       "accountId": "5",[90m
[31m+       "amount": -79.47,[90m
[31m+       "category": "Entertainment",[90m
[31m+       "cleared": true,[90m
[31m+       "date": 2025-01-12T00:00:00.000Z,[90m
[31m+       "description": "Ticketmaster",[90m
[31m+       "id": "t567",[90m
[31m+       "type": "expense",[90m
[31m+     },[90m
[31m+     {[90m
[31m+       "accountId": "5",[90m
[31m+       "amount": -52.4,[90m
[31m+       "category": "Online Shopping",[90m
[31m+       "cleared": true,[90m
[31m+       "date": 2025-01-12T00:00:00.000Z,[90m
[31m+       "description": "eBay",[90m
[31m+       "id": "t568",[90m
[31m+       "type": "expense",[90m
[31m+     },[90m
[31m+     {[90m
[31m+       "accountId": "6",[90m
[31m+       "amount": -6.96,[90m
[31m+       "category": "Coffee Shops",[90m
[31m+       "cleared": true,[90m
[31m+       "date": 2025-01-12T00:00:00.000Z,[90m
[31m+       "description": "Pret",[90m
[31m+       "id": "t569",[90m
[31m+       "type": "expense",[90m
[31m+     },[90m
[31m+     {[90m
[31m+       "accountId": "6",[90m
[31m+       "amount": -6.82,[90m
[31m+       "category": "Coffee Shops",[90m
[31m+       "cleared": true,[90m
[31m+       "date": 2025-01-13T00:00:00.000Z,[90m
[31m+       "description": "Starbucks",[90m
[31m+       "id": "t570",[90m
[2m        "type": "expense",[22m
[31m+     },[90m
[31m+     {[90m
[31m+       "accountId": "5",[90m
[31m+       "amount": -115.45,[90m
[31m+       "category": "Dining Out",[90m
[31m+       "cleared": true,[90m
[31m+       "date": 2025-01-15T00:00:00.000Z,[90m
[31m+       "description": "Nando's",[90m
[31m+       "id": "t571",[90m
[31m+       "type": "expense",[90m
[31m+     },[90m
[31m+     {[90m
[31m+       "accountId": "5",[90m
[31m+       "amount": -78.36,[90m
[31m+       "category": "Online Shopping",[90m
[31m+       "cleared": true,[90m
[31m+       "date": 2025-01-15T00:00:00.000Z,[90m
[31m+       "description": "Amazon",[90m
[31m+       "id": "t572",[90m
[31m+       "type": "expense",[90m
[31m+     },[90m
[31m+     {[90m
[31m+       "accountId": "5",[90m
[31m+       "amount": -5.67,[90m
[31m+       "category": "Coffee Shops",[90m
[31m+       "cleared": true,[90m
[31m+       "date": 2025-01-15T00:00:00.000Z,[90m
[31m+       "description": "Starbucks",[90m
[31m+       "id": "t573",[90m
[31m+       "type": "expense",[90m
[31m+     },[90m
[31m+     {[90m
[31m+       "accountId": "6",[90m
[31m+       "amount": -59.34,[90m
[31m+       "category": "Groceries",[90m
[31m+       "cleared": true,[90m
[31m+       "date": 2025-01-16T00:00:00.000Z,[90m
[31m+       "description": "Aldi",[90m
[31m+       "id": "t574",[90m
[31m+       "type": "expense",[90m
[31m+     },[90m
[31m+     {[90m
[31m+       "accountId": "6",[90m
[31m+       "amount": -7.01,[90m
[31m+       "category": "Coffee Shops",[90m
[31m+       "cleared": true,[90m
[31m+       "date": 2025-01-16T00:00:00.000Z,[90m
[31m+       "description": "Costa",[90m
[31m+       "id": "t575",[90m
[31m+       "type": "expense",[90m
[31m+     },[90m
[31m+     {[90m
[31m+       "accountId": "5",[90m
[31m+       "amount": -110.75,[90m
[31m+       "category": "Dining Out",[90m
[31m+       "cleared": true,[90m
[31m+       "date": 2025-01-18T00:00:00.000Z,[90m
[31m+       "description": "Nando's",[90m
[31m+       "id": "t576",[90m
[31m+       "type": "expense",[90m
[31m+     },[90m
[31m+     {[90m
[31m+       "accountId": "6",[90m
[31m+       "amount": -30.14,[90m
[31m+       "category": "Transport",[90m
[31m+       "cleared": true,[90m
[31m+       "date": 2025-01-18T00:00:00.000Z,[90m
[31m+       "description": "National Rail",[90m
[31m+       "id": "t577",[90m
[31m+       "type": "expense",[90m
[31m+     },[90m
[31m+     {[90m
[31m+       "accountId": "5",[90m
[31m+       "amount": -118.63,[90m
[31m+       "category": "Online Shopping",[90m
[31m+       "cleared": true,[90m
[31m+       "date": 2025-01-18T00:00:00.000Z,[90m
[31m+       "description": "Currys",[90m
[31m+       "id": "t578",[90m
[31m+       "type": "expense",[90m
[31m+     },[90m
[31m+     {[90m
[31m+       "accountId": "5",[90m
[31m+       "amount": -4.46,[90m
[31m+       "category": "Coffee Shops",[90m
[31m+       "cleared": true,[90m
[31m+       "date": 2025-01-18T00:00:00.000Z,[90m
[31m+       "description": "Pret",[90m
[31m+       "id": "t579",[90m
[31m+       "type": "expense",[90m
[31m+     },[90m
[31m+     {[90m
[31m+       "accountId": "5",[90m
[31m+       "amount": -43.44,[90m
[31m+       "category": "Groceries",[90m
[31m+       "cleared": true,[90m
[31m+       "date": 2025-01-19T00:00:00.000Z,[90m
[31m+       "description": "Lidl",[90m
[31m+       "id": "t580",[90m
[31m+       "type": "expense",[90m
[31m+     },[90m
[31m+     {[90m
[31m+       "accountId": "5",[90m
[31m+       "amount": -49.21,[90m
[31m+       "category": "Dining Out",[90m
[31m+       "cleared": true,[90m
[31m+       "date": 2025-01-19T00:00:00.000Z,[90m
[31m+       "description": "Nando's",[90m
[31m+       "id": "t581",[90m
[31m+       "type": "expense",[90m
[31m+     },[90m
[31m+     {[90m
[31m+       "accountId": "6",[90m
[31m+       "amount": -28.46,[90m
[31m+       "category": "Transport",[90m
[31m+       "cleared": true,[90m
[31m+       "date": 2025-01-19T00:00:00.000Z,[90m
[31m+       "description": "Addison Lee",[90m
[31m+       "id": "t582",[90m
[31m+       "type": "expense",[90m
[31m+     },[90m
[31m+     {[90m
[31m+       "accountId": "6",[90m
[31m+       "amount": -174.22,[90m
[31m+       "category": "Shopping",[90m
[31m+       "cleared": true,[90m
[31m+       "date": 2025-01-19T00:00:00.000Z,[90m
[31m+       "description": "Zara",[90m
[31m+       "id": "t583",[90m
[31m+       "type": "expense",[90m
[31m+     },[90m
[31m+     {[90m
[31m+       "accountId": "6",[90m
[31m+       "amount": -96.84,[90m
[31m+       "category": "Entertainment",[90m
[31m+       "cleared": true,[90m
[31m+       "date": 2025-01-19T00:00:00.000Z,[90m
[31m+       "description": "O2 Arena",[90m
[31m+       "id": "t584",[90m
[31m+       "type": "expense",[90m
[31m+     },[90m
[31m+     {[90m
[31m+       "accountId": "6",[90m
[31m+       "amount": -132.51,[90m
[31m+       "category": "Online Shopping",[90m
[31m+       "cleared": true,[90m
[31m+       "date": 2025-01-19T00:00:00.000Z,[90m
[31m+       "description": "Argos",[90m
[31m+       "id": "t585",[90m
[31m+       "type": "expense",[90m
[31m+     },[90m
[31m+     {[90m
[31m+       "accountId": "5",[90m
[31m+       "amount": -6.74,[90m
[31m+       "category": "Coffee Shops",[90m
[31m+       "cleared": true,[90m
[31m+       "date": 2025-01-19T00:00:00.000Z,[90m
[31m+       "description": "Gail's",[90m
[31m+       "id": "t586",[90m
[31m+       "type": "expense",[90m
[31m+     },[90m
[31m+     {[90m
[31m+       "accountId": "6",[90m
[31m+       "amount": -35.41,[90m
[31m+       "category": "Transport",[90m
[31m+       "cleared": true,[90m
[31m+       "date": 2025-01-22T00:00:00.000Z,[90m
[31m+       "description": "Uber",[90m
[31m+       "id": "t587",[90m
[31m+       "type": "expense",[90m
[31m+     },[90m
[31m+     {[90m
[31m+       "accountId": "5",[90m
[31m+       "amount": -7.17,[90m
[31m+       "category": "Coffee Shops",[90m
[31m+       "cleared": true,[90m
[31m+       "date": 2025-01-22T00:00:00.000Z,[90m
[31m+       "description": "Pret",[90m
[31m+       "id": "t588",[90m
[31m+       "type": "expense",[90m
[31m+     },[90m
[31m+     {[90m
[31m+       "accountId": "6",[90m
[31m+       "amount": -43.77,[90m
[31m+       "category": "Groceries",[90m
[31m+       "cleared": true,[90m
[31m+       "date": 2025-01-23T00:00:00.000Z,[90m
[31m+       "description": "Aldi",[90m
[31m+       "id": "t589",[90m
[31m+       "type": "expense",[90m
[31m+     },[90m
[31m+     {[90m
[31m+       "accountId": "5",[90m
[31m+       "amount": -4.42,[90m
[31m+       "category": "Coffee Shops",[90m
[31m+       "cleared": true,[90m
[31m+       "date": 2025-01-23T00:00:00.000Z,[90m
[31m+       "description": "Costa",[90m
[31m+       "id": "t590",[90m
[31m+       "type": "expense",[90m
[31m+     },[90m
[31m+     {[90m
[31m+       "accountId": "5",[90m
[31m+       "amount": -4.49,[90m
[31m+       "category": "Coffee Shops",[90m
[31m+       "cleared": true,[90m
[31m+       "date": 2025-01-24T00:00:00.000Z,[90m
[31m+       "description": "Costa",[90m
[31m+       "id": "t591",[90m
[31m+       "type": "expense",[90m
[31m+     },[90m
[31m+     {[90m
[31m+       "accountId": "6",[90m
[31m+       "amount": -29.54,[90m
[31m+       "category": "Groceries",[90m
[31m+       "cleared": true,[90m
[31m+       "date": 2025-01-25T00:00:00.000Z,[90m
[31m+       "description": "ASDA",[90m
[31m+       "id": "t592",[90m
[31m+       "type": "expense",[90m
[31m+     },[90m
[31m+     {[90m
[31m+       "accountId": "6",[90m
[31m+       "amount": -115.37,[90m
[31m+       "category": "Dining Out",[90m
[31m+       "cleared": true,[90m
[31m+       "date": 2025-01-25T00:00:00.000Z,[90m
[31m+       "description": "Franco Manca",[90m
[31m+       "id": "t593",[90m
[31m+       "type": "expense",[90m
[31m+     },[90m
[31m+     {[90m
[31m+       "accountId": "5",[90m
[31m+       "amount": -25.09,[90m
[31m+       "category": "Transport",[90m
[31m+       "cleared": true,[90m
[31m+       "date": 2025-01-25T00:00:00.000Z,[90m
[31m+       "description": "National Rail",[90m
[31m+       "id": "t594",[90m
[31m+       "type": "expense",[90m
[31m+     },[90m
[31m+     {[90m
[31m+       "accountId": "6",[90m
[31m+       "amount": -6.8,[90m
[31m+       "category": "Coffee Shops",[90m
[31m+       "cleared": true,[90m
[31m+       "date": 2025-01-25T00:00:00.000Z,[90m
[31m+       "description": "Pret",[90m
[31m+       "id": "t595",[90m
[31m+       "type": "expense",[90m
[31m+     },[90m
[31m+     {[90m
[31m+       "accountId": "5",[90m
[31m+       "amount": -35.45,[90m
[31m+       "category": "Groceries",[90m
[31m+       "cleared": true,[90m
[31m+       "date": 2025-01-26T00:00:00.000Z,[90m
[31m+       "description": "Sainsbury's",[90m
[31m+       "id": "t596",[90m
[31m+       "type": "expense",[90m
[31m+     },[90m
[31m+     {[90m
[31m+       "accountId": "5",[90m
[31m+       "amount": -87.75,[90m
[31m+       "category": "Dining Out",[90m
[31m+       "cleared": true,[90m
[31m+       "date": 2025-01-26T00:00:00.000Z,[90m
[31m+       "description": "Wagamama",[90m
[31m+       "id": "t597",[90m
[31m+       "type": "expense",[90m
[31m+     },[90m
[31m+     {[90m
[31m+       "accountId": "6",[90m
[31m+       "amount": -25.05,[90m
[31m+       "category": "Transport",[90m
[31m+       "cleared": true,[90m
[31m+       "date": 2025-01-26T00:00:00.000Z,[90m
[31m+       "description": "Citymapper",[90m
[31m+       "id": "t598",[90m
[31m+       "type": "expense",[90m
[31m+     },[90m
[31m+     {[90m
[31m+       "accountId": "5",[90m
[31m+       "amount": -188.42,[90m
[31m+       "category": "Shopping",[90m
[31m+       "cleared": true,[90m
[31m+       "date": 2025-01-26T00:00:00.000Z,[90m
[31m+       "description": "Selfridges",[90m
[31m+       "id": "t599",[90m
[31m+       "type": "expense",[90m
[31m+     },[90m
[31m+     {[90m
[31m+       "accountId": "5",[90m
[31m+       "amount": -80.93,[90m
[31m+       "category": "Entertainment",[90m
[31m+       "cleared": true,[90m
[31m+       "date": 2025-01-26T00:00:00.000Z,[90m
[31m+       "description": "Ticketmaster",[90m
[31m+       "id": "t600",[90m
[31m+       "type": "expense",[90m
[31m+     },[90m
[31m+     {[90m
[31m+       "accountId": "6",[90m
[31m+       "amount": -57.61,[90m
[31m+       "category": "Online Shopping",[90m
[31m+       "cleared": true,[90m
[31m+       "date": 2025-01-26T00:00:00.000Z,[90m
[31m+       "description": "Currys",[90m
[31m+       "id": "t601",[90m
[31m+       "type": "expense",[90m
[31m+     },[90m
[31m+     {[90m
[31m+       "accountId": "5",[90m
[31m+       "amount": -4.96,[90m
[31m+       "category": "Coffee Shops",[90m
[31m+       "cleared": true,[90m
[31m+       "date": 2025-01-26T00:00:00.000Z,[90m
[31m+       "description": "Costa",[90m
[31m+       "id": "t602",[90m
[31m+       "type": "expense",[90m
[31m+     },[90m
[31m+     {[90m
[31m+       "accountId": "6",[90m
[31m+       "amount": -35.95,[90m
[31m+       "category": "Dining Out",[90m
[31m+       "cleared": false,[90m
[31m+       "date": 2025-01-29T00:00:00.000Z,[90m
[31m+       "description": "Wagamama",[90m
[31m+       "id": "t603",[90m
[31m+       "type": "expense",[90m
[31m+     },[90m
[31m+     {[90m
[31m+       "accountId": "6",[90m
[31m+       "amount": -34.69,[90m
[31m+       "category": "Transport",[90m
[31m+       "cleared": false,[90m
[31m+       "date": 2025-01-29T00:00:00.000Z,[90m
[31m+       "description": "Addison Lee",[90m
[31m+       "id": "t604",[90m
[31m+       "type": "expense",[90m
[31m+     },[90m
[31m+     {[90m
[31m+       "accountId": "6",[90m
[31m+       "amount": -56.24,[90m
[31m+       "category": "Online Shopping",[90m
[31m+       "cleared": false,[90m
[31m+       "date": 2025-01-29T00:00:00.000Z,[90m
[31m+       "description": "Apple Store",[90m
[31m+       "id": "t605",[90m
[31m+       "type": "expense",[90m
[31m+     },[90m
[31m+     {[90m
[31m+       "accountId": "6",[90m
[31m+       "amount": -5.32,[90m
[31m+       "category": "Coffee Shops",[90m
[31m+       "cleared": false,[90m
[31m+       "date": 2025-01-29T00:00:00.000Z,[90m
[31m+       "description": "Gail's",[90m
[31m+       "id": "t606",[90m
[31m+       "type": "expense",[90m
[31m+     },[90m
[31m+     {[90m
[31m+       "accountId": "5",[90m
[31m+       "amount": -53.28,[90m
[31m+       "category": "Groceries",[90m
[31m+       "cleared": false,[90m
[31m+       "date": 2025-01-30T00:00:00.000Z,[90m
[31m+       "description": "Morrisons",[90m
[31m+       "id": "t607",[90m
[31m+       "type": "expense",[90m
[31m+     },[90m
[31m+     {[90m
[31m+       "accountId": "6",[90m
[31m+       "amount": -7.89,[90m
[31m+       "category": "Coffee Shops",[90m
[31m+       "cleared": false,[90m
[31m+       "date": 2025-01-30T00:00:00.000Z,[90m
[31m+       "description": "Starbucks",[90m
[31m+       "id": "t608",[90m
[31m+       "type": "expense",[90m
[31m+     },[90m
[31m+     {[90m
[31m+       "accountId": "1",[90m
[31m+       "amount": -1459.25,[90m
[31m+       "category": "transfer",[90m
[31m+       "cleared": true,[90m
[31m+       "date": 2025-01-14T00:00:00.000Z,[90m
[31m+       "description": "Credit Card Payment - Natwest",[90m
[31m+       "id": "t609",[90m
[31m+       "type": "transfer",[90m
[31m+     },[90m
[31m+     {[90m
[31m+       "accountId": "5",[90m
[31m+       "amount": 1459.25,[90m
[31m+       "category": "transfer",[90m
[31m+       "cleared": true,[90m
[31m+       "date": 2025-01-14T00:00:00.000Z,[90m
[31m+       "description": "Credit Card Payment - Natwest",[90m
[31m+       "id": "t610",[90m
[31m+       "type": "transfer",[90m
[31m+     },[90m
[31m+     {[90m
[31m+       "accountId": "1",[90m
[31m+       "amount": -1581.1799999999996,[90m
[31m+       "category": "transfer",[90m
[31m+       "cleared": true,[90m
[31m+       "date": 2025-01-14T00:00:00.000Z,[90m
[31m+       "description": "Credit Card Payment - American Express",[90m
[31m+       "id": "t611",[90m
[31m+       "type": "transfer",[90m
[31m+     },[90m
[31m+     {[90m
[31m+       "accountId": "6",[90m
[31m+       "amount": 1581.1799999999996,[90m
[31m+       "category": "transfer",[90m
[31m+       "cleared": true,[90m
[31m+       "date": 2025-01-14T00:00:00.000Z,[90m
[31m+       "description": "Credit Card Payment - American Express",[90m
[31m+       "id": "t612",[90m
[31m+       "type": "transfer",[90m
[31m+     },[90m
[31m+     {[90m
[31m+       "accountId": "1",[90m
[31m+       "amount": -1044.5700000000004,[90m
[31m+       "category": "transfer",[90m
[31m+       "cleared": true,[90m
[31m+       "date": 2025-01-31T00:00:00.000Z,[90m
[31m+       "description": "Balance Sweep to Savings",[90m
[31m+       "id": "t613",[90m
[31m+       "type": "transfer",[90m
[31m+     },[90m
[31m+     {[90m
[31m+       "accountId": "3",[90m
[31m+       "amount": 1044.5700000000004,[90m
[31m+       "category": "transfer",[90m
[31m+       "cleared": true,[90m
[31m+       "date": 2025-01-31T00:00:00.000Z,[90m
[31m+       "description": "Balance Sweep from Current",[90m
[31m+       "id": "t614",[90m
[31m+       "type": "transfer",[90m
[2m      },[22m
[2m    ],[22m
[2m    12,[22m
[2m  ][22m
[39m[90m

Number of calls: [1m1[22m
[39m
   ✓ useCashFlowForecast > error handling > handles forecast generation errors 5ms
   ✓ useCashFlowForecast > refresh functionality > refreshes forecast on demand 6ms
   ✓ useCashFlowForecast > pattern management > adds custom pattern 7ms
   ✓ useCashFlowForecast > pattern management > updates existing pattern 11ms
   ✓ useCashFlowForecast > pattern management > removes pattern 8ms
   × useSeasonalAnalysis > analyzes seasonal trends when enabled 27ms
     → expected "spy" to be called with arguments: [ [ { id: 'tx-1', …(8) }, …(1) ] ][90m

Received: 

[1m  1st spy call:

[22m[2m  [[22m
[2m    [[22m
[2m      {[22m
[32m-       "accountId": "acc-1",[90m
[32m-       "amount": 3000,[90m
[32m-       "category": "salary",[90m
[32m-       "date": 2025-01-15T00:00:00.000Z,[90m
[32m-       "description": "Monthly salary",[90m
[32m-       "id": "tx-1",[90m
[32m-       "isReconciled": false,[90m
[32m-       "pending": false,[90m
[31m+       "accountId": "8",[90m
[31m+       "amount": -200000,[90m
[31m+       "category": "transfer",[90m
[31m+       "cleared": true,[90m
[31m+       "date": 2024-07-01T00:00:00.000Z,[90m
[31m+       "description": "Mortgage Loan",[90m
[31m+       "id": "t1",[90m
[31m+       "type": "transfer",[90m
[31m+     },[90m
[31m+     {[90m
[31m+       "accountId": "12",[90m
[31m+       "amount": 200000,[90m
[31m+       "category": "transfer",[90m
[31m+       "cleared": true,[90m
[31m+       "date": 2024-07-01T00:00:00.000Z,[90m
[31m+       "description": "Mortgage Loan",[90m
[31m+       "id": "t2",[90m
[31m+       "type": "transfer",[90m
[31m+     },[90m
[31m+     {[90m
[31m+       "accountId": "7",[90m
[31m+       "amount": -50000,[90m
[31m+       "category": "transfer",[90m
[31m+       "cleared": true,[90m
[31m+       "date": 2024-07-01T00:00:00.000Z,[90m
[31m+       "description": "Personal Loan",[90m
[31m+       "id": "t3",[90m
[31m+       "type": "transfer",[90m
[31m+     },[90m
[31m+     {[90m
[31m+       "accountId": "1",[90m
[31m+       "amount": 50000,[90m
[31m+       "category": "transfer",[90m
[31m+       "cleared": true,[90m
[31m+       "date": 2024-07-01T00:00:00.000Z,[90m
[31m+       "description": "Personal Loan",[90m
[31m+       "id": "t4",[90m
[31m+       "type": "transfer",[90m
[31m+     },[90m
[31m+     {[90m
[31m+       "accountId": "1",[90m
[31m+       "amount": -20000,[90m
[31m+       "category": "transfer",[90m
[31m+       "cleared": true,[90m
[31m+       "date": 2024-07-01T00:00:00.000Z,[90m
[31m+       "description": "House Deposit",[90m
[31m+       "id": "t5",[90m
[31m+       "type": "transfer",[90m
[31m+     },[90m
[31m+     {[90m
[31m+       "accountId": "12",[90m
[31m+       "amount": 20000,[90m
[31m+       "category": "transfer",[90m
[31m+       "cleared": true,[90m
[31m+       "date": 2024-07-01T00:00:00.000Z,[90m
[31m+       "description": "House Deposit",[90m
[31m+       "id": "t6",[90m
[31m+       "type": "transfer",[90m
[31m+     },[90m
[31m+     {[90m
[31m+       "accountId": "1",[90m
[31m+       "amount": -20000,[90m
[31m+       "category": "transfer",[90m
[31m+       "cleared": true,[90m
[31m+       "date": 2024-07-01T00:00:00.000Z,[90m
[31m+       "description": "Hargreaves ISA",[90m
[31m+       "id": "t7",[90m
[31m+       "type": "transfer",[90m
[31m+     },[90m
[31m+     {[90m
[31m+       "accountId": "10",[90m
[31m+       "amount": 20000,[90m
[31m+       "category": "transfer",[90m
[31m+       "cleared": true,[90m
[31m+       "date": 2024-07-01T00:00:00.000Z,[90m
[31m+       "description": "Hargreaves ISA",[90m
[31m+       "id": "t8",[90m
[31m+       "type": "transfer",[90m
[31m+     },[90m
[31m+     {[90m
[31m+       "accountId": "1",[90m
[31m+       "amount": -10000,[90m
[31m+       "category": "transfer",[90m
[31m+       "cleared": true,[90m
[31m+       "date": 2024-07-01T00:00:00.000Z,[90m
[31m+       "description": "NS&I Premium Bonds",[90m
[31m+       "id": "t9",[90m
[31m+       "type": "transfer",[90m
[31m+     },[90m
[31m+     {[90m
[31m+       "accountId": "4",[90m
[31m+       "amount": 10000,[90m
[31m+       "category": "transfer",[90m
[31m+       "cleared": true,[90m
[31m+       "date": 2024-07-01T00:00:00.000Z,[90m
[31m+       "description": "NS&I Premium Bonds",[90m
[31m+       "id": "t10",[90m
[31m+       "type": "transfer",[90m
[31m+     },[90m
[31m+     {[90m
[31m+       "accountId": "9",[90m
[31m+       "amount": -10878.95,[90m
[31m+       "category": "Investments",[90m
[31m+       "cleared": true,[90m
[31m+       "date": 2024-07-01T00:00:00.000Z,[90m
[31m+       "description": "Buy 20000 LLOY.L",[90m
[31m+       "id": "t11",[90m
[31m+       "investmentData": {[90m
[31m+         "pricePerShare": 0.54,[90m
[31m+         "quantity": 20000,[90m
[31m+         "stampDuty": 54,[90m
[31m+         "symbol": "LLOY.L",[90m
[31m+         "totalCost": 10878.95,[90m
[31m+         "transactionFee": 24.95,[90m
[31m+       },[90m
[31m+       "type": "expense",[90m
[31m+     },[90m
[31m+     {[90m
[31m+       "accountId": "9",[90m
[31m+       "amount": -6356.45,[90m
[31m+       "category": "Investments",[90m
[31m+       "cleared": true,[90m
[31m+       "date": 2024-07-01T00:00:00.000Z,[90m
[31m+       "description": "Buy 3000 BARC.L",[90m
[31m+       "id": "t12",[90m
[31m+       "investmentData": {[90m
[31m+         "pricePerShare": 2.1,[90m
[31m+         "quantity": 3000,[90m
[31m+         "stampDuty": 31.5,[90m
[31m+         "symbol": "BARC.L",[90m
[31m+         "totalCost": 6356.45,[90m
[31m+         "transactionFee": 24.95,[90m
[31m+       },[90m
[31m+       "type": "expense",[90m
[31m+     },[90m
[31m+     {[90m
[31m+       "accountId": "9",[90m
[31m+       "amount": -9773.45,[90m
[31m+       "category": "Investments",[90m
[31m+       "cleared": true,[90m
[31m+       "date": 2024-07-01T00:00:00.000Z,[90m
[31m+       "description": "Buy 2000 BP.L",[90m
[31m+       "id": "t13",[90m
[31m+       "investmentData": {[90m
[31m+         "pricePerShare": 4.85,[90m
[31m+         "quantity": 2000,[90m
[31m+         "stampDuty": 48.5,[90m
[31m+         "symbol": "BP.L",[90m
[31m+         "totalCost": 9773.45,[90m
[31m+         "transactionFee": 24.95,[90m
[31m+       },[90m
[31m+       "type": "expense",[90m
[31m+     },[90m
[31m+     {[90m
[31m+       "accountId": "9",[90m
[31m+       "amount": -13290.95,[90m
[31m+       "category": "Investments",[90m
[31m+       "cleared": true,[90m
[31m+       "date": 2024-07-01T00:00:00.000Z,[90m
[31m+       "description": "Buy 800 GSK.L",[90m
[31m+       "id": "t14",[90m
[31m+       "investmentData": {[90m
[31m+         "pricePerShare": 16.5,[90m
[31m+         "quantity": 800,[90m
[31m+         "stampDuty": 66,[90m
[31m+         "symbol": "GSK.L",[90m
[31m+         "totalCost": 13290.95,[90m
[31m+         "transactionFee": 24.95,[90m
[31m+       },[90m
[31m+       "type": "expense",[90m
[31m+     },[90m
[31m+     {[90m
[31m+       "accountId": "9",[90m
[31m+       "amount": -15496.95,[90m
[31m+       "category": "Investments",[90m
[31m+       "cleared": true,[90m
[31m+       "date": 2024-07-01T00:00:00.000Z,[90m
[31m+       "description": "Buy 100 AAPL",[90m
[31m+       "id": "t15",[90m
[31m+       "investmentData": {[90m
[31m+         "pricePerShare": 154.72,[90m
[31m+         "quantity": 100,[90m
[31m+         "stampDuty": 0,[90m
[31m+         "symbol": "AAPL",[90m
[31m+         "totalCost": 15496.95,[90m
[31m+         "transactionFee": 24.95,[90m
[31m+       },[90m
[31m+       "type": "expense",[90m
[31m+     },[90m
[31m+     {[90m
[31m+       "accountId": "9",[90m
[31m+       "amount": -17819.95,[90m
[31m+       "category": "Investments",[90m
[31m+       "cleared": true,[90m
[31m+       "date": 2024-07-01T00:00:00.000Z,[90m
[31m+       "description": "Buy 50 MSFT",[90m
[31m+       "id": "t16",[90m
[31m+       "investmentData": {[90m
[31m+         "pricePerShare": 355.9,[90m
[31m+         "quantity": 50,[90m
[31m+         "stampDuty": 0,[90m
[31m+         "symbol": "MSFT",[90m
[31m+         "totalCost": 17819.95,[90m
[31m+         "transactionFee": 24.95,[90m
[31m+       },[90m
[31m+       "type": "expense",[90m
[31m+     },[90m
[31m+     {[90m
[31m+       "accountId": "9",[90m
[31m+       "amount": -14276.950000000003,[90m
[31m+       "category": "Investments",[90m
[31m+       "cleared": true,[90m
[31m+       "date": 2024-07-01T00:00:00.000Z,[90m
[31m+       "description": "Buy 100 GOOGL",[90m
[31m+       "id": "t17",[90m
[31m+       "investmentData": {[90m
[31m+         "pricePerShare": 142.52,[90m
[31m+         "quantity": 100,[90m
[31m+         "stampDuty": 0,[90m
[31m+         "symbol": "GOOGL",[90m
[31m+         "totalCost": 14276.950000000003,[90m
[31m+         "transactionFee": 24.95,[90m
[31m+       },[90m
[31m+       "type": "expense",[90m
[31m+     },[90m
[31m+     {[90m
[31m+       "accountId": "9",[90m
[31m+       "amount": -9630.95,[90m
[31m+       "category": "Investments",[90m
[31m+       "cleared": true,[90m
[31m+       "date": 2024-07-01T00:00:00.000Z,[90m
[31m+       "description": "Buy 100 NVDA",[90m
[31m+       "id": "t18",[90m
[31m+       "investmentData": {[90m
[31m+         "pricePerShare": 96.06,[90m
[31m+         "quantity": 100,[90m
[31m+         "stampDuty": 0,[90m
[31m+         "symbol": "NVDA",[90m
[31m+         "totalCost": 9630.95,[90m
[31m+         "transactionFee": 24.95,[90m
[31m+       },[90m
[31m+       "type": "expense",[90m
[31m+     },[90m
[31m+     {[90m
[31m+       "accountId": "9",[90m
[31m+       "amount": -27149.95,[90m
[31m+       "category": "Investments",[90m
[31m+       "cleared": true,[90m
[31m+       "date": 2024-07-01T00:00:00.000Z,[90m
[31m+       "description": "Buy 250 VWRL",[90m
[31m+       "id": "t19",[90m
[31m+       "investmentData": {[90m
[31m+         "pricePerShare": 108.5,[90m
[31m+         "quantity": 250,[90m
[31m+         "stampDuty": 0,[90m
[31m+         "symbol": "VWRL",[90m
[31m+         "totalCost": 27149.95,[90m
[31m+         "transactionFee": 24.95,[90m
[31m+       },[90m
[31m+       "type": "expense",[90m
[31m+     },[90m
[31m+     {[90m
[31m+       "accountId": "9",[90m
[31m+       "amount": -16924.95,[90m
[31m+       "category": "Investments",[90m
[31m+       "cleared": true,[90m
[31m+       "date": 2024-07-01T00:00:00.000Z,[90m
[31m+       "description": "Buy 2000 SMT",[90m
[31m+       "id": "t20",[90m
[31m+       "investmentData": {[90m
[31m+         "pricePerShare": 8.45,[90m
[31m+         "quantity": 2000,[90m
[31m+         "stampDuty": 0,[90m
[31m+         "symbol": "SMT",[90m
[31m+         "totalCost": 16924.95,[90m
[31m+         "transactionFee": 24.95,[90m
[31m+       },[90m
[31m+       "type": "expense",[90m
[31m+     },[90m
[31m+     {[90m
[31m+       "accountId": "9",[90m
[31m+       "amount": -6399.95,[90m
[31m+       "category": "Investments",[90m
[31m+       "cleared": true,[90m
[31m+       "date": 2024-07-01T00:00:00.000Z,[90m
[31m+       "description": "Buy 1500 CTY",[90m
[31m+       "id": "t21",[90m
[31m+       "investmentData": {[90m
[31m+         "pricePerShare": 4.25,[90m
[31m+         "quantity": 1500,[90m
[31m+         "stampDuty": 0,[90m
[31m+         "symbol": "CTY",[90m
[31m+         "totalCost": 6399.95,[90m
[31m+         "transactionFee": 24.95,[90m
[31m+       },[90m
[31m+       "type": "expense",[90m
[31m+     },[90m
[31m+     {[90m
[31m+       "accountId": "1",[90m
[31m+       "amount": 6000,[90m
[31m+       "category": "Salary",[90m
[31m+       "cleared": true,[90m
[31m+       "date": 2024-06-30T23:00:00.000Z,[90m
[31m+       "description": "Monthly Salary",[90m
[31m+       "id": "t22",[90m
[31m+       "type": "income",[90m
[31m+     },[90m
[31m+     {[90m
[31m+       "accountId": "1",[90m
[31m+       "amount": -1200,[90m
[31m+       "category": "transfer",[90m
[31m+       "cleared": true,[90m
[31m+       "date": 2024-06-30T23:00:00.000Z,[90m
[31m+       "description": "Mortgage Payment",[90m
[31m+       "id": "t23",[90m
[31m+       "type": "transfer",[90m
[31m+     },[90m
[31m+     {[90m
[31m+       "accountId": "8",[90m
[31m+       "amount": 1200,[90m
[31m+       "category": "transfer",[90m
[31m+       "cleared": true,[90m
[31m+       "date": 2024-06-30T23:00:00.000Z,[90m
[31m+       "description": "Mortgage Payment",[90m
[31m+       "id": "t24",[90m
[31m+       "type": "transfer",[90m
[31m+     },[90m
[31m+     {[90m
[31m+       "accountId": "1",[90m
[31m+       "amount": -180,[90m
[31m+       "category": "Bills",[90m
[31m+       "cleared": true,[90m
[31m+       "date": 2024-06-30T23:00:00.000Z,[90m
[31m+       "description": "Council Tax",[90m
[31m+       "id": "t25",[90m
[31m+       "type": "expense",[90m
[31m+     },[90m
[31m+     {[90m
[31m+       "accountId": "1",[90m
[31m+       "amount": -150,[90m
[31m+       "category": "Utilities",[90m
[31m+       "cleared": true,[90m
[31m+       "date": 2024-06-30T23:00:00.000Z,[90m
[31m+       "description": "Gas & Electric",[90m
[31m+       "id": "t26",[90m
[31m+       "type": "expense",[90m
[31m+     },[90m
[31m+     {[90m
[31m+       "accountId": "1",[90m
[31m+       "amount": -45,[90m
[31m+       "category": "Utilities",[90m
[31m+       "cleared": true,[90m
[31m+       "date": 2024-06-30T23:00:00.000Z,[90m
[31m+       "description": "Water Bill",[90m
[31m+       "id": "t27",[90m
[31m+       "type": "expense",[90m
[31m+     },[90m
[31m+     {[90m
[31m+       "accountId": "1",[90m
[31m+       "amount": -55,[90m
[31m+       "category": "Utilities",[90m
[31m+       "cleared": true,[90m
[31m+       "date": 2024-06-30T23:00:00.000Z,[90m
[31m+       "description": "Internet & Phone",[90m
[31m+       "id": "t28",[90m
[31m+       "type": "expense",[90m
[31m+     },[90m
[31m+     {[90m
[31m+       "accountId": "1",[90m
[31m+       "amount": -35,[90m
[31m+       "category": "Bills",[90m
[31m+       "cleared": true,[90m
[31m+       "date": 2024-06-30T23:00:00.000Z,[90m
[31m+       "description": "Mobile Phone",[90m
[31m+       "id": "t29",[90m
[31m+       "type": "expense",[90m
[31m+     },[90m
[31m+     {[90m
[31m+       "accountId": "1",[90m
[31m+       "amount": -65,[90m
[31m+       "category": "Insurance",[90m
[31m+       "cleared": true,[90m
[31m+       "date": 2024-06-30T23:00:00.000Z,[90m
[31m+       "description": "Home Insurance",[90m
[31m+       "id": "t30",[90m
[31m+       "type": "expense",[90m
[31m+     },[90m
[31m+     {[90m
[31m+       "accountId": "1",[90m
[31m+       "amount": -45,[90m
[31m+       "category": "Insurance",[90m
[31m+       "cleared": true,[90m
[31m+       "date": 2024-06-30T23:00:00.000Z,[90m
[31m+       "description": "Life Insurance",[90m
[31m+       "id": "t31",[90m
[31m+       "type": "expense",[90m
[31m+     },[90m
[31m+     {[90m
[31m+       "accountId": "1",[90m
[31m+       "amount": -85,[90m
[31m+       "category": "Insurance",[90m
[31m+       "cleared": true,[90m
[31m+       "date": 2024-06-30T23:00:00.000Z,[90m
[31m+       "description": "Car Insurance",[90m
[31m+       "id": "t32",[90m
[31m+       "type": "expense",[90m
[31m+     },[90m
[31m+     {[90m
[31m+       "accountId": "1",[90m
[31m+       "amount": -55,[90m
[31m+       "category": "Health & Fitness",[90m
[31m+       "cleared": true,[90m
[31m+       "date": 2024-06-30T23:00:00.000Z,[90m
[31m+       "description": "Gym Membership",[90m
[31m+       "id": "t33",[90m
[31m+       "type": "expense",[90m
[31m+     },[90m
[31m+     {[90m
[31m+       "accountId": "6",[90m
[31m+       "amount": -7.18,[90m
[31m+       "category": "Coffee Shops",[90m
[31m+       "cleared": true,[90m
[31m+       "date": 2024-06-30T23:00:00.000Z,[90m
[31m+       "description": "Pret",[90m
[31m+       "id": "t34",[90m
[31m+       "type": "expense",[90m
[31m+     },[90m
[31m+     {[90m
[31m+       "accountId": "5",[90m
[31m+       "amount": -80.26,[90m
[31m+       "category": "Dining Out",[90m
[31m+       "cleared": true,[90m
[31m+       "date": 2024-07-02T23:00:00.000Z,[90m
[31m+       "description": "Nando's",[90m
[31m+       "id": "t35",[90m
[31m+       "type": "expense",[90m
[31m+     },[90m
[31m+     {[90m
[31m+       "accountId": "6",[90m
[31m+       "amount": -48.65,[90m
[31m+       "category": "Transport",[90m
[31m+       "cleared": true,[90m
[31m+       "date": 2024-07-02T23:00:00.000Z,[90m
[31m+       "description": "Addison Lee",[90m
[31m+       "id": "t36",[90m
[31m+       "type": "expense",[90m
[31m+     },[90m
[31m+     {[90m
[31m+       "accountId": "6",[90m
[31m+       "amount": -7.52,[90m
[31m+       "category": "Coffee Shops",[90m
[31m+       "cleared": true,[90m
[31m+       "date": 2024-07-02T23:00:00.000Z,[90m
[31m+       "description": "Pret",[90m
[31m+       "id": "t37",[90m
[31m+       "type": "expense",[90m
[31m+     },[90m
[31m+     {[90m
[31m+       "accountId": "6",[90m
[31m+       "amount": -48.7,[90m
[31m+       "category": "Groceries",[90m
[31m+       "cleared": true,[90m
[31m+       "date": 2024-07-03T23:00:00.000Z,[90m
[31m+       "description": "Sainsbury's",[90m
[31m+       "id": "t38",[90m
[31m+       "type": "expense",[90m
[31m+     },[90m
[31m+     {[90m
[31m+       "accountId": "6",[90m
[31m+       "amount": -6.76,[90m
[31m+       "category": "Coffee Shops",[90m
[31m+       "cleared": true,[90m
[31m+       "date": 2024-07-03T23:00:00.000Z,[90m
[31m+       "description": "Pret",[90m
[31m+       "id": "t39",[90m
[31m+       "type": "expense",[90m
[31m+     },[90m
[31m+     {[90m
[31m+       "accountId": "6",[90m
[31m+       "amount": -19.63,[90m
[31m+       "category": "Subscriptions",[90m
[31m+       "cleared": true,[90m
[31m+       "date": 2024-07-03T23:00:00.000Z,[90m
[31m+       "description": "Apple Music",[90m
[31m+       "id": "t40",[90m
[31m+       "type": "expense",[90m
[31m+     },[90m
[31m+     {[90m
[31m+       "accountId": "5",[90m
[31m+       "amount": -75.18,[90m
[31m+       "category": "Groceries",[90m
[31m+       "cleared": true,[90m
[31m+       "date": 2024-07-05T23:00:00.000Z,[90m
[31m+       "description": "Lidl",[90m
[31m+       "id": "t41",[90m
[31m+       "type": "expense",[90m
[31m+     },[90m
[31m+     {[90m
[31m+       "accountId": "6",[90m
[31m+       "amount": -96.6,[90m
[31m+       "category": "Dining Out",[90m
[31m+       "cleared": true,[90m
[31m+       "date": 2024-07-05T23:00:00.000Z,[90m
[31m+       "description": "The Ivy",[90m
[31m+       "id": "t42",[90m
[31m+       "type": "expense",[90m
[31m+     },[90m
[31m+     {[90m
[31m+       "accountId": "6",[90m
[31m+       "amount": -38.22,[90m
[31m+       "category": "Transport",[90m
[31m+       "cleared": true,[90m
[31m+       "date": 2024-07-05T23:00:00.000Z,[90m
[31m+       "description": "Addison Lee",[90m
[31m+       "id": "t43",[90m
[31m+       "type": "expense",[90m
[31m+     },[90m
[31m+     {[90m
[31m+       "accountId": "5",[90m
[31m+       "amount": -61.41,[90m
[31m+       "category": "Online Shopping",[90m
[31m+       "cleared": true,[90m
[31m+       "date": 2024-07-05T23:00:00.000Z,[90m
[31m+       "description": "Currys",[90m
[31m+       "id": "t44",[90m
[31m+       "type": "expense",[90m
[31m+     },[90m
[31m+     {[90m
[31m+       "accountId": "6",[90m
[31m+       "amount": -4.4,[90m
[31m+       "category": "Coffee Shops",[90m
[31m+       "cleared": true,[90m
[31m+       "date": 2024-07-05T23:00:00.000Z,[90m
[31m+       "description": "Gail's",[90m
[31m+       "id": "t45",[90m
[31m+       "type": "expense",[90m
[31m+     },[90m
[31m+     {[90m
[31m+       "accountId": "5",[90m
[31m+       "amount": -66.04,[90m
[31m+       "category": "Groceries",[90m
[31m+       "cleared": true,[90m
[31m+       "date": 2024-07-06T23:00:00.000Z,[90m
[31m+       "description": "ASDA",[90m
[31m+       "id": "t46",[90m
[31m+       "type": "expense",[90m
[31m+     },[90m
[31m+     {[90m
[31m+       "accountId": "6",[90m
[31m+       "amount": -47.71,[90m
[31m+       "category": "Dining Out",[90m
[31m+       "cleared": true,[90m
[31m+       "date": 2024-07-06T23:00:00.000Z,[90m
[31m+       "description": "Dishoom",[90m
[31m+       "id": "t47",[90m
[31m+       "type": "expense",[90m
[31m+     },[90m
[31m+     {[90m
[31m+       "accountId": "5",[90m
[31m+       "amount": -46.82,[90m
[31m+       "category": "Transport",[90m
[31m+       "cleared": true,[90m
[31m+       "date": 2024-07-06T23:00:00.000Z,[90m
[31m+       "description": "Addison Lee",[90m
[31m+       "id": "t48",[90m
[31m+       "type": "expense",[90m
[31m+     },[90m
[31m+     {[90m
[31m+       "accountId": "6",[90m
[31m+       "amount": -78.28,[90m
[31m+       "category": "Shopping",[90m
[31m+       "cleared": true,[90m
[31m+       "date": 2024-07-06T23:00:00.000Z,[90m
[31m+       "description": "John Lewis",[90m
[31m+       "id": "t49",[90m
[31m+       "type": "expense",[90m
[31m+     },[90m
[31m+     {[90m
[31m+       "accountId": "6",[90m
[31m+       "amount": -69.53,[90m
[31m+       "category": "Entertainment",[90m
[31m+       "cleared": true,[90m
[31m+       "date": 2024-07-06T23:00:00.000Z,[90m
[31m+       "description": "O2 Arena",[90m
[31m+       "id": "t50",[90m
[31m+       "type": "expense",[90m
[31m+     },[90m
[31m+     {[90m
[31m+       "accountId": "6",[90m
[31m+       "amount": -32.79,[90m
[31m+       "category": "Online Shopping",[90m
[31m+       "cleared": true,[90m
[31m+       "date": 2024-07-06T23:00:00.000Z,[90m
[31m+       "description": "Argos",[90m
[31m+       "id": "t51",[90m
[31m+       "type": "expense",[90m
[31m+     },[90m
[31m+     {[90m
[31m+       "accountId": "6",[90m
[31m+       "amount": -7.16,[90m
[31m+       "category": "Coffee Shops",[90m
[31m+       "cleared": true,[90m
[31m+       "date": 2024-07-07T23:00:00.000Z,[90m
[31m+       "description": "Nero",[90m
[31m+       "id": "t52",[90m
[31m+       "type": "expense",[90m
[31m+     },[90m
[31m+     {[90m
[31m+       "accountId": "5",[90m
[31m+       "amount": -44.56,[90m
[31m+       "category": "Groceries",[90m
[31m+       "cleared": true,[90m
[31m+       "date": 2024-07-08T23:00:00.000Z,[90m
[31m+       "description": "Aldi",[90m
[31m+       "id": "t53",[90m
[31m+       "type": "expense",[90m
[31m+     },[90m
[31m+     {[90m
[31m+       "accountId": "5",[90m
[31m+       "amount": -6.17,[90m
[31m+       "category": "Coffee Shops",[90m
[31m+       "cleared": true,[90m
[31m+       "date": 2024-07-08T23:00:00.000Z,[90m
[31m+       "description": "Gail's",[90m
[31m+       "id": "t54",[90m
[31m+       "type": "expense",[90m
[31m+     },[90m
[31m+     {[90m
[31m+       "accountId": "5",[90m
[31m+       "amount": -30.07,[90m
[31m+       "category": "Dining Out",[90m
[31m+       "cleared": true,[90m
[31m+       "date": 2024-07-09T23:00:00.000Z,[90m
[31m+       "description": "The Ivy",[90m
[31m+       "id": "t55",[90m
[31m+       "type": "expense",[90m
[31m+     },[90m
[31m+     {[90m
[31m+       "accountId": "6",[90m
[31m+       "amount": -23.69,[90m
[31m+       "category": "Transport",[90m
[31m+       "cleared": true,[90m
[31m+       "date": 2024-07-09T23:00:00.000Z,[90m
[31m+       "description": "Addison Lee",[90m
[31m+       "id": "t56",[90m
[31m+       "type": "expense",[90m
[31m+     },[90m
[31m+     {[90m
[31m+       "accountId": "6",[90m
[31m+       "amount": -90.34,[90m
[31m+       "category": "Online Shopping",[90m
[31m+       "cleared": true,[90m
[31m+       "date": 2024-07-09T23:00:00.000Z,[90m
[31m+       "description": "Currys",[90m
[31m+       "id": "t57",[90m
[31m+       "type": "expense",[90m
[31m+     },[90m
[31m+     {[90m
[31m+       "accountId": "6",[90m
[31m+       "amount": -72.19,[90m
[31m+       "category": "Groceries",[90m
[31m+       "cleared": true,[90m
[31m+       "date": 2024-07-10T23:00:00.000Z,[90m
[31m+       "description": "Sainsbury's",[90m
[31m+       "id": "t58",[90m
[31m+       "type": "expense",[90m
[31m+     },[90m
[31m+     {[90m
[31m+       "accountId": "5",[90m
[31m+       "amount": -6.55,[90m
[31m+       "category": "Coffee Shops",[90m
[31m+       "cleared": true,[90m
[31m+       "date": 2024-07-10T23:00:00.000Z,[90m
[31m+       "description": "Costa",[90m
[31m+       "id": "t59",[90m
[31m+       "type": "expense",[90m
[31m+     },[90m
[31m+     {[90m
[31m+       "accountId": "6",[90m
[31m+       "amount": -5.97,[90m
[31m+       "category": "Coffee Shops",[90m
[31m+       "cleared": true,[90m
[31m+       "date": 2024-07-11T23:00:00.000Z,[90m
[31m+       "description": "Gail's",[90m
[31m+       "id": "t60",[90m
[31m+       "type": "expense",[90m
[31m+     },[90m
[31m+     {[90m
[31m+       "accountId": "5",[90m
[31m+       "amount": -6.6,[90m
[31m+       "category": "Coffee Shops",[90m
[31m+       "cleared": true,[90m
[31m+       "date": 2024-07-14T23:00:00.000Z,[90m
[31m+       "description": "Costa",[90m
[31m+       "id": "t61",[90m
[31m+       "type": "expense",[90m
[31m+     },[90m
[31m+     {[90m
[31m+       "accountId": "5",[90m
[31m+       "amount": -117.27,[90m
[31m+       "category": "Dining Out",[90m
[31m+       "cleared": true,[90m
[31m+       "date": 2024-07-16T23:00:00.000Z,[90m
[31m+       "description": "Pizza Express",[90m
[31m+       "id": "t62",[90m
[31m+       "type": "expense",[90m
[31m+     },[90m
[31m+     {[90m
[31m+       "accountId": "6",[90m
[31m+       "amount": -30.59,[90m
[31m+       "category": "Transport",[90m
[31m+       "cleared": true,[90m
[31m+       "date": 2024-07-16T23:00:00.000Z,[90m
[31m+       "description": "Citymapper",[90m
[31m+       "id": "t63",[90m
[31m+       "type": "expense",[90m
[31m+     },[90m
[31m+     {[90m
[31m+       "accountId": "5",[90m
[31m+       "amount": -120.4,[90m
[31m+       "category": "Online Shopping",[90m
[31m+       "cleared": true,[90m
[31m+       "date": 2024-07-16T23:00:00.000Z,[90m
[31m+       "description": "Apple Store",[90m
[31m+       "id": "t64",[90m
[31m+       "type": "expense",[90m
[31m+     },[90m
[31m+     {[90m
[31m+       "accountId": "5",[90m
[31m+       "amount": -5.86,[90m
[31m+       "category": "Coffee Shops",[90m
[31m+       "cleared": true,[90m
[31m+       "date": 2024-07-16T23:00:00.000Z,[90m
[31m+       "description": "Pret",[90m
[31m+       "id": "t65",[90m
[31m+       "type": "expense",[90m
[31m+     },[90m
[31m+     {[90m
[31m+       "accountId": "6",[90m
[31m+       "amount": -29.2,[90m
[31m+       "category": "Groceries",[90m
[31m+       "cleared": true,[90m
[31m+       "date": 2024-07-17T23:00:00.000Z,[90m
[31m+       "description": "ASDA",[90m
[31m+       "id": "t66",[90m
[31m+       "type": "expense",[90m
[31m+     },[90m
[31m+     {[90m
[31m+       "accountId": "6",[90m
[31m+       "amount": -6.23,[90m
[31m+       "category": "Coffee Shops",[90m
[31m+       "cleared": true,[90m
[31m+       "date": 2024-07-17T23:00:00.000Z,[90m
[31m+       "description": "Nero",[90m
[31m+       "id": "t67",[90m
[31m+       "type": "expense",[90m
[31m+     },[90m
[31m+     {[90m
[31m+       "accountId": "6",[90m
[31m+       "amount": -7.11,[90m
[31m+       "category": "Coffee Shops",[90m
[31m+       "cleared": true,[90m
[31m+       "date": 2024-07-18T23:00:00.000Z,[90m
[31m+       "description": "Pret",[90m
[31m+       "id": "t68",[90m
[31m+       "type": "expense",[90m
[31m+     },[90m
[31m+     {[90m
[31m+       "accountId": "5",[90m
[31m+       "amount": -67.99,[90m
[31m+       "category": "Groceries",[90m
[31m+       "cleared": true,[90m
[31m+       "date": 2024-07-19T23:00:00.000Z,[90m
[31m+       "description": "Aldi",[90m
[31m+       "id": "t69",[90m
[31m+       "type": "expense",[90m
[31m+     },[90m
[31m+     {[90m
[31m+       "accountId": "5",[90m
[31m+       "amount": -38.15,[90m
[31m+       "category": "Dining Out",[90m
[31m+       "cleared": true,[90m
[31m+       "date": 2024-07-19T23:00:00.000Z,[90m
[31m+       "description": "The Ivy",[90m
[31m+       "id": "t70",[90m
[31m+       "type": "expense",[90m
[31m+     },[90m
[31m+     {[90m
[31m+       "accountId": "6",[90m
[31m+       "amount": -134.99,[90m
[31m+       "category": "Online Shopping",[90m
[31m+       "cleared": true,[90m
[31m+       "date": 2024-07-19T23:00:00.000Z,[90m
[31m+       "description": "Argos",[90m
[31m+       "id": "t71",[90m
[31m+       "type": "expense",[90m
[31m+     },[90m
[31m+     {[90m
[31m+       "accountId": "6",[90m
[31m+       "amount": -7.69,[90m
[31m+       "category": "Coffee Shops",[90m
[31m+       "cleared": true,[90m
[31m+       "date": 2024-07-19T23:00:00.000Z,[90m
[31m+       "description": "Starbucks",[90m
[31m+       "id": "t72",[90m
[31m+       "type": "expense",[90m
[31m+     },[90m
[31m+     {[90m
[31m+       "accountId": "5",[90m
[31m+       "amount": -25.55,[90m
[31m+       "category": "Groceries",[90m
[31m+       "cleared": true,[90m
[31m+       "date": 2024-07-20T23:00:00.000Z,[90m
[31m+       "description": "Waitrose",[90m
[31m+       "id": "t73",[90m
[31m+       "type": "expense",[90m
[31m+     },[90m
[31m+     {[90m
[31m+       "accountId": "6",[90m
[31m+       "amount": -55,[90m
[31m+       "category": "Dining Out",[90m
[31m+       "cleared": true,[90m
[31m+       "date": 2024-07-20T23:00:00.000Z,[90m
[31m+       "description": "The Ivy",[90m
[31m+       "id": "t74",[90m
[31m+       "type": "expense",[90m
[31m+     },[90m
[31m+     {[90m
[31m+       "accountId": "6",[90m
[31m+       "amount": -186.37,[90m
[31m+       "category": "Shopping",[90m
[31m+       "cleared": true,[90m
[31m+       "date": 2024-07-20T23:00:00.000Z,[90m
[31m+       "description": "John Lewis",[90m
[31m+       "id": "t75",[90m
[31m+       "type": "expense",[90m
[31m+     },[90m
[31m+     {[90m
[31m+       "accountId": "6",[90m
[31m+       "amount": -92.88,[90m
[31m+       "category": "Entertainment",[90m
[31m+       "cleared": true,[90m
[31m+       "date": 2024-07-20T23:00:00.000Z,[90m
[31m+       "description": "O2 Arena",[90m
[31m+       "id": "t76",[90m
[31m+       "type": "expense",[90m
[31m+     },[90m
[31m+     {[90m
[31m+       "accountId": "5",[90m
[31m+       "amount": -95.34,[90m
[31m+       "category": "Online Shopping",[90m
[31m+       "cleared": true,[90m
[31m+       "date": 2024-07-20T23:00:00.000Z,[90m
[31m+       "description": "Amazon",[90m
[31m+       "id": "t77",[90m
[31m+       "type": "expense",[90m
[31m+     },[90m
[31m+     {[90m
[31m+       "accountId": "5",[90m
[31m+       "amount": -45.88,[90m
[31m+       "category": "Groceries",[90m
[31m+       "cleared": true,[90m
[31m+       "date": 2024-07-22T23:00:00.000Z,[90m
[31m+       "description": "Tesco",[90m
[31m+       "id": "t78",[90m
[31m+       "type": "expense",[90m
[31m+     },[90m
[31m+     {[90m
[31m+       "accountId": "6",[90m
[31m+       "amount": -7.54,[90m
[31m+       "category": "Coffee Shops",[90m
[31m+       "cleared": true,[90m
[31m+       "date": 2024-07-22T23:00:00.000Z,[90m
[31m+       "description": "Costa",[90m
[31m+       "id": "t79",[90m
[31m+       "type": "expense",[90m
[31m+     },[90m
[31m+     {[90m
[31m+       "accountId": "5",[90m
[31m+       "amount": -40.54,[90m
[31m+       "category": "Transport",[90m
[31m+       "cleared": true,[90m
[31m+       "date": 2024-07-23T23:00:00.000Z,[90m
[31m+       "description": "National Rail",[90m
[31m+       "id": "t80",[90m
[31m+       "type": "expense",[90m
[31m+     },[90m
[31m+     {[90m
[31m+       "accountId": "6",[90m
[31m+       "amount": -88.46,[90m
[31m+       "category": "Online Shopping",[90m
[31m+       "cleared": true,[90m
[31m+       "date": 2024-07-23T23:00:00.000Z,[90m
[31m+       "description": "Amazon",[90m
[31m+       "id": "t81",[90m
[31m+       "type": "expense",[90m
[31m+     },[90m
[31m+     {[90m
[31m+       "accountId": "6",[90m
[31m+       "amount": -7.61,[90m
[31m+       "category": "Coffee Shops",[90m
[31m+       "cleared": true,[90m
[31m+       "date": 2024-07-23T23:00:00.000Z,[90m
[31m+       "description": "Gail's",[90m
[31m+       "id": "t82",[90m
[31m+       "type": "expense",[90m
[31m+     },[90m
[31m+     {[90m
[31m+       "accountId": "5",[90m
[31m+       "amount": -48.13,[90m
[31m+       "category": "Groceries",[90m
[31m+       "cleared": true,[90m
[31m+       "date": 2024-07-24T23:00:00.000Z,[90m
[31m+       "description": "Morrisons",[90m
[31m+       "id": "t83",[90m
[31m+       "type": "expense",[90m
[31m+     },[90m
[31m+     {[90m
[31m+       "accountId": "6",[90m
[31m+       "amount": -7.31,[90m
[31m+       "category": "Coffee Shops",[90m
[31m+       "cleared": true,[90m
[31m+       "date": 2024-07-24T23:00:00.000Z,[90m
[31m+       "description": "Nero",[90m
[31m+       "id": "t84",[90m
[31m+       "type": "expense",[90m
[31m+     },[90m
[31m+     {[90m
[31m+       "accountId": "5",[90m
[31m+       "amount": -40.18,[90m
[31m+       "category": "Dining Out",[90m
[31m+       "cleared": true,[90m
[31m+       "date": 2024-07-26T23:00:00.000Z,[90m
[31m+       "description": "Pizza Express",[90m
[31m+       "id": "t85",[90m
[31m+       "type": "expense",[90m
[31m+     },[90m
[31m+     {[90m
[31m+       "accountId": "6",[90m
[31m+       "amount": -16.68,[90m
[31m+       "category": "Transport",[90m
[31m+       "cleared": true,[90m
[31m+       "date": 2024-07-26T23:00:00.000Z,[90m
[31m+       "description": "Addison Lee",[90m
[31m+       "id": "t86",[90m
[31m+       "type": "expense",[90m
[31m+     },[90m
[31m+     {[90m
[31m+       "accountId": "6",[90m
[31m+       "amount": -22.99,[90m
[31m+       "category": "Online Shopping",[90m
[31m+       "cleared": true,[90m
[31m+       "date": 2024-07-26T23:00:00.000Z,[90m
[31m+       "description": "Argos",[90m
[31m+       "id": "t87",[90m
[31m+       "type": "expense",[90m
[31m+     },[90m
[31m+     {[90m
[31m+       "accountId": "5",[90m
[31m+       "amount": -7.68,[90m
[31m+       "category": "Coffee Shops",[90m
[31m+       "cleared": true,[90m
[31m+       "date": 2024-07-26T23:00:00.000Z,[90m
[31m+       "description": "Starbucks",[90m
[31m+       "id": "t88",[90m
[31m+       "type": "expense",[90m
[31m+     },[90m
[31m+     {[90m
[31m+       "accountId": "5",[90m
[31m+       "amount": -35.85,[90m
[31m+       "category": "Groceries",[90m
[31m+       "cleared": true,[90m
[31m+       "date": 2024-07-27T23:00:00.000Z,[90m
[31m+       "description": "Morrisons",[90m
[31m+       "id": "t89",[90m
[31m+       "type": "expense",[90m
[31m+     },[90m
[31m+     {[90m
[31m+       "accountId": "6",[90m
[31m+       "amount": -90.21,[90m
[31m+       "category": "Dining Out",[90m
[31m+       "cleared": true,[90m
[31m+       "date": 2024-07-27T23:00:00.000Z,[90m
[31m+       "description": "Dishoom",[90m
[31m+       "id": "t90",[90m
[31m+       "type": "expense",[90m
[31m+     },[90m
[31m+     {[90m
[31m+       "accountId": "5",[90m
[31m+       "amount": -16.76,[90m
[31m+       "category": "Transport",[90m
[31m+       "cleared": true,[90m
[31m+       "date": 2024-07-27T23:00:00.000Z,[90m
[31m+       "description": "Uber",[90m
[31m+       "id": "t91",[90m
[31m+       "type": "expense",[90m
[31m+     },[90m
[31m+     {[90m
[31m+       "accountId": "5",[90m
[31m+       "amount": -61.76,[90m
[31m+       "category": "Shopping",[90m
[31m+       "cleared": true,[90m
[31m+       "date": 2024-07-27T23:00:00.000Z,[90m
[31m+       "description": "Next",[90m
[31m+       "id": "t92",[90m
[31m+       "type": "expense",[90m
[31m+     },[90m
[31m+     {[90m
[31m+       "accountId": "6",[90m
[31m+       "amount": -90.22,[90m
[31m+       "category": "Entertainment",[90m
[31m+       "cleared": true,[90m
[31m+       "date": 2024-07-27T23:00:00.000Z,[90m
[31m+       "description": "Ticketmaster",[90m
[31m+       "id": "t93",[90m
[31m+       "type": "expense",[90m
[31m+     },[90m
[31m+     {[90m
[31m+       "accountId": "5",[90m
[31m+       "amount": -29.6,[90m
[31m+       "category": "Online Shopping",[90m
[31m+       "cleared": true,[90m
[31m+       "date": 2024-07-27T23:00:00.000Z,[90m
[31m+       "description": "Argos",[90m
[31m+       "id": "t94",[90m
[31m+       "type": "expense",[90m
[31m+     },[90m
[31m+     {[90m
[31m+       "accountId": "6",[90m
[31m+       "amount": -7.02,[90m
[31m+       "category": "Coffee Shops",[90m
[31m+       "cleared": true,[90m
[31m+       "date": 2024-07-27T23:00:00.000Z,[90m
[31m+       "description": "Costa",[90m
[31m+       "id": "t95",[90m
[31m+       "type": "expense",[90m
[31m+     },[90m
[31m+     {[90m
[31m+       "accountId": "5",[90m
[31m+       "amount": -56.74,[90m
[31m+       "category": "Groceries",[90m
[31m+       "cleared": false,[90m
[31m+       "date": 2024-07-29T23:00:00.000Z,[90m
[31m+       "description": "Waitrose",[90m
[31m+       "id": "t96",[90m
[31m+       "type": "expense",[90m
[31m+     },[90m
[31m+     {[90m
[31m+       "accountId": "6",[90m
[31m+       "amount": -6.76,[90m
[31m+       "category": "Coffee Shops",[90m
[31m+       "cleared": false,[90m
[31m+       "date": 2024-07-29T23:00:00.000Z,[90m
[31m+       "description": "Nero",[90m
[31m+       "id": "t97",[90m
[31m+       "type": "expense",[90m
[31m+     },[90m
[31m+     {[90m
[31m+       "accountId": "5",[90m
[31m+       "amount": -54.18,[90m
[31m+       "category": "Dining Out",[90m
[31m+       "cleared": false,[90m
[31m+       "date": 2024-07-30T23:00:00.000Z,[90m
[31m+       "description": "Dishoom",[90m
[31m+       "id": "t98",[90m
[31m+       "type": "expense",[90m
[31m+     },[90m
[31m+     {[90m
[31m+       "accountId": "6",[90m
[31m+       "amount": -19.05,[90m
[31m+       "category": "Transport",[90m
[31m+       "cleared": false,[90m
[31m+       "date": 2024-07-30T23:00:00.000Z,[90m
[31m+       "description": "TfL",[90m
[31m+       "id": "t99",[90m
[31m+       "type": "expense",[90m
[31m+     },[90m
[31m+     {[90m
[31m+       "accountId": "5",[90m
[31m+       "amount": -34.67,[90m
[31m+       "category": "Online Shopping",[90m
[31m+       "cleared": false,[90m
[31m+       "date": 2024-07-30T23:00:00.000Z,[90m
[31m+       "description": "Currys",[90m
[31m+       "id": "t100",[90m
[31m+       "type": "expense",[90m
[31m+     },[90m
[31m+     {[90m
[31m+       "accountId": "6",[90m
[31m+       "amount": -3.68,[90m
[31m+       "category": "Coffee Shops",[90m
[31m+       "cleared": false,[90m
[31m+       "date": 2024-07-30T23:00:00.000Z,[90m
[31m+       "description": "Nero",[90m
[31m+       "id": "t101",[90m
[31m+       "type": "expense",[90m
[31m+     },[90m
[31m+     {[90m
[31m+       "accountId": "1",[90m
[31m+       "amount": -4085,[90m
[31m+       "category": "transfer",[90m
[31m+       "cleared": true,[90m
[31m+       "date": 2024-07-30T23:00:00.000Z,[90m
[31m+       "description": "Balance Sweep to Savings",[90m
[31m+       "id": "t102",[90m
[31m+       "type": "transfer",[90m
[31m+     },[90m
[31m+     {[90m
[31m+       "accountId": "3",[90m
[31m+       "amount": 4085,[90m
[31m+       "category": "transfer",[90m
[31m+       "cleared": true,[90m
[31m+       "date": 2024-07-30T23:00:00.000Z,[90m
[31m+       "description": "Balance Sweep from Current",[90m
[31m+       "id": "t103",[90m
[31m+       "type": "transfer",[90m
[31m+     },[90m
[31m+     {[90m
[31m+       "accountId": "1",[90m
[31m+       "amount": 6000,[90m
[31m+       "category": "Salary",[90m
[31m+       "cleared": true,[90m
[31m+       "date": 2024-07-31T23:00:00.000Z,[90m
[31m+       "description": "Monthly Salary",[90m
[31m+       "id": "t104",[90m
[31m+       "type": "income",[90m
[31m+     },[90m
[31m+     {[90m
[31m+       "accountId": "1",[90m
[31m+       "amount": -1200,[90m
[31m+       "category": "transfer",[90m
[31m+       "cleared": true,[90m
[31m+       "date": 2024-07-31T23:00:00.000Z,[90m
[31m+       "description": "Mortgage Payment",[90m
[31m+       "id": "t105",[90m
[31m+       "type": "transfer",[90m
[31m+     },[90m
[31m+     {[90m
[31m+       "accountId": "8",[90m
[31m+       "amount": 1200,[90m
[31m+       "category": "transfer",[90m
[31m+       "cleared": true,[90m
[31m+       "date": 2024-07-31T23:00:00.000Z,[90m
[31m+       "description": "Mortgage Payment",[90m
[31m+       "id": "t106",[90m
[31m+       "type": "transfer",[90m
[31m+     },[90m
[31m+     {[90m
[31m+       "accountId": "1",[90m
[31m+       "amount": -180,[90m
[31m+       "category": "Bills",[90m
[31m+       "cleared": true,[90m
[31m+       "date": 2024-07-31T23:00:00.000Z,[90m
[31m+       "description": "Council Tax",[90m
[31m+       "id": "t107",[90m
[31m+       "type": "expense",[90m
[31m+     },[90m
[31m+     {[90m
[31m+       "accountId": "1",[90m
[31m+       "amount": -150,[90m
[31m+       "category": "Utilities",[90m
[31m+       "cleared": true,[90m
[31m+       "date": 2024-07-31T23:00:00.000Z,[90m
[31m+       "description": "Gas & Electric",[90m
[31m+       "id": "t108",[90m
[31m+       "type": "expense",[90m
[31m+     },[90m
[31m+     {[90m
[31m+       "accountId": "1",[90m
[31m+       "amount": -45,[90m
[31m+       "category": "Utilities",[90m
[31m+       "cleared": true,[90m
[31m+       "date": 2024-07-31T23:00:00.000Z,[90m
[31m+       "description": "Water Bill",[90m
[31m+       "id": "t109",[90m
[31m+       "type": "expense",[90m
[31m+     },[90m
[31m+     {[90m
[31m+       "accountId": "1",[90m
[31m+       "amount": -55,[90m
[31m+       "category": "Utilities",[90m
[31m+       "cleared": true,[90m
[31m+       "date": 2024-07-31T23:00:00.000Z,[90m
[31m+       "description": "Internet & Phone",[90m
[31m+       "id": "t110",[90m
[31m+       "type": "expense",[90m
[31m+     },[90m
[31m+     {[90m
[31m+       "accountId": "1",[90m
[31m+       "amount": -35,[90m
[31m+       "category": "Bills",[90m
[31m+       "cleared": true,[90m
[31m+       "date": 2024-07-31T23:00:00.000Z,[90m
[31m+       "description": "Mobile Phone",[90m
[31m+       "id": "t111",[90m
[31m+       "type": "expense",[90m
[31m+     },[90m
[31m+     {[90m
[31m+       "accountId": "1",[90m
[31m+       "amount": -65,[90m
[31m+       "category": "Insurance",[90m
[31m+       "cleared": true,[90m
[31m+       "date": 2024-07-31T23:00:00.000Z,[90m
[31m+       "description": "Home Insurance",[90m
[31m+       "id": "t112",[90m
[31m+       "type": "expense",[90m
[31m+     },[90m
[31m+     {[90m
[31m+       "accountId": "1",[90m
[31m+       "amount": -45,[90m
[31m+       "category": "Insurance",[90m
[31m+       "cleared": true,[90m
[31m+       "date": 2024-07-31T23:00:00.000Z,[90m
[31m+       "description": "Life Insurance",[90m
[31m+       "id": "t113",[90m
[31m+       "type": "expense",[90m
[31m+     },[90m
[31m+     {[90m
[31m+       "accountId": "1",[90m
[31m+       "amount": -85,[90m
[31m+       "category": "Insurance",[90m
[31m+       "cleared": true,[90m
[31m+       "date": 2024-07-31T23:00:00.000Z,[90m
[31m+       "description": "Car Insurance",[90m
[31m+       "id": "t114",[90m
[31m+       "type": "expense",[90m
[31m+     },[90m
[31m+     {[90m
[31m+       "accountId": "1",[90m
[31m+       "amount": -55,[90m
[31m+       "category": "Health & Fitness",[90m
[31m+       "cleared": true,[90m
[31m+       "date": 2024-07-31T23:00:00.000Z,[90m
[31m+       "description": "Gym Membership",[90m
[31m+       "id": "t115",[90m
[31m+       "type": "expense",[90m
[31m+     },[90m
[31m+     {[90m
[31m+       "accountId": "5",[90m
[31m+       "amount": -50.24,[90m
[31m+       "category": "Groceries",[90m
[31m+       "cleared": true,[90m
[31m+       "date": 2024-07-31T23:00:00.000Z,[90m
[31m+       "description": "Aldi",[90m
[31m+       "id": "t116",[90m
[31m+       "type": "expense",[90m
[31m+     },[90m
[31m+     {[90m
[31m+       "accountId": "6",[90m
[31m+       "amount": -4.65,[90m
[31m+       "category": "Coffee Shops",[90m
[31m+       "cleared": true,[90m
[31m+       "date": 2024-07-31T23:00:00.000Z,[90m
[31m+       "description": "Nero",[90m
[31m+       "id": "t117",[90m
[31m+       "type": "expense",[90m
[31m+     },[90m
[31m+     {[90m
[31m+       "accountId": "5",[90m
[31m+       "amount": -6.57,[90m
[31m+       "category": "Coffee Shops",[90m
[31m+       "cleared": true,[90m
[31m+       "date": 2024-08-01T23:00:00.000Z,[90m
[31m+       "description": "Pret",[90m
[31m+       "id": "t118",[90m
[31m+       "type": "expense",[90m
[31m+     },[90m
[31m+     {[90m
[31m+       "accountId": "5",[90m
[31m+       "amount": -52.68,[90m
[31m+       "category": "Fuel",[90m
[31m+       "cleared": true,[90m
[31m+       "date": 2024-08-01T23:00:00.000Z,[90m
[31m+       "description": "Esso",[90m
[31m+       "id": "t119",[90m
[31m+       "type": "expense",[90m
[31m+     },[90m
[31m+     {[90m
[31m+       "accountId": "5",[90m
[31m+       "amount": -83.33,[90m
[31m+       "category": "Dining Out",[90m
[31m+       "cleared": true,[90m
[31m+       "date": 2024-08-02T23:00:00.000Z,[90m
[31m+       "description": "Franco Manca",[90m
[31m+       "id": "t120",[90m
[31m+       "type": "expense",[90m
[31m+     },[90m
[31m+     {[90m
[31m+       "accountId": "5",[90m
[31m+       "amount": -35.43,[90m
[31m+       "category": "Transport",[90m
[31m+       "cleared": true,[90m
[31m+       "date": 2024-08-02T23:00:00.000Z,[90m
[31m+       "description": "Citymapper",[90m
[31m+       "id": "t121",[90m
[31m+       "type": "expense",[90m
[31m+     },[90m
[31m+     {[90m
[31m+       "accountId": "5",[90m
[31m+       "amount": -100.79,[90m
[31m+       "category": "Online Shopping",[90m
[31m+       "cleared": true,[90m
[31m+       "date": 2024-08-02T23:00:00.000Z,[90m
[31m+       "description": "eBay",[90m
[31m+       "id": "t122",[90m
[31m+       "type": "expense",[90m
[31m+     },[90m
[31m+     {[90m
[31m+       "accountId": "5",[90m
[31m+       "amount": -6.12,[90m
[31m+       "category": "Coffee Shops",[90m
[31m+       "cleared": true,[90m
[31m+       "date": 2024-08-02T23:00:00.000Z,[90m
[31m+       "description": "Nero",[90m
[31m+       "id": "t123",[90m
[31m+       "type": "expense",[90m
[31m+     },[90m
[31m+     {[90m
[31m+       "accountId": "5",[90m
[31m+       "amount": -68.05,[90m
[31m+       "category": "Groceries",[90m
[31m+       "cleared": true,[90m
[31m+       "date": 2024-08-03T23:00:00.000Z,[90m
[31m+       "description": "Tesco",[90m
[31m+       "id": "t124",[90m
[31m+       "type": "expense",[90m
[31m+     },[90m
[31m+     {[90m
[31m+       "accountId": "5",[90m
[31m+       "amount": -56.7,[90m
[31m+       "category": "Dining Out",[90m
[31m+       "cleared": true,[90m
[31m+       "date": 2024-08-03T23:00:00.000Z,[90m
[31m+       "description": "Franco Manca",[90m
[31m+       "id": "t125",[90m
[31m+       "type": "expense",[90m
[31m+     },[90m
[31m+     {[90m
[31m+       "accountId": "5",[90m
[31m+       "amount": -36.41,[90m
[31m+       "category": "Transport",[90m
[31m+       "cleared": true,[90m
[31m+       "date": 2024-08-03T23:00:00.000Z,[90m
[31m+       "description": "TfL",[90m
[31m+       "id": "t126",[90m
[31m+       "type": "expense",[90m
[31m+     },[90m
[31m+     {[90m
[31m+       "accountId": "5",[90m
[31m+       "amount": -52.07,[90m
[31m+       "category": "Shopping",[90m
[31m+       "cleared": true,[90m
[31m+       "date": 2024-08-03T23:00:00.000Z,[90m
[31m+       "description": "John Lewis",[90m
[31m+       "id": "t127",[90m
[31m+       "type": "expense",[90m
[31m+     },[90m
[31m+     {[90m
[31m+       "accountId": "6",[90m
[31m+       "amount": -24.99,[90m
[31m+       "category": "Online Shopping",[90m
[31m+       "cleared": true,[90m
[31m+       "date": 2024-08-03T23:00:00.000Z,[90m
[31m+       "description": "Apple Store",[90m
[31m+       "id": "t128",[90m
[31m+       "type": "expense",[90m
[31m+     },[90m
[31m+     {[90m
[31m+       "accountId": "6",[90m
[31m+       "amount": -5.96,[90m
[31m+       "category": "Coffee Shops",[90m
[31m+       "cleared": true,[90m
[31m+       "date": 2024-08-04T23:00:00.000Z,[90m
[31m+       "description": "Nero",[90m
[31m+       "id": "t129",[90m
[31m+       "type": "expense",[90m
[31m+     },[90m
[31m+     {[90m
[31m+       "accountId": "6",[90m
[31m+       "amount": -28.09,[90m
[31m+       "category": "Groceries",[90m
[31m+       "cleared": true,[90m
[31m+       "date": 2024-08-05T23:00:00.000Z,[90m
[31m+       "description": "Sainsbury's",[90m
[31m+       "id": "t130",[90m
[31m+       "type": "expense",[90m
[31m+     },[90m
[31m+     {[90m
[31m+       "accountId": "5",[90m
[31m+       "amount": -7.96,[90m
[31m+       "category": "Coffee Shops",[90m
[31m+       "cleared": true,[90m
[31m+       "date": 2024-08-05T23:00:00.000Z,[90m
[31m+       "description": "Costa",[90m
[31m+       "id": "t131",[90m
[31m+       "type": "expense",[90m
[31m+     },[90m
[31m+     {[90m
[31m+       "accountId": "6",[90m
[31m+       "amount": -46.89,[90m
[31m+       "category": "Dining Out",[90m
[31m+       "cleared": true,[90m
[31m+       "date": 2024-08-06T23:00:00.000Z,[90m
[31m+       "description": "Dishoom",[90m
[31m+       "id": "t132",[90m
[31m+       "type": "expense",[90m
[31m+     },[90m
[31m+     {[90m
[31m+       "accountId": "5",[90m
[31m+       "amount": -41.39,[90m
[31m+       "category": "Transport",[90m
[31m+       "cleared": true,[90m
[31m+       "date": 2024-08-06T23:00:00.000Z,[90m
[31m+       "description": "TfL",[90m
[31m+       "id": "t133",[90m
[31m+       "type": "expense",[90m
[31m+     },[90m
[31m+     {[90m
[31m+       "accountId": "6",[90m
[31m+       "amount": -48.78,[90m
[31m+       "category": "Online Shopping",[90m
[31m+       "cleared": true,[90m
[31m+       "date": 2024-08-06T23:00:00.000Z,[90m
[31m+       "description": "eBay",[90m
[31m+       "id": "t134",[90m
[31m+       "type": "expense",[90m
[31m+     },[90m
[31m+     {[90m
[31m+       "accountId": "6",[90m
[31m+       "amount": -7.58,[90m
[31m+       "category": "Coffee Shops",[90m
[31m+       "cleared": true,[90m
[31m+       "date": 2024-08-06T23:00:00.000Z,[90m
[31m+       "description": "Gail's",[90m
[31m+       "id": "t135",[90m
[31m+       "type": "expense",[90m
[31m+     },[90m
[31m+     {[90m
[31m+       "accountId": "5",[90m
[31m+       "amount": -55.68,[90m
[31m+       "category": "Groceries",[90m
[31m+       "cleared": true,[90m
[31m+       "date": 2024-08-07T23:00:00.000Z,[90m
[31m+       "description": "ASDA",[90m
[31m+       "id": "t136",[90m
[31m+       "type": "expense",[90m
[31m+     },[90m
[31m+     {[90m
[31m+       "accountId": "5",[90m
[31m+       "amount": -5.75,[90m
[31m+       "category": "Coffee Shops",[90m
[31m+       "cleared": true,[90m
[31m+       "date": 2024-08-07T23:00:00.000Z,[90m
[31m+       "description": "Costa",[90m
[31m+       "id": "t137",[90m
[31m+       "type": "expense",[90m
[31m+     },[90m
[31m+     {[90m
[31m+       "accountId": "5",[90m
[31m+       "amount": -5.77,[90m
[31m+       "category": "Coffee Shops",[90m
[31m+       "cleared": true,[90m
[31m+       "date": 2024-08-08T23:00:00.000Z,[90m
[31m+       "description": "Gail's",[90m
[31m+       "id": "t138",[90m
[31m+       "type": "expense",[90m
[31m+     },[90m
[31m+     {[90m
[31m+       "accountId": "5",[90m
[31m+       "amount": -7.33,[90m
[31m+       "category": "Coffee Shops",[90m
[31m+       "cleared": true,[90m
[31m+       "date": 2024-08-11T23:00:00.000Z,[90m
[31m+       "description": "Costa",[90m
[31m+       "id": "t139",[90m
[31m+       "type": "expense",[90m
[31m+     },[90m
[31m+     {[90m
[31m+       "accountId": "6",[90m
[31m+       "amount": -56.86,[90m
[31m+       "category": "Groceries",[90m
[31m+       "cleared": true,[90m
[31m+       "date": 2024-08-12T23:00:00.000Z,[90m
[31m+       "description": "Sainsbury's",[90m
[31m+       "id": "t140",[90m
[31m+       "type": "expense",[90m
[31m+     },[90m
[31m+     {[90m
[31m+       "accountId": "6",[90m
[31m+       "amount": -4.07,[90m
[31m+       "category": "Coffee Shops",[90m
[31m+       "cleared": true,[90m
[31m+       "date": 2024-08-12T23:00:00.000Z,[90m
[31m+       "description": "Starbucks",[90m
[31m+       "id": "t141",[90m
[31m+       "type": "expense",[90m
[31m+     },[90m
[31m+     {[90m
[31m+       "accountId": "6",[90m
[31m+       "amount": -111.72,[90m
[31m+       "category": "Dining Out",[90m
[31m+       "cleared": true,[90m
[31m+       "date": 2024-08-13T23:00:00.000Z,[90m
[31m+       "description": "Franco Manca",[90m
[31m+       "id": "t142",[90m
[31m+       "type": "expense",[90m
[31m+     },[90m
[31m+     {[90m
[31m+       "accountId": "5",[90m
[31m+       "amount": -132.81,[90m
[31m+       "category": "Online Shopping",[90m
[31m+       "cleared": true,[90m
[31m+       "date": 2024-08-13T23:00:00.000Z,[90m
[31m+       "description": "Amazon",[90m
[31m+       "id": "t143",[90m
[31m+       "type": "expense",[90m
[31m+     },[90m
[31m+     {[90m
[31m+       "accountId": "5",[90m
[31m+       "amount": -68.49,[90m
[31m+       "category": "Groceries",[90m
[31m+       "cleared": true,[90m
[31m+       "date": 2024-08-14T23:00:00.000Z,[90m
[31m+       "description": "Sainsbury's",[90m
[31m+       "id": "t144",[90m
[31m+       "type": "expense",[90m
[31m+     },[90m
[31m+     {[90m
[31m+       "accountId": "5",[90m
[31m+       "amount": -5.65,[90m
[31m+       "category": "Coffee Shops",[90m
[31m+       "cleared": true,[90m
[31m+       "date": 2024-08-14T23:00:00.000Z,[90m
[31m+       "description": "Gail's",[90m
[31m+       "id": "t145",[90m
[31m+       "type": "expense",[90m
[31m+     },[90m
[31m+     {[90m
[31m+       "accountId": "6",[90m
[31m+       "amount": -26.81,[90m
[31m+       "category": "Groceries",[90m
[31m+       "cleared": true,[90m
[31m+       "date": 2024-08-16T23:00:00.000Z,[90m
[31m+       "description": "ASDA",[90m
[31m+       "id": "t146",[90m
[31m+       "type": "expense",[90m
[31m+     },[90m
[31m+     {[90m
[31m+       "accountId": "5",[90m
[31m+       "amount": -38.93,[90m
[31m+       "category": "Transport",[90m
[31m+       "cleared": true,[90m
[31m+       "date": 2024-08-16T23:00:00.000Z,[90m
[31m+       "description": "Citymapper",[90m
[31m+       "id": "t147",[90m
[31m+       "type": "expense",[90m
[31m+     },[90m
[31m+     {[90m
[31m+       "accountId": "5",[90m
[31m+       "amount": -93.7,[90m
[31m+       "category": "Online Shopping",[90m
[31m+       "cleared": true,[90m
[31m+       "date": 2024-08-16T23:00:00.000Z,[90m
[31m+       "description": "eBay",[90m
[31m+       "id": "t148",[90m
[31m+       "type": "expense",[90m
[31m+     },[90m
[31m+     {[90m
[31m+       "accountId": "6",[90m
[31m+       "amount": -47.94,[90m
[31m+       "category": "Dining Out",[90m
[31m+       "cleared": true,[90m
[31m+       "date": 2024-08-17T23:00:00.000Z,[90m
[31m+       "description": "Wagamama",[90m
[31m+       "id": "t149",[90m
[31m+       "type": "expense",[90m
[31m+     },[90m
[31m+     {[90m
[31m+       "accountId": "6",[90m
[31m+       "amount": -49.8,[90m
[31m+       "category": "Transport",[90m
[31m+       "cleared": true,[90m
[31m+       "date": 2024-08-17T23:00:00.000Z,[90m
[31m+       "description": "Uber",[90m
[31m+       "id": "t150",[90m
[31m+       "type": "expense",[90m
[31m+     },[90m
[31m+     {[90m
[31m+       "accountId": "5",[90m
[31m+       "amount": -94.4,[90m
[31m+       "category": "Shopping",[90m
[31m+       "cleared": true,[90m
[31m+       "date": 2024-08-17T23:00:00.000Z,[90m
[31m+       "description": "Selfridges",[90m
[31m+       "id": "t151",[90m
[31m+       "type": "expense",[90m
[31m+     },[90m
[31m+     {[90m
[31m+       "accountId": "6",[90m
[31m+       "amount": -106.49,[90m
[31m+       "category": "Online Shopping",[90m
[31m+       "cleared": true,[90m
[31m+       "date": 2024-08-17T23:00:00.000Z,[90m
[31m+       "description": "Argos",[90m
[31m+       "id": "t152",[90m
[31m+       "type": "expense",[90m
[31m+     },[90m
[31m+     {[90m
[31m+       "accountId": "6",[90m
[31m+       "amount": -3.71,[90m
[31m+       "category": "Coffee Shops",[90m
[31m+       "cleared": true,[90m
[31m+       "date": 2024-08-17T23:00:00.000Z,[90m
[31m+       "description": "Nero",[90m
[31m+       "id": "t153",[90m
[31m+       "type": "expense",[90m
[31m+     },[90m
[31m+     {[90m
[31m+       "accountId": "6",[90m
[31m+       "amount": -3.41,[90m
[31m+       "category": "Coffee Shops",[90m
[31m+       "cleared": true,[90m
[31m+       "date": 2024-08-18T23:00:00.000Z,[90m
[31m+       "description": "Costa",[90m
[31m+       "id": "t154",[90m
[31m+       "type": "expense",[90m
[31m+     },[90m
[31m+     {[90m
[31m+       "accountId": "6",[90m
[31m+       "amount": -35.79,[90m
[31m+       "category": "Groceries",[90m
[31m+       "cleared": true,[90m
[31m+       "date": 2024-08-19T23:00:00.000Z,[90m
[31m+       "description": "Sainsbury's",[90m
[31m+       "id": "t155",[90m
[31m+       "type": "expense",[90m
[31m+     },[90m
[31m+     {[90m
[31m+       "accountId": "5",[90m
[31m+       "amount": -116.73,[90m
[31m+       "category": "Dining Out",[90m
[31m+       "cleared": true,[90m
[31m+       "date": 2024-08-20T23:00:00.000Z,[90m
[31m+       "description": "Wagamama",[90m
[31m+       "id": "t156",[90m
[31m+       "type": "expense",[90m
[31m+     },[90m
[31m+     {[90m
[31m+       "accountId": "5",[90m
[31m+       "amount": -22.25,[90m
[31m+       "category": "Transport",[90m
[31m+       "cleared": true,[90m
[31m+       "date": 2024-08-20T23:00:00.000Z,[90m
[31m+       "description": "TfL",[90m
[31m+       "id": "t157",[90m
[31m+       "type": "expense",[90m
[31m+     },[90m
[31m+     {[90m
[31m+       "accountId": "5",[90m
[31m+       "amount": -33.18,[90m
[31m+       "category": "Online Shopping",[90m
[31m+       "cleared": true,[90m
[31m+       "date": 2024-08-20T23:00:00.000Z,[90m
[31m+       "description": "Apple Store",[90m
[31m+       "id": "t158",[90m
[31m+       "type": "expense",[90m
[31m+     },[90m
[31m+     {[90m
[31m+       "accountId": "6",[90m
[31m+       "amount": -4.39,[90m
[31m+       "category": "Coffee Shops",[90m
[31m+       "cleared": true,[90m
[31m+       "date": 2024-08-20T23:00:00.000Z,[90m
[31m+       "description": "Costa",[90m
[31m+       "id": "t159",[90m
[31m+       "type": "expense",[90m
[31m+     },[90m
[31m+     {[90m
[31m+       "accountId": "6",[90m
[31m+       "amount": -4.37,[90m
[31m+       "category": "Coffee Shops",[90m
[31m+       "cleared": true,[90m
[31m+       "date": 2024-08-21T23:00:00.000Z,[90m
[31m+       "description": "Starbucks",[90m
[31m+       "id": "t160",[90m
[31m+       "type": "expense",[90m
[31m+     },[90m
[31m+     {[90m
[31m+       "accountId": "5",[90m
[31m+       "amount": -102.8,[90m
[31m+       "category": "Dining Out",[90m
[31m+       "cleared": true,[90m
[31m+       "date": 2024-08-23T23:00:00.000Z,[90m
[31m+       "description": "Wagamama",[90m
[31m+       "id": "t161",[90m
[31m+       "type": "expense",[90m
[31m+     },[90m
[31m+     {[90m
[31m+       "accountId": "5",[90m
[31m+       "amount": -29.59,[90m
[31m+       "category": "Online Shopping",[90m
[31m+       "cleared": true,[90m
[31m+       "date": 2024-08-23T23:00:00.000Z,[90m
[31m+       "description": "Argos",[90m
[31m+       "id": "t162",[90m
[31m+       "type": "expense",[90m
[31m+     },[90m
[31m+     {[90m
[31m+       "accountId": "6",[90m
[31m+       "amount": -62.36,[90m
[31m+       "category": "Groceries",[90m
[31m+       "cleared": true,[90m
[31m+       "date": 2024-08-24T23:00:00.000Z,[90m
[31m+       "description": "ASDA",[90m
[31m+       "id": "t163",[90m
[31m+       "type": "expense",[90m
[31m+     },[90m
[31m+     {[90m
[31m+       "accountId": "5",[90m
[31m+       "amount": -97.62,[90m
[31m+       "category": "Dining Out",[90m
[31m+       "cleared": true,[90m
[31m+       "date": 2024-08-24T23:00:00.000Z,[90m
[31m+       "description": "Nando's",[90m
[31m+       "id": "t164",[90m
[31m+       "type": "expense",[90m
[31m+     },[90m
[31m+     {[90m
[31m+       "accountId": "5",[90m
[31m+       "amount": -40.73,[90m
[31m+       "category": "Transport",[90m
[31m+       "cleared": true,[90m
[31m+       "date": 2024-08-24T23:00:00.000Z,[90m
[31m+       "description": "Citymapper",[90m
[31m+       "id": "t165",[90m
[31m+       "type": "expense",[90m
[31m+     },[90m
[31m+     {[90m
[31m+       "accountId": "5",[90m
[31m+       "amount": -67.66,[90m
[31m+       "category": "Shopping",[90m
[31m+       "cleared": true,[90m
[31m+       "date": 2024-08-24T23:00:00.000Z,[90m
[31m+       "description": "ASOS",[90m
[31m+       "id": "t166",[90m
[31m+       "type": "expense",[90m
[31m+     },[90m
[31m+     {[90m
[31m+       "accountId": "6",[90m
[31m+       "amount": -83.55,[90m
[31m+       "category": "Entertainment",[90m
[31m+       "cleared": true,[90m
[31m+       "date": 2024-08-24T23:00:00.000Z,[90m
[31m+       "description": "National Theatre",[90m
[31m+       "id": "t167",[90m
[31m+       "type": "expense",[90m
[31m+     },[90m
[31m+     {[90m
[31m+       "accountId": "5",[90m
[31m+       "amount": -133.1,[90m
[31m+       "category": "Online Shopping",[90m
[31m+       "cleared": true,[90m
[31m+       "date": 2024-08-24T23:00:00.000Z,[90m
[31m+       "description": "Apple Store",[90m
[31m+       "id": "t168",[90m
[31m+       "type": "expense",[90m
[31m+     },[90m
[31m+     {[90m
[31m+       "accountId": "5",[90m
[31m+       "amount": -7.38,[90m
[31m+       "category": "Coffee Shops",[90m
[31m+       "cleared": true,[90m
[31m+       "date": 2024-08-24T23:00:00.000Z,[90m
[31m+       "description": "Nero",[90m
[31m+       "id": "t169",[90m
[31m+       "type": "expense",[90m
[31m+     },[90m
[31m+     {[90m
[31m+       "accountId": "6",[90m
[31m+       "amount": -5.03,[90m
[31m+       "category": "Coffee Shops",[90m
[31m+       "cleared": true,[90m
[31m+       "date": 2024-08-25T23:00:00.000Z,[90m
[31m+       "description": "Nero",[90m
[31m+       "id": "t170",[90m
[31m+       "type": "expense",[90m
[31m+     },[90m
[31m+     {[90m
[31m+       "accountId": "5",[90m
[31m+       "amount": -110.66,[90m
[31m+       "category": "Dining Out",[90m
[31m+       "cleared": true,[90m
[31m+       "date": 2024-08-27T23:00:00.000Z,[90m
[31m+       "description": "Franco Manca",[90m
[31m+       "id": "t171",[90m
[31m+       "type": "expense",[90m
[31m+     },[90m
[31m+     {[90m
[31m+       "accountId": "6",[90m
[31m+       "amount": -110.44,[90m
[31m+       "category": "Online Shopping",[90m
[31m+       "cleared": true,[90m
[31m+       "date": 2024-08-27T23:00:00.000Z,[90m
[31m+       "description": "Currys",[90m
[31m+       "id": "t172",[90m
[31m+       "type": "expense",[90m
[31m+     },[90m
[31m+     {[90m
[31m+       "accountId": "5",[90m
[31m+       "amount": -4.21,[90m
[31m+       "category": "Coffee Shops",[90m
[31m+       "cleared": true,[90m
[31m+       "date": 2024-08-27T23:00:00.000Z,[90m
[31m+       "description": "Starbucks",[90m
[31m+       "id": "t173",[90m
[31m+       "type": "expense",[90m
[31m+     },[90m
[31m+     {[90m
[31m+       "accountId": "6",[90m
[31m+       "amount": -25.56,[90m
[31m+       "category": "Groceries",[90m
[31m+       "cleared": false,[90m
[31m+       "date": 2024-08-28T23:00:00.000Z,[90m
[31m+       "description": "Waitrose",[90m
[31m+       "id": "t174",[90m
[31m+       "type": "expense",[90m
[31m+     },[90m
[31m+     {[90m
[31m+       "accountId": "6",[90m
[31m+       "amount": -3.25,[90m
[31m+       "category": "Coffee Shops",[90m
[31m+       "cleared": false,[90m
[31m+       "date": 2024-08-28T23:00:00.000Z,[90m
[31m+       "description": "Gail's",[90m
[31m+       "id": "t175",[90m
[31m+       "type": "expense",[90m
[31m+     },[90m
[31m+     {[90m
[31m+       "accountId": "6",[90m
[31m+       "amount": -5.48,[90m
[31m+       "category": "Coffee Shops",[90m
[31m+       "cleared": false,[90m
[31m+       "date": 2024-08-29T23:00:00.000Z,[90m
[31m+       "description": "Costa",[90m
[31m+       "id": "t176",[90m
[31m+       "type": "expense",[90m
[31m+     },[90m
[31m+     {[90m
[31m+       "accountId": "6",[90m
[31m+       "amount": -56.03,[90m
[31m+       "category": "Groceries",[90m
[31m+       "cleared": false,[90m
[31m+       "date": 2024-08-30T23:00:00.000Z,[90m
[31m+       "description": "Aldi",[90m
[31m+       "id": "t177",[90m
[31m+       "type": "expense",[90m
[31m+     },[90m
[31m+     {[90m
[31m+       "accountId": "5",[90m
[31m+       "amount": -79.36,[90m
[31m+       "category": "Dining Out",[90m
[31m+       "cleared": false,[90m
[31m+       "date": 2024-08-30T23:00:00.000Z,[90m
[31m+       "description": "The Ivy",[90m
[31m+       "id": "t178",[90m
[31m+       "type": "expense",[90m
[31m+     },[90m
[31m+     {[90m
[31m+       "accountId": "6",[90m
[31m+       "amount": -36.99,[90m
[31m+       "category": "Transport",[90m
[31m+       "cleared": false,[90m
[31m+       "date": 2024-08-30T23:00:00.000Z,[90m
[31m+       "description": "Addison Lee",[90m
[31m+       "id": "t179",[90m
[31m+       "type": "expense",[90m
[31m+     },[90m
[31m+     {[90m
[31m+       "accountId": "5",[90m
[31m+       "amount": -92.76,[90m
[31m+       "category": "Online Shopping",[90m
[31m+       "cleared": false,[90m
[31m+       "date": 2024-08-30T23:00:00.000Z,[90m
[31m+       "description": "Apple Store",[90m
[31m+       "id": "t180",[90m
[31m+       "type": "expense",[90m
[31m+     },[90m
[31m+     {[90m
[31m+       "accountId": "1",[90m
[31m+       "amount": -1366.19,[90m
[31m+       "category": "transfer",[90m
[31m+       "cleared": true,[90m
[31m+       "date": 2024-08-13T23:00:00.000Z,[90m
[31m+       "description": "Credit Card Payment - Natwest",[90m
[31m+       "id": "t181",[90m
[31m+       "type": "transfer",[90m
[31m+     },[90m
[31m+     {[90m
[31m+       "accountId": "5",[90m
[31m+       "amount": 1366.19,[90m
[31m+       "category": "transfer",[90m
[31m+       "cleared": true,[90m
[31m+       "date": 2024-08-13T23:00:00.000Z,[90m
[31m+       "description": "Credit Card Payment - Natwest",[90m
[31m+       "id": "t182",[90m
[31m+       "type": "transfer",[90m
[31m+     },[90m
[31m+     {[90m
[31m+       "accountId": "1",[90m
[31m+       "amount": -1622.9100000000005,[90m
[31m+       "category": "transfer",[90m
[31m+       "cleared": true,[90m
[31m+       "date": 2024-08-13T23:00:00.000Z,[90m
[31m+       "description": "Credit Card Payment - American Express",[90m
[31m+       "id": "t183",[90m
[31m+       "type": "transfer",[90m
[31m+     },[90m
[31m+     {[90m
[31m+       "accountId": "6",[90m
[31m+       "amount": 1622.9100000000005,[90m
[31m+       "category": "transfer",[90m
[31m+       "cleared": true,[90m
[31m+       "date": 2024-08-13T23:00:00.000Z,[90m
[31m+       "description": "Credit Card Payment - American Express",[90m
[31m+       "id": "t184",[90m
[31m+       "type": "transfer",[90m
[31m+     },[90m
[31m+     {[90m
[31m+       "accountId": "1",[90m
[31m+       "amount": -1095.8999999999994,[90m
[31m+       "category": "transfer",[90m
[31m+       "cleared": true,[90m
[31m+       "date": 2024-08-30T23:00:00.000Z,[90m
[31m+       "description": "Balance Sweep to Savings",[90m
[31m+       "id": "t185",[90m
[31m+       "type": "transfer",[90m
[31m+     },[90m
[31m+     {[90m
[31m+       "accountId": "3",[90m
[31m+       "amount": 1095.8999999999994,[90m
[31m+       "category": "transfer",[90m
[31m+       "cleared": true,[90m
[31m+       "date": 2024-08-30T23:00:00.000Z,[90m
[31m+       "description": "Balance Sweep from Current",[90m
[31m+       "id": "t186",[90m
[31m+       "type": "transfer",[90m
[31m+     },[90m
[31m+     {[90m
[31m+       "accountId": "1",[90m
[31m+       "amount": 6000,[90m
[31m+       "category": "Salary",[90m
[31m+       "cleared": true,[90m
[31m+       "date": 2024-08-31T23:00:00.000Z,[90m
[31m+       "description": "Monthly Salary",[90m
[31m+       "id": "t187",[90m
[2m        "type": "income",[22m
[2m      },[22m
[2m      {[22m
[32m-       "accountId": "acc-1",[90m
[31m+       "accountId": "1",[90m
[31m+       "amount": -1200,[90m
[31m+       "category": "transfer",[90m
[31m+       "cleared": true,[90m
[31m+       "date": 2024-08-31T23:00:00.000Z,[90m
[31m+       "description": "Mortgage Payment",[90m
[31m+       "id": "t188",[90m
[31m+       "type": "transfer",[90m
[31m+     },[90m
[31m+     {[90m
[31m+       "accountId": "8",[90m
[2m        "amount": 1200,[22m
[32m-       "category": "rent",[90m
[31m+       "category": "transfer",[90m
[31m+       "cleared": true,[90m
[31m+       "date": 2024-08-31T23:00:00.000Z,[90m
[31m+       "description": "Mortgage Payment",[90m
[31m+       "id": "t189",[90m
[31m+       "type": "transfer",[90m
[31m+     },[90m
[31m+     {[90m
[31m+       "accountId": "1",[90m
[31m+       "amount": -180,[90m
[31m+       "category": "Bills",[90m
[31m+       "cleared": true,[90m
[31m+       "date": 2024-08-31T23:00:00.000Z,[90m
[31m+       "description": "Council Tax",[90m
[31m+       "id": "t190",[90m
[31m+       "type": "expense",[90m
[31m+     },[90m
[31m+     {[90m
[31m+       "accountId": "1",[90m
[31m+       "amount": -150,[90m
[31m+       "category": "Utilities",[90m
[31m+       "cleared": true,[90m
[31m+       "date": 2024-08-31T23:00:00.000Z,[90m
[31m+       "description": "Gas & Electric",[90m
[31m+       "id": "t191",[90m
[31m+       "type": "expense",[90m
[31m+     },[90m
[31m+     {[90m
[31m+       "accountId": "1",[90m
[31m+       "amount": -45,[90m
[31m+       "category": "Utilities",[90m
[31m+       "cleared": true,[90m
[31m+       "date": 2024-08-31T23:00:00.000Z,[90m
[31m+       "description": "Water Bill",[90m
[31m+       "id": "t192",[90m
[31m+       "type": "expense",[90m
[31m+     },[90m
[31m+     {[90m
[31m+       "accountId": "1",[90m
[31m+       "amount": -55,[90m
[31m+       "category": "Utilities",[90m
[31m+       "cleared": true,[90m
[31m+       "date": 2024-08-31T23:00:00.000Z,[90m
[31m+       "description": "Internet & Phone",[90m
[31m+       "id": "t193",[90m
[31m+       "type": "expense",[90m
[31m+     },[90m
[31m+     {[90m
[31m+       "accountId": "1",[90m
[31m+       "amount": -35,[90m
[31m+       "category": "Bills",[90m
[31m+       "cleared": true,[90m
[31m+       "date": 2024-08-31T23:00:00.000Z,[90m
[31m+       "description": "Mobile Phone",[90m
[31m+       "id": "t194",[90m
[31m+       "type": "expense",[90m
[31m+     },[90m
[31m+     {[90m
[31m+       "accountId": "1",[90m
[31m+       "amount": -65,[90m
[31m+       "category": "Insurance",[90m
[31m+       "cleared": true,[90m
[31m+       "date": 2024-08-31T23:00:00.000Z,[90m
[31m+       "description": "Home Insurance",[90m
[31m+       "id": "t195",[90m
[31m+       "type": "expense",[90m
[31m+     },[90m
[31m+     {[90m
[31m+       "accountId": "1",[90m
[31m+       "amount": -45,[90m
[31m+       "category": "Insurance",[90m
[31m+       "cleared": true,[90m
[31m+       "date": 2024-08-31T23:00:00.000Z,[90m
[31m+       "description": "Life Insurance",[90m
[31m+       "id": "t196",[90m
[31m+       "type": "expense",[90m
[31m+     },[90m
[31m+     {[90m
[31m+       "accountId": "1",[90m
[31m+       "amount": -85,[90m
[31m+       "category": "Insurance",[90m
[31m+       "cleared": true,[90m
[31m+       "date": 2024-08-31T23:00:00.000Z,[90m
[31m+       "description": "Car Insurance",[90m
[31m+       "id": "t197",[90m
[31m+       "type": "expense",[90m
[31m+     },[90m
[31m+     {[90m
[31m+       "accountId": "1",[90m
[31m+       "amount": -55,[90m
[31m+       "category": "Health & Fitness",[90m
[31m+       "cleared": true,[90m
[31m+       "date": 2024-08-31T23:00:00.000Z,[90m
[31m+       "description": "Gym Membership",[90m
[31m+       "id": "t198",[90m
[31m+       "type": "expense",[90m
[31m+     },[90m
[31m+     {[90m
[31m+       "accountId": "5",[90m
[31m+       "amount": -75.45,[90m
[31m+       "category": "Groceries",[90m
[31m+       "cleared": true,[90m
[31m+       "date": 2024-08-31T23:00:00.000Z,[90m
[31m+       "description": "Lidl",[90m
[31m+       "id": "t199",[90m
[31m+       "type": "expense",[90m
[31m+     },[90m
[31m+     {[90m
[31m+       "accountId": "6",[90m
[31m+       "amount": -106.21,[90m
[31m+       "category": "Dining Out",[90m
[31m+       "cleared": true,[90m
[31m+       "date": 2024-08-31T23:00:00.000Z,[90m
[31m+       "description": "Nando's",[90m
[31m+       "id": "t200",[90m
[31m+       "type": "expense",[90m
[31m+     },[90m
[31m+     {[90m
[31m+       "accountId": "5",[90m
[31m+       "amount": -44.32,[90m
[31m+       "category": "Transport",[90m
[31m+       "cleared": true,[90m
[31m+       "date": 2024-08-31T23:00:00.000Z,[90m
[31m+       "description": "Uber",[90m
[31m+       "id": "t201",[90m
[31m+       "type": "expense",[90m
[31m+     },[90m
[31m+     {[90m
[31m+       "accountId": "5",[90m
[31m+       "amount": -180.8,[90m
[31m+       "category": "Shopping",[90m
[31m+       "cleared": true,[90m
[31m+       "date": 2024-08-31T23:00:00.000Z,[90m
[31m+       "description": "Next",[90m
[31m+       "id": "t202",[90m
[31m+       "type": "expense",[90m
[31m+     },[90m
[31m+     {[90m
[31m+       "accountId": "6",[90m
[31m+       "amount": -37.22,[90m
[31m+       "category": "Entertainment",[90m
[31m+       "cleared": true,[90m
[31m+       "date": 2024-08-31T23:00:00.000Z,[90m
[31m+       "description": "Odeon",[90m
[31m+       "id": "t203",[90m
[31m+       "type": "expense",[90m
[31m+     },[90m
[31m+     {[90m
[31m+       "accountId": "5",[90m
[31m+       "amount": -107.35,[90m
[31m+       "category": "Online Shopping",[90m
[31m+       "cleared": true,[90m
[31m+       "date": 2024-08-31T23:00:00.000Z,[90m
[31m+       "description": "Apple Store",[90m
[31m+       "id": "t204",[90m
[31m+       "type": "expense",[90m
[31m+     },[90m
[31m+     {[90m
[31m+       "accountId": "6",[90m
[31m+       "amount": -7.55,[90m
[31m+       "category": "Coffee Shops",[90m
[31m+       "cleared": true,[90m
[31m+       "date": 2024-08-31T23:00:00.000Z,[90m
[31m+       "description": "Nero",[90m
[31m+       "id": "t205",[90m
[31m+       "type": "expense",[90m
[31m+     },[90m
[31m+     {[90m
[31m+       "accountId": "5",[90m
[31m+       "amount": -4.26,[90m
[31m+       "category": "Coffee Shops",[90m
[31m+       "cleared": true,[90m
[31m+       "date": 2024-09-01T23:00:00.000Z,[90m
[31m+       "description": "Nero",[90m
[31m+       "id": "t206",[90m
[31m+       "type": "expense",[90m
[31m+     },[90m
[31m+     {[90m
[31m+       "accountId": "5",[90m
[31m+       "amount": -61.2,[90m
[31m+       "category": "Fuel",[90m
[31m+       "cleared": true,[90m
[31m+       "date": 2024-09-01T23:00:00.000Z,[90m
[31m+       "description": "BP",[90m
[31m+       "id": "t207",[90m
[31m+       "type": "expense",[90m
[31m+     },[90m
[31m+     {[90m
[31m+       "accountId": "6",[90m
[31m+       "amount": -32.81,[90m
[31m+       "category": "Dining Out",[90m
[31m+       "cleared": true,[90m
[31m+       "date": 2024-09-03T23:00:00.000Z,[90m
[31m+       "description": "Franco Manca",[90m
[31m+       "id": "t208",[90m
[31m+       "type": "expense",[90m
[31m+     },[90m
[31m+     {[90m
[31m+       "accountId": "6",[90m
[31m+       "amount": -44.04,[90m
[31m+       "category": "Transport",[90m
[31m+       "cleared": true,[90m
[31m+       "date": 2024-09-03T23:00:00.000Z,[90m
[31m+       "description": "Uber",[90m
[31m+       "id": "t209",[90m
[31m+       "type": "expense",[90m
[31m+     },[90m
[31m+     {[90m
[31m+       "accountId": "5",[90m
[31m+       "amount": -102.85,[90m
[31m+       "category": "Online Shopping",[90m
[31m+       "cleared": true,[90m
[31m+       "date": 2024-09-03T23:00:00.000Z,[90m
[31m+       "description": "eBay",[90m
[31m+       "id": "t210",[90m
[31m+       "type": "expense",[90m
[31m+     },[90m
[31m+     {[90m
[31m+       "accountId": "6",[90m
[31m+       "amount": -10.66,[90m
[31m+       "category": "Subscriptions",[90m
[31m+       "cleared": true,[90m
[31m+       "date": 2024-09-03T23:00:00.000Z,[90m
[31m+       "description": "Amazon Prime",[90m
[31m+       "id": "t211",[90m
[31m+       "type": "expense",[90m
[31m+     },[90m
[31m+     {[90m
[31m+       "accountId": "6",[90m
[31m+       "amount": -70.28,[90m
[31m+       "category": "Groceries",[90m
[31m+       "cleared": true,[90m
[31m+       "date": 2024-09-04T23:00:00.000Z,[90m
[31m+       "description": "Waitrose",[90m
[31m+       "id": "t212",[90m
[31m+       "type": "expense",[90m
[31m+     },[90m
[31m+     {[90m
[31m+       "accountId": "5",[90m
[31m+       "amount": -6.53,[90m
[31m+       "category": "Coffee Shops",[90m
[31m+       "cleared": true,[90m
[31m+       "date": 2024-09-04T23:00:00.000Z,[90m
[31m+       "description": "Starbucks",[90m
[31m+       "id": "t213",[90m
[31m+       "type": "expense",[90m
[31m+     },[90m
[31m+     {[90m
[31m+       "accountId": "6",[90m
[31m+       "amount": -35.66,[90m
[31m+       "category": "Groceries",[90m
[31m+       "cleared": true,[90m
[31m+       "date": 2024-09-06T23:00:00.000Z,[90m
[31m+       "description": "Morrisons",[90m
[31m+       "id": "t214",[90m
[31m+       "type": "expense",[90m
[31m+     },[90m
[31m+     {[90m
[31m+       "accountId": "5",[90m
[31m+       "amount": -102.34,[90m
[31m+       "category": "Dining Out",[90m
[31m+       "cleared": true,[90m
[31m+       "date": 2024-09-06T23:00:00.000Z,[90m
[31m+       "description": "Dishoom",[90m
[31m+       "id": "t215",[90m
[31m+       "type": "expense",[90m
[31m+     },[90m
[31m+     {[90m
[31m+       "accountId": "5",[90m
[31m+       "amount": -24.28,[90m
[31m+       "category": "Online Shopping",[90m
[31m+       "cleared": true,[90m
[31m+       "date": 2024-09-06T23:00:00.000Z,[90m
[31m+       "description": "Currys",[90m
[31m+       "id": "t216",[90m
[31m+       "type": "expense",[90m
[31m+     },[90m
[31m+     {[90m
[31m+       "accountId": "6",[90m
[31m+       "amount": -5.04,[90m
[31m+       "category": "Coffee Shops",[90m
[31m+       "cleared": true,[90m
[31m+       "date": 2024-09-06T23:00:00.000Z,[90m
[31m+       "description": "Pret",[90m
[31m+       "id": "t217",[90m
[31m+       "type": "expense",[90m
[31m+     },[90m
[31m+     {[90m
[31m+       "accountId": "5",[90m
[31m+       "amount": -47.19,[90m
[31m+       "category": "Groceries",[90m
[31m+       "cleared": true,[90m
[31m+       "date": 2024-09-07T23:00:00.000Z,[90m
[31m+       "description": "Waitrose",[90m
[31m+       "id": "t218",[90m
[31m+       "type": "expense",[90m
[31m+     },[90m
[31m+     {[90m
[31m+       "accountId": "6",[90m
[31m+       "amount": -53.2,[90m
[31m+       "category": "Dining Out",[90m
[31m+       "cleared": true,[90m
[31m+       "date": 2024-09-07T23:00:00.000Z,[90m
[31m+       "description": "Wagamama",[90m
[31m+       "id": "t219",[90m
[31m+       "type": "expense",[90m
[31m+     },[90m
[31m+     {[90m
[31m+       "accountId": "6",[90m
[31m+       "amount": -24.3,[90m
[31m+       "category": "Transport",[90m
[31m+       "cleared": true,[90m
[31m+       "date": 2024-09-07T23:00:00.000Z,[90m
[31m+       "description": "Citymapper",[90m
[31m+       "id": "t220",[90m
[31m+       "type": "expense",[90m
[31m+     },[90m
[31m+     {[90m
[31m+       "accountId": "6",[90m
[31m+       "amount": -115.4,[90m
[31m+       "category": "Shopping",[90m
[31m+       "cleared": true,[90m
[31m+       "date": 2024-09-07T23:00:00.000Z,[90m
[31m+       "description": "Next",[90m
[31m+       "id": "t221",[90m
[31m+       "type": "expense",[90m
[31m+     },[90m
[31m+     {[90m
[31m+       "accountId": "5",[90m
[31m+       "amount": -22.55,[90m
[31m+       "category": "Entertainment",[90m
[31m+       "cleared": true,[90m
[31m+       "date": 2024-09-07T23:00:00.000Z,[90m
[31m+       "description": "Odeon",[90m
[31m+       "id": "t222",[90m
[31m+       "type": "expense",[90m
[31m+     },[90m
[31m+     {[90m
[31m+       "accountId": "6",[90m
[31m+       "amount": -24.91,[90m
[31m+       "category": "Online Shopping",[90m
[31m+       "cleared": true,[90m
[31m+       "date": 2024-09-07T23:00:00.000Z,[90m
[31m+       "description": "eBay",[90m
[31m+       "id": "t223",[90m
[31m+       "type": "expense",[90m
[31m+     },[90m
[31m+     {[90m
[31m+       "accountId": "5",[90m
[31m+       "amount": -6.09,[90m
[31m+       "category": "Coffee Shops",[90m
[31m+       "cleared": true,[90m
[31m+       "date": 2024-09-07T23:00:00.000Z,[90m
[31m+       "description": "Gail's",[90m
[31m+       "id": "t224",[90m
[31m+       "type": "expense",[90m
[31m+     },[90m
[31m+     {[90m
[31m+       "accountId": "5",[90m
[31m+       "amount": -25.11,[90m
[31m+       "category": "Groceries",[90m
[31m+       "cleared": true,[90m
[31m+       "date": 2024-09-09T23:00:00.000Z,[90m
[31m+       "description": "Aldi",[90m
[31m+       "id": "t225",[90m
[31m+       "type": "expense",[90m
[31m+     },[90m
[31m+     {[90m
[31m+       "accountId": "6",[90m
[31m+       "amount": -5.51,[90m
[31m+       "category": "Coffee Shops",[90m
[31m+       "cleared": true,[90m
[31m+       "date": 2024-09-09T23:00:00.000Z,[90m
[31m+       "description": "Pret",[90m
[31m+       "id": "t226",[90m
[31m+       "type": "expense",[90m
[31m+     },[90m
[31m+     {[90m
[31m+       "accountId": "5",[90m
[31m+       "amount": -99.15,[90m
[31m+       "category": "Dining Out",[90m
[31m+       "cleared": true,[90m
[31m+       "date": 2024-09-10T23:00:00.000Z,[90m
[31m+       "description": "The Ivy",[90m
[31m+       "id": "t227",[90m
[31m+       "type": "expense",[90m
[31m+     },[90m
[31m+     {[90m
[31m+       "accountId": "5",[90m
[31m+       "amount": -24.56,[90m
[31m+       "category": "Transport",[90m
[31m+       "cleared": true,[90m
[31m+       "date": 2024-09-10T23:00:00.000Z,[90m
[31m+       "description": "Citymapper",[90m
[31m+       "id": "t228",[90m
[31m+       "type": "expense",[90m
[31m+     },[90m
[31m+     {[90m
[31m+       "accountId": "5",[90m
[31m+       "amount": -17.13,[90m
[31m+       "category": "Online Shopping",[90m
[31m+       "cleared": true,[90m
[31m+       "date": 2024-09-10T23:00:00.000Z,[90m
[31m+       "description": "Apple Store",[90m
[31m+       "id": "t229",[90m
[31m+       "type": "expense",[90m
[31m+     },[90m
[31m+     {[90m
[31m+       "accountId": "5",[90m
[31m+       "amount": -3.74,[90m
[31m+       "category": "Coffee Shops",[90m
[31m+       "cleared": true,[90m
[31m+       "date": 2024-09-10T23:00:00.000Z,[90m
[31m+       "description": "Pret",[90m
[31m+       "id": "t230",[90m
[31m+       "type": "expense",[90m
[31m+     },[90m
[31m+     {[90m
[31m+       "accountId": "6",[90m
[31m+       "amount": -111.72,[90m
[31m+       "category": "Dining Out",[90m
[31m+       "cleared": true,[90m
[31m+       "date": 2024-09-13T23:00:00.000Z,[90m
[31m+       "description": "Wagamama",[90m
[31m+       "id": "t231",[90m
[31m+       "type": "expense",[90m
[31m+     },[90m
[31m+     {[90m
[31m+       "accountId": "5",[90m
[31m+       "amount": -47.17,[90m
[31m+       "category": "Transport",[90m
[31m+       "cleared": true,[90m
[31m+       "date": 2024-09-13T23:00:00.000Z,[90m
[31m+       "description": "National Rail",[90m
[31m+       "id": "t232",[90m
[31m+       "type": "expense",[90m
[31m+     },[90m
[31m+     {[90m
[31m+       "accountId": "5",[90m
[31m+       "amount": -130.2,[90m
[31m+       "category": "Online Shopping",[90m
[31m+       "cleared": true,[90m
[31m+       "date": 2024-09-13T23:00:00.000Z,[90m
[31m+       "description": "Argos",[90m
[31m+       "id": "t233",[90m
[31m+       "type": "expense",[90m
[31m+     },[90m
[31m+     {[90m
[31m+       "accountId": "6",[90m
[31m+       "amount": -6.65,[90m
[31m+       "category": "Coffee Shops",[90m
[31m+       "cleared": true,[90m
[31m+       "date": 2024-09-13T23:00:00.000Z,[90m
[31m+       "description": "Nero",[90m
[31m+       "id": "t234",[90m
[31m+       "type": "expense",[90m
[31m+     },[90m
[31m+     {[90m
[31m+       "accountId": "5",[90m
[31m+       "amount": -57.8,[90m
[31m+       "category": "Dining Out",[90m
[31m+       "cleared": true,[90m
[31m+       "date": 2024-09-14T23:00:00.000Z,[90m
[31m+       "description": "Pizza Express",[90m
[31m+       "id": "t235",[90m
[31m+       "type": "expense",[90m
[31m+     },[90m
[31m+     {[90m
[31m+       "accountId": "6",[90m
[31m+       "amount": -45.11,[90m
[31m+       "category": "Transport",[90m
[31m+       "cleared": true,[90m
[31m+       "date": 2024-09-14T23:00:00.000Z,[90m
[31m+       "description": "TfL",[90m
[31m+       "id": "t236",[90m
[31m+       "type": "expense",[90m
[31m+     },[90m
[31m+     {[90m
[31m+       "accountId": "6",[90m
[31m+       "amount": -132.92,[90m
[31m+       "category": "Shopping",[90m
[31m+       "cleared": true,[90m
[31m+       "date": 2024-09-14T23:00:00.000Z,[90m
[31m+       "description": "John Lewis",[90m
[31m+       "id": "t237",[90m
[31m+       "type": "expense",[90m
[31m+     },[90m
[31m+     {[90m
[31m+       "accountId": "6",[90m
[31m+       "amount": -94.46,[90m
[31m+       "category": "Entertainment",[90m
[31m+       "cleared": true,[90m
[31m+       "date": 2024-09-14T23:00:00.000Z,[90m
[31m+       "description": "Odeon",[90m
[31m+       "id": "t238",[90m
[31m+       "type": "expense",[90m
[31m+     },[90m
[31m+     {[90m
[31m+       "accountId": "6",[90m
[31m+       "amount": -5.1,[90m
[31m+       "category": "Coffee Shops",[90m
[31m+       "cleared": true,[90m
[31m+       "date": 2024-09-14T23:00:00.000Z,[90m
[31m+       "description": "Costa",[90m
[31m+       "id": "t239",[90m
[31m+       "type": "expense",[90m
[31m+     },[90m
[31m+     {[90m
[31m+       "accountId": "5",[90m
[31m+       "amount": -3.03,[90m
[31m+       "category": "Coffee Shops",[90m
[31m+       "cleared": true,[90m
[31m+       "date": 2024-09-15T23:00:00.000Z,[90m
[31m+       "description": "Nero",[90m
[31m+       "id": "t240",[90m
[31m+       "type": "expense",[90m
[31m+     },[90m
[31m+     {[90m
[31m+       "accountId": "5",[90m
[31m+       "amount": -62.35,[90m
[31m+       "category": "Groceries",[90m
[31m+       "cleared": true,[90m
[31m+       "date": 2024-09-16T23:00:00.000Z,[90m
[31m+       "description": "Sainsbury's",[90m
[31m+       "id": "t241",[90m
[31m+       "type": "expense",[90m
[31m+     },[90m
[31m+     {[90m
[31m+       "accountId": "5",[90m
[31m+       "amount": -7.29,[90m
[31m+       "category": "Coffee Shops",[90m
[31m+       "cleared": true,[90m
[31m+       "date": 2024-09-16T23:00:00.000Z,[90m
[31m+       "description": "Costa",[90m
[31m+       "id": "t242",[90m
[31m+       "type": "expense",[90m
[31m+     },[90m
[31m+     {[90m
[31m+       "accountId": "5",[90m
[31m+       "amount": -44.31,[90m
[31m+       "category": "Transport",[90m
[31m+       "cleared": true,[90m
[31m+       "date": 2024-09-17T23:00:00.000Z,[90m
[31m+       "description": "TfL",[90m
[31m+       "id": "t243",[90m
[31m+       "type": "expense",[90m
[31m+     },[90m
[31m+     {[90m
[31m+       "accountId": "5",[90m
[31m+       "amount": -99.98,[90m
[31m+       "category": "Online Shopping",[90m
[31m+       "cleared": true,[90m
[31m+       "date": 2024-09-17T23:00:00.000Z,[90m
[31m+       "description": "Currys",[90m
[31m+       "id": "t244",[90m
[31m+       "type": "expense",[90m
[31m+     },[90m
[31m+     {[90m
[31m+       "accountId": "6",[90m
[31m+       "amount": -6.45,[90m
[31m+       "category": "Coffee Shops",[90m
[31m+       "cleared": true,[90m
[31m+       "date": 2024-09-17T23:00:00.000Z,[90m
[31m+       "description": "Pret",[90m
[31m+       "id": "t245",[90m
[31m+       "type": "expense",[90m
[31m+     },[90m
[31m+     {[90m
[31m+       "accountId": "5",[90m
[31m+       "amount": -7.78,[90m
[31m+       "category": "Coffee Shops",[90m
[31m+       "cleared": true,[90m
[31m+       "date": 2024-09-18T23:00:00.000Z,[90m
[31m+       "description": "Gail's",[90m
[31m+       "id": "t246",[90m
[31m+       "type": "expense",[90m
[31m+     },[90m
[31m+     {[90m
[31m+       "accountId": "5",[90m
[31m+       "amount": -22.02,[90m
[31m+       "category": "Groceries",[90m
[31m+       "cleared": true,[90m
[31m+       "date": 2024-09-20T23:00:00.000Z,[90m
[31m+       "description": "Morrisons",[90m
[31m+       "id": "t247",[90m
[31m+       "type": "expense",[90m
[31m+     },[90m
[31m+     {[90m
[31m+       "accountId": "6",[90m
[31m+       "amount": -52.84,[90m
[31m+       "category": "Dining Out",[90m
[31m+       "cleared": true,[90m
[31m+       "date": 2024-09-20T23:00:00.000Z,[90m
[31m+       "description": "The Ivy",[90m
[31m+       "id": "t248",[90m
[31m+       "type": "expense",[90m
[31m+     },[90m
[31m+     {[90m
[31m+       "accountId": "5",[90m
[31m+       "amount": -34.71,[90m
[31m+       "category": "Transport",[90m
[31m+       "cleared": true,[90m
[31m+       "date": 2024-09-20T23:00:00.000Z,[90m
[31m+       "description": "National Rail",[90m
[31m+       "id": "t249",[90m
[31m+       "type": "expense",[90m
[31m+     },[90m
[31m+     {[90m
[31m+       "accountId": "6",[90m
[31m+       "amount": -80.95,[90m
[31m+       "category": "Online Shopping",[90m
[31m+       "cleared": true,[90m
[31m+       "date": 2024-09-20T23:00:00.000Z,[90m
[31m+       "description": "Currys",[90m
[31m+       "id": "t250",[90m
[31m+       "type": "expense",[90m
[31m+     },[90m
[31m+     {[90m
[31m+       "accountId": "6",[90m
[31m+       "amount": -3.41,[90m
[31m+       "category": "Coffee Shops",[90m
[31m+       "cleared": true,[90m
[31m+       "date": 2024-09-20T23:00:00.000Z,[90m
[31m+       "description": "Starbucks",[90m
[31m+       "id": "t251",[90m
[31m+       "type": "expense",[90m
[31m+     },[90m
[31m+     {[90m
[31m+       "accountId": "5",[90m
[31m+       "amount": -63.45,[90m
[31m+       "category": "Groceries",[90m
[31m+       "cleared": true,[90m
[31m+       "date": 2024-09-21T23:00:00.000Z,[90m
[31m+       "description": "Lidl",[90m
[31m+       "id": "t252",[90m
[31m+       "type": "expense",[90m
[31m+     },[90m
[31m+     {[90m
[31m+       "accountId": "5",[90m
[31m+       "amount": -37.18,[90m
[31m+       "category": "Dining Out",[90m
[31m+       "cleared": true,[90m
[31m+       "date": 2024-09-21T23:00:00.000Z,[90m
[31m+       "description": "Franco Manca",[90m
[31m+       "id": "t253",[90m
[31m+       "type": "expense",[90m
[31m+     },[90m
[31m+     {[90m
[31m+       "accountId": "5",[90m
[31m+       "amount": -26.81,[90m
[31m+       "category": "Transport",[90m
[31m+       "cleared": true,[90m
[31m+       "date": 2024-09-21T23:00:00.000Z,[90m
[31m+       "description": "Addison Lee",[90m
[31m+       "id": "t254",[90m
[31m+       "type": "expense",[90m
[31m+     },[90m
[31m+     {[90m
[31m+       "accountId": "6",[90m
[31m+       "amount": -173.53,[90m
[31m+       "category": "Shopping",[90m
[31m+       "cleared": true,[90m
[31m+       "date": 2024-09-21T23:00:00.000Z,[90m
[31m+       "description": "Next",[90m
[31m+       "id": "t255",[90m
[31m+       "type": "expense",[90m
[31m+     },[90m
[31m+     {[90m
[31m+       "accountId": "5",[90m
[31m+       "amount": -62.2,[90m
[31m+       "category": "Entertainment",[90m
[31m+       "cleared": true,[90m
[31m+       "date": 2024-09-21T23:00:00.000Z,[90m
[31m+       "description": "Ticketmaster",[90m
[31m+       "id": "t256",[90m
[31m+       "type": "expense",[90m
[31m+     },[90m
[31m+     {[90m
[31m+       "accountId": "6",[90m
[31m+       "amount": -19.4,[90m
[31m+       "category": "Online Shopping",[90m
[31m+       "cleared": true,[90m
[31m+       "date": 2024-09-21T23:00:00.000Z,[90m
[31m+       "description": "eBay",[90m
[31m+       "id": "t257",[90m
[31m+       "type": "expense",[90m
[31m+     },[90m
[31m+     {[90m
[31m+       "accountId": "6",[90m
[31m+       "amount": -6.84,[90m
[31m+       "category": "Coffee Shops",[90m
[31m+       "cleared": true,[90m
[31m+       "date": 2024-09-21T23:00:00.000Z,[90m
[31m+       "description": "Costa",[90m
[31m+       "id": "t258",[90m
[31m+       "type": "expense",[90m
[31m+     },[90m
[31m+     {[90m
[31m+       "accountId": "5",[90m
[31m+       "amount": -4.88,[90m
[31m+       "category": "Coffee Shops",[90m
[31m+       "cleared": true,[90m
[31m+       "date": 2024-09-22T23:00:00.000Z,[90m
[31m+       "description": "Nero",[90m
[31m+       "id": "t259",[90m
[31m+       "type": "expense",[90m
[31m+     },[90m
[31m+     {[90m
[31m+       "accountId": "5",[90m
[31m+       "amount": -22.7,[90m
[31m+       "category": "Groceries",[90m
[31m+       "cleared": true,[90m
[31m+       "date": 2024-09-23T23:00:00.000Z,[90m
[31m+       "description": "ASDA",[90m
[31m+       "id": "t260",[90m
[31m+       "type": "expense",[90m
[31m+     },[90m
[31m+     {[90m
[31m+       "accountId": "5",[90m
[31m+       "amount": -3.35,[90m
[31m+       "category": "Coffee Shops",[90m
[31m+       "cleared": true,[90m
[31m+       "date": 2024-09-23T23:00:00.000Z,[90m
[31m+       "description": "Nero",[90m
[31m+       "id": "t261",[90m
[31m+       "type": "expense",[90m
[31m+     },[90m
[31m+     {[90m
[31m+       "accountId": "5",[90m
[31m+       "amount": -107.04,[90m
[31m+       "category": "Dining Out",[90m
[31m+       "cleared": true,[90m
[31m+       "date": 2024-09-24T23:00:00.000Z,[90m
[31m+       "description": "Franco Manca",[90m
[31m+       "id": "t262",[90m
[31m+       "type": "expense",[90m
[31m+     },[90m
[31m+     {[90m
[31m+       "accountId": "6",[90m
[31m+       "amount": -46.99,[90m
[31m+       "category": "Transport",[90m
[31m+       "cleared": true,[90m
[31m+       "date": 2024-09-24T23:00:00.000Z,[90m
[31m+       "description": "TfL",[90m
[31m+       "id": "t263",[90m
[31m+       "type": "expense",[90m
[31m+     },[90m
[31m+     {[90m
[31m+       "accountId": "6",[90m
[31m+       "amount": -123.22,[90m
[31m+       "category": "Online Shopping",[90m
[31m+       "cleared": true,[90m
[31m+       "date": 2024-09-24T23:00:00.000Z,[90m
[31m+       "description": "Amazon",[90m
[31m+       "id": "t264",[90m
[31m+       "type": "expense",[90m
[31m+     },[90m
[31m+     {[90m
[31m+       "accountId": "6",[90m
[31m+       "amount": -3.43,[90m
[31m+       "category": "Coffee Shops",[90m
[31m+       "cleared": true,[90m
[31m+       "date": 2024-09-24T23:00:00.000Z,[90m
[31m+       "description": "Gail's",[90m
[31m+       "id": "t265",[90m
[31m+       "type": "expense",[90m
[31m+     },[90m
[31m+     {[90m
[31m+       "accountId": "6",[90m
[31m+       "amount": -31.55,[90m
[31m+       "category": "Groceries",[90m
[31m+       "cleared": true,[90m
[31m+       "date": 2024-09-25T23:00:00.000Z,[90m
[31m+       "description": "Sainsbury's",[90m
[31m+       "id": "t266",[90m
[31m+       "type": "expense",[90m
[31m+     },[90m
[31m+     {[90m
[31m+       "accountId": "6",[90m
[31m+       "amount": -7.6,[90m
[31m+       "category": "Coffee Shops",[90m
[31m+       "cleared": true,[90m
[31m+       "date": 2024-09-26T23:00:00.000Z,[90m
[31m+       "description": "Starbucks",[90m
[31m+       "id": "t267",[90m
[31m+       "type": "expense",[90m
[31m+     },[90m
[31m+     {[90m
[31m+       "accountId": "6",[90m
[31m+       "amount": -50.9,[90m
[31m+       "category": "Groceries",[90m
[31m+       "cleared": false,[90m
[31m+       "date": 2024-09-27T23:00:00.000Z,[90m
[31m+       "description": "Morrisons",[90m
[31m+       "id": "t268",[90m
[31m+       "type": "expense",[90m
[31m+     },[90m
[31m+     {[90m
[31m+       "accountId": "6",[90m
[31m+       "amount": -82.81,[90m
[31m+       "category": "Dining Out",[90m
[31m+       "cleared": false,[90m
[31m+       "date": 2024-09-27T23:00:00.000Z,[90m
[31m+       "description": "Franco Manca",[90m
[31m+       "id": "t269",[90m
[31m+       "type": "expense",[90m
[31m+     },[90m
[31m+     {[90m
[31m+       "accountId": "6",[90m
[31m+       "amount": -105.09,[90m
[31m+       "category": "Online Shopping",[90m
[31m+       "cleared": false,[90m
[31m+       "date": 2024-09-27T23:00:00.000Z,[90m
[31m+       "description": "Apple Store",[90m
[31m+       "id": "t270",[90m
[31m+       "type": "expense",[90m
[31m+     },[90m
[31m+     {[90m
[31m+       "accountId": "6",[90m
[31m+       "amount": -6.75,[90m
[31m+       "category": "Coffee Shops",[90m
[31m+       "cleared": false,[90m
[31m+       "date": 2024-09-27T23:00:00.000Z,[90m
[31m+       "description": "Costa",[90m
[31m+       "id": "t271",[90m
[31m+       "type": "expense",[90m
[31m+     },[90m
[31m+     {[90m
[31m+       "accountId": "6",[90m
[31m+       "amount": -39.57,[90m
[31m+       "category": "Groceries",[90m
[31m+       "cleared": false,[90m
[31m+       "date": 2024-09-28T23:00:00.000Z,[90m
[31m+       "description": "Sainsbury's",[90m
[31m+       "id": "t272",[90m
[31m+       "type": "expense",[90m
[31m+     },[90m
[31m+     {[90m
[31m+       "accountId": "6",[90m
[31m+       "amount": -82.92,[90m
[31m+       "category": "Dining Out",[90m
[31m+       "cleared": false,[90m
[31m+       "date": 2024-09-28T23:00:00.000Z,[90m
[31m+       "description": "Franco Manca",[90m
[31m+       "id": "t273",[90m
[31m+       "type": "expense",[90m
[31m+     },[90m
[31m+     {[90m
[31m+       "accountId": "5",[90m
[31m+       "amount": -39.02,[90m
[31m+       "category": "Transport",[90m
[31m+       "cleared": false,[90m
[31m+       "date": 2024-09-28T23:00:00.000Z,[90m
[31m+       "description": "TfL",[90m
[31m+       "id": "t274",[90m
[31m+       "type": "expense",[90m
[31m+     },[90m
[31m+     {[90m
[31m+       "accountId": "5",[90m
[31m+       "amount": -181.18,[90m
[31m+       "category": "Shopping",[90m
[31m+       "cleared": false,[90m
[31m+       "date": 2024-09-28T23:00:00.000Z,[90m
[31m+       "description": "H&M",[90m
[31m+       "id": "t275",[90m
[31m+       "type": "expense",[90m
[31m+     },[90m
[31m+     {[90m
[31m+       "accountId": "6",[90m
[31m+       "amount": -55.26,[90m
[31m+       "category": "Entertainment",[90m
[31m+       "cleared": false,[90m
[31m+       "date": 2024-09-28T23:00:00.000Z,[90m
[31m+       "description": "Ticketmaster",[90m
[31m+       "id": "t276",[90m
[31m+       "type": "expense",[90m
[31m+     },[90m
[31m+     {[90m
[31m+       "accountId": "5",[90m
[31m+       "amount": -113.89,[90m
[31m+       "category": "Online Shopping",[90m
[31m+       "cleared": false,[90m
[31m+       "date": 2024-09-28T23:00:00.000Z,[90m
[31m+       "description": "eBay",[90m
[31m+       "id": "t277",[90m
[31m+       "type": "expense",[90m
[31m+     },[90m
[31m+     {[90m
[31m+       "accountId": "1",[90m
[31m+       "amount": -2044.2800000000002,[90m
[31m+       "category": "transfer",[90m
[31m+       "cleared": true,[90m
[31m+       "date": 2024-09-13T23:00:00.000Z,[90m
[31m+       "description": "Credit Card Payment - Natwest",[90m
[31m+       "id": "t278",[90m
[31m+       "type": "transfer",[90m
[31m+     },[90m
[31m+     {[90m
[31m+       "accountId": "5",[90m
[31m+       "amount": 2044.2800000000002,[90m
[31m+       "category": "transfer",[90m
[31m+       "cleared": true,[90m
[31m+       "date": 2024-09-13T23:00:00.000Z,[90m
[31m+       "description": "Credit Card Payment - Natwest",[90m
[31m+       "id": "t279",[90m
[31m+       "type": "transfer",[90m
[31m+     },[90m
[31m+     {[90m
[31m+       "accountId": "1",[90m
[31m+       "amount": -1010.9899999999998,[90m
[31m+       "category": "transfer",[90m
[31m+       "cleared": true,[90m
[31m+       "date": 2024-09-13T23:00:00.000Z,[90m
[31m+       "description": "Credit Card Payment - American Express",[90m
[31m+       "id": "t280",[90m
[31m+       "type": "transfer",[90m
[31m+     },[90m
[31m+     {[90m
[31m+       "accountId": "6",[90m
[31m+       "amount": 1010.9899999999998,[90m
[31m+       "category": "transfer",[90m
[31m+       "cleared": true,[90m
[31m+       "date": 2024-09-13T23:00:00.000Z,[90m
[31m+       "description": "Credit Card Payment - American Express",[90m
[31m+       "id": "t281",[90m
[31m+       "type": "transfer",[90m
[31m+     },[90m
[31m+     {[90m
[31m+       "accountId": "1",[90m
[31m+       "amount": -1029.73,[90m
[31m+       "category": "transfer",[90m
[31m+       "cleared": true,[90m
[31m+       "date": 2024-09-29T23:00:00.000Z,[90m
[31m+       "description": "Balance Sweep to Savings",[90m
[31m+       "id": "t282",[90m
[31m+       "type": "transfer",[90m
[31m+     },[90m
[31m+     {[90m
[31m+       "accountId": "3",[90m
[31m+       "amount": 1029.73,[90m
[31m+       "category": "transfer",[90m
[31m+       "cleared": true,[90m
[31m+       "date": 2024-09-29T23:00:00.000Z,[90m
[31m+       "description": "Balance Sweep from Current",[90m
[31m+       "id": "t283",[90m
[31m+       "type": "transfer",[90m
[31m+     },[90m
[31m+     {[90m
[31m+       "accountId": "1",[90m
[31m+       "amount": 6000,[90m
[31m+       "category": "Salary",[90m
[31m+       "cleared": true,[90m
[31m+       "date": 2024-09-30T23:00:00.000Z,[90m
[31m+       "description": "Monthly Salary",[90m
[31m+       "id": "t284",[90m
[31m+       "type": "income",[90m
[31m+     },[90m
[31m+     {[90m
[31m+       "accountId": "1",[90m
[31m+       "amount": -1200,[90m
[31m+       "category": "transfer",[90m
[31m+       "cleared": true,[90m
[31m+       "date": 2024-09-30T23:00:00.000Z,[90m
[31m+       "description": "Mortgage Payment",[90m
[31m+       "id": "t285",[90m
[31m+       "type": "transfer",[90m
[31m+     },[90m
[31m+     {[90m
[31m+       "accountId": "8",[90m
[31m+       "amount": 1200,[90m
[31m+       "category": "transfer",[90m
[31m+       "cleared": true,[90m
[31m+       "date": 2024-09-30T23:00:00.000Z,[90m
[31m+       "description": "Mortgage Payment",[90m
[31m+       "id": "t286",[90m
[31m+       "type": "transfer",[90m
[31m+     },[90m
[31m+     {[90m
[31m+       "accountId": "1",[90m
[31m+       "amount": -180,[90m
[31m+       "category": "Bills",[90m
[31m+       "cleared": true,[90m
[31m+       "date": 2024-09-30T23:00:00.000Z,[90m
[31m+       "description": "Council Tax",[90m
[31m+       "id": "t287",[90m
[31m+       "type": "expense",[90m
[31m+     },[90m
[31m+     {[90m
[31m+       "accountId": "1",[90m
[31m+       "amount": -150,[90m
[31m+       "category": "Utilities",[90m
[31m+       "cleared": true,[90m
[31m+       "date": 2024-09-30T23:00:00.000Z,[90m
[31m+       "description": "Gas & Electric",[90m
[31m+       "id": "t288",[90m
[31m+       "type": "expense",[90m
[31m+     },[90m
[31m+     {[90m
[31m+       "accountId": "1",[90m
[31m+       "amount": -45,[90m
[31m+       "category": "Utilities",[90m
[31m+       "cleared": true,[90m
[31m+       "date": 2024-09-30T23:00:00.000Z,[90m
[31m+       "description": "Water Bill",[90m
[31m+       "id": "t289",[90m
[31m+       "type": "expense",[90m
[31m+     },[90m
[31m+     {[90m
[31m+       "accountId": "1",[90m
[31m+       "amount": -55,[90m
[31m+       "category": "Utilities",[90m
[31m+       "cleared": true,[90m
[31m+       "date": 2024-09-30T23:00:00.000Z,[90m
[31m+       "description": "Internet & Phone",[90m
[31m+       "id": "t290",[90m
[31m+       "type": "expense",[90m
[31m+     },[90m
[31m+     {[90m
[31m+       "accountId": "1",[90m
[31m+       "amount": -35,[90m
[31m+       "category": "Bills",[90m
[31m+       "cleared": true,[90m
[31m+       "date": 2024-09-30T23:00:00.000Z,[90m
[31m+       "description": "Mobile Phone",[90m
[31m+       "id": "t291",[90m
[31m+       "type": "expense",[90m
[31m+     },[90m
[31m+     {[90m
[31m+       "accountId": "1",[90m
[31m+       "amount": -65,[90m
[31m+       "category": "Insurance",[90m
[31m+       "cleared": true,[90m
[31m+       "date": 2024-09-30T23:00:00.000Z,[90m
[31m+       "description": "Home Insurance",[90m
[31m+       "id": "t292",[90m
[31m+       "type": "expense",[90m
[31m+     },[90m
[31m+     {[90m
[31m+       "accountId": "1",[90m
[31m+       "amount": -45,[90m
[31m+       "category": "Insurance",[90m
[31m+       "cleared": true,[90m
[31m+       "date": 2024-09-30T23:00:00.000Z,[90m
[31m+       "description": "Life Insurance",[90m
[31m+       "id": "t293",[90m
[31m+       "type": "expense",[90m
[31m+     },[90m
[31m+     {[90m
[31m+       "accountId": "1",[90m
[31m+       "amount": -85,[90m
[31m+       "category": "Insurance",[90m
[31m+       "cleared": true,[90m
[31m+       "date": 2024-09-30T23:00:00.000Z,[90m
[31m+       "description": "Car Insurance",[90m
[31m+       "id": "t294",[90m
[31m+       "type": "expense",[90m
[31m+     },[90m
[31m+     {[90m
[31m+       "accountId": "1",[90m
[31m+       "amount": -55,[90m
[31m+       "category": "Health & Fitness",[90m
[31m+       "cleared": true,[90m
[31m+       "date": 2024-09-30T23:00:00.000Z,[90m
[31m+       "description": "Gym Membership",[90m
[31m+       "id": "t295",[90m
[31m+       "type": "expense",[90m
[31m+     },[90m
[31m+     {[90m
[31m+       "accountId": "6",[90m
[31m+       "amount": -27.62,[90m
[31m+       "category": "Groceries",[90m
[31m+       "cleared": true,[90m
[31m+       "date": 2024-09-30T23:00:00.000Z,[90m
[31m+       "description": "Lidl",[90m
[31m+       "id": "t296",[90m
[31m+       "type": "expense",[90m
[31m+     },[90m
[31m+     {[90m
[31m+       "accountId": "5",[90m
[31m+       "amount": -4.25,[90m
[31m+       "category": "Coffee Shops",[90m
[31m+       "cleared": true,[90m
[31m+       "date": 2024-09-30T23:00:00.000Z,[90m
[31m+       "description": "Gail's",[90m
[31m+       "id": "t297",[90m
[31m+       "type": "expense",[90m
[31m+     },[90m
[31m+     {[90m
[31m+       "accountId": "6",[90m
[31m+       "amount": -42.92,[90m
[31m+       "category": "Dining Out",[90m
[31m+       "cleared": true,[90m
[31m+       "date": 2024-10-01T23:00:00.000Z,[90m
[31m+       "description": "Dishoom",[90m
[31m+       "id": "t298",[90m
[31m+       "type": "expense",[90m
[31m+     },[90m
[31m+     {[90m
[31m+       "accountId": "5",[90m
[31m+       "amount": -67.23,[90m
[31m+       "category": "Fuel",[90m
[31m+       "cleared": true,[90m
[31m+       "date": 2024-10-01T23:00:00.000Z,[90m
[31m+       "description": "Texaco",[90m
[31m+       "id": "t299",[90m
[31m+       "type": "expense",[90m
[31m+     },[90m
[31m+     {[90m
[31m+       "accountId": "6",[90m
[31m+       "amount": -16.63,[90m
[31m+       "category": "Subscriptions",[90m
[31m+       "cleared": true,[90m
[31m+       "date": 2024-10-03T23:00:00.000Z,[90m
[31m+       "description": "Amazon Prime",[90m
[31m+       "id": "t300",[90m
[31m+       "type": "expense",[90m
[31m+     },[90m
[31m+     {[90m
[31m+       "accountId": "6",[90m
[31m+       "amount": -62.92,[90m
[31m+       "category": "Groceries",[90m
[31m+       "cleared": true,[90m
[31m+       "date": 2024-10-04T23:00:00.000Z,[90m
[31m+       "description": "Waitrose",[90m
[31m+       "id": "t301",[90m
[31m+       "type": "expense",[90m
[31m+     },[90m
[31m+     {[90m
[31m+       "accountId": "5",[90m
[31m+       "amount": -3.28,[90m
[31m+       "category": "Coffee Shops",[90m
[31m+       "cleared": true,[90m
[31m+       "date": 2024-10-04T23:00:00.000Z,[90m
[31m+       "description": "Nero",[90m
[31m+       "id": "t302",[90m
[31m+       "type": "expense",[90m
[31m+     },[90m
[31m+     {[90m
[31m+       "accountId": "5",[90m
[31m+       "amount": -68.21,[90m
[31m+       "category": "Dining Out",[90m
[31m+       "cleared": true,[90m
[31m+       "date": 2024-10-05T23:00:00.000Z,[90m
[31m+       "description": "Nando's",[90m
[31m+       "id": "t303",[90m
[31m+       "type": "expense",[90m
[31m+     },[90m
[31m+     {[90m
[31m+       "accountId": "5",[90m
[31m+       "amount": -41.75,[90m
[31m+       "category": "Transport",[90m
[31m+       "cleared": true,[90m
[31m+       "date": 2024-10-05T23:00:00.000Z,[90m
[31m+       "description": "Uber",[90m
[31m+       "id": "t304",[90m
[31m+       "type": "expense",[90m
[31m+     },[90m
[31m+     {[90m
[31m+       "accountId": "5",[90m
[31m+       "amount": -55.44,[90m
[31m+       "category": "Entertainment",[90m
[31m+       "cleared": true,[90m
[31m+       "date": 2024-10-05T23:00:00.000Z,[90m
[31m+       "description": "Odeon",[90m
[31m+       "id": "t305",[90m
[31m+       "type": "expense",[90m
[31m+     },[90m
[31m+     {[90m
[31m+       "accountId": "6",[90m
[31m+       "amount": -85.34,[90m
[31m+       "category": "Online Shopping",[90m
[31m+       "cleared": true,[90m
[31m+       "date": 2024-10-05T23:00:00.000Z,[90m
[31m+       "description": "Currys",[90m
[31m+       "id": "t306",[90m
[31m+       "type": "expense",[90m
[31m+     },[90m
[31m+     {[90m
[31m+       "accountId": "5",[90m
[31m+       "amount": -6.45,[90m
[31m+       "category": "Coffee Shops",[90m
[31m+       "cleared": true,[90m
[31m+       "date": 2024-10-05T23:00:00.000Z,[90m
[31m+       "description": "Pret",[90m
[31m+       "id": "t307",[90m
[31m+       "type": "expense",[90m
[31m+     },[90m
[31m+     {[90m
[31m+       "accountId": "5",[90m
[31m+       "amount": -6.99,[90m
[31m+       "category": "Coffee Shops",[90m
[31m+       "cleared": true,[90m
[31m+       "date": 2024-10-06T23:00:00.000Z,[90m
[31m+       "description": "Gail's",[90m
[31m+       "id": "t308",[90m
[31m+       "type": "expense",[90m
[31m+     },[90m
[31m+     {[90m
[31m+       "accountId": "5",[90m
[31m+       "amount": -37.86,[90m
[31m+       "category": "Groceries",[90m
[31m+       "cleared": true,[90m
[31m+       "date": 2024-10-07T23:00:00.000Z,[90m
[31m+       "description": "Lidl",[90m
[31m+       "id": "t309",[90m
[31m+       "type": "expense",[90m
[31m+     },[90m
[31m+     {[90m
[31m+       "accountId": "6",[90m
[31m+       "amount": -5.73,[90m
[31m+       "category": "Coffee Shops",[90m
[31m+       "cleared": true,[90m
[31m+       "date": 2024-10-07T23:00:00.000Z,[90m
[31m+       "description": "Starbucks",[90m
[31m+       "id": "t310",[90m
[31m+       "type": "expense",[90m
[31m+     },[90m
[31m+     {[90m
[31m+       "accountId": "5",[90m
[31m+       "amount": -20.94,[90m
[31m+       "category": "Transport",[90m
[31m+       "cleared": true,[90m
[31m+       "date": 2024-10-08T23:00:00.000Z,[90m
[31m+       "description": "Citymapper",[90m
[31m+       "id": "t311",[90m
[31m+       "type": "expense",[90m
[31m+     },[90m
[31m+     {[90m
[31m+       "accountId": "6",[90m
[31m+       "amount": -109.09,[90m
[31m+       "category": "Online Shopping",[90m
[31m+       "cleared": true,[90m
[31m+       "date": 2024-10-08T23:00:00.000Z,[90m
[31m+       "description": "Argos",[90m
[31m+       "id": "t312",[90m
[31m+       "type": "expense",[90m
[31m+     },[90m
[31m+     {[90m
[31m+       "accountId": "6",[90m
[31m+       "amount": -6.38,[90m
[31m+       "category": "Coffee Shops",[90m
[31m+       "cleared": true,[90m
[31m+       "date": 2024-10-08T23:00:00.000Z,[90m
[31m+       "description": "Nero",[90m
[31m+       "id": "t313",[90m
[31m+       "type": "expense",[90m
[31m+     },[90m
[31m+     {[90m
[31m+       "accountId": "6",[90m
[31m+       "amount": -51.92,[90m
[31m+       "category": "Groceries",[90m
[31m+       "cleared": true,[90m
[31m+       "date": 2024-10-09T23:00:00.000Z,[90m
[31m+       "description": "Tesco",[90m
[31m+       "id": "t314",[90m
[31m+       "type": "expense",[90m
[31m+     },[90m
[31m+     {[90m
[31m+       "accountId": "6",[90m
[31m+       "amount": -6.69,[90m
[31m+       "category": "Coffee Shops",[90m
[31m+       "cleared": true,[90m
[31m+       "date": 2024-10-09T23:00:00.000Z,[90m
[31m+       "description": "Nero",[90m
[31m+       "id": "t315",[90m
[31m+       "type": "expense",[90m
[31m+     },[90m
[31m+     {[90m
[31m+       "accountId": "6",[90m
[31m+       "amount": -6.82,[90m
[31m+       "category": "Coffee Shops",[90m
[31m+       "cleared": true,[90m
[31m+       "date": 2024-10-10T23:00:00.000Z,[90m
[31m+       "description": "Nero",[90m
[31m+       "id": "t316",[90m
[31m+       "type": "expense",[90m
[31m+     },[90m
[31m+     {[90m
[31m+       "accountId": "6",[90m
[31m+       "amount": -36.4,[90m
[31m+       "category": "Groceries",[90m
[31m+       "cleared": true,[90m
[31m+       "date": 2024-10-11T23:00:00.000Z,[90m
[31m+       "description": "Tesco",[90m
[31m+       "id": "t317",[90m
[31m+       "type": "expense",[90m
[31m+     },[90m
[31m+     {[90m
[31m+       "accountId": "6",[90m
[31m+       "amount": -49.57,[90m
[31m+       "category": "Dining Out",[90m
[31m+       "cleared": true,[90m
[31m+       "date": 2024-10-11T23:00:00.000Z,[90m
[31m+       "description": "Wagamama",[90m
[31m+       "id": "t318",[90m
[31m+       "type": "expense",[90m
[31m+     },[90m
[31m+     {[90m
[31m+       "accountId": "6",[90m
[31m+       "amount": -27.03,[90m
[31m+       "category": "Transport",[90m
[31m+       "cleared": true,[90m
[31m+       "date": 2024-10-11T23:00:00.000Z,[90m
[31m+       "description": "Uber",[90m
[31m+       "id": "t319",[90m
[31m+       "type": "expense",[90m
[31m+     },[90m
[31m+     {[90m
[31m+       "accountId": "6",[90m
[31m+       "amount": -110.8,[90m
[31m+       "category": "Online Shopping",[90m
[31m+       "cleared": true,[90m
[31m+       "date": 2024-10-11T23:00:00.000Z,[90m
[31m+       "description": "eBay",[90m
[31m+       "id": "t320",[90m
[31m+       "type": "expense",[90m
[31m+     },[90m
[31m+     {[90m
[31m+       "accountId": "5",[90m
[31m+       "amount": -4.19,[90m
[31m+       "category": "Coffee Shops",[90m
[31m+       "cleared": true,[90m
[31m+       "date": 2024-10-11T23:00:00.000Z,[90m
[31m+       "description": "Pret",[90m
[31m+       "id": "t321",[90m
[31m+       "type": "expense",[90m
[31m+     },[90m
[31m+     {[90m
[31m+       "accountId": "6",[90m
[31m+       "amount": -21.08,[90m
[31m+       "category": "Groceries",[90m
[31m+       "cleared": true,[90m
[31m+       "date": 2024-10-12T23:00:00.000Z,[90m
[31m+       "description": "Tesco",[90m
[31m+       "id": "t322",[90m
[31m+       "type": "expense",[90m
[31m+     },[90m
[31m+     {[90m
[31m+       "accountId": "6",[90m
[31m+       "amount": -41.31,[90m
[31m+       "category": "Transport",[90m
[31m+       "cleared": true,[90m
[31m+       "date": 2024-10-12T23:00:00.000Z,[90m
[31m+       "description": "Addison Lee",[90m
[31m+       "id": "t323",[90m
[31m+       "type": "expense",[90m
[31m+     },[90m
[31m+     {[90m
[31m+       "accountId": "5",[90m
[31m+       "amount": -54.33,[90m
[31m+       "category": "Shopping",[90m
[31m+       "cleared": true,[90m
[31m+       "date": 2024-10-12T23:00:00.000Z,[90m
[31m+       "description": "Next",[90m
[31m+       "id": "t324",[90m
[31m+       "type": "expense",[90m
[31m+     },[90m
[31m+     {[90m
[31m+       "accountId": "5",[90m
[31m+       "amount": -94.66,[90m
[31m+       "category": "Entertainment",[90m
[31m+       "cleared": true,[90m
[31m+       "date": 2024-10-12T23:00:00.000Z,[90m
[31m+       "description": "O2 Arena",[90m
[31m+       "id": "t325",[90m
[31m+       "type": "expense",[90m
[31m+     },[90m
[31m+     {[90m
[31m+       "accountId": "5",[90m
[31m+       "amount": -7.93,[90m
[31m+       "category": "Coffee Shops",[90m
[31m+       "cleared": true,[90m
[31m+       "date": 2024-10-12T23:00:00.000Z,[90m
[31m+       "description": "Gail's",[90m
[31m+       "id": "t326",[90m
[31m+       "type": "expense",[90m
[31m+     },[90m
[31m+     {[90m
[31m+       "accountId": "6",[90m
[31m+       "amount": -63.4,[90m
[31m+       "category": "Groceries",[90m
[31m+       "cleared": true,[90m
[31m+       "date": 2024-10-14T23:00:00.000Z,[90m
[31m+       "description": "Aldi",[90m
[31m+       "id": "t327",[90m
[31m+       "type": "expense",[90m
[31m+     },[90m
[31m+     {[90m
[31m+       "accountId": "6",[90m
[31m+       "amount": -5.61,[90m
[31m+       "category": "Coffee Shops",[90m
[31m+       "cleared": true,[90m
[31m+       "date": 2024-10-14T23:00:00.000Z,[90m
[31m+       "description": "Pret",[90m
[31m+       "id": "t328",[90m
[31m+       "type": "expense",[90m
[31m+     },[90m
[31m+     {[90m
[31m+       "accountId": "6",[90m
[31m+       "amount": -98.96,[90m
[31m+       "category": "Dining Out",[90m
[31m+       "cleared": true,[90m
[31m+       "date": 2024-10-15T23:00:00.000Z,[90m
[31m+       "description": "Pizza Express",[90m
[31m+       "id": "t329",[90m
[31m+       "type": "expense",[90m
[31m+     },[90m
[31m+     {[90m
[31m+       "accountId": "6",[90m
[31m+       "amount": -36.46,[90m
[31m+       "category": "Online Shopping",[90m
[31m+       "cleared": true,[90m
[31m+       "date": 2024-10-15T23:00:00.000Z,[90m
[31m+       "description": "Argos",[90m
[31m+       "id": "t330",[90m
[31m+       "type": "expense",[90m
[31m+     },[90m
[31m+     {[90m
[31m+       "accountId": "5",[90m
[31m+       "amount": -7.21,[90m
[31m+       "category": "Coffee Shops",[90m
[31m+       "cleared": true,[90m
[31m+       "date": 2024-10-15T23:00:00.000Z,[90m
[31m+       "description": "Gail's",[90m
[31m+       "id": "t331",[90m
[31m+       "type": "expense",[90m
[31m+     },[90m
[31m+     {[90m
[31m+       "accountId": "6",[90m
[31m+       "amount": -40.47,[90m
[31m+       "category": "Groceries",[90m
[31m+       "cleared": true,[90m
[31m+       "date": 2024-10-16T23:00:00.000Z,[90m
[31m+       "description": "Waitrose",[90m
[31m+       "id": "t332",[90m
[31m+       "type": "expense",[90m
[31m+     },[90m
[31m+     {[90m
[31m+       "accountId": "5",[90m
[31m+       "amount": -5.71,[90m
[31m+       "category": "Coffee Shops",[90m
[31m+       "cleared": true,[90m
[31m+       "date": 2024-10-16T23:00:00.000Z,[90m
[31m+       "description": "Starbucks",[90m
[31m+       "id": "t333",[90m
[31m+       "type": "expense",[90m
[31m+     },[90m
[31m+     {[90m
[31m+       "accountId": "6",[90m
[31m+       "amount": -6.63,[90m
[31m+       "category": "Coffee Shops",[90m
[31m+       "cleared": true,[90m
[31m+       "date": 2024-10-17T23:00:00.000Z,[90m
[31m+       "description": "Nero",[90m
[31m+       "id": "t334",[90m
[31m+       "type": "expense",[90m
[31m+     },[90m
[31m+     {[90m
[31m+       "accountId": "5",[90m
[31m+       "amount": -74.46,[90m
[31m+       "category": "Groceries",[90m
[31m+       "cleared": true,[90m
[31m+       "date": 2024-10-18T23:00:00.000Z,[90m
[31m+       "description": "Tesco",[90m
[31m+       "id": "t335",[90m
[31m+       "type": "expense",[90m
[31m+     },[90m
[31m+     {[90m
[31m+       "accountId": "6",[90m
[31m+       "amount": -6.45,[90m
[31m+       "category": "Coffee Shops",[90m
[31m+       "cleared": true,[90m
[31m+       "date": 2024-10-18T23:00:00.000Z,[90m
[31m+       "description": "Nero",[90m
[31m+       "id": "t336",[90m
[31m+       "type": "expense",[90m
[31m+     },[90m
[31m+     {[90m
[31m+       "accountId": "6",[90m
[31m+       "amount": -55.34,[90m
[31m+       "category": "Groceries",[90m
[31m+       "cleared": true,[90m
[31m+       "date": 2024-10-21T23:00:00.000Z,[90m
[31m+       "description": "Sainsbury's",[90m
[31m+       "id": "t337",[90m
[31m+       "type": "expense",[90m
[31m+     },[90m
[31m+     {[90m
[31m+       "accountId": "5",[90m
[31m+       "amount": -5.92,[90m
[31m+       "category": "Coffee Shops",[90m
[31m+       "cleared": true,[90m
[31m+       "date": 2024-10-21T23:00:00.000Z,[90m
[31m+       "description": "Costa",[90m
[31m+       "id": "t338",[90m
[31m+       "type": "expense",[90m
[31m+     },[90m
[31m+     {[90m
[31m+       "accountId": "5",[90m
[31m+       "amount": -7.1,[90m
[31m+       "category": "Coffee Shops",[90m
[31m+       "cleared": true,[90m
[31m+       "date": 2024-10-24T23:00:00.000Z,[90m
[31m+       "description": "Gail's",[90m
[31m+       "id": "t339",[90m
[31m+       "type": "expense",[90m
[31m+     },[90m
[31m+     {[90m
[31m+       "accountId": "5",[90m
[31m+       "amount": -71.68,[90m
[31m+       "category": "Groceries",[90m
[31m+       "cleared": true,[90m
[31m+       "date": 2024-10-25T23:00:00.000Z,[90m
[31m+       "description": "Morrisons",[90m
[31m+       "id": "t340",[90m
[31m+       "type": "expense",[90m
[31m+     },[90m
[31m+     {[90m
[31m+       "accountId": "5",[90m
[31m+       "amount": -85.36,[90m
[31m+       "category": "Dining Out",[90m
[31m+       "cleared": true,[90m
[31m+       "date": 2024-10-25T23:00:00.000Z,[90m
[31m+       "description": "Franco Manca",[90m
[31m+       "id": "t341",[90m
[31m+       "type": "expense",[90m
[31m+     },[90m
[31m+     {[90m
[31m+       "accountId": "6",[90m
[31m+       "amount": -46.54,[90m
[31m+       "category": "Transport",[90m
[31m+       "cleared": true,[90m
[31m+       "date": 2024-10-25T23:00:00.000Z,[90m
[31m+       "description": "Citymapper",[90m
[31m+       "id": "t342",[90m
[31m+       "type": "expense",[90m
[31m+     },[90m
[31m+     {[90m
[31m+       "accountId": "5",[90m
[31m+       "amount": -37.41,[90m
[31m+       "category": "Online Shopping",[90m
[31m+       "cleared": true,[90m
[31m+       "date": 2024-10-25T23:00:00.000Z,[90m
[31m+       "description": "Currys",[90m
[31m+       "id": "t343",[90m
[31m+       "type": "expense",[90m
[31m+     },[90m
[31m+     {[90m
[31m+       "accountId": "5",[90m
[31m+       "amount": -4.82,[90m
[31m+       "category": "Coffee Shops",[90m
[31m+       "cleared": true,[90m
[31m+       "date": 2024-10-25T23:00:00.000Z,[90m
[31m+       "description": "Pret",[90m
[31m+       "id": "t344",[90m
[31m+       "type": "expense",[90m
[31m+     },[90m
[31m+     {[90m
[31m+       "accountId": "6",[90m
[31m+       "amount": -158.8,[90m
[31m+       "category": "Shopping",[90m
[31m+       "cleared": true,[90m
[31m+       "date": 2024-10-26T23:00:00.000Z,[90m
[31m+       "description": "Selfridges",[90m
[31m+       "id": "t345",[90m
[31m+       "type": "expense",[90m
[31m+     },[90m
[31m+     {[90m
[31m+       "accountId": "6",[90m
[31m+       "amount": -35.09,[90m
[31m+       "category": "Entertainment",[90m
[31m+       "cleared": true,[90m
[31m+       "date": 2024-10-26T23:00:00.000Z,[90m
[31m+       "description": "Odeon",[90m
[31m+       "id": "t346",[90m
[31m+       "type": "expense",[90m
[31m+     },[90m
[31m+     {[90m
[31m+       "accountId": "5",[90m
[31m+       "amount": -3.89,[90m
[31m+       "category": "Coffee Shops",[90m
[31m+       "cleared": true,[90m
[31m+       "date": 2024-10-26T23:00:00.000Z,[90m
[31m+       "description": "Nero",[90m
[31m+       "id": "t347",[90m
[31m+       "type": "expense",[90m
[31m+     },[90m
[31m+     {[90m
[31m+       "accountId": "6",[90m
[31m+       "amount": -5.61,[90m
[31m+       "category": "Coffee Shops",[90m
[31m+       "cleared": true,[90m
[31m+       "date": 2024-10-28T00:00:00.000Z,[90m
[31m+       "description": "Costa",[90m
[31m+       "id": "t348",[90m
[31m+       "type": "expense",[90m
[31m+     },[90m
[31m+     {[90m
[31m+       "accountId": "6",[90m
[31m+       "amount": -75.27,[90m
[31m+       "category": "Groceries",[90m
[31m+       "cleared": false,[90m
[31m+       "date": 2024-10-29T00:00:00.000Z,[90m
[31m+       "description": "ASDA",[90m
[31m+       "id": "t349",[90m
[31m+       "type": "expense",[90m
[31m+     },[90m
[31m+     {[90m
[31m+       "accountId": "6",[90m
[31m+       "amount": -3.36,[90m
[31m+       "category": "Coffee Shops",[90m
[31m+       "cleared": false,[90m
[31m+       "date": 2024-10-29T00:00:00.000Z,[90m
[31m+       "description": "Costa",[90m
[31m+       "id": "t350",[90m
[31m+       "type": "expense",[90m
[31m+     },[90m
[31m+     {[90m
[31m+       "accountId": "6",[90m
[31m+       "amount": -23.85,[90m
[31m+       "category": "Transport",[90m
[31m+       "cleared": false,[90m
[31m+       "date": 2024-10-30T00:00:00.000Z,[90m
[31m+       "description": "National Rail",[90m
[31m+       "id": "t351",[90m
[31m+       "type": "expense",[90m
[31m+     },[90m
[31m+     {[90m
[31m+       "accountId": "5",[90m
[31m+       "amount": -38.05,[90m
[31m+       "category": "Online Shopping",[90m
[31m+       "cleared": false,[90m
[31m+       "date": 2024-10-30T00:00:00.000Z,[90m
[31m+       "description": "Currys",[90m
[31m+       "id": "t352",[90m
[31m+       "type": "expense",[90m
[31m+     },[90m
[31m+     {[90m
[31m+       "accountId": "5",[90m
[31m+       "amount": -7.45,[90m
[31m+       "category": "Coffee Shops",[90m
[31m+       "cleared": false,[90m
[31m+       "date": 2024-10-30T00:00:00.000Z,[90m
[31m+       "description": "Gail's",[90m
[31m+       "id": "t353",[90m
[31m+       "type": "expense",[90m
[31m+     },[90m
[31m+     {[90m
[31m+       "accountId": "6",[90m
[31m+       "amount": -44.42,[90m
[31m+       "category": "Groceries",[90m
[31m+       "cleared": false,[90m
[31m+       "date": 2024-10-31T00:00:00.000Z,[90m
[31m+       "description": "Waitrose",[90m
[31m+       "id": "t354",[90m
[31m+       "type": "expense",[90m
[31m+     },[90m
[31m+     {[90m
[31m+       "accountId": "5",[90m
[31m+       "amount": -5.81,[90m
[31m+       "category": "Coffee Shops",[90m
[31m+       "cleared": false,[90m
[31m+       "date": 2024-10-31T00:00:00.000Z,[90m
[31m+       "description": "Costa",[90m
[31m+       "id": "t355",[90m
[31m+       "type": "expense",[90m
[31m+     },[90m
[31m+     {[90m
[31m+       "accountId": "1",[90m
[31m+       "amount": -2133.24,[90m
[31m+       "category": "transfer",[90m
[31m+       "cleared": true,[90m
[31m+       "date": 2024-10-13T23:00:00.000Z,[90m
[31m+       "description": "Credit Card Payment - Natwest",[90m
[31m+       "id": "t356",[90m
[31m+       "type": "transfer",[90m
[31m+     },[90m
[31m+     {[90m
[31m+       "accountId": "5",[90m
[31m+       "amount": 2133.24,[90m
[31m+       "category": "transfer",[90m
[31m+       "cleared": true,[90m
[31m+       "date": 2024-10-13T23:00:00.000Z,[90m
[31m+       "description": "Credit Card Payment - Natwest",[90m
[31m+       "id": "t357",[90m
[31m+       "type": "transfer",[90m
[31m+     },[90m
[31m+     {[90m
[31m+       "accountId": "1",[90m
[31m+       "amount": -1948.26,[90m
[31m+       "category": "transfer",[90m
[31m+       "cleared": true,[90m
[31m+       "date": 2024-10-13T23:00:00.000Z,[90m
[31m+       "description": "Credit Card Payment - American Express",[90m
[31m+       "id": "t358",[90m
[31m+       "type": "transfer",[90m
[31m+     },[90m
[31m+     {[90m
[31m+       "accountId": "6",[90m
[31m+       "amount": 1948.26,[90m
[31m+       "category": "transfer",[90m
[31m+       "cleared": true,[90m
[31m+       "date": 2024-10-13T23:00:00.000Z,[90m
[31m+       "description": "Credit Card Payment - American Express",[90m
[31m+       "id": "t359",[90m
[31m+       "type": "transfer",[90m
[31m+     },[90m
[31m+     {[90m
[31m+       "accountId": "1",[90m
[31m+       "amount": -3.5000000000002274,[90m
[31m+       "category": "transfer",[90m
[31m+       "cleared": true,[90m
[31m+       "date": 2024-10-31T00:00:00.000Z,[90m
[31m+       "description": "Balance Sweep to Savings",[90m
[31m+       "id": "t360",[90m
[31m+       "type": "transfer",[90m
[31m+     },[90m
[31m+     {[90m
[31m+       "accountId": "3",[90m
[31m+       "amount": 3.5000000000002274,[90m
[31m+       "category": "transfer",[90m
[31m+       "cleared": true,[90m
[31m+       "date": 2024-10-31T00:00:00.000Z,[90m
[31m+       "description": "Balance Sweep from Current",[90m
[31m+       "id": "t361",[90m
[31m+       "type": "transfer",[90m
[31m+     },[90m
[31m+     {[90m
[31m+       "accountId": "1",[90m
[31m+       "amount": 6000,[90m
[31m+       "category": "Salary",[90m
[31m+       "cleared": true,[90m
[31m+       "date": 2024-11-01T00:00:00.000Z,[90m
[31m+       "description": "Monthly Salary",[90m
[31m+       "id": "t362",[90m
[31m+       "type": "income",[90m
[31m+     },[90m
[31m+     {[90m
[31m+       "accountId": "1",[90m
[31m+       "amount": -1200,[90m
[31m+       "category": "transfer",[90m
[31m+       "cleared": true,[90m
[31m+       "date": 2024-11-01T00:00:00.000Z,[90m
[31m+       "description": "Mortgage Payment",[90m
[31m+       "id": "t363",[90m
[31m+       "type": "transfer",[90m
[31m+     },[90m
[31m+     {[90m
[31m+       "accountId": "8",[90m
[31m+       "amount": 1200,[90m
[31m+       "category": "transfer",[90m
[31m+       "cleared": true,[90m
[31m+       "date": 2024-11-01T00:00:00.000Z,[90m
[31m+       "description": "Mortgage Payment",[90m
[31m+       "id": "t364",[90m
[31m+       "type": "transfer",[90m
[31m+     },[90m
[31m+     {[90m
[31m+       "accountId": "1",[90m
[31m+       "amount": -180,[90m
[31m+       "category": "Bills",[90m
[31m+       "cleared": true,[90m
[31m+       "date": 2024-11-01T00:00:00.000Z,[90m
[31m+       "description": "Council Tax",[90m
[31m+       "id": "t365",[90m
[31m+       "type": "expense",[90m
[31m+     },[90m
[31m+     {[90m
[31m+       "accountId": "1",[90m
[31m+       "amount": -150,[90m
[31m+       "category": "Utilities",[90m
[31m+       "cleared": true,[90m
[31m+       "date": 2024-11-01T00:00:00.000Z,[90m
[31m+       "description": "Gas & Electric",[90m
[31m+       "id": "t366",[90m
[31m+       "type": "expense",[90m
[31m+     },[90m
[31m+     {[90m
[31m+       "accountId": "1",[90m
[31m+       "amount": -45,[90m
[31m+       "category": "Utilities",[90m
[31m+       "cleared": true,[90m
[31m+       "date": 2024-11-01T00:00:00.000Z,[90m
[31m+       "description": "Water Bill",[90m
[31m+       "id": "t367",[90m
[31m+       "type": "expense",[90m
[31m+     },[90m
[31m+     {[90m
[31m+       "accountId": "1",[90m
[31m+       "amount": -55,[90m
[31m+       "category": "Utilities",[90m
[31m+       "cleared": true,[90m
[31m+       "date": 2024-11-01T00:00:00.000Z,[90m
[31m+       "description": "Internet & Phone",[90m
[31m+       "id": "t368",[90m
[31m+       "type": "expense",[90m
[31m+     },[90m
[31m+     {[90m
[31m+       "accountId": "1",[90m
[31m+       "amount": -35,[90m
[31m+       "category": "Bills",[90m
[31m+       "cleared": true,[90m
[31m+       "date": 2024-11-01T00:00:00.000Z,[90m
[31m+       "description": "Mobile Phone",[90m
[31m+       "id": "t369",[90m
[31m+       "type": "expense",[90m
[31m+     },[90m
[31m+     {[90m
[31m+       "accountId": "1",[90m
[31m+       "amount": -65,[90m
[31m+       "category": "Insurance",[90m
[31m+       "cleared": true,[90m
[31m+       "date": 2024-11-01T00:00:00.000Z,[90m
[31m+       "description": "Home Insurance",[90m
[31m+       "id": "t370",[90m
[31m+       "type": "expense",[90m
[31m+     },[90m
[31m+     {[90m
[31m+       "accountId": "1",[90m
[31m+       "amount": -45,[90m
[31m+       "category": "Insurance",[90m
[31m+       "cleared": true,[90m
[31m+       "date": 2024-11-01T00:00:00.000Z,[90m
[31m+       "description": "Life Insurance",[90m
[31m+       "id": "t371",[90m
[31m+       "type": "expense",[90m
[31m+     },[90m
[31m+     {[90m
[31m+       "accountId": "1",[90m
[31m+       "amount": -85,[90m
[31m+       "category": "Insurance",[90m
[31m+       "cleared": true,[90m
[31m+       "date": 2024-11-01T00:00:00.000Z,[90m
[31m+       "description": "Car Insurance",[90m
[31m+       "id": "t372",[90m
[31m+       "type": "expense",[90m
[31m+     },[90m
[31m+     {[90m
[31m+       "accountId": "1",[90m
[31m+       "amount": -55,[90m
[31m+       "category": "Health & Fitness",[90m
[31m+       "cleared": true,[90m
[31m+       "date": 2024-11-01T00:00:00.000Z,[90m
[31m+       "description": "Gym Membership",[90m
[31m+       "id": "t373",[90m
[31m+       "type": "expense",[90m
[31m+     },[90m
[31m+     {[90m
[31m+       "accountId": "6",[90m
[31m+       "amount": -5.14,[90m
[31m+       "category": "Coffee Shops",[90m
[31m+       "cleared": true,[90m
[31m+       "date": 2024-11-01T00:00:00.000Z,[90m
[31m+       "description": "Nero",[90m
[31m+       "id": "t374",[90m
[31m+       "type": "expense",[90m
[31m+     },[90m
[31m+     {[90m
[31m+       "accountId": "5",[90m
[31m+       "amount": -97.28,[90m
[31m+       "category": "Dining Out",[90m
[31m+       "cleared": true,[90m
[31m+       "date": 2024-11-02T00:00:00.000Z,[90m
[31m+       "description": "Franco Manca",[90m
[31m+       "id": "t375",[90m
[31m+       "type": "expense",[90m
[31m+     },[90m
[31m+     {[90m
[31m+       "accountId": "6",[90m
[31m+       "amount": -49.84,[90m
[31m+       "category": "Transport",[90m
[31m+       "cleared": true,[90m
[31m+       "date": 2024-11-02T00:00:00.000Z,[90m
[31m+       "description": "Citymapper",[90m
[31m+       "id": "t376",[90m
[31m+       "type": "expense",[90m
[31m+     },[90m
[31m+     {[90m
[31m+       "accountId": "6",[90m
[31m+       "amount": -41.16,[90m
[31m+       "category": "Online Shopping",[90m
[31m+       "cleared": true,[90m
[31m+       "date": 2024-11-02T00:00:00.000Z,[90m
[31m+       "description": "Argos",[90m
[31m+       "id": "t377",[90m
[31m+       "type": "expense",[90m
[31m+     },[90m
[31m+     {[90m
[31m+       "accountId": "6",[90m
[31m+       "amount": -5.22,[90m
[31m+       "category": "Coffee Shops",[90m
[31m+       "cleared": true,[90m
[31m+       "date": 2024-11-04T00:00:00.000Z,[90m
[31m+       "description": "Starbucks",[90m
[31m+       "id": "t378",[90m
[31m+       "type": "expense",[90m
[31m+     },[90m
[31m+     {[90m
[31m+       "accountId": "6",[90m
[31m+       "amount": -14.45,[90m
[31m+       "category": "Subscriptions",[90m
[31m+       "cleared": true,[90m
[31m+       "date": 2024-11-04T00:00:00.000Z,[90m
[31m+       "description": "Apple Music",[90m
[31m+       "id": "t379",[90m
[31m+       "type": "expense",[90m
[31m+     },[90m
[31m+     {[90m
[31m+       "accountId": "6",[90m
[31m+       "amount": -31.51,[90m
[31m+       "category": "Transport",[90m
[31m+       "cleared": true,[90m
[31m+       "date": 2024-11-06T00:00:00.000Z,[90m
[31m+       "description": "Citymapper",[90m
[31m+       "id": "t380",[90m
[31m+       "type": "expense",[90m
[31m+     },[90m
[31m+     {[90m
[31m+       "accountId": "6",[90m
[31m+       "amount": -123.03,[90m
[31m+       "category": "Online Shopping",[90m
[31m+       "cleared": true,[90m
[31m+       "date": 2024-11-06T00:00:00.000Z,[90m
[31m+       "description": "Argos",[90m
[31m+       "id": "t381",[90m
[31m+       "type": "expense",[90m
[31m+     },[90m
[31m+     {[90m
[31m+       "accountId": "6",[90m
[31m+       "amount": -7.48,[90m
[31m+       "category": "Coffee Shops",[90m
[31m+       "cleared": true,[90m
[31m+       "date": 2024-11-06T00:00:00.000Z,[90m
[31m+       "description": "Pret",[90m
[31m+       "id": "t382",[90m
[31m+       "type": "expense",[90m
[31m+     },[90m
[31m+     {[90m
[31m+       "accountId": "6",[90m
[31m+       "amount": -6.51,[90m
[31m+       "category": "Coffee Shops",[90m
[31m+       "cleared": true,[90m
[31m+       "date": 2024-11-07T00:00:00.000Z,[90m
[31m+       "description": "Gail's",[90m
[31m+       "id": "t383",[90m
[31m+       "type": "expense",[90m
[31m+     },[90m
[31m+     {[90m
[31m+       "accountId": "5",[90m
[31m+       "amount": -3.61,[90m
[31m+       "category": "Coffee Shops",[90m
[31m+       "cleared": true,[90m
[31m+       "date": 2024-11-08T00:00:00.000Z,[90m
[31m+       "description": "Costa",[90m
[31m+       "id": "t384",[90m
[31m+       "type": "expense",[90m
[31m+     },[90m
[31m+     {[90m
[31m+       "accountId": "6",[90m
[31m+       "amount": -77.79,[90m
[31m+       "category": "Groceries",[90m
[31m+       "cleared": true,[90m
[31m+       "date": 2024-11-09T00:00:00.000Z,[90m
[31m+       "description": "Tesco",[90m
[31m+       "id": "t385",[90m
[31m+       "type": "expense",[90m
[31m+     },[90m
[31m+     {[90m
[31m+       "accountId": "6",[90m
[31m+       "amount": -93.98,[90m
[31m+       "category": "Dining Out",[90m
[31m+       "cleared": true,[90m
[31m+       "date": 2024-11-09T00:00:00.000Z,[90m
[31m+       "description": "Nando's",[90m
[31m+       "id": "t386",[90m
[31m+       "type": "expense",[90m
[31m+     },[90m
[31m+     {[90m
[31m+       "accountId": "6",[90m
[31m+       "amount": -34.87,[90m
[31m+       "category": "Transport",[90m
[31m+       "cleared": true,[90m
[31m+       "date": 2024-11-09T00:00:00.000Z,[90m
[31m+       "description": "Citymapper",[90m
[31m+       "id": "t387",[90m
[31m+       "type": "expense",[90m
[31m+     },[90m
[31m+     {[90m
[31m+       "accountId": "5",[90m
[31m+       "amount": -83.65,[90m
[31m+       "category": "Online Shopping",[90m
[31m+       "cleared": true,[90m
[31m+       "date": 2024-11-09T00:00:00.000Z,[90m
[31m+       "description": "Currys",[90m
[31m+       "id": "t388",[90m
[31m+       "type": "expense",[90m
[31m+     },[90m
[31m+     {[90m
[31m+       "accountId": "5",[90m
[31m+       "amount": -3.39,[90m
[31m+       "category": "Coffee Shops",[90m
[31m+       "cleared": true,[90m
[31m+       "date": 2024-11-09T00:00:00.000Z,[90m
[31m+       "description": "Starbucks",[90m
[31m+       "id": "t389",[90m
[31m+       "type": "expense",[90m
[31m+     },[90m
[31m+     {[90m
[31m+       "accountId": "5",[90m
[31m+       "amount": -57.28,[90m
[31m+       "category": "Groceries",[90m
[31m+       "cleared": true,[90m
[31m+       "date": 2024-11-10T00:00:00.000Z,[90m
[31m+       "description": "Aldi",[90m
[31m+       "id": "t390",[90m
[31m+       "type": "expense",[90m
[31m+     },[90m
[31m+     {[90m
[31m+       "accountId": "5",[90m
[31m+       "amount": -61.74,[90m
[31m+       "category": "Dining Out",[90m
[31m+       "cleared": true,[90m
[31m+       "date": 2024-11-10T00:00:00.000Z,[90m
[31m+       "description": "Nando's",[90m
[31m+       "id": "t391",[90m
[31m+       "type": "expense",[90m
[31m+     },[90m
[31m+     {[90m
[31m+       "accountId": "6",[90m
[31m+       "amount": -40.6,[90m
[31m+       "category": "Transport",[90m
[31m+       "cleared": true,[90m
[31m+       "date": 2024-11-10T00:00:00.000Z,[90m
[31m+       "description": "Addison Lee",[90m
[31m+       "id": "t392",[90m
[31m+       "type": "expense",[90m
[31m+     },[90m
[31m+     {[90m
[31m+       "accountId": "6",[90m
[31m+       "amount": -101.45,[90m
[31m+       "category": "Shopping",[90m
[31m+       "cleared": true,[90m
[31m+       "date": 2024-11-10T00:00:00.000Z,[90m
[31m+       "description": "Zara",[90m
[31m+       "id": "t393",[90m
[31m+       "type": "expense",[90m
[31m+     },[90m
[31m+     {[90m
[31m+       "accountId": "5",[90m
[31m+       "amount": -6.99,[90m
[31m+       "category": "Coffee Shops",[90m
[31m+       "cleared": true,[90m
[31m+       "date": 2024-11-10T00:00:00.000Z,[90m
[31m+       "description": "Costa",[90m
[31m+       "id": "t394",[90m
[31m+       "type": "expense",[90m
[31m+     },[90m
[31m+     {[90m
[31m+       "accountId": "5",[90m
[31m+       "amount": -5,[90m
[31m+       "category": "Coffee Shops",[90m
[31m+       "cleared": true,[90m
[31m+       "date": 2024-11-11T00:00:00.000Z,[90m
[31m+       "description": "Costa",[90m
[31m+       "id": "t395",[90m
[31m+       "type": "expense",[90m
[31m+     },[90m
[31m+     {[90m
[31m+       "accountId": "6",[90m
[31m+       "amount": -60.49,[90m
[31m+       "category": "Groceries",[90m
[31m+       "cleared": true,[90m
[31m+       "date": 2024-11-12T00:00:00.000Z,[90m
[31m+       "description": "Lidl",[90m
[31m+       "id": "t396",[90m
[31m+       "type": "expense",[90m
[31m+     },[90m
[31m+     {[90m
[31m+       "accountId": "5",[90m
[31m+       "amount": -5.28,[90m
[31m+       "category": "Coffee Shops",[90m
[31m+       "cleared": true,[90m
[31m+       "date": 2024-11-12T00:00:00.000Z,[90m
[31m+       "description": "Starbucks",[90m
[31m+       "id": "t397",[90m
[31m+       "type": "expense",[90m
[31m+     },[90m
[31m+     {[90m
[31m+       "accountId": "6",[90m
[31m+       "amount": -25.02,[90m
[31m+       "category": "Dining Out",[90m
[31m+       "cleared": true,[90m
[31m+       "date": 2024-11-13T00:00:00.000Z,[90m
[31m+       "description": "Nando's",[90m
[31m+       "id": "t398",[90m
[31m+       "type": "expense",[90m
[31m+     },[90m
[31m+     {[90m
[31m+       "accountId": "6",[90m
[31m+       "amount": -39.31,[90m
[31m+       "category": "Transport",[90m
[31m+       "cleared": true,[90m
[31m+       "date": 2024-11-13T00:00:00.000Z,[90m
[31m+       "description": "TfL",[90m
[31m+       "id": "t399",[90m
[31m+       "type": "expense",[90m
[31m+     },[90m
[31m+     {[90m
[31m+       "accountId": "6",[90m
[31m+       "amount": -114.42,[90m
[31m+       "category": "Online Shopping",[90m
[31m+       "cleared": true,[90m
[31m+       "date": 2024-11-13T00:00:00.000Z,[90m
[31m+       "description": "Currys",[90m
[31m+       "id": "t400",[90m
[31m+       "type": "expense",[90m
[31m+     },[90m
[31m+     {[90m
[31m+       "accountId": "6",[90m
[31m+       "amount": -7.34,[90m
[31m+       "category": "Coffee Shops",[90m
[31m+       "cleared": true,[90m
[31m+       "date": 2024-11-14T00:00:00.000Z,[90m
[31m+       "description": "Pret",[90m
[31m+       "id": "t401",[90m
[31m+       "type": "expense",[90m
[31m+     },[90m
[31m+     {[90m
[31m+       "accountId": "5",[90m
[31m+       "amount": -4.54,[90m
[31m+       "category": "Coffee Shops",[90m
[31m+       "cleared": true,[90m
[31m+       "date": 2024-11-15T00:00:00.000Z,[90m
[31m+       "description": "Starbucks",[90m
[31m+       "id": "t402",[90m
[31m+       "type": "expense",[90m
[31m+     },[90m
[31m+     {[90m
[31m+       "accountId": "5",[90m
[31m+       "amount": -60.24,[90m
[31m+       "category": "Groceries",[90m
[31m+       "cleared": true,[90m
[31m+       "date": 2024-11-16T00:00:00.000Z,[90m
[31m+       "description": "Tesco",[90m
[31m+       "id": "t403",[90m
[31m+       "type": "expense",[90m
[31m+     },[90m
[31m+     {[90m
[31m+       "accountId": "5",[90m
[31m+       "amount": -45.11,[90m
[31m+       "category": "Transport",[90m
[31m+       "cleared": true,[90m
[31m+       "date": 2024-11-16T00:00:00.000Z,[90m
[31m+       "description": "Uber",[90m
[31m+       "id": "t404",[90m
[31m+       "type": "expense",[90m
[31m+     },[90m
[31m+     {[90m
[31m+       "accountId": "5",[90m
[31m+       "amount": -17.99,[90m
[31m+       "category": "Online Shopping",[90m
[31m+       "cleared": true,[90m
[31m+       "date": 2024-11-16T00:00:00.000Z,[90m
[31m+       "description": "eBay",[90m
[31m+       "id": "t405",[90m
[31m+       "type": "expense",[90m
[31m+     },[90m
[31m+     {[90m
[31m+       "accountId": "6",[90m
[31m+       "amount": -3.52,[90m
[31m+       "category": "Coffee Shops",[90m
[31m+       "cleared": true,[90m
[31m+       "date": 2024-11-16T00:00:00.000Z,[90m
[31m+       "description": "Pret",[90m
[31m+       "id": "t406",[90m
[31m+       "type": "expense",[90m
[31m+     },[90m
[31m+     {[90m
[31m+       "accountId": "5",[90m
[31m+       "amount": -73.13,[90m
[31m+       "category": "Groceries",[90m
[31m+       "cleared": true,[90m
[31m+       "date": 2024-11-17T00:00:00.000Z,[90m
[31m+       "description": "ASDA",[90m
[31m+       "id": "t407",[90m
[31m+       "type": "expense",[90m
[31m+     },[90m
[31m+     {[90m
[31m+       "accountId": "6",[90m
[31m+       "amount": -115.95,[90m
[31m+       "category": "Dining Out",[90m
[31m+       "cleared": true,[90m
[31m+       "date": 2024-11-17T00:00:00.000Z,[90m
[31m+       "description": "Pizza Express",[90m
[31m+       "id": "t408",[90m
[31m+       "type": "expense",[90m
[31m+     },[90m
[31m+     {[90m
[31m+       "accountId": "6",[90m
[31m+       "amount": -41.94,[90m
[31m+       "category": "Transport",[90m
[31m+       "cleared": true,[90m
[31m+       "date": 2024-11-17T00:00:00.000Z,[90m
[31m+       "description": "TfL",[90m
[31m+       "id": "t409",[90m
[31m+       "type": "expense",[90m
[31m+     },[90m
[31m+     {[90m
[31m+       "accountId": "5",[90m
[31m+       "amount": -177.13,[90m
[31m+       "category": "Shopping",[90m
[31m+       "cleared": true,[90m
[31m+       "date": 2024-11-17T00:00:00.000Z,[90m
[31m+       "description": "Next",[90m
[31m+       "id": "t410",[90m
[31m+       "type": "expense",[90m
[31m+     },[90m
[31m+     {[90m
[31m+       "accountId": "5",[90m
[31m+       "amount": -33.26,[90m
[31m+       "category": "Entertainment",[90m
[31m+       "cleared": true,[90m
[31m+       "date": 2024-11-17T00:00:00.000Z,[90m
[31m+       "description": "National Theatre",[90m
[31m+       "id": "t411",[90m
[31m+       "type": "expense",[90m
[31m+     },[90m
[31m+     {[90m
[31m+       "accountId": "5",[90m
[31m+       "amount": -5.01,[90m
[31m+       "category": "Coffee Shops",[90m
[31m+       "cleared": true,[90m
[31m+       "date": 2024-11-17T00:00:00.000Z,[90m
[31m+       "description": "Starbucks",[90m
[31m+       "id": "t412",[90m
[31m+       "type": "expense",[90m
[31m+     },[90m
[31m+     {[90m
[31m+       "accountId": "5",[90m
[31m+       "amount": -4.29,[90m
[31m+       "category": "Coffee Shops",[90m
[31m+       "cleared": true,[90m
[31m+       "date": 2024-11-18T00:00:00.000Z,[90m
[31m+       "description": "Costa",[90m
[31m+       "id": "t413",[90m
[31m+       "type": "expense",[90m
[31m+     },[90m
[31m+     {[90m
[31m+       "accountId": "5",[90m
[31m+       "amount": -31.32,[90m
[31m+       "category": "Groceries",[90m
[31m+       "cleared": true,[90m
[31m+       "date": 2024-11-19T00:00:00.000Z,[90m
[31m+       "description": "Waitrose",[90m
[31m+       "id": "t414",[90m
[31m+       "type": "expense",[90m
[31m+     },[90m
[31m+     {[90m
[31m+       "accountId": "5",[90m
[31m+       "amount": -7.9,[90m
[31m+       "category": "Coffee Shops",[90m
[31m+       "cleared": true,[90m
[31m+       "date": 2024-11-19T00:00:00.000Z,[90m
[31m+       "description": "Pret",[90m
[31m+       "id": "t415",[90m
[31m+       "type": "expense",[90m
[31m+     },[90m
[31m+     {[90m
[31m+       "accountId": "5",[90m
[31m+       "amount": -45.11,[90m
[31m+       "category": "Dining Out",[90m
[31m+       "cleared": true,[90m
[31m+       "date": 2024-11-20T00:00:00.000Z,[90m
[31m+       "description": "Nando's",[90m
[31m+       "id": "t416",[90m
[31m+       "type": "expense",[90m
[31m+     },[90m
[31m+     {[90m
[31m+       "accountId": "5",[90m
[31m+       "amount": -20.72,[90m
[31m+       "category": "Transport",[90m
[31m+       "cleared": true,[90m
[31m+       "date": 2024-11-20T00:00:00.000Z,[90m
[31m+       "description": "National Rail",[90m
[31m+       "id": "t417",[90m
[31m+       "type": "expense",[90m
[31m+     },[90m
[31m+     {[90m
[31m+       "accountId": "6",[90m
[31m+       "amount": -115.01,[90m
[31m+       "category": "Online Shopping",[90m
[31m+       "cleared": true,[90m
[31m+       "date": 2024-11-20T00:00:00.000Z,[90m
[31m+       "description": "Currys",[90m
[31m+       "id": "t418",[90m
[31m+       "type": "expense",[90m
[31m+     },[90m
[31m+     {[90m
[31m+       "accountId": "6",[90m
[31m+       "amount": -7.8,[90m
[31m+       "category": "Coffee Shops",[90m
[31m+       "cleared": true,[90m
[31m+       "date": 2024-11-20T00:00:00.000Z,[90m
[31m+       "description": "Gail's",[90m
[31m+       "id": "t419",[90m
[31m+       "type": "expense",[90m
[31m+     },[90m
[31m+     {[90m
[31m+       "accountId": "6",[90m
[31m+       "amount": -4.2,[90m
[31m+       "category": "Coffee Shops",[90m
[31m+       "cleared": true,[90m
[31m+       "date": 2024-11-22T00:00:00.000Z,[90m
[31m+       "description": "Nero",[90m
[31m+       "id": "t420",[90m
[31m+       "type": "expense",[90m
[31m+     },[90m
[31m+     {[90m
[31m+       "accountId": "6",[90m
[31m+       "amount": -58.46,[90m
[31m+       "category": "Dining Out",[90m
[31m+       "cleared": true,[90m
[31m+       "date": 2024-11-23T00:00:00.000Z,[90m
[31m+       "description": "Franco Manca",[90m
[31m+       "id": "t421",[90m
[31m+       "type": "expense",[90m
[31m+     },[90m
[31m+     {[90m
[31m+       "accountId": "6",[90m
[31m+       "amount": -31.57,[90m
[31m+       "category": "Transport",[90m
[31m+       "cleared": true,[90m
[31m+       "date": 2024-11-23T00:00:00.000Z,[90m
[31m+       "description": "Addison Lee",[90m
[31m+       "id": "t422",[90m
[31m+       "type": "expense",[90m
[31m+     },[90m
[31m+     {[90m
[31m+       "accountId": "5",[90m
[31m+       "amount": -69.93,[90m
[31m+       "category": "Online Shopping",[90m
[31m+       "cleared": true,[90m
[31m+       "date": 2024-11-23T00:00:00.000Z,[90m
[31m+       "description": "Argos",[90m
[31m+       "id": "t423",[90m
[31m+       "type": "expense",[90m
[31m+     },[90m
[31m+     {[90m
[31m+       "accountId": "5",[90m
[31m+       "amount": -55.52,[90m
[31m+       "category": "Groceries",[90m
[31m+       "cleared": true,[90m
[31m+       "date": 2024-11-24T00:00:00.000Z,[90m
[31m+       "description": "Tesco",[90m
[31m+       "id": "t424",[90m
[31m+       "type": "expense",[90m
[31m+     },[90m
[31m+     {[90m
[31m+       "accountId": "5",[90m
[31m+       "amount": -35.72,[90m
[31m+       "category": "Dining Out",[90m
[31m+       "cleared": true,[90m
[31m+       "date": 2024-11-24T00:00:00.000Z,[90m
[31m+       "description": "The Ivy",[90m
[31m+       "id": "t425",[90m
[31m+       "type": "expense",[90m
[31m+     },[90m
[31m+     {[90m
[31m+       "accountId": "5",[90m
[31m+       "amount": -33.97,[90m
[31m+       "category": "Transport",[90m
[31m+       "cleared": true,[90m
[31m+       "date": 2024-11-24T00:00:00.000Z,[90m
[31m+       "description": "Addison Lee",[90m
[31m+       "id": "t426",[90m
[31m+       "type": "expense",[90m
[31m+     },[90m
[31m+     {[90m
[31m+       "accountId": "5",[90m
[31m+       "amount": -112.16,[90m
[31m+       "category": "Shopping",[90m
[31m+       "cleared": true,[90m
[31m+       "date": 2024-11-24T00:00:00.000Z,[90m
[31m+       "description": "M&S",[90m
[31m+       "id": "t427",[90m
[31m+       "type": "expense",[90m
[31m+     },[90m
[31m+     {[90m
[31m+       "accountId": "5",[90m
[31m+       "amount": -7.9,[90m
[31m+       "category": "Coffee Shops",[90m
[31m+       "cleared": true,[90m
[31m+       "date": 2024-11-24T00:00:00.000Z,[90m
[31m+       "description": "Pret",[90m
[31m+       "id": "t428",[90m
[31m+       "type": "expense",[90m
[31m+     },[90m
[31m+     {[90m
[31m+       "accountId": "5",[90m
[31m+       "amount": -5.23,[90m
[31m+       "category": "Coffee Shops",[90m
[31m+       "cleared": true,[90m
[31m+       "date": 2024-11-25T00:00:00.000Z,[90m
[31m+       "description": "Nero",[90m
[31m+       "id": "t429",[90m
[31m+       "type": "expense",[90m
[31m+     },[90m
[31m+     {[90m
[31m+       "accountId": "6",[90m
[31m+       "amount": -42.31,[90m
[31m+       "category": "Groceries",[90m
[31m+       "cleared": true,[90m
[31m+       "date": 2024-11-26T00:00:00.000Z,[90m
[31m+       "description": "Tesco",[90m
[31m+       "id": "t430",[90m
[31m+       "type": "expense",[90m
[31m+     },[90m
[31m+     {[90m
[31m+       "accountId": "5",[90m
[31m+       "amount": -32.16,[90m
[31m+       "category": "Groceries",[90m
[31m+       "cleared": false,[90m
[31m+       "date": 2024-11-28T00:00:00.000Z,[90m
[31m+       "description": "Aldi",[90m
[31m+       "id": "t431",[90m
[31m+       "type": "expense",[90m
[31m+     },[90m
[31m+     {[90m
[31m+       "accountId": "5",[90m
[31m+       "amount": -6.71,[90m
[31m+       "category": "Coffee Shops",[90m
[31m+       "cleared": false,[90m
[31m+       "date": 2024-11-28T00:00:00.000Z,[90m
[31m+       "description": "Nero",[90m
[31m+       "id": "t432",[90m
[31m+       "type": "expense",[90m
[31m+     },[90m
[31m+     {[90m
[31m+       "accountId": "6",[90m
[31m+       "amount": -71.31,[90m
[31m+       "category": "Groceries",[90m
[31m+       "cleared": false,[90m
[31m+       "date": 2024-11-30T00:00:00.000Z,[90m
[31m+       "description": "Sainsbury's",[90m
[31m+       "id": "t433",[90m
[31m+       "type": "expense",[90m
[31m+     },[90m
[31m+     {[90m
[31m+       "accountId": "6",[90m
[31m+       "amount": -91.91,[90m
[31m+       "category": "Dining Out",[90m
[31m+       "cleared": false,[90m
[31m+       "date": 2024-11-30T00:00:00.000Z,[90m
[31m+       "description": "Pizza Express",[90m
[31m+       "id": "t434",[90m
[31m+       "type": "expense",[90m
[31m+     },[90m
[31m+     {[90m
[31m+       "accountId": "6",[90m
[31m+       "amount": -21.43,[90m
[31m+       "category": "Transport",[90m
[31m+       "cleared": false,[90m
[31m+       "date": 2024-11-30T00:00:00.000Z,[90m
[31m+       "description": "Citymapper",[90m
[31m+       "id": "t435",[90m
[31m+       "type": "expense",[90m
[31m+     },[90m
[31m+     {[90m
[31m+       "accountId": "5",[90m
[31m+       "amount": -65.42,[90m
[31m+       "category": "Online Shopping",[90m
[31m+       "cleared": false,[90m
[31m+       "date": 2024-11-30T00:00:00.000Z,[90m
[31m+       "description": "Currys",[90m
[31m+       "id": "t436",[90m
[31m+       "type": "expense",[90m
[31m+     },[90m
[31m+     {[90m
[31m+       "accountId": "6",[90m
[31m+       "amount": -6.12,[90m
[31m+       "category": "Coffee Shops",[90m
[31m+       "cleared": false,[90m
[31m+       "date": 2024-11-30T00:00:00.000Z,[90m
[31m+       "description": "Costa",[90m
[31m+       "id": "t437",[90m
[31m+       "type": "expense",[90m
[31m+     },[90m
[31m+     {[90m
[31m+       "accountId": "1",[90m
[31m+       "amount": -828.3799999999999,[90m
[31m+       "category": "transfer",[90m
[31m+       "cleared": true,[90m
[31m+       "date": 2024-11-14T00:00:00.000Z,[90m
[31m+       "description": "Credit Card Payment - Natwest",[90m
[31m+       "id": "t438",[90m
[31m+       "type": "transfer",[90m
[31m+     },[90m
[31m+     {[90m
[31m+       "accountId": "5",[90m
[31m+       "amount": 828.3799999999999,[90m
[31m+       "category": "transfer",[90m
[31m+       "cleared": true,[90m
[31m+       "date": 2024-11-14T00:00:00.000Z,[90m
[31m+       "description": "Credit Card Payment - Natwest",[90m
[31m+       "id": "t439",[90m
[31m+       "type": "transfer",[90m
[31m+     },[90m
[31m+     {[90m
[31m+       "accountId": "1",[90m
[31m+       "amount": -1414.5099999999998,[90m
[31m+       "category": "transfer",[90m
[31m+       "cleared": true,[90m
[31m+       "date": 2024-11-14T00:00:00.000Z,[90m
[31m+       "description": "Credit Card Payment - American Express",[90m
[31m+       "id": "t440",[90m
[31m+       "type": "transfer",[90m
[31m+     },[90m
[31m+     {[90m
[31m+       "accountId": "6",[90m
[31m+       "amount": 1414.5099999999998,[90m
[31m+       "category": "transfer",[90m
[31m+       "cleared": true,[90m
[31m+       "date": 2024-11-14T00:00:00.000Z,[90m
[31m+       "description": "Credit Card Payment - American Express",[90m
[31m+       "id": "t441",[90m
[31m+       "type": "transfer",[90m
[31m+     },[90m
[31m+     {[90m
[31m+       "accountId": "1",[90m
[31m+       "amount": -1842.1100000000001,[90m
[31m+       "category": "transfer",[90m
[31m+       "cleared": true,[90m
[31m+       "date": 2024-11-30T00:00:00.000Z,[90m
[31m+       "description": "Balance Sweep to Savings",[90m
[31m+       "id": "t442",[90m
[31m+       "type": "transfer",[90m
[31m+     },[90m
[31m+     {[90m
[31m+       "accountId": "3",[90m
[31m+       "amount": 1842.1100000000001,[90m
[31m+       "category": "transfer",[90m
[31m+       "cleared": true,[90m
[31m+       "date": 2024-11-30T00:00:00.000Z,[90m
[31m+       "description": "Balance Sweep from Current",[90m
[31m+       "id": "t443",[90m
[31m+       "type": "transfer",[90m
[31m+     },[90m
[31m+     {[90m
[31m+       "accountId": "1",[90m
[31m+       "amount": 6000,[90m
[31m+       "category": "Salary",[90m
[31m+       "cleared": true,[90m
[31m+       "date": 2024-12-01T00:00:00.000Z,[90m
[31m+       "description": "Monthly Salary",[90m
[31m+       "id": "t444",[90m
[31m+       "type": "income",[90m
[31m+     },[90m
[31m+     {[90m
[31m+       "accountId": "1",[90m
[31m+       "amount": -1200,[90m
[31m+       "category": "transfer",[90m
[31m+       "cleared": true,[90m
[31m+       "date": 2024-12-01T00:00:00.000Z,[90m
[31m+       "description": "Mortgage Payment",[90m
[31m+       "id": "t445",[90m
[31m+       "type": "transfer",[90m
[31m+     },[90m
[31m+     {[90m
[31m+       "accountId": "8",[90m
[31m+       "amount": 1200,[90m
[31m+       "category": "transfer",[90m
[31m+       "cleared": true,[90m
[31m+       "date": 2024-12-01T00:00:00.000Z,[90m
[31m+       "description": "Mortgage Payment",[90m
[31m+       "id": "t446",[90m
[31m+       "type": "transfer",[90m
[31m+     },[90m
[31m+     {[90m
[31m+       "accountId": "1",[90m
[31m+       "amount": -180,[90m
[31m+       "category": "Bills",[90m
[31m+       "cleared": true,[90m
[31m+       "date": 2024-12-01T00:00:00.000Z,[90m
[31m+       "description": "Council Tax",[90m
[31m+       "id": "t447",[90m
[31m+       "type": "expense",[90m
[31m+     },[90m
[31m+     {[90m
[31m+       "accountId": "1",[90m
[31m+       "amount": -150,[90m
[31m+       "category": "Utilities",[90m
[31m+       "cleared": true,[90m
[31m+       "date": 2024-12-01T00:00:00.000Z,[90m
[31m+       "description": "Gas & Electric",[90m
[31m+       "id": "t448",[90m
[31m+       "type": "expense",[90m
[31m+     },[90m
[31m+     {[90m
[31m+       "accountId": "1",[90m
[31m+       "amount": -45,[90m
[31m+       "category": "Utilities",[90m
[31m+       "cleared": true,[90m
[31m+       "date": 2024-12-01T00:00:00.000Z,[90m
[31m+       "description": "Water Bill",[90m
[31m+       "id": "t449",[90m
[31m+       "type": "expense",[90m
[31m+     },[90m
[31m+     {[90m
[31m+       "accountId": "1",[90m
[31m+       "amount": -55,[90m
[31m+       "category": "Utilities",[90m
[31m+       "cleared": true,[90m
[31m+       "date": 2024-12-01T00:00:00.000Z,[90m
[31m+       "description": "Internet & Phone",[90m
[31m+       "id": "t450",[90m
[31m+       "type": "expense",[90m
[31m+     },[90m
[31m+     {[90m
[31m+       "accountId": "1",[90m
[31m+       "amount": -35,[90m
[31m+       "category": "Bills",[90m
[31m+       "cleared": true,[90m
[31m+       "date": 2024-12-01T00:00:00.000Z,[90m
[31m+       "description": "Mobile Phone",[90m
[31m+       "id": "t451",[90m
[31m+       "type": "expense",[90m
[31m+     },[90m
[31m+     {[90m
[31m+       "accountId": "1",[90m
[31m+       "amount": -65,[90m
[31m+       "category": "Insurance",[90m
[31m+       "cleared": true,[90m
[31m+       "date": 2024-12-01T00:00:00.000Z,[90m
[31m+       "description": "Home Insurance",[90m
[31m+       "id": "t452",[90m
[31m+       "type": "expense",[90m
[31m+     },[90m
[31m+     {[90m
[31m+       "accountId": "1",[90m
[31m+       "amount": -45,[90m
[31m+       "category": "Insurance",[90m
[31m+       "cleared": true,[90m
[31m+       "date": 2024-12-01T00:00:00.000Z,[90m
[31m+       "description": "Life Insurance",[90m
[31m+       "id": "t453",[90m
[31m+       "type": "expense",[90m
[31m+     },[90m
[31m+     {[90m
[31m+       "accountId": "1",[90m
[31m+       "amount": -85,[90m
[31m+       "category": "Insurance",[90m
[31m+       "cleared": true,[90m
[31m+       "date": 2024-12-01T00:00:00.000Z,[90m
[31m+       "description": "Car Insurance",[90m
[31m+       "id": "t454",[90m
[31m+       "type": "expense",[90m
[31m+     },[90m
[31m+     {[90m
[31m+       "accountId": "1",[90m
[31m+       "amount": -55,[90m
[31m+       "category": "Health & Fitness",[90m
[31m+       "cleared": true,[90m
[31m+       "date": 2024-12-01T00:00:00.000Z,[90m
[31m+       "description": "Gym Membership",[90m
[31m+       "id": "t455",[90m
[31m+       "type": "expense",[90m
[31m+     },[90m
[31m+     {[90m
[31m+       "accountId": "5",[90m
[31m+       "amount": -67,[90m
[31m+       "category": "Groceries",[90m
[31m+       "cleared": true,[90m
[31m+       "date": 2024-12-01T00:00:00.000Z,[90m
[31m+       "description": "Aldi",[90m
[31m+       "id": "t456",[90m
[31m+       "type": "expense",[90m
[31m+     },[90m
[31m+     {[90m
[31m+       "accountId": "6",[90m
[31m+       "amount": -47.51,[90m
[31m+       "category": "Dining Out",[90m
[31m+       "cleared": true,[90m
[31m+       "date": 2024-12-01T00:00:00.000Z,[90m
[31m+       "description": "Wagamama",[90m
[31m+       "id": "t457",[90m
[31m+       "type": "expense",[90m
[31m+     },[90m
[31m+     {[90m
[31m+       "accountId": "6",[90m
[31m+       "amount": -27.26,[90m
[31m+       "category": "Transport",[90m
[31m+       "cleared": true,[90m
[31m+       "date": 2024-12-01T00:00:00.000Z,[90m
[31m+       "description": "Uber",[90m
[31m+       "id": "t458",[90m
[31m+       "type": "expense",[90m
[31m+     },[90m
[31m+     {[90m
[31m+       "accountId": "5",[90m
[31m+       "amount": -183.83,[90m
[31m+       "category": "Shopping",[90m
[31m+       "cleared": true,[90m
[31m+       "date": 2024-12-01T00:00:00.000Z,[90m
[31m+       "description": "ASOS",[90m
[31m+       "id": "t459",[90m
[31m+       "type": "expense",[90m
[31m+     },[90m
[31m+     {[90m
[31m+       "accountId": "5",[90m
[31m+       "amount": -99.15,[90m
[31m+       "category": "Entertainment",[90m
[31m+       "cleared": true,[90m
[31m+       "date": 2024-12-01T00:00:00.000Z,[90m
[31m+       "description": "O2 Arena",[90m
[31m+       "id": "t460",[90m
[31m+       "type": "expense",[90m
[31m+     },[90m
[31m+     {[90m
[31m+       "accountId": "5",[90m
[31m+       "amount": -37.17,[90m
[31m+       "category": "Online Shopping",[90m
[31m+       "cleared": true,[90m
[31m+       "date": 2024-12-01T00:00:00.000Z,[90m
[31m+       "description": "Apple Store",[90m
[31m+       "id": "t461",[90m
[31m+       "type": "expense",[90m
[31m+     },[90m
[31m+     {[90m
[31m+       "accountId": "6",[90m
[31m+       "amount": -5.42,[90m
[31m+       "category": "Coffee Shops",[90m
[31m+       "cleared": true,[90m
[31m+       "date": 2024-12-01T00:00:00.000Z,[90m
[31m+       "description": "Gail's",[90m
[31m+       "id": "t462",[90m
[31m+       "type": "expense",[90m
[31m+     },[90m
[31m+     {[90m
[31m+       "accountId": "5",[90m
[31m+       "amount": -4.27,[90m
[31m+       "category": "Coffee Shops",[90m
[31m+       "cleared": true,[90m
[31m+       "date": 2024-12-02T00:00:00.000Z,[90m
[31m+       "description": "Costa",[90m
[31m+       "id": "t463",[90m
[31m+       "type": "expense",[90m
[31m+     },[90m
[31m+     {[90m
[31m+       "accountId": "5",[90m
[31m+       "amount": -72.18,[90m
[31m+       "category": "Fuel",[90m
[31m+       "cleared": true,[90m
[31m+       "date": 2024-12-02T00:00:00.000Z,[90m
[31m+       "description": "BP",[90m
[31m+       "id": "t464",[90m
[31m+       "type": "expense",[90m
[31m+     },[90m
[31m+     {[90m
[31m+       "accountId": "5",[90m
[31m+       "amount": -56.49,[90m
[31m+       "category": "Groceries",[90m
[31m+       "cleared": true,[90m
[31m+       "date": 2024-12-03T00:00:00.000Z,[90m
[31m+       "description": "Tesco",[90m
[31m+       "id": "t465",[90m
[31m+       "type": "expense",[90m
[31m+     },[90m
[31m+     {[90m
[31m+       "accountId": "6",[90m
[31m+       "amount": -6.18,[90m
[31m+       "category": "Coffee Shops",[90m
[31m+       "cleared": true,[90m
[31m+       "date": 2024-12-03T00:00:00.000Z,[90m
[31m+       "description": "Starbucks",[90m
[31m+       "id": "t466",[90m
[31m+       "type": "expense",[90m
[31m+     },[90m
[31m+     {[90m
[31m+       "accountId": "5",[90m
[31m+       "amount": -36.31,[90m
[31m+       "category": "Dining Out",[90m
[31m+       "cleared": true,[90m
[31m+       "date": 2024-12-04T00:00:00.000Z,[90m
[31m+       "description": "Dishoom",[90m
[31m+       "id": "t467",[90m
[31m+       "type": "expense",[90m
[31m+     },[90m
[31m+     {[90m
[31m+       "accountId": "5",[90m
[31m+       "amount": -20.29,[90m
[31m+       "category": "Transport",[90m
[31m+       "cleared": true,[90m
[31m+       "date": 2024-12-04T00:00:00.000Z,[90m
[31m+       "description": "TfL",[90m
[31m+       "id": "t468",[90m
[31m+       "type": "expense",[90m
[31m+     },[90m
[31m+     {[90m
[31m+       "accountId": "5",[90m
[31m+       "amount": -149.06,[90m
[31m+       "category": "Online Shopping",[90m
[31m+       "cleared": true,[90m
[31m+       "date": 2024-12-04T00:00:00.000Z,[90m
[31m+       "description": "Apple Store",[90m
[31m+       "id": "t469",[90m
[31m+       "type": "expense",[90m
[31m+     },[90m
[31m+     {[90m
[31m+       "accountId": "6",[90m
[31m+       "amount": -5.88,[90m
[31m+       "category": "Coffee Shops",[90m
[31m+       "cleared": true,[90m
[31m+       "date": 2024-12-04T00:00:00.000Z,[90m
[31m+       "description": "Nero",[90m
[31m+       "id": "t470",[90m
[31m+       "type": "expense",[90m
[31m+     },[90m
[31m+     {[90m
[31m+       "accountId": "6",[90m
[31m+       "amount": -79.73,[90m
[31m+       "category": "Groceries",[90m
[31m+       "cleared": true,[90m
[31m+       "date": 2024-12-08T00:00:00.000Z,[90m
[31m+       "description": "Waitrose",[90m
[31m+       "id": "t471",[90m
[31m+       "type": "expense",[90m
[31m+     },[90m
[31m+     {[90m
[31m+       "accountId": "6",[90m
[31m+       "amount": -103.38,[90m
[31m+       "category": "Dining Out",[90m
[31m+       "cleared": true,[90m
[31m+       "date": 2024-12-08T00:00:00.000Z,[90m
[31m+       "description": "The Ivy",[90m
[31m+       "id": "t472",[90m
[31m+       "type": "expense",[90m
[31m+     },[90m
[31m+     {[90m
[31m+       "accountId": "5",[90m
[31m+       "amount": -32.43,[90m
[31m+       "category": "Transport",[90m
[31m+       "cleared": true,[90m
[31m+       "date": 2024-12-08T00:00:00.000Z,[90m
[31m+       "description": "National Rail",[90m
[31m+       "id": "t473",[90m
[31m+       "type": "expense",[90m
[31m+     },[90m
[31m+     {[90m
[31m+       "accountId": "5",[90m
[31m+       "amount": -27.69,[90m
[31m+       "category": "Entertainment",[90m
[31m+       "cleared": true,[90m
[31m+       "date": 2024-12-08T00:00:00.000Z,[90m
[31m+       "description": "National Theatre",[90m
[31m+       "id": "t474",[90m
[31m+       "type": "expense",[90m
[31m+     },[90m
[31m+     {[90m
[31m+       "accountId": "5",[90m
[31m+       "amount": -83.65,[90m
[31m+       "category": "Online Shopping",[90m
[31m+       "cleared": true,[90m
[31m+       "date": 2024-12-08T00:00:00.000Z,[90m
[31m+       "description": "eBay",[90m
[31m+       "id": "t475",[90m
[31m+       "type": "expense",[90m
[31m+     },[90m
[31m+     {[90m
[31m+       "accountId": "5",[90m
[31m+       "amount": -3.35,[90m
[31m+       "category": "Coffee Shops",[90m
[31m+       "cleared": true,[90m
[31m+       "date": 2024-12-08T00:00:00.000Z,[90m
[31m+       "description": "Starbucks",[90m
[31m+       "id": "t476",[90m
[31m+       "type": "expense",[90m
[31m+     },[90m
[31m+     {[90m
[31m+       "accountId": "6",[90m
[31m+       "amount": -7.85,[90m
[31m+       "category": "Coffee Shops",[90m
[31m+       "cleared": true,[90m
[31m+       "date": 2024-12-09T00:00:00.000Z,[90m
[31m+       "description": "Costa",[90m
[31m+       "id": "t477",[90m
[31m+       "type": "expense",[90m
[31m+     },[90m
[31m+     {[90m
[31m+       "accountId": "6",[90m
[31m+       "amount": -57.79,[90m
[31m+       "category": "Groceries",[90m
[31m+       "cleared": true,[90m
[31m+       "date": 2024-12-10T00:00:00.000Z,[90m
[31m+       "description": "Waitrose",[90m
[31m+       "id": "t478",[90m
[31m+       "type": "expense",[90m
[31m+     },[90m
[31m+     {[90m
[31m+       "accountId": "6",[90m
[31m+       "amount": -6.58,[90m
[31m+       "category": "Coffee Shops",[90m
[31m+       "cleared": true,[90m
[31m+       "date": 2024-12-10T00:00:00.000Z,[90m
[31m+       "description": "Nero",[90m
[31m+       "id": "t479",[90m
[31m+       "type": "expense",[90m
[31m+     },[90m
[31m+     {[90m
[31m+       "accountId": "6",[90m
[31m+       "amount": -54.99,[90m
[31m+       "category": "Dining Out",[90m
[31m+       "cleared": true,[90m
[31m+       "date": 2024-12-11T00:00:00.000Z,[90m
[31m+       "description": "Dishoom",[90m
[31m+       "id": "t480",[90m
[31m+       "type": "expense",[90m
[31m+     },[90m
[31m+     {[90m
[31m+       "accountId": "6",[90m
[31m+       "amount": -35.9,[90m
[31m+       "category": "Transport",[90m
[31m+       "cleared": true,[90m
[31m+       "date": 2024-12-11T00:00:00.000Z,[90m
[31m+       "description": "Addison Lee",[90m
[31m+       "id": "t481",[90m
[31m+       "type": "expense",[90m
[31m+     },[90m
[31m+     {[90m
[31m+       "accountId": "6",[90m
[31m+       "amount": -121.31,[90m
[31m+       "category": "Online Shopping",[90m
[31m+       "cleared": true,[90m
[31m+       "date": 2024-12-11T00:00:00.000Z,[90m
[31m+       "description": "eBay",[90m
[31m+       "id": "t482",[90m
[31m+       "type": "expense",[90m
[31m+     },[90m
[31m+     {[90m
[31m+       "accountId": "6",[90m
[31m+       "amount": -6.31,[90m
[31m+       "category": "Coffee Shops",[90m
[31m+       "cleared": true,[90m
[31m+       "date": 2024-12-11T00:00:00.000Z,[90m
[31m+       "description": "Pret",[90m
[31m+       "id": "t483",[90m
[31m+       "type": "expense",[90m
[31m+     },[90m
[31m+     {[90m
[31m+       "accountId": "6",[90m
[31m+       "amount": -66.93,[90m
[31m+       "category": "Groceries",[90m
[31m+       "cleared": true,[90m
[31m+       "date": 2024-12-12T00:00:00.000Z,[90m
[31m+       "description": "Tesco",[90m
[31m+       "id": "t484",[90m
[31m+       "type": "expense",[90m
[31m+     },[90m
[31m+     {[90m
[31m+       "accountId": "6",[90m
[31m+       "amount": -7.52,[90m
[31m+       "category": "Coffee Shops",[90m
[31m+       "cleared": true,[90m
[31m+       "date": 2024-12-13T00:00:00.000Z,[90m
[31m+       "description": "Starbucks",[90m
[31m+       "id": "t485",[90m
[31m+       "type": "expense",[90m
[31m+     },[90m
[31m+     {[90m
[31m+       "accountId": "5",[90m
[31m+       "amount": -70.29,[90m
[31m+       "category": "Groceries",[90m
[31m+       "cleared": true,[90m
[31m+       "date": 2024-12-14T00:00:00.000Z,[90m
[31m+       "description": "ASDA",[90m
[31m+       "id": "t486",[90m
[31m+       "type": "expense",[90m
[31m+     },[90m
[31m+     {[90m
[31m+       "accountId": "5",[90m
[31m+       "amount": -45.23,[90m
[31m+       "category": "Dining Out",[90m
[31m+       "cleared": true,[90m
[31m+       "date": 2024-12-14T00:00:00.000Z,[90m
[31m+       "description": "Franco Manca",[90m
[31m+       "id": "t487",[90m
[31m+       "type": "expense",[90m
[31m+     },[90m
[31m+     {[90m
[31m+       "accountId": "6",[90m
[31m+       "amount": -22.41,[90m
[31m+       "category": "Transport",[90m
[31m+       "cleared": true,[90m
[31m+       "date": 2024-12-14T00:00:00.000Z,[90m
[31m+       "description": "Citymapper",[90m
[31m+       "id": "t488",[90m
[31m+       "type": "expense",[90m
[31m+     },[90m
[31m+     {[90m
[31m+       "accountId": "6",[90m
[31m+       "amount": -101.21,[90m
[31m+       "category": "Online Shopping",[90m
[31m+       "cleared": true,[90m
[31m+       "date": 2024-12-14T00:00:00.000Z,[90m
[31m+       "description": "Apple Store",[90m
[31m+       "id": "t489",[90m
[31m+       "type": "expense",[90m
[31m+     },[90m
[31m+     {[90m
[31m+       "accountId": "6",[90m
[31m+       "amount": -4.93,[90m
[31m+       "category": "Coffee Shops",[90m
[31m+       "cleared": true,[90m
[31m+       "date": 2024-12-14T00:00:00.000Z,[90m
[31m+       "description": "Starbucks",[90m
[31m+       "id": "t490",[90m
[31m+       "type": "expense",[90m
[31m+     },[90m
[31m+     {[90m
[31m+       "accountId": "6",[90m
[31m+       "amount": -47.59,[90m
[31m+       "category": "Dining Out",[90m
[31m+       "cleared": true,[90m
[31m+       "date": 2024-12-15T00:00:00.000Z,[90m
[31m+       "description": "The Ivy",[90m
[31m+       "id": "t491",[90m
[31m+       "type": "expense",[90m
[31m+     },[90m
[31m+     {[90m
[31m+       "accountId": "5",[90m
[31m+       "amount": -44.28,[90m
[31m+       "category": "Transport",[90m
[31m+       "cleared": true,[90m
[31m+       "date": 2024-12-15T00:00:00.000Z,[90m
[31m+       "description": "Addison Lee",[90m
[31m+       "id": "t492",[90m
[31m+       "type": "expense",[90m
[31m+     },[90m
[31m+     {[90m
[31m+       "accountId": "6",[90m
[31m+       "amount": -70.44,[90m
[31m+       "category": "Entertainment",[90m
[31m+       "cleared": true,[90m
[31m+       "date": 2024-12-15T00:00:00.000Z,[90m
[31m+       "description": "National Theatre",[90m
[31m+       "id": "t493",[90m
[31m+       "type": "expense",[90m
[31m+     },[90m
[31m+     {[90m
[31m+       "accountId": "6",[90m
[31m+       "amount": -7.47,[90m
[31m+       "category": "Coffee Shops",[90m
[31m+       "cleared": true,[90m
[31m+       "date": 2024-12-16T00:00:00.000Z,[90m
[31m+       "description": "Costa",[90m
[31m+       "id": "t494",[90m
[31m+       "type": "expense",[90m
[31m+     },[90m
[31m+     {[90m
[31m+       "accountId": "6",[90m
[31m+       "amount": -65.17,[90m
[31m+       "category": "Groceries",[90m
[31m+       "cleared": true,[90m
[31m+       "date": 2024-12-17T00:00:00.000Z,[90m
[31m+       "description": "ASDA",[90m
[31m+       "id": "t495",[90m
[31m+       "type": "expense",[90m
[31m+     },[90m
[31m+     {[90m
[31m+       "accountId": "6",[90m
[31m+       "amount": -6.98,[90m
[31m+       "category": "Coffee Shops",[90m
[31m+       "cleared": true,[90m
[31m+       "date": 2024-12-17T00:00:00.000Z,[90m
[31m+       "description": "Gail's",[90m
[31m+       "id": "t496",[90m
[31m+       "type": "expense",[90m
[31m+     },[90m
[31m+     {[90m
[31m+       "accountId": "5",[90m
[31m+       "amount": -39.74,[90m
[31m+       "category": "Dining Out",[90m
[31m+       "cleared": true,[90m
[31m+       "date": 2024-12-18T00:00:00.000Z,[90m
[31m+       "description": "Pizza Express",[90m
[31m+       "id": "t497",[90m
[31m+       "type": "expense",[90m
[31m+     },[90m
[31m+     {[90m
[31m+       "accountId": "5",[90m
[31m+       "amount": -26.54,[90m
[31m+       "category": "Transport",[90m
[31m+       "cleared": true,[90m
[31m+       "date": 2024-12-18T00:00:00.000Z,[90m
[31m+       "description": "National Rail",[90m
[31m+       "id": "t498",[90m
[31m+       "type": "expense",[90m
[31m+     },[90m
[31m+     {[90m
[31m+       "accountId": "5",[90m
[31m+       "amount": -51.08,[90m
[31m+       "category": "Online Shopping",[90m
[31m+       "cleared": true,[90m
[31m+       "date": 2024-12-18T00:00:00.000Z,[90m
[31m+       "description": "Currys",[90m
[31m+       "id": "t499",[90m
[31m+       "type": "expense",[90m
[31m+     },[90m
[31m+     {[90m
[31m+       "accountId": "6",[90m
[31m+       "amount": -7.51,[90m
[31m+       "category": "Coffee Shops",[90m
[31m+       "cleared": true,[90m
[31m+       "date": 2024-12-18T00:00:00.000Z,[90m
[31m+       "description": "Gail's",[90m
[31m+       "id": "t500",[90m
[31m+       "type": "expense",[90m
[31m+     },[90m
[31m+     {[90m
[31m+       "accountId": "6",[90m
[31m+       "amount": -36.53,[90m
[31m+       "category": "Groceries",[90m
[31m+       "cleared": true,[90m
[31m+       "date": 2024-12-19T00:00:00.000Z,[90m
[31m+       "description": "Morrisons",[90m
[31m+       "id": "t501",[90m
[31m+       "type": "expense",[90m
[31m+     },[90m
[31m+     {[90m
[31m+       "accountId": "6",[90m
[31m+       "amount": -3.32,[90m
[31m+       "category": "Coffee Shops",[90m
[31m+       "cleared": true,[90m
[31m+       "date": 2024-12-19T00:00:00.000Z,[90m
[31m+       "description": "Starbucks",[90m
[31m+       "id": "t502",[90m
[31m+       "type": "expense",[90m
[31m+     },[90m
[31m+     {[90m
[31m+       "accountId": "6",[90m
[31m+       "amount": -6.58,[90m
[31m+       "category": "Coffee Shops",[90m
[31m+       "cleared": true,[90m
[31m+       "date": 2024-12-23T00:00:00.000Z,[90m
[31m+       "description": "Gail's",[90m
[31m+       "id": "t503",[90m
[31m+       "type": "expense",[90m
[31m+     },[90m
[31m+     {[90m
[31m+       "accountId": "5",[90m
[31m+       "amount": -32.8,[90m
[31m+       "category": "Groceries",[90m
[31m+       "cleared": true,[90m
[31m+       "date": 2024-12-24T00:00:00.000Z,[90m
[31m+       "description": "ASDA",[90m
[31m+       "id": "t504",[90m
[31m+       "type": "expense",[90m
[31m+     },[90m
[31m+     {[90m
[31m+       "accountId": "6",[90m
[31m+       "amount": -4.74,[90m
[31m+       "category": "Coffee Shops",[90m
[31m+       "cleared": true,[90m
[31m+       "date": 2024-12-24T00:00:00.000Z,[90m
[31m+       "description": "Nero",[90m
[31m+       "id": "t505",[90m
[31m+       "type": "expense",[90m
[31m+     },[90m
[31m+     {[90m
[31m+       "accountId": "6",[90m
[31m+       "amount": -116.13,[90m
[31m+       "category": "Dining Out",[90m
[31m+       "cleared": true,[90m
[31m+       "date": 2024-12-25T00:00:00.000Z,[90m
[31m+       "description": "Nando's",[90m
[31m+       "id": "t506",[90m
[31m+       "type": "expense",[90m
[31m+     },[90m
[31m+     {[90m
[31m+       "accountId": "5",[90m
[31m+       "amount": -94.33,[90m
[31m+       "category": "Online Shopping",[90m
[31m+       "cleared": true,[90m
[31m+       "date": 2024-12-25T00:00:00.000Z,[90m
[31m+       "description": "Amazon",[90m
[31m+       "id": "t507",[90m
[31m+       "type": "expense",[90m
[31m+     },[90m
[31m+     {[90m
[31m+       "accountId": "6",[90m
[31m+       "amount": -6.48,[90m
[31m+       "category": "Coffee Shops",[90m
[31m+       "cleared": true,[90m
[31m+       "date": 2024-12-25T00:00:00.000Z,[90m
[31m+       "description": "Starbucks",[90m
[31m+       "id": "t508",[90m
[31m+       "type": "expense",[90m
[31m+     },[90m
[31m+     {[90m
[31m+       "accountId": "5",[90m
[31m+       "amount": -36.46,[90m
[31m+       "category": "Groceries",[90m
[31m+       "cleared": true,[90m
[31m+       "date": 2024-12-26T00:00:00.000Z,[90m
[31m+       "description": "Sainsbury's",[90m
[31m+       "id": "t509",[90m
[31m+       "type": "expense",[90m
[31m+     },[90m
[31m+     {[90m
[31m+       "accountId": "6",[90m
[31m+       "amount": -5.67,[90m
[31m+       "category": "Coffee Shops",[90m
[31m+       "cleared": true,[90m
[31m+       "date": 2024-12-26T00:00:00.000Z,[90m
[31m+       "description": "Costa",[90m
[31m+       "id": "t510",[90m
[31m+       "type": "expense",[90m
[31m+     },[90m
[31m+     {[90m
[31m+       "accountId": "6",[90m
[31m+       "amount": -6.08,[90m
[31m+       "category": "Coffee Shops",[90m
[31m+       "cleared": true,[90m
[31m+       "date": 2024-12-27T00:00:00.000Z,[90m
[31m+       "description": "Costa",[90m
[31m+       "id": "t511",[90m
[31m+       "type": "expense",[90m
[31m+     },[90m
[31m+     {[90m
[31m+       "accountId": "6",[90m
[31m+       "amount": -51.85,[90m
[31m+       "category": "Groceries",[90m
[31m+       "cleared": true,[90m
[31m+       "date": 2024-12-28T00:00:00.000Z,[90m
[31m+       "description": "Tesco",[90m
[31m+       "id": "t512",[90m
[31m+       "type": "expense",[90m
[31m+     },[90m
[31m+     {[90m
[31m+       "accountId": "5",[90m
[31m+       "amount": -71.94,[90m
[31m+       "category": "Dining Out",[90m
[31m+       "cleared": true,[90m
[31m+       "date": 2024-12-28T00:00:00.000Z,[90m
[31m+       "description": "Franco Manca",[90m
[31m+       "id": "t513",[90m
[31m+       "type": "expense",[90m
[31m+     },[90m
[31m+     {[90m
[31m+       "accountId": "6",[90m
[31m+       "amount": -4.55,[90m
[31m+       "category": "Coffee Shops",[90m
[31m+       "cleared": true,[90m
[31m+       "date": 2024-12-28T00:00:00.000Z,[90m
[31m+       "description": "Gail's",[90m
[31m+       "id": "t514",[90m
[31m+       "type": "expense",[90m
[31m+     },[90m
[31m+     {[90m
[31m+       "accountId": "5",[90m
[31m+       "amount": -24.16,[90m
[31m+       "category": "Groceries",[90m
[31m+       "cleared": false,[90m
[31m+       "date": 2024-12-29T00:00:00.000Z,[90m
[31m+       "description": "Aldi",[90m
[31m+       "id": "t515",[90m
[31m+       "type": "expense",[90m
[31m+     },[90m
[31m+     {[90m
[31m+       "accountId": "6",[90m
[31m+       "amount": -110.39,[90m
[31m+       "category": "Dining Out",[90m
[31m+       "cleared": false,[90m
[31m+       "date": 2024-12-29T00:00:00.000Z,[90m
[31m+       "description": "Nando's",[90m
[31m+       "id": "t516",[90m
[31m+       "type": "expense",[90m
[31m+     },[90m
[31m+     {[90m
[31m+       "accountId": "6",[90m
[31m+       "amount": -48.55,[90m
[31m+       "category": "Transport",[90m
[31m+       "cleared": false,[90m
[31m+       "date": 2024-12-29T00:00:00.000Z,[90m
[31m+       "description": "National Rail",[90m
[31m+       "id": "t517",[90m
[31m+       "type": "expense",[90m
[31m+     },[90m
[31m+     {[90m
[31m+       "accountId": "6",[90m
[31m+       "amount": -148.38,[90m
[31m+       "category": "Shopping",[90m
[31m+       "cleared": false,[90m
[31m+       "date": 2024-12-29T00:00:00.000Z,[90m
[31m+       "description": "Zara",[90m
[31m+       "id": "t518",[90m
[31m+       "type": "expense",[90m
[31m+     },[90m
[31m+     {[90m
[31m+       "accountId": "6",[90m
[31m+       "amount": -44.66,[90m
[31m+       "category": "Entertainment",[90m
[31m+       "cleared": false,[90m
[31m+       "date": 2024-12-29T00:00:00.000Z,[90m
[31m+       "description": "Ticketmaster",[90m
[31m+       "id": "t519",[90m
[31m+       "type": "expense",[90m
[31m+     },[90m
[31m+     {[90m
[31m+       "accountId": "6",[90m
[31m+       "amount": -7.54,[90m
[31m+       "category": "Coffee Shops",[90m
[31m+       "cleared": false,[90m
[31m+       "date": 2024-12-29T00:00:00.000Z,[90m
[31m+       "description": "Costa",[90m
[31m+       "id": "t520",[90m
[31m+       "type": "expense",[90m
[31m+     },[90m
[31m+     {[90m
[31m+       "accountId": "5",[90m
[31m+       "amount": -49.53,[90m
[31m+       "category": "Groceries",[90m
[31m+       "cleared": false,[90m
[31m+       "date": 2024-12-31T00:00:00.000Z,[90m
[31m+       "description": "Tesco",[90m
[31m+       "id": "t521",[90m
[31m+       "type": "expense",[90m
[31m+     },[90m
[31m+     {[90m
[31m+       "accountId": "6",[90m
[31m+       "amount": -5.48,[90m
[31m+       "category": "Coffee Shops",[90m
[31m+       "cleared": false,[90m
[31m+       "date": 2024-12-31T00:00:00.000Z,[90m
[31m+       "description": "Nero",[90m
[31m+       "id": "t522",[90m
[31m+       "type": "expense",[90m
[31m+     },[90m
[31m+     {[90m
[31m+       "accountId": "1",[90m
[31m+       "amount": -1274.6900000000005,[90m
[31m+       "category": "transfer",[90m
[31m+       "cleared": true,[90m
[31m+       "date": 2024-12-14T00:00:00.000Z,[90m
[31m+       "description": "Credit Card Payment - Natwest",[90m
[31m+       "id": "t523",[90m
[31m+       "type": "transfer",[90m
[31m+     },[90m
[31m+     {[90m
[31m+       "accountId": "5",[90m
[31m+       "amount": 1274.6900000000005,[90m
[31m+       "category": "transfer",[90m
[31m+       "cleared": true,[90m
[31m+       "date": 2024-12-14T00:00:00.000Z,[90m
[31m+       "description": "Credit Card Payment - Natwest",[90m
[31m+       "id": "t524",[90m
[31m+       "type": "transfer",[90m
[31m+     },[90m
[31m+     {[90m
[31m+       "accountId": "1",[90m
[31m+       "amount": -1491.14,[90m
[31m+       "category": "transfer",[90m
[31m+       "cleared": true,[90m
[31m+       "date": 2024-12-14T00:00:00.000Z,[90m
[31m+       "description": "Credit Card Payment - American Express",[90m
[31m+       "id": "t525",[90m
[31m+       "type": "transfer",[90m
[31m+     },[90m
[31m+     {[90m
[31m+       "accountId": "6",[90m
[31m+       "amount": 1491.14,[90m
[31m+       "category": "transfer",[90m
[31m+       "cleared": true,[90m
[31m+       "date": 2024-12-14T00:00:00.000Z,[90m
[31m+       "description": "Credit Card Payment - American Express",[90m
[31m+       "id": "t526",[90m
[31m+       "type": "transfer",[90m
[31m+     },[90m
[31m+     {[90m
[31m+       "accountId": "1",[90m
[31m+       "amount": -1319.1699999999994,[90m
[31m+       "category": "transfer",[90m
[31m+       "cleared": true,[90m
[31m+       "date": 2024-12-31T00:00:00.000Z,[90m
[31m+       "description": "Balance Sweep to Savings",[90m
[31m+       "id": "t527",[90m
[31m+       "type": "transfer",[90m
[31m+     },[90m
[31m+     {[90m
[31m+       "accountId": "3",[90m
[31m+       "amount": 1319.1699999999994,[90m
[31m+       "category": "transfer",[90m
[31m+       "cleared": true,[90m
[31m+       "date": 2024-12-31T00:00:00.000Z,[90m
[31m+       "description": "Balance Sweep from Current",[90m
[31m+       "id": "t528",[90m
[31m+       "type": "transfer",[90m
[31m+     },[90m
[31m+     {[90m
[31m+       "accountId": "1",[90m
[31m+       "amount": 6000,[90m
[31m+       "category": "Salary",[90m
[31m+       "cleared": true,[90m
[31m+       "date": 2025-01-01T00:00:00.000Z,[90m
[31m+       "description": "Monthly Salary",[90m
[31m+       "id": "t529",[90m
[31m+       "type": "income",[90m
[31m+     },[90m
[31m+     {[90m
[31m+       "accountId": "1",[90m
[31m+       "amount": -1200,[90m
[31m+       "category": "transfer",[90m
[31m+       "cleared": true,[90m
[31m+       "date": 2025-01-01T00:00:00.000Z,[90m
[31m+       "description": "Mortgage Payment",[90m
[31m+       "id": "t530",[90m
[31m+       "type": "transfer",[90m
[31m+     },[90m
[31m+     {[90m
[31m+       "accountId": "8",[90m
[31m+       "amount": 1200,[90m
[31m+       "category": "transfer",[90m
[31m+       "cleared": true,[90m
[31m+       "date": 2025-01-01T00:00:00.000Z,[90m
[31m+       "description": "Mortgage Payment",[90m
[31m+       "id": "t531",[90m
[31m+       "type": "transfer",[90m
[31m+     },[90m
[31m+     {[90m
[31m+       "accountId": "1",[90m
[31m+       "amount": -180,[90m
[31m+       "category": "Bills",[90m
[31m+       "cleared": true,[90m
[2m        "date": 2025-01-01T00:00:00.000Z,[22m
[32m-       "description": "Monthly rent",[90m
[32m-       "id": "tx-2",[90m
[32m-       "isReconciled": false,[90m
[32m-       "pending": false,[90m
[31m+       "description": "Council Tax",[90m
[31m+       "id": "t532",[90m
[31m+       "type": "expense",[90m
[31m+     },[90m
[31m+     {[90m
[31m+       "accountId": "1",[90m
[31m+       "amount": -150,[90m
[31m+       "category": "Utilities",[90m
[31m+       "cleared": true,[90m
[31m+       "date": 2025-01-01T00:00:00.000Z,[90m
[31m+       "description": "Gas & Electric",[90m
[31m+       "id": "t533",[90m
[31m+       "type": "expense",[90m
[31m+     },[90m
[31m+     {[90m
[31m+       "accountId": "1",[90m
[31m+       "amount": -45,[90m
[31m+       "category": "Utilities",[90m
[31m+       "cleared": true,[90m
[31m+       "date": 2025-01-01T00:00:00.000Z,[90m
[31m+       "description": "Water Bill",[90m
[31m+       "id": "t534",[90m
[31m+       "type": "expense",[90m
[31m+     },[90m
[31m+     {[90m
[31m+       "accountId": "1",[90m
[31m+       "amount": -55,[90m
[31m+       "category": "Utilities",[90m
[31m+       "cleared": true,[90m
[31m+       "date": 2025-01-01T00:00:00.000Z,[90m
[31m+       "description": "Internet & Phone",[90m
[31m+       "id": "t535",[90m
[31m+       "type": "expense",[90m
[31m+     },[90m
[31m+     {[90m
[31m+       "accountId": "1",[90m
[31m+       "amount": -35,[90m
[31m+       "category": "Bills",[90m
[31m+       "cleared": true,[90m
[31m+       "date": 2025-01-01T00:00:00.000Z,[90m
[31m+       "description": "Mobile Phone",[90m
[31m+       "id": "t536",[90m
[31m+       "type": "expense",[90m
[31m+     },[90m
[31m+     {[90m
[31m+       "accountId": "1",[90m
[31m+       "amount": -65,[90m
[31m+       "category": "Insurance",[90m
[31m+       "cleared": true,[90m
[31m+       "date": 2025-01-01T00:00:00.000Z,[90m
[31m+       "description": "Home Insurance",[90m
[31m+       "id": "t537",[90m
[31m+       "type": "expense",[90m
[31m+     },[90m
[31m+     {[90m
[31m+       "accountId": "1",[90m
[31m+       "amount": -45,[90m
[31m+       "category": "Insurance",[90m
[31m+       "cleared": true,[90m
[31m+       "date": 2025-01-01T00:00:00.000Z,[90m
[31m+       "description": "Life Insurance",[90m
[31m+       "id": "t538",[90m
[31m+       "type": "expense",[90m
[31m+     },[90m
[31m+     {[90m
[31m+       "accountId": "1",[90m
[31m+       "amount": -85,[90m
[31m+       "category": "Insurance",[90m
[31m+       "cleared": true,[90m
[31m+       "date": 2025-01-01T00:00:00.000Z,[90m
[31m+       "description": "Car Insurance",[90m
[31m+       "id": "t539",[90m
[31m+       "type": "expense",[90m
[31m+     },[90m
[31m+     {[90m
[31m+       "accountId": "1",[90m
[31m+       "amount": -55,[90m
[31m+       "category": "Health & Fitness",[90m
[31m+       "cleared": true,[90m
[31m+       "date": 2025-01-01T00:00:00.000Z,[90m
[31m+       "description": "Gym Membership",[90m
[31m+       "id": "t540",[90m
[31m+       "type": "expense",[90m
[31m+     },[90m
[31m+     {[90m
[31m+       "accountId": "6",[90m
[31m+       "amount": -72.54,[90m
[31m+       "category": "Dining Out",[90m
[31m+       "cleared": true,[90m
[31m+       "date": 2025-01-01T00:00:00.000Z,[90m
[31m+       "description": "Wagamama",[90m
[31m+       "id": "t541",[90m
[31m+       "type": "expense",[90m
[31m+     },[90m
[31m+     {[90m
[31m+       "accountId": "6",[90m
[31m+       "amount": -21.96,[90m
[31m+       "category": "Transport",[90m
[31m+       "cleared": true,[90m
[31m+       "date": 2025-01-01T00:00:00.000Z,[90m
[31m+       "description": "Uber",[90m
[31m+       "id": "t542",[90m
[31m+       "type": "expense",[90m
[31m+     },[90m
[31m+     {[90m
[31m+       "accountId": "6",[90m
[31m+       "amount": -47.61,[90m
[31m+       "category": "Online Shopping",[90m
[31m+       "cleared": true,[90m
[31m+       "date": 2025-01-01T00:00:00.000Z,[90m
[31m+       "description": "Currys",[90m
[31m+       "id": "t543",[90m
[31m+       "type": "expense",[90m
[31m+     },[90m
[31m+     {[90m
[31m+       "accountId": "5",[90m
[31m+       "amount": -6.06,[90m
[31m+       "category": "Coffee Shops",[90m
[31m+       "cleared": true,[90m
[31m+       "date": 2025-01-01T00:00:00.000Z,[90m
[31m+       "description": "Costa",[90m
[31m+       "id": "t544",[90m
[31m+       "type": "expense",[90m
[31m+     },[90m
[31m+     {[90m
[31m+       "accountId": "6",[90m
[31m+       "amount": -69.71,[90m
[31m+       "category": "Groceries",[90m
[31m+       "cleared": true,[90m
[31m+       "date": 2025-01-02T00:00:00.000Z,[90m
[31m+       "description": "Lidl",[90m
[31m+       "id": "t545",[90m
[31m+       "type": "expense",[90m
[31m+     },[90m
[31m+     {[90m
[31m+       "accountId": "5",[90m
[31m+       "amount": -6.32,[90m
[31m+       "category": "Coffee Shops",[90m
[31m+       "cleared": true,[90m
[31m+       "date": 2025-01-02T00:00:00.000Z,[90m
[31m+       "description": "Costa",[90m
[31m+       "id": "t546",[90m
[31m+       "type": "expense",[90m
[31m+     },[90m
[31m+     {[90m
[31m+       "accountId": "5",[90m
[31m+       "amount": -78.28,[90m
[31m+       "category": "Fuel",[90m
[31m+       "cleared": true,[90m
[31m+       "date": 2025-01-02T00:00:00.000Z,[90m
[31m+       "description": "Esso",[90m
[31m+       "id": "t547",[90m
[31m+       "type": "expense",[90m
[31m+     },[90m
[31m+     {[90m
[31m+       "accountId": "6",[90m
[31m+       "amount": -6.56,[90m
[31m+       "category": "Coffee Shops",[90m
[31m+       "cleared": true,[90m
[31m+       "date": 2025-01-03T00:00:00.000Z,[90m
[31m+       "description": "Nero",[90m
[31m+       "id": "t548",[90m
[31m+       "type": "expense",[90m
[31m+     },[90m
[31m+     {[90m
[31m+       "accountId": "6",[90m
[31m+       "amount": -76.73,[90m
[31m+       "category": "Groceries",[90m
[31m+       "cleared": true,[90m
[31m+       "date": 2025-01-04T00:00:00.000Z,[90m
[31m+       "description": "Lidl",[90m
[31m+       "id": "t549",[90m
[31m+       "type": "expense",[90m
[31m+     },[90m
[31m+     {[90m
[31m+       "accountId": "5",[90m
[31m+       "amount": -101.22,[90m
[31m+       "category": "Dining Out",[90m
[31m+       "cleared": true,[90m
[31m+       "date": 2025-01-04T00:00:00.000Z,[90m
[31m+       "description": "The Ivy",[90m
[31m+       "id": "t550",[90m
[31m+       "type": "expense",[90m
[31m+     },[90m
[31m+     {[90m
[31m+       "accountId": "6",[90m
[31m+       "amount": -33.88,[90m
[31m+       "category": "Transport",[90m
[31m+       "cleared": true,[90m
[31m+       "date": 2025-01-04T00:00:00.000Z,[90m
[31m+       "description": "Citymapper",[90m
[31m+       "id": "t551",[90m
[31m+       "type": "expense",[90m
[31m+     },[90m
[31m+     {[90m
[31m+       "accountId": "6",[90m
[31m+       "amount": -50.88,[90m
[31m+       "category": "Online Shopping",[90m
[31m+       "cleared": true,[90m
[31m+       "date": 2025-01-04T00:00:00.000Z,[90m
[31m+       "description": "eBay",[90m
[31m+       "id": "t552",[90m
[31m+       "type": "expense",[90m
[31m+     },[90m
[31m+     {[90m
[31m+       "accountId": "5",[90m
[31m+       "amount": -6.22,[90m
[31m+       "category": "Coffee Shops",[90m
[31m+       "cleared": true,[90m
[31m+       "date": 2025-01-04T00:00:00.000Z,[90m
[31m+       "description": "Starbucks",[90m
[31m+       "id": "t553",[90m
[31m+       "type": "expense",[90m
[31m+     },[90m
[31m+     {[90m
[31m+       "accountId": "6",[90m
[31m+       "amount": -11.18,[90m
[31m+       "category": "Subscriptions",[90m
[31m+       "cleared": true,[90m
[31m+       "date": 2025-01-04T00:00:00.000Z,[90m
[31m+       "description": "Spotify",[90m
[31m+       "id": "t554",[90m
[31m+       "type": "expense",[90m
[31m+     },[90m
[31m+     {[90m
[31m+       "accountId": "5",[90m
[31m+       "amount": -3.87,[90m
[31m+       "category": "Coffee Shops",[90m
[31m+       "cleared": true,[90m
[31m+       "date": 2025-01-06T00:00:00.000Z,[90m
[31m+       "description": "Nero",[90m
[31m+       "id": "t555",[90m
[31m+       "type": "expense",[90m
[31m+     },[90m
[31m+     {[90m
[31m+       "accountId": "5",[90m
[31m+       "amount": -24.66,[90m
[31m+       "category": "Groceries",[90m
[31m+       "cleared": true,[90m
[31m+       "date": 2025-01-07T00:00:00.000Z,[90m
[31m+       "description": "Sainsbury's",[90m
[31m+       "id": "t556",[90m
[31m+       "type": "expense",[90m
[31m+     },[90m
[31m+     {[90m
[31m+       "accountId": "5",[90m
[31m+       "amount": -5.4,[90m
[31m+       "category": "Coffee Shops",[90m
[31m+       "cleared": true,[90m
[31m+       "date": 2025-01-07T00:00:00.000Z,[90m
[31m+       "description": "Starbucks",[90m
[31m+       "id": "t557",[90m
[31m+       "type": "expense",[90m
[31m+     },[90m
[31m+     {[90m
[31m+       "accountId": "6",[90m
[31m+       "amount": -35.07,[90m
[31m+       "category": "Groceries",[90m
[31m+       "cleared": true,[90m
[31m+       "date": 2025-01-09T00:00:00.000Z,[90m
[31m+       "description": "Tesco",[90m
[31m+       "id": "t558",[90m
[31m+       "type": "expense",[90m
[31m+     },[90m
[31m+     {[90m
[31m+       "accountId": "5",[90m
[31m+       "amount": -31.75,[90m
[31m+       "category": "Groceries",[90m
[31m+       "cleared": true,[90m
[31m+       "date": 2025-01-11T00:00:00.000Z,[90m
[31m+       "description": "Morrisons",[90m
[31m+       "id": "t559",[90m
[31m+       "type": "expense",[90m
[31m+     },[90m
[31m+     {[90m
[31m+       "accountId": "5",[90m
[31m+       "amount": -20.66,[90m
[31m+       "category": "Transport",[90m
[31m+       "cleared": true,[90m
[31m+       "date": 2025-01-11T00:00:00.000Z,[90m
[31m+       "description": "National Rail",[90m
[31m+       "id": "t560",[90m
[31m+       "type": "expense",[90m
[31m+     },[90m
[31m+     {[90m
[31m+       "accountId": "6",[90m
[31m+       "amount": -83.35,[90m
[31m+       "category": "Online Shopping",[90m
[31m+       "cleared": true,[90m
[31m+       "date": 2025-01-11T00:00:00.000Z,[90m
[31m+       "description": "Apple Store",[90m
[31m+       "id": "t561",[90m
[31m+       "type": "expense",[90m
[31m+     },[90m
[31m+     {[90m
[31m+       "accountId": "5",[90m
[31m+       "amount": -6.58,[90m
[31m+       "category": "Coffee Shops",[90m
[31m+       "cleared": true,[90m
[31m+       "date": 2025-01-11T00:00:00.000Z,[90m
[31m+       "description": "Costa",[90m
[31m+       "id": "t562",[90m
[31m+       "type": "expense",[90m
[31m+     },[90m
[31m+     {[90m
[31m+       "accountId": "6",[90m
[31m+       "amount": -34.99,[90m
[31m+       "category": "Groceries",[90m
[31m+       "cleared": true,[90m
[31m+       "date": 2025-01-12T00:00:00.000Z,[90m
[31m+       "description": "Morrisons",[90m
[31m+       "id": "t563",[90m
[31m+       "type": "expense",[90m
[31m+     },[90m
[31m+     {[90m
[31m+       "accountId": "6",[90m
[31m+       "amount": -71.87,[90m
[31m+       "category": "Dining Out",[90m
[31m+       "cleared": true,[90m
[31m+       "date": 2025-01-12T00:00:00.000Z,[90m
[31m+       "description": "Franco Manca",[90m
[31m+       "id": "t564",[90m
[31m+       "type": "expense",[90m
[31m+     },[90m
[31m+     {[90m
[31m+       "accountId": "6",[90m
[31m+       "amount": -19.38,[90m
[31m+       "category": "Transport",[90m
[31m+       "cleared": true,[90m
[31m+       "date": 2025-01-12T00:00:00.000Z,[90m
[31m+       "description": "National Rail",[90m
[31m+       "id": "t565",[90m
[31m+       "type": "expense",[90m
[31m+     },[90m
[31m+     {[90m
[31m+       "accountId": "6",[90m
[31m+       "amount": -197.54,[90m
[31m+       "category": "Shopping",[90m
[31m+       "cleared": true,[90m
[31m+       "date": 2025-01-12T00:00:00.000Z,[90m
[31m+       "description": "Selfridges",[90m
[31m+       "id": "t566",[90m
[31m+       "type": "expense",[90m
[31m+     },[90m
[31m+     {[90m
[31m+       "accountId": "5",[90m
[31m+       "amount": -79.47,[90m
[31m+       "category": "Entertainment",[90m
[31m+       "cleared": true,[90m
[31m+       "date": 2025-01-12T00:00:00.000Z,[90m
[31m+       "description": "Ticketmaster",[90m
[31m+       "id": "t567",[90m
[31m+       "type": "expense",[90m
[31m+     },[90m
[31m+     {[90m
[31m+       "accountId": "5",[90m
[31m+       "amount": -52.4,[90m
[31m+       "category": "Online Shopping",[90m
[31m+       "cleared": true,[90m
[31m+       "date": 2025-01-12T00:00:00.000Z,[90m
[31m+       "description": "eBay",[90m
[31m+       "id": "t568",[90m
[31m+       "type": "expense",[90m
[31m+     },[90m
[31m+     {[90m
[31m+       "accountId": "6",[90m
[31m+       "amount": -6.96,[90m
[31m+       "category": "Coffee Shops",[90m
[31m+       "cleared": true,[90m
[31m+       "date": 2025-01-12T00:00:00.000Z,[90m
[31m+       "description": "Pret",[90m
[31m+       "id": "t569",[90m
[31m+       "type": "expense",[90m
[31m+     },[90m
[31m+     {[90m
[31m+       "accountId": "6",[90m
[31m+       "amount": -6.82,[90m
[31m+       "category": "Coffee Shops",[90m
[31m+       "cleared": true,[90m
[31m+       "date": 2025-01-13T00:00:00.000Z,[90m
[31m+       "description": "Starbucks",[90m
[31m+       "id": "t570",[90m
[31m+       "type": "expense",[90m
[31m+     },[90m
[31m+     {[90m
[31m+       "accountId": "5",[90m
[31m+       "amount": -115.45,[90m
[31m+       "category": "Dining Out",[90m
[31m+       "cleared": true,[90m
[31m+       "date": 2025-01-15T00:00:00.000Z,[90m
[31m+       "description": "Nando's",[90m
[31m+       "id": "t571",[90m
[31m+       "type": "expense",[90m
[31m+     },[90m
[31m+     {[90m
[31m+       "accountId": "5",[90m
[31m+       "amount": -78.36,[90m
[31m+       "category": "Online Shopping",[90m
[31m+       "cleared": true,[90m
[31m+       "date": 2025-01-15T00:00:00.000Z,[90m
[31m+       "description": "Amazon",[90m
[31m+       "id": "t572",[90m
[31m+       "type": "expense",[90m
[31m+     },[90m
[31m+     {[90m
[31m+       "accountId": "5",[90m
[31m+       "amount": -5.67,[90m
[31m+       "category": "Coffee Shops",[90m
[31m+       "cleared": true,[90m
[31m+       "date": 2025-01-15T00:00:00.000Z,[90m
[31m+       "description": "Starbucks",[90m
[31m+       "id": "t573",[90m
[31m+       "type": "expense",[90m
[31m+     },[90m
[31m+     {[90m
[31m+       "accountId": "6",[90m
[31m+       "amount": -59.34,[90m
[31m+       "category": "Groceries",[90m
[31m+       "cleared": true,[90m
[31m+       "date": 2025-01-16T00:00:00.000Z,[90m
[31m+       "description": "Aldi",[90m
[31m+       "id": "t574",[90m
[31m+       "type": "expense",[90m
[31m+     },[90m
[31m+     {[90m
[31m+       "accountId": "6",[90m
[31m+       "amount": -7.01,[90m
[31m+       "category": "Coffee Shops",[90m
[31m+       "cleared": true,[90m
[31m+       "date": 2025-01-16T00:00:00.000Z,[90m
[31m+       "description": "Costa",[90m
[31m+       "id": "t575",[90m
[31m+       "type": "expense",[90m
[31m+     },[90m
[31m+     {[90m
[31m+       "accountId": "5",[90m
[31m+       "amount": -110.75,[90m
[31m+       "category": "Dining Out",[90m
[31m+       "cleared": true,[90m
[31m+       "date": 2025-01-18T00:00:00.000Z,[90m
[31m+       "description": "Nando's",[90m
[31m+       "id": "t576",[90m
[31m+       "type": "expense",[90m
[31m+     },[90m
[31m+     {[90m
[31m+       "accountId": "6",[90m
[31m+       "amount": -30.14,[90m
[31m+       "category": "Transport",[90m
[31m+       "cleared": true,[90m
[31m+       "date": 2025-01-18T00:00:00.000Z,[90m
[31m+       "description": "National Rail",[90m
[31m+       "id": "t577",[90m
[31m+       "type": "expense",[90m
[31m+     },[90m
[31m+     {[90m
[31m+       "accountId": "5",[90m
[31m+       "amount": -118.63,[90m
[31m+       "category": "Online Shopping",[90m
[31m+       "cleared": true,[90m
[31m+       "date": 2025-01-18T00:00:00.000Z,[90m
[31m+       "description": "Currys",[90m
[31m+       "id": "t578",[90m
[31m+       "type": "expense",[90m
[31m+     },[90m
[31m+     {[90m
[31m+       "accountId": "5",[90m
[31m+       "amount": -4.46,[90m
[31m+       "category": "Coffee Shops",[90m
[31m+       "cleared": true,[90m
[31m+       "date": 2025-01-18T00:00:00.000Z,[90m
[31m+       "description": "Pret",[90m
[31m+       "id": "t579",[90m
[31m+       "type": "expense",[90m
[31m+     },[90m
[31m+     {[90m
[31m+       "accountId": "5",[90m
[31m+       "amount": -43.44,[90m
[31m+       "category": "Groceries",[90m
[31m+       "cleared": true,[90m
[31m+       "date": 2025-01-19T00:00:00.000Z,[90m
[31m+       "description": "Lidl",[90m
[31m+       "id": "t580",[90m
[31m+       "type": "expense",[90m
[31m+     },[90m
[31m+     {[90m
[31m+       "accountId": "5",[90m
[31m+       "amount": -49.21,[90m
[31m+       "category": "Dining Out",[90m
[31m+       "cleared": true,[90m
[31m+       "date": 2025-01-19T00:00:00.000Z,[90m
[31m+       "description": "Nando's",[90m
[31m+       "id": "t581",[90m
[31m+       "type": "expense",[90m
[31m+     },[90m
[31m+     {[90m
[31m+       "accountId": "6",[90m
[31m+       "amount": -28.46,[90m
[31m+       "category": "Transport",[90m
[31m+       "cleared": true,[90m
[31m+       "date": 2025-01-19T00:00:00.000Z,[90m
[31m+       "description": "Addison Lee",[90m
[31m+       "id": "t582",[90m
[31m+       "type": "expense",[90m
[31m+     },[90m
[31m+     {[90m
[31m+       "accountId": "6",[90m
[31m+       "amount": -174.22,[90m
[31m+       "category": "Shopping",[90m
[31m+       "cleared": true,[90m
[31m+       "date": 2025-01-19T00:00:00.000Z,[90m
[31m+       "description": "Zara",[90m
[31m+       "id": "t583",[90m
[31m+       "type": "expense",[90m
[31m+     },[90m
[31m+     {[90m
[31m+       "accountId": "6",[90m
[31m+       "amount": -96.84,[90m
[31m+       "category": "Entertainment",[90m
[31m+       "cleared": true,[90m
[31m+       "date": 2025-01-19T00:00:00.000Z,[90m
[31m+       "description": "O2 Arena",[90m
[31m+       "id": "t584",[90m
[31m+       "type": "expense",[90m
[31m+     },[90m
[31m+     {[90m
[31m+       "accountId": "6",[90m
[31m+       "amount": -132.51,[90m
[31m+       "category": "Online Shopping",[90m
[31m+       "cleared": true,[90m
[31m+       "date": 2025-01-19T00:00:00.000Z,[90m
[31m+       "description": "Argos",[90m
[31m+       "id": "t585",[90m
[31m+       "type": "expense",[90m
[31m+     },[90m
[31m+     {[90m
[31m+       "accountId": "5",[90m
[31m+       "amount": -6.74,[90m
[31m+       "category": "Coffee Shops",[90m
[31m+       "cleared": true,[90m
[31m+       "date": 2025-01-19T00:00:00.000Z,[90m
[31m+       "description": "Gail's",[90m
[31m+       "id": "t586",[90m
[31m+       "type": "expense",[90m
[31m+     },[90m
[31m+     {[90m
[31m+       "accountId": "6",[90m
[31m+       "amount": -35.41,[90m
[31m+       "category": "Transport",[90m
[31m+       "cleared": true,[90m
[31m+       "date": 2025-01-22T00:00:00.000Z,[90m
[31m+       "description": "Uber",[90m
[31m+       "id": "t587",[90m
[31m+       "type": "expense",[90m
[31m+     },[90m
[31m+     {[90m
[31m+       "accountId": "5",[90m
[31m+       "amount": -7.17,[90m
[31m+       "category": "Coffee Shops",[90m
[31m+       "cleared": true,[90m
[31m+       "date": 2025-01-22T00:00:00.000Z,[90m
[31m+       "description": "Pret",[90m
[31m+       "id": "t588",[90m
[31m+       "type": "expense",[90m
[31m+     },[90m
[31m+     {[90m
[31m+       "accountId": "6",[90m
[31m+       "amount": -43.77,[90m
[31m+       "category": "Groceries",[90m
[31m+       "cleared": true,[90m
[31m+       "date": 2025-01-23T00:00:00.000Z,[90m
[31m+       "description": "Aldi",[90m
[31m+       "id": "t589",[90m
[31m+       "type": "expense",[90m
[31m+     },[90m
[31m+     {[90m
[31m+       "accountId": "5",[90m
[31m+       "amount": -4.42,[90m
[31m+       "category": "Coffee Shops",[90m
[31m+       "cleared": true,[90m
[31m+       "date": 2025-01-23T00:00:00.000Z,[90m
[31m+       "description": "Costa",[90m
[31m+       "id": "t590",[90m
[31m+       "type": "expense",[90m
[31m+     },[90m
[31m+     {[90m
[31m+       "accountId": "5",[90m
[31m+       "amount": -4.49,[90m
[31m+       "category": "Coffee Shops",[90m
[31m+       "cleared": true,[90m
[31m+       "date": 2025-01-24T00:00:00.000Z,[90m
[31m+       "description": "Costa",[90m
[31m+       "id": "t591",[90m
[31m+       "type": "expense",[90m
[31m+     },[90m
[31m+     {[90m
[31m+       "accountId": "6",[90m
[31m+       "amount": -29.54,[90m
[31m+       "category": "Groceries",[90m
[31m+       "cleared": true,[90m
[31m+       "date": 2025-01-25T00:00:00.000Z,[90m
[31m+       "description": "ASDA",[90m
[31m+       "id": "t592",[90m
[31m+       "type": "expense",[90m
[31m+     },[90m
[31m+     {[90m
[31m+       "accountId": "6",[90m
[31m+       "amount": -115.37,[90m
[31m+       "category": "Dining Out",[90m
[31m+       "cleared": true,[90m
[31m+       "date": 2025-01-25T00:00:00.000Z,[90m
[31m+       "description": "Franco Manca",[90m
[31m+       "id": "t593",[90m
[31m+       "type": "expense",[90m
[31m+     },[90m
[31m+     {[90m
[31m+       "accountId": "5",[90m
[31m+       "amount": -25.09,[90m
[31m+       "category": "Transport",[90m
[31m+       "cleared": true,[90m
[31m+       "date": 2025-01-25T00:00:00.000Z,[90m
[31m+       "description": "National Rail",[90m
[31m+       "id": "t594",[90m
[31m+       "type": "expense",[90m
[31m+     },[90m
[31m+     {[90m
[31m+       "accountId": "6",[90m
[31m+       "amount": -6.8,[90m
[31m+       "category": "Coffee Shops",[90m
[31m+       "cleared": true,[90m
[31m+       "date": 2025-01-25T00:00:00.000Z,[90m
[31m+       "description": "Pret",[90m
[31m+       "id": "t595",[90m
[31m+       "type": "expense",[90m
[31m+     },[90m
[31m+     {[90m
[31m+       "accountId": "5",[90m
[31m+       "amount": -35.45,[90m
[31m+       "category": "Groceries",[90m
[31m+       "cleared": true,[90m
[31m+       "date": 2025-01-26T00:00:00.000Z,[90m
[31m+       "description": "Sainsbury's",[90m
[31m+       "id": "t596",[90m
[31m+       "type": "expense",[90m
[31m+     },[90m
[31m+     {[90m
[31m+       "accountId": "5",[90m
[31m+       "amount": -87.75,[90m
[31m+       "category": "Dining Out",[90m
[31m+       "cleared": true,[90m
[31m+       "date": 2025-01-26T00:00:00.000Z,[90m
[31m+       "description": "Wagamama",[90m
[31m+       "id": "t597",[90m
[31m+       "type": "expense",[90m
[31m+     },[90m
[31m+     {[90m
[31m+       "accountId": "6",[90m
[31m+       "amount": -25.05,[90m
[31m+       "category": "Transport",[90m
[31m+       "cleared": true,[90m
[31m+       "date": 2025-01-26T00:00:00.000Z,[90m
[31m+       "description": "Citymapper",[90m
[31m+       "id": "t598",[90m
[31m+       "type": "expense",[90m
[31m+     },[90m
[31m+     {[90m
[31m+       "accountId": "5",[90m
[31m+       "amount": -188.42,[90m
[31m+       "category": "Shopping",[90m
[31m+       "cleared": true,[90m
[31m+       "date": 2025-01-26T00:00:00.000Z,[90m
[31m+       "description": "Selfridges",[90m
[31m+       "id": "t599",[90m
[31m+       "type": "expense",[90m
[31m+     },[90m
[31m+     {[90m
[31m+       "accountId": "5",[90m
[31m+       "amount": -80.93,[90m
[31m+       "category": "Entertainment",[90m
[31m+       "cleared": true,[90m
[31m+       "date": 2025-01-26T00:00:00.000Z,[90m
[31m+       "description": "Ticketmaster",[90m
[31m+       "id": "t600",[90m
[2m        "type": "expense",[22m
[31m+     },[90m
[31m+     {[90m
[31m+       "accountId": "6",[90m
[31m+       "amount": -57.61,[90m
[31m+       "category": "Online Shopping",[90m
[31m+       "cleared": true,[90m
[31m+       "date": 2025-01-26T00:00:00.000Z,[90m
[31m+       "description": "Currys",[90m
[31m+       "id": "t601",[90m
[31m+       "type": "expense",[90m
[31m+     },[90m
[31m+     {[90m
[31m+       "accountId": "5",[90m
[31m+       "amount": -4.96,[90m
[31m+       "category": "Coffee Shops",[90m
[31m+       "cleared": true,[90m
[31m+       "date": 2025-01-26T00:00:00.000Z,[90m
[31m+       "description": "Costa",[90m
[31m+       "id": "t602",[90m
[31m+       "type": "expense",[90m
[31m+     },[90m
[31m+     {[90m
[31m+       "accountId": "6",[90m
[31m+       "amount": -35.95,[90m
[31m+       "category": "Dining Out",[90m
[31m+       "cleared": false,[90m
[31m+       "date": 2025-01-29T00:00:00.000Z,[90m
[31m+       "description": "Wagamama",[90m
[31m+       "id": "t603",[90m
[31m+       "type": "expense",[90m
[31m+     },[90m
[31m+     {[90m
[31m+       "accountId": "6",[90m
[31m+       "amount": -34.69,[90m
[31m+       "category": "Transport",[90m
[31m+       "cleared": false,[90m
[31m+       "date": 2025-01-29T00:00:00.000Z,[90m
[31m+       "description": "Addison Lee",[90m
[31m+       "id": "t604",[90m
[31m+       "type": "expense",[90m
[31m+     },[90m
[31m+     {[90m
[31m+       "accountId": "6",[90m
[31m+       "amount": -56.24,[90m
[31m+       "category": "Online Shopping",[90m
[31m+       "cleared": false,[90m
[31m+       "date": 2025-01-29T00:00:00.000Z,[90m
[31m+       "description": "Apple Store",[90m
[31m+       "id": "t605",[90m
[31m+       "type": "expense",[90m
[31m+     },[90m
[31m+     {[90m
[31m+       "accountId": "6",[90m
[31m+       "amount": -5.32,[90m
[31m+       "category": "Coffee Shops",[90m
[31m+       "cleared": false,[90m
[31m+       "date": 2025-01-29T00:00:00.000Z,[90m
[31m+       "description": "Gail's",[90m
[31m+       "id": "t606",[90m
[31m+       "type": "expense",[90m
[31m+     },[90m
[31m+     {[90m
[31m+       "accountId": "5",[90m
[31m+       "amount": -53.28,[90m
[31m+       "category": "Groceries",[90m
[31m+       "cleared": false,[90m
[31m+       "date": 2025-01-30T00:00:00.000Z,[90m
[31m+       "description": "Morrisons",[90m
[31m+       "id": "t607",[90m
[31m+       "type": "expense",[90m
[31m+     },[90m
[31m+     {[90m
[31m+       "accountId": "6",[90m
[31m+       "amount": -7.89,[90m
[31m+       "category": "Coffee Shops",[90m
[31m+       "cleared": false,[90m
[31m+       "date": 2025-01-30T00:00:00.000Z,[90m
[31m+       "description": "Starbucks",[90m
[31m+       "id": "t608",[90m
[31m+       "type": "expense",[90m
[31m+     },[90m
[31m+     {[90m
[31m+       "accountId": "1",[90m
[31m+       "amount": -1459.25,[90m
[31m+       "category": "transfer",[90m
[31m+       "cleared": true,[90m
[31m+       "date": 2025-01-14T00:00:00.000Z,[90m
[31m+       "description": "Credit Card Payment - Natwest",[90m
[31m+       "id": "t609",[90m
[31m+       "type": "transfer",[90m
[31m+     },[90m
[31m+     {[90m
[31m+       "accountId": "5",[90m
[31m+       "amount": 1459.25,[90m
[31m+       "category": "transfer",[90m
[31m+       "cleared": true,[90m
[31m+       "date": 2025-01-14T00:00:00.000Z,[90m
[31m+       "description": "Credit Card Payment - Natwest",[90m
[31m+       "id": "t610",[90m
[31m+       "type": "transfer",[90m
[31m+     },[90m
[31m+     {[90m
[31m+       "accountId": "1",[90m
[31m+       "amount": -1581.1799999999996,[90m
[31m+       "category": "transfer",[90m
[31m+       "cleared": true,[90m
[31m+       "date": 2025-01-14T00:00:00.000Z,[90m
[31m+       "description": "Credit Card Payment - American Express",[90m
[31m+       "id": "t611",[90m
[31m+       "type": "transfer",[90m
[31m+     },[90m
[31m+     {[90m
[31m+       "accountId": "6",[90m
[31m+       "amount": 1581.1799999999996,[90m
[31m+       "category": "transfer",[90m
[31m+       "cleared": true,[90m
[31m+       "date": 2025-01-14T00:00:00.000Z,[90m
[31m+       "description": "Credit Card Payment - American Express",[90m
[31m+       "id": "t612",[90m
[31m+       "type": "transfer",[90m
[31m+     },[90m
[31m+     {[90m
[31m+       "accountId": "1",[90m
[31m+       "amount": -1044.5700000000004,[90m
[31m+       "category": "transfer",[90m
[31m+       "cleared": true,[90m
[31m+       "date": 2025-01-31T00:00:00.000Z,[90m
[31m+       "description": "Balance Sweep to Savings",[90m
[31m+       "id": "t613",[90m
[31m+       "type": "transfer",[90m
[31m+     },[90m
[31m+     {[90m
[31m+       "accountId": "3",[90m
[31m+       "amount": 1044.5700000000004,[90m
[31m+       "category": "transfer",[90m
[31m+       "cleared": true,[90m
[31m+       "date": 2025-01-31T00:00:00.000Z,[90m
[31m+       "description": "Balance Sweep from Current",[90m
[31m+       "id": "t614",[90m
[31m+       "type": "transfer",[90m
[2m      },[22m
[2m    ],[22m
[2m  ][22m
[39m[90m

Number of calls: [1m1[22m
[39m
   ✓ useSeasonalAnalysis > does not analyze when disabled 3ms
 ✓ src/components/loading/LoadingState.test.tsx (25 tests) 110ms
 ✓ src/components/LoadingScreen.test.tsx (28 tests) 95ms
 ✓ src/services/__tests__/encryptedStorageService.test.ts (13 tests) 13ms
 ✓ src/services/__tests__/transactionAnalyticsService.test.ts (10 tests) 8ms
 ✓ src/hooks/__tests__/useErrorHandler.test.ts (13 tests) 30ms
 ✓ src/services/__tests__/portfolioCalculationService.test.ts (11 tests) 9ms
 ✓ src/services/__tests__/debtCalculationService.test.ts (13 tests) 47ms
 ✓ src/services/__tests__/budgetCalculationService.test.ts (12 tests) 14ms
 ✓ src/components/__tests__/AccountSettingsModal.test.tsx (15 tests) 247ms
 ✓ src/components/__tests__/TransactionRow.test.tsx (13 tests) 102ms
 ✓ src/components/PageLoader.test.tsx (23 tests) 44ms
 ✓ src/test/integration/SimpleIntegration.test.tsx (10 tests | 1 skipped) 231ms
 ✓ src/test/integration/DashboardInteractionsIntegration.test.tsx (10 tests) 713ms
   ✓ Dashboard Interactions Integration > Widget Clicks → Navigation → Data Updates > should display dashboard with summary cards  367ms
 ✓ src/components/PageHeader.test.tsx (20 tests) 90ms
 ✓ src/components/__tests__/ErrorBoundary.test.tsx (12 tests) 131ms
 ✓ src/components/__tests__/TransactionCard.test.tsx (14 tests) 95ms
 ✓ src/components/BatchImportModal.test.tsx (8 tests) 110ms
 ✓ src/store/slices/preferencesSlice.test.ts (12 tests) 13ms
 ❯ src/hooks/__tests__/useGlobalSearch.test.ts (12 tests | 5 failed) 85ms
   ✓ useGlobalSearch > initialization > returns initial state correctly 17ms
   ✓ useGlobalSearch > initialization > returns empty results for short queries 8ms
   × useGlobalSearch > search functionality > performs search correctly 10ms
     → expected false to be true // Object.is equality
   × useGlobalSearch > search functionality > searches accounts 5ms
     → expected false to be true // Object.is equality
   × useGlobalSearch > search functionality > searches transactions 9ms
     → expected false to be true // Object.is equality
   × useGlobalSearch > search functionality > searches budgets 5ms
     → expected false to be true // Object.is equality
   × useGlobalSearch > search functionality > searches goals 5ms
     → expected false to be true // Object.is equality
   ✓ useGlobalSearch > scoring and sorting > sorts results by score 5ms
   ✓ useGlobalSearch > scoring and sorting > includes match information 7ms
   ✓ useGlobalSearch > edge cases > handles empty query 4ms
   ✓ useGlobalSearch > edge cases > handles query with only spaces 4ms
   ✓ useGlobalSearch > edge cases > handles query with no matches 5ms
 ✓ src/store/slices/budgetsSlice.test.ts (6 tests) 10ms
 ✓ src/store/slices/goalsSlice.test.ts (6 tests) 8ms
 ✓ src/store/slices/categoriesSlice.test.ts (6 tests) 10ms
 ✓ src/utils/__tests__/currency.test.ts (21 tests) 9ms
 ❯ src/components/TransactionReconciliation.test.tsx (25 tests | 11 failed | 3 skipped) 8371ms
   ✓ TransactionReconciliation > rendering > renders when open 70ms
   ✓ TransactionReconciliation > rendering > does not render when closed 2ms
   × TransactionReconciliation > rendering > renders account selector 35ms
     → Unable to find an element with the text: /checking account/i. This could be because the text is broken up by multiple elements. In this case, you can provide a function for your text matcher to make your matcher more flexible.

Ignored nodes: comments, script, style
[36m<body[39m
  [33mstyle[39m=[32m"position: fixed; top: 0px; width: 100%; overflow: hidden;"[39m
[36m>[39m
  [36m<div>[39m
    [36m<div[39m
      [33maria-hidden[39m=[32m"true"[39m
      [33mclass[39m=[32m"fixed inset-0 bg-black/60 backdrop-blur-sm z-50 animate-in fade-in duration-200"[39m
    [36m/>[39m
    [36m<div[39m
      [33mclass[39m=[32m"fixed inset-x-0 z-50 flex justify-center px-4"[39m
      [33mstyle[39m=[32m"top: 40px;"[39m
    [36m>[39m
      [36m<div[39m
        [33maria-labelledby[39m=[32m"modal-title"[39m
        [33maria-modal[39m=[32m"true"[39m
        [33mclass[39m=[32m"
            bg-white dark:bg-gray-900 
            rounded-2xl 
            shadow-2xl 
            w-full 
            max-w-4xl 
            overflow-hidden 
            flex 
            flex-col
            animate-in zoom-in-95 slide-in-from-bottom-4 duration-200
            border border-gray-200/50 dark:border-gray-700/50
          "[39m
        [33mrole[39m=[32m"dialog"[39m
        [33mstyle[39m=[32m"max-height: 688px;"[39m
        [33mtabindex[39m=[32m"-1"[39m
      [36m>[39m
        [36m<div[39m
          [33mclass[39m=[32m"flex items-center justify-between px-6 py-5 border-b border-gray-200 dark:border-gray-800 bg-gradient-to-r from-gray-50 to-white dark:from-gray-900 dark:to-gray-800 flex-shrink-0"[39m
        [36m>[39m
          [36m<h2[39m
            [33mclass[39m=[32m"text-xl font-bold text-gray-900 dark:text-white"[39m
            [33mid[39m=[32m"modal-title"[39m
          [36m>[39m
            [0mTransaction Reconciliation[0m
          [36m</h2>[39m
          [36m<button[39m
            [33maria-label[39m=[32m"Close modal"[39m
            [33mclass[39m=[32m"
                  p-2 
                  rounded-lg 
                  text-gray-400 
                  hover:text-gray-600 
                  dark:text-gray-500 
                  dark:hover:text-gray-300 
                  hover:bg-gray-100 
                  dark:hover:bg-gray-800 
                  transition-all 
                  duration-200
                  focus:outline-none 
                  focus:ring-2 
                  focus:ring-primary/50
                "[39m
          [36m>[39m
            [36m<svg[39m
              [33maria-hidden[39m=[32m"true"[39m
              [33mclass[39m=[32m"lucide lucide-x"[39m
              [33mfill[39m=[32m"none"[39m
              [33mheight[39m=[32m"20"[39m
              [33mstroke[39m=[32m"currentColor"[39m
              [33mstroke-linecap[39m=[32m"round"[39m
              [33mstroke-linejoin[39m=[32m"round"[39m
              [33mstroke-width[39m=[32m"2"[39m
              [33mviewBox[39m=[32m"0 0 24 24"[39m
              [33mwidth[39m=[32m"20"[39m
              [33mxmlns[39m=[32m"http://www.w3.org/2000/svg"[39m
            [36m>[39m
              [36m<path[39m
                [33md[39m=[32m"M18 6 6 18"[39m
              [36m/>[39m
              [36m<path[39m
                [33md[39m=[32m"m6 6 12 12"[39m
              [36m/>[39m
            [36m</svg>[39m
          [36m</button>[39m
        [36m</div>[39m
        [36m<div[39m
          [33mclass[39m=[32m"flex-1 overflow-y-auto overscroll-contain"[39m
        [36m>[39m
          [36m<div[39m
            [33mclass[39m=[32m"p-6"[39m
          [36m>[39m
            [36m<div[39m
              [33mclass[39m=[32m"bg-gray-50 dark:bg-gray-800 rounded-lg p-6 mb-6"[39m
            [36m>[39m
              [36m<h3[39m
                [33mclass[39m=[32m"text-lg font-medium mb-4"[39m
              [36m>[39m
                [0mReconciliation Setup[0m
              [36m</h3>[39m
              [36m<div[39m
                [33mclass[39m=[32m"grid grid-cols-2 gap-6"[39m
              [36m>[39m
                [36m<div>[39m
                  [36m<label[39m
                    [33mclass[39m=[32m"block text-sm font-medium mb-2"[39m
                  [36m>[39m
                    [0mAccount[0m
                  [36m</label>[39m
                  [36m<select[39m
                    [33mclass[39m=[32m"w-full px-3 py-2 border border-gray-300 dark:border-gray-600 rounded-lg
                         bg-white dark:bg-gray-700"[39m
                  [36m>[39m
                    [36m<option[39m
                      [33mvalue[39m=[32m""[39m
                    [36m>[39m
                      [0mSelect an account...[0m
                    [36m</option>[39m
                    [36m<option[39m
                      [33mvalue[39m=[32m"1"[39m
                    [36m>[39m
                      [0mNatwest Current Account[0m
                      [0m ([0m
                      [0m$0.00[0m
                      [0m)[0m
                    [36m</option>[39m
                    [36m<option[39m
                      [33mvalue[39m=[32m"2"[39m
                    [36m>[39m
                      [0mMonzo Current Account[0m
                      [0m ([0m
                      [0m$0.00[0m
                      [0m)[0m
                    [36m</option>[39m
                    [36m<option[39m
                      [33mvalue[39m=[32m"3"[39m
                    [36m>[39m
                      [0mNatwest Savings Account[0m
                      [0m ([0m
                      [0m$0.00[0m
                      [0m)[0m
                    [36m</option>[39m
                    [36m<option[39m
                      [33mvalue[39m=[32m"4"[39m
                    [36m>[39m
                      [0mNS&I Premium Bonds[0m
                      [0m ([0m
                      [0m$0.00[0m
                      [0m)[0m
                    [36m</option>[39m
                    [36m<option[39m
                      [33mvalue[39m=[32m"5"[39m
                    [36m>[39m
                      [0mNatwest Credit Card[0m
                      [0m ([0m
                      [0m$0.00[0m
                      [0m)[0m
                    [36m</option>[39m
                    [36m<option[39m
                      [33mvalue[39m=[32m"6"[39m
                    [36m>[39m
                      [0mAmerican Express Gold[0m
                      [0m ([0m
                      [0m$0.00[0m
                      [0m)[0m
                    [36m</option>[39m
                    [36m<option[39m
                      [33mvalue[39m=[32m"7"[39m
                    [36m>[39m
                      [0mNatwest Personal Loan[0m
                      [0m ([0m
                      [0m$0.00[0m
                      [0m)[0m
                    [36m</option>[39m
                    [36m<option[39m
                      [33mvalue[39m=[32m"8"[39m
                    [36m>[39m
                      [0mNatwest Mortgage[0m
                      [0m ([0m
                      [0m$0.00[0m
                      [0m)[0m
                    [36m</option>[39m
                    [36m<option[39m
                      [33mvalue[39m=[32m"9"[39m
                    [36m>[39m
                      [0mHargreaves Lansdown SIPP[0m
                      [0m ([0m
                      [0m$0.00[0m
                      [0m)[0m
                    [36m</option>[39m
                    [36m<option[39m
                      [33mvalue[39m=[32m"10"[39m
                    [36m>[39m
                      [0mHargreaves Lansdown ISA[0m
                      [0m ([0m
                      [0m$0.00[0m
                      [0m)[0m
                    [36m</option>[39m
                    [36m<option[39m
                      [33mvalue[39m=[32m"11"[39m
                    [36m>[39m
                      [0mCity Trader Account[0m
                      [0m ([0m
                      [0m$10000.00[0m
                      [0m)[0m
                    [36m</option>[39m
                    [36m<option[39m
                      [33mvalue[39m=[32m"12"[39m
                    [36m>[39m
                      [0mPrimary Residence[0m
                      [0m ([0m
                      [0m$0.00[0m
                      [0m)[0m
                    [36m</option>[39m
                  [36m</select>[39m
                [36m</div>[39m
                [36m<div>[39m
                  [36m<label[39m
                    [33mclass[39m=[32m"block text-sm font-medium mb-2"[39m
                  [36m>[39m
                    [0mStatement Balance[0m
                  [36m</label>[39m
                  [36m<input[39m
                    [33mclass[39m=[32m"w-full px-3 py-2 border border-gray-300 dark:border-gray-600 rounded-lg
                         bg-white dark:bg-gray-700"[39m
                    [33mplaceholder[39m=[32m"Enter statement ending balance"[39m
                    [33mstep[39m=[32m"0.01"[39m
                    [33mtype[39m=[32m"number"[39m
                    [33mvalue[39m=[32m""[39m
                  [36m/>[39m
                [36m</div>[39m
              [36m</div>[39m
              [36m<div[39m
                [33mclass[39m=[32m"grid grid-cols-2 gap-6 mt-4"[39m
              [36m>[39m
                [36m<div>[39m
                  [36m<label[39m
                    [33mclass[39m=[32m"block text-sm font-medium mb-2"[39m
                  [36m>[39m
                    [0mStart Date[0m
                  [36m</label>[39m
                  [36m<input[39m
                    [33mclass[39m=[32m"w-full px-3 py-2 border border-gray-300 dark:border-gray-600 rounded-lg
                         bg-white dark:bg-gray-700"[39m
                    [33mtype[39m=[32m"date"[39m
                    [33mvalue[39m=[32m"2024-12-20"[39m
                  [36m/>[39m
                [36m</div>[39m
                [36m<div>[39m
                  [36m<label[39m
                    [33mclass[39m=[32m"block text-sm font-medium mb-2"[39m
                  [36m>[39m
                    [0mEnd Date[0m
                  [36m</label>[39m
                  [36m<input[39m
                    [33mclass[39m=[32m"w-full px-3 py-2 border border-gray-300 dark:border-gray-600 rounded-lg
                         bg-white dark:bg-gray-700"[39m
                    [33mtype[39m=[32m"date"[39m
                    [33mvalue[39m=[32m"2025-01-20"[39m
                  [36m/>[39m
                [36m</div>[39m
              [36m</div>[39m
            [36m</div>[39m
          [36m</div>[39m
          [36m<div[39m
            [33mclass[39m=[32m"flex justify-end px-6 py-4 border-t border-gray-200 dark:border-gray-700"[39m
          [36m>[39m
            [36m<button[39m
              [33mclass[39m=[32m"px-4 py-2 text-gray-700 dark:text-gray-300 hover:bg-gray-100 
                   dark:hover:bg-gray-700 rounded-lg"[39m
            [36m>[39m
              [0mClose[0m
            [36m</button>[39m
          [36m</div>[39m
        [36m</div>[39m
      [36m</div>[39m
    [36m</div>[39m
  [36m</div>[39m
[36m</body>[39m
   × TransactionReconciliation > rendering > pre-selects account when accountId provided 24ms
     → [2mexpect([22m[31melement[39m[2m).toHaveValue([22m[32macc1[39m[2m)[22m

Expected the element to have value:
[32m  acc1[39m
Received:
[31m[39m
   ✓ TransactionReconciliation > rendering > renders date range inputs 8ms
   ✓ TransactionReconciliation > rendering > renders statement balance input 5ms
   × TransactionReconciliation > balance calculations > displays cleared balance 1012ms
     → Unable to find an element with the text: $3000.00. This could be because the text is broken up by multiple elements. In this case, you can provide a function for your text matcher to make your matcher more flexible.

Ignored nodes: comments, script, style
[36m<body[39m
  [33mstyle[39m=[32m"position: fixed; top: 0px; width: 100%; overflow: hidden;"[39m
[36m>[39m
  [36m<div>[39m
    [36m<div[39m
      [33maria-hidden[39m=[32m"true"[39m
      [33mclass[39m=[32m"fixed inset-0 bg-black/60 backdrop-blur-sm z-50 animate-in fade-in duration-200"[39m
    [36m/>[39m
    [36m<div[39m
      [33mclass[39m=[32m"fixed inset-x-0 z-50 flex justify-center px-4"[39m
      [33mstyle[39m=[32m"top: 40px;"[39m
    [36m>[39m
      [36m<div[39m
        [33maria-labelledby[39m=[32m"modal-title"[39m
        [33maria-modal[39m=[32m"true"[39m
        [33mclass[39m=[32m"
            bg-white dark:bg-gray-900 
            rounded-2xl 
            shadow-2xl 
            w-full 
            max-w-4xl 
            overflow-hidden 
            flex 
            flex-col
            animate-in zoom-in-95 slide-in-from-bottom-4 duration-200
            border border-gray-200/50 dark:border-gray-700/50
          "[39m
        [33mrole[39m=[32m"dialog"[39m
        [33mstyle[39m=[32m"max-height: 688px;"[39m
        [33mtabindex[39m=[32m"-1"[39m
      [36m>[39m
        [36m<div[39m
          [33mclass[39m=[32m"flex items-center justify-between px-6 py-5 border-b border-gray-200 dark:border-gray-800 bg-gradient-to-r from-gray-50 to-white dark:from-gray-900 dark:to-gray-800 flex-shrink-0"[39m
        [36m>[39m
          [36m<h2[39m
            [33mclass[39m=[32m"text-xl font-bold text-gray-900 dark:text-white"[39m
            [33mid[39m=[32m"modal-title"[39m
          [36m>[39m
            [0mTransaction Reconciliation[0m
          [36m</h2>[39m
          [36m<button[39m
            [33maria-label[39m=[32m"Close modal"[39m
            [33mclass[39m=[32m"
                  p-2 
                  rounded-lg 
                  text-gray-400 
                  hover:text-gray-600 
                  dark:text-gray-500 
                  dark:hover:text-gray-300 
                  hover:bg-gray-100 
                  dark:hover:bg-gray-800 
                  transition-all 
                  duration-200
                  focus:outline-none 
                  focus:ring-2 
                  focus:ring-primary/50
                "[39m
          [36m>[39m
            [36m<svg[39m
              [33maria-hidden[39m=[32m"true"[39m
              [33mclass[39m=[32m"lucide lucide-x"[39m
              [33mfill[39m=[32m"none"[39m
              [33mheight[39m=[32m"20"[39m
              [33mstroke[39m=[32m"currentColor"[39m
              [33mstroke-linecap[39m=[32m"round"[39m
              [33mstroke-linejoin[39m=[32m"round"[39m
              [33mstroke-width[39m=[32m"2"[39m
              [33mviewBox[39m=[32m"0 0 24 24"[39m
              [33mwidth[39m=[32m"20"[39m
              [33mxmlns[39m=[32m"http://www.w3.org/2000/svg"[39m
            [36m>[39m
              [36m<path[39m
                [33md[39m=[32m"M18 6 6 18"[39m
              [36m/>[39m
              [36m<path[39m
                [33md[39m=[32m"m6 6 12 12"[39m
              [36m/>[39m
            [36m</svg>[39m
          [36m</button>[39m
        [36m</div>[39m
        [36m<div[39m
          [33mclass[39m=[32m"flex-1 overflow-y-auto overscroll-contain"[39m
        [36m>[39m
          [36m<div[39m
            [33mclass[39m=[32m"p-6"[39m
          [36m>[39m
            [36m<div[39m
              [33mclass[39m=[32m"bg-gray-50 dark:bg-gray-800 rounded-lg p-6 mb-6"[39m
            [36m>[39m
              [36m<h3[39m
                [33mclass[39m=[32m"text-lg font-medium mb-4"[39m
              [36m>[39m
                [0mReconciliation Setup[0m
              [36m</h3>[39m
              [36m<div[39m
                [33mclass[39m=[32m"grid grid-cols-2 gap-6"[39m
              [36m>[39m
                [36m<div>[39m
                  [36m<label[39m
                    [33mclass[39m=[32m"block text-sm font-medium mb-2"[39m
                  [36m>[39m
                    [0mAccount[0m
                  [36m</label>[39m
                  [36m<select[39m
                    [33mclass[39m=[32m"w-full px-3 py-2 border border-gray-300 dark:border-gray-600 rounded-lg
                         bg-white dark:bg-gray-700"[39m
                  [36m>[39m
                    [36m<option[39m
                      [33mvalue[39m=[32m""[39m
                    [36m>[39m
                      [0mSelect an account...[0m
                    [36m</option>[39m
                    [36m<option[39m
                      [33mvalue[39m=[32m"1"[39m
                    [36m>[39m
                      [0mNatwest Current Account[0m
                      [0m ([0m
                      [0m$0.00[0m
                      [0m)[0m
                    [36m</option>[39m
                    [36m<option[39m
                      [33mvalue[39m=[32m"2"[39m
                    [36m>[39m
                      [0mMonzo Current Account[0m
                      [0m ([0m
                      [0m$0.00[0m
                      [0m)[0m
                    [36m</option>[39m
                    [36m<option[39m
                      [33mvalue[39m=[32m"3"[39m
                    [36m>[39m
                      [0mNatwest Savings Account[0m
                      [0m ([0m
                      [0m$0.00[0m
                      [0m)[0m
                    [36m</option>[39m
                    [36m<option[39m
                      [33mvalue[39m=[32m"4"[39m
                    [36m>[39m
                      [0mNS&I Premium Bonds[0m
                      [0m ([0m
                      [0m$0.00[0m
                      [0m)[0m
                    [36m</option>[39m
                    [36m<option[39m
                      [33mvalue[39m=[32m"5"[39m
                    [36m>[39m
                      [0mNatwest Credit Card[0m
                      [0m ([0m
                      [0m$0.00[0m
                      [0m)[0m
                    [36m</option>[39m
                    [36m<option[39m
                      [33mvalue[39m=[32m"6"[39m
                    [36m>[39m
                      [0mAmerican Express Gold[0m
                      [0m ([0m
                      [0m$0.00[0m
                      [0m)[0m
                    [36m</option>[39m
                    [36m<option[39m
                      [33mvalue[39m=[32m"7"[39m
                    [36m>[39m
                      [0mNatwest Personal Loan[0m
                      [0m ([0m
                      [0m$0.00[0m
                      [0m)[0m
                    [36m</option>[39m
                    [36m<option[39m
                      [33mvalue[39m=[32m"8"[39m
                    [36m>[39m
                      [0mNatwest Mortgage[0m
                      [0m ([0m
                      [0m$0.00[0m
                      [0m)[0m
                    [36m</option>[39m
                    [36m<option[39m
                      [33mvalue[39m=[32m"9"[39m
                    [36m>[39m
                      [0mHargreaves Lansdown SIPP[0m
                      [0m ([0m
                      [0m$0.00[0m
                      [0m)[0m
                    [36m</option>[39m
                    [36m<option[39m
                      [33mvalue[39m=[32m"10"[39m
                    [36m>[39m
                      [0mHargreaves Lansdown ISA[0m
                      [0m ([0m
                      [0m$0.00[0m
                      [0m)[0m
                    [36m</option>[39m
                    [36m<option[39m
                      [33mvalue[39m=[32m"11"[39m
                    [36m>[39m
                      [0mCity Trader Account[0m
                      [0m ([0m
                      [0m$10000.00[0m
                      [0m)[0m
                    [36m</option>[39m
                    [36m<option[39m
                      [33mvalue[39m=[32m"12"[39m
                    [36m>[39m
                      [0mPrimary Residence[0m
                      [0m ([0m
                      [0m$0.00[0m
                      [0m)[0m
                    [36m</option>[39m
                  [36m</select>[39m
                [36m</div>[39m
                [36m<div>[39m
                  [36m<label[39m
                    [33mclass[39m=[32m"block text-sm font-medium mb-2"[39m
                  [36m>[39m
                    [0mStatement Balance[0m
                  [36m</label>[39m
                  [36m<input[39m
                    [33mclass[39m=[32m"w-full px-3 py-2 border border-gray-300 dark:border-gray-600 rounded-lg
                         bg-white dark:bg-gray-700"[39m
                    [33mplaceholder[39m=[32m"Enter statement ending balance"[39m
                    [33mstep[39m=[32m"0.01"[39m
                    [33mtype[39m=[32m"number"[39m
                    [33mvalue[39m=[32m""[39m
                  [36m/>[39m
                [36m</div>[39m
              [36m</div>[39m
              [36m<div[39m
                [33mclass[39m=[32m"grid grid-cols-2 gap-6 mt-4"[39m
              [36m>[39m
                [36m<div>[39m
                  [36m<label[39m
                    [33mclass[39m=[32m"block text-sm font-medium mb-2"[39m
                  [36m>[39m
                    [0mStart Date[0m
                  [36m</label>[39m
                  [36m<input[39m
                    [33mclass[39m=[32m"w-full px-3 py-2 border border-gray-300 dark:border-gray-600 rounded-lg
                         bg-white dark:bg-gray-700"[39m
                    [33mtype[39m=[32m"date"[39m
                    [33mvalue[39m=[32m"2024-12-20"[39m
                  [36m/>[39m
                [36m</div>[39m
                [36m<div>[39m
                  [36m<label[39m
                    [33mclass[39m=[32m"block text-sm font-medium mb-2"[39m
                  [36m>[39m
                    [0mEnd Date[0m
                  [36m</label>[39m
                  [36m<input[39m
                    [33mclass[39m=[32m"w-full px-3 py-2 border border-gray-300 dark:border-gray-600 rounded-lg
                         bg-white dark:bg-gray-700"[39m
                    [33mtype[39m=[32m"date"[39m
                    [33mvalue[39m=[32m"2025-01-20"[39m
                  [36m/>[39m
                [36m</div>[39m
              [36m</div>[39m
            [36m</div>[39m
            [36m<div[39m
              [33mclass[39m=[32m"grid grid-cols-4 gap-4 mb-6"[39m
            [36m>[39m
              [36m<div[39m
                [33mclass[39m=[32m"bg-white dark:bg-gray-800 rounded-lg p-4 border border-gray-200 dark:border-gray-700"[39m
              [36m>[39m
                [36m<div[39m
                  [33mclass[39m=[32m"text-sm text-gray-600 dark:text-gray-400"[39m
                [36m>[39m
                  [0mCleared Balance[0m
                [36m</div>[39m
                [36m<div[39m
                  [33mclass[39m=[32m"text-xl font-semibold mt-1"[39m
                [36m>[39m
                  [0m$0.00[0m
                [36m</div>[39m
              [36m</div>[39m
              [36m<div[39m
                [33mclass[39m=[32m"bg-white dark:bg-gray-800 rounded-lg p-4 border border-gray-200 dark:border-gray-700"[39m
              [36m>[39m
                [36m<div[39m
                  [33mclass[39m=[32m"text-sm text-gray-600 dark:text-gray-400"[39m
                [36m>[39m
                  [0mStatement Balance[0m
                [36m</div>[39m
                [36m<div[39m
                  [33mclass[39m=[32m"text-xl font-semibold mt-1"[39m
                [36m>[39m
                  [0m-[0m
                [36m</div>[39m
              [36m</div>[39m
              [36m<div[39m
                [33mclass[39m=[32m"rounded-lg p-4 border bg-green-50 dark:bg-green-900/20 border-green-200 dark:border-green-800"[39m
              [36m>[39m
                [36m<div[39m
                  [33mclass[39m=[32m"text-sm text-gray-600 dark:text-gray-400"[39m
                [36m>[39m
                  [0mDifference[0m
                [36m</div>[39m
                [36m<div[39m
                  [33mclass[39m=[32m"text-xl font-semibold mt-1 text-green-600 dark:text-green-400"[39m
                [36m>[39m
                  [0m$0.00[0m
                [36m</div>[39m
              [36m</div>[39m
              [36m<div[39m
                [33mclass[39m=[32m"bg-white dark:bg-gray-800 rounded-lg p-4 border border-gray-200 dark:border-gray-700"[39m
              [36m>[39m
                [36m<div[39m
                  [33mclass[39m=[32m"text-sm text-gray-600 dark:text-gray-400"[39m
                [36m>[39m
                  [0mUncleared[0m
                [36m</div>[39m
                [36m<div[39m
                  [33mclass[39m=[32m"text-xl font-semibold mt-1"[39m
                [36m>[39m
                  [0m0[0m
                [36m</div>[39m
              [36m</div>[39m
            [36m</div>[39m
            [36m<div[39m
              [33mclass[39m=[32m"flex justify-center mb-6"[39m
            [36m>[39m
              [36m<button[39m
                [33mclass[39m=[32m"flex items-center gap-2 px-6 py-3 bg-primary text-white rounded-lg
                         hover:bg-primary-dark disabled:opacity-50 disabled:cursor-not-allowed"[39m
              [36m>[39m
                [36m<div[39m
                  [33mdata-size[39m=[32m"20"[39m
                  [33mdata-testid[39m=[32m"link-icon"[39m
                [36m/>[39m
                [0mAuto-Reconcile Transactions[0m
              [36m</button>[39m
            [36m</div>[39m
            [36m<div[39m
              [33mclass[39m=[32m"bg-green-50 dark:bg-green-900/20 rounded-lg p-8 text-center"[39m
            [36m>[39m
              [36m<div[39m
                [33mdata-size[39m=[32m"48"[39m
                [33mdata-testid[39m=[32m"check-circle-icon"[39m
              [36m/>[39m
              [36m<h4[39m
                [33mclass[39m=[32m"text-lg font-medium text-green-900 dark:text-green-300"[39m
              [36m>[39m
                [0mAccount Reconciled![0m
              [36m</h4>[39m
              [36m<p[39m
                [33mclass[39m=[32m"text-sm text-green-800 dark:text-green-200 mt-1"[39m
              [36m>[39m
                [0mAll transactions are cleared and your balance matches the statement.[0m
              [36m</p>[39m
            [36m</div>[39m
          [36m</div>[39m
          [36m<div[39m
            [33mclass[39m=[32m"flex justify-end px-6 py-4 border-t border-gray-200 dark:border-gray-700"[39m
          [36m>[39m
            [36m<button[39m
              [33mclass[39m=[32m"px-4 py-2 text-gray-700 dark:text-gray-300 hover:bg-gray-100 
                   dark:hover:bg-gray-700 rounded-lg"[39m
            [36m>[39m
              [0mClose[0m
            [36m</button>[39m
          [36m</div>[39m
        [36m</div>[39m
      [36m</div>[39m
    [36m</div>[39m
  [36m</div>[39m
[36m</body>[39m

Ignored nodes: comments, script, style
[36m<html>[39m
  [36m<head />[39m
  [36m<body[39m
    [33mstyle[39m=[32m"position: fixed; top: 0px; width: 100%; overflow: hidden;"[39m
  [36m>[39m
    [36m<div>[39m
      [36m<div[39m
        [33maria-hidden[39m=[32m"true"[39m
        [33mclass[39m=[32m"fixed inset-0 bg-black/60 backdrop-blur-sm z-50 animate-in fade-in duration-200"[39m
      [36m/>[39m
      [36m<div[39m
        [33mclass[39m=[32m"fixed inset-x-0 z-50 flex justify-center px-4"[39m
        [33mstyle[39m=[32m"top: 40px;"[39m
      [36m>[39m
        [36m<div[39m
          [33maria-labelledby[39m=[32m"modal-title"[39m
          [33maria-modal[39m=[32m"true"[39m
          [33mclass[39m=[32m"
            bg-white dark:bg-gray-900 
            rounded-2xl 
            shadow-2xl 
            w-full 
            max-w-4xl 
            overflow-hidden 
            flex 
            flex-col
            animate-in zoom-in-95 slide-in-from-bottom-4 duration-200
            border border-gray-200/50 dark:border-gray-700/50
          "[39m
          [33mrole[39m=[32m"dialog"[39m
          [33mstyle[39m=[32m"max-height: 688px;"[39m
          [33mtabindex[39m=[32m"-1"[39m
        [36m>[39m
          [36m<div[39m
            [33mclass[39m=[32m"flex items-center justify-between px-6 py-5 border-b border-gray-200 dark:border-gray-800 bg-gradient-to-r from-gray-50 to-white dark:from-gray-900 dark:to-gray-800 flex-shrink-0"[39m
          [36m>[39m
            [36m<h2[39m
              [33mclass[39m=[32m"text-xl font-bold text-gray-900 dark:text-white"[39m
              [33mid[39m=[32m"modal-title"[39m
            [36m>[39m
              [0mTransaction Reconciliation[0m
            [36m</h2>[39m
            [36m<button[39m
              [33maria-label[39m=[32m"Close modal"[39m
              [33mclass[39m=[32m"
                  p-2 
                  rounded-lg 
                  text-gray-400 
                  hover:text-gray-600 
                  dark:text-gray-500 
                  dark:hover:text-gray-300 
                  hover:bg-gray-100 
                  dark:hover:bg-gray-800 
                  transition-all 
                  duration-200
                  focus:outline-none 
                  focus:ring-2 
                  focus:ring-primary/50
                "[39m
            [36m>[39m
              [36m<svg[39m
                [33maria-hidden[39m=[32m"true"[39m
                [33mclass[39m=[32m"lucide lucide-x"[39m
                [33mfill[39m=[32m"none"[39m
                [33mheight[39m=[32m"20"[39m
                [33mstroke[39m=[32m"currentColor"[39m
                [33mstroke-linecap[39m=[32m"round"[39m
                [33mstroke-linejoin[39m=[32m"round"[39m
                [33mstroke-width[39m=[32m"2"[39m
                [33mviewBox[39m=[32m"0 0 24 24"[39m
                [33mwidth[39m=[32m"20"[39m
                [33mxmlns[39m=[32m"http://www.w3.org/2000/svg"[39m
              [36m>[39m
                [36m<path[39m
                  [33md[39m=[32m"M18 6 6 18"[39m
                [36m/>[39m
                [36m<path[39m
                  [33md[39m=[32m"m6 6 12 12"[39m
                [36m/>[39m
              [36m</svg>[39m
            [36m</button>[39m
          [36m</div>[39m
          [36m<div[39m
            [33mclass[39m=[32m"flex-1 overflow-y-auto overscroll-contain"[39m
          [36m>[39m
            [36m<div[39m
              [33mclass[39m=[32m"p-6"[39m
            [36m>[39m
              [36m<div[39m
                [33mclass[39m=[32m"bg-gray-50 dark:bg-gray-800 rounded-lg p-6 mb-6"[39m
              [36m>[39m
                [36m<h3[39m
                  [33mclass[39m=[32m"text-lg font-medium mb-4"[39m
                [36m>[39m
                  [0mReconciliation Setup[0m
                [36m</h3>[39m
                [36m<div[39m
                  [33mclass[39m=[32m"grid grid-cols-2 gap-6"[39m
                [36m>[39m
                  [36m<div>[39m
                    [36m<label[39m
                      [33mclass[39m=[32m"block text-sm font-medium mb-2"[39m
                    [36m>[39m
                      [0mAccount[0m
                    [36m</label>[39m
                    [36m<select[39m
                      [33mclass[39m=[32m"w-full px-3 py-2 border border-gray-300 dark:border-gray-600 rounded-lg
                         bg-white dark:bg-gray-700"[39m
                    [36m>[39m
                      [36m<option[39m
                        [33mvalue[39m=[32m""[39m
                      [36m>[39m
                        [0mSelect an account...[0m
                      [36m</option>[39m
                      [36m<option[39m
                        [33mvalue[39m=[32m"1"[39m
                      [36m>[39m
                        [0mNatwest Current Account[0m
                        [0m ([0m
                        [0m$0.00[0m
                        [0m)[0m
                      [36m</option>[39m
                      [36m<option[39m
                        [33mvalue[39m=[32m"2"[39m
                      [36m>[39m
                        [0mMonzo Current Account[0m
                        [0m ([0m
                        [0m$0.00[0m
                        [0m)[0m
                      [36m</option>[39m
                      [36m<option[39m
                        [33mvalue[39m=[32m"3"[39m
                      [36m>[39m
                        [0mNatwest Savings Account[0m
                        [0m ([0m
                        [0m$0.00[0m
                        [0m)[0m
                      [36m</option>[39m
                      [36m<option[39m
                        [33mvalue[39m=[32m"4"[39m
                      [36m>[39m
                        [0mNS&I Premium Bonds[0m
                        [0m ([0m
                        [0m$0.00[0m
                        [0m)[0m
                      [36m</option>[39m
                      [36m<option[39m
                        [33mvalue[39m=[32m"5"[39m
                      [36m>[39m
                        [0mNatwest Credit Card[0m
                        [0m ([0m
                        [0m$0.00[0m
                        [0m)[0m
                      [36m</option>[39m
                      [36m<option[39m
                        [33mvalue[39m=[32m"6"[39m
                      [36m>[39m
                        [0mAmerican Express Gold[0m
                        [0m ([0m
                        [0m$0.00[0m
                        [0m)[0m
                      [36m</option>[39m
                      [36m<option[39m
                        [33mvalue[39m=[32m"7"[39m
                      [36m>[39m
                        [0mNatwest Personal Loan[0m
                        [0m ([0m
                        [0m$0.00[0m
                        [0m)[0m
                      [36m</option>[39m
                      [36m<option[39m
                        [33mvalue[39m=[32m"8"[39m
                      [36m>[39m
                        [0mNatwest Mortgage[0m
                        [0m ([0m
                        [0m$0.00[0m
                        [0m)[0m
                      [36m</option>[39m
                      [36m<option[39m
                        [33mvalue[39m=[32m"9"[39m
                      [36m>[39m
                        [0mHargreaves Lansdown SIPP[0m
                        [0m ([0m
                        [0m$0.00[0m
                        [0m)[0m
                      [36m</option>[39m
                      [36m<option[39m
                        [33mvalue[39m=[32m"10"[39m
                      [36m>[39m
                        [0mHargreaves Lansdown ISA[0m
                        [0m ([0m
                        [0m$0.00[0m
                        [0m)[0m
                      [36m</option>[39m
                      [36m<option[39m
                        [33mvalue[39m=[32m"11"[39m
                      [36m>[39m
                        [0mCity Trader Account[0m
                        [0m ([0m
                        [0m$10000.00[0m
                        [0m)[0m
                      [36m</option>[39m
                      [36m<option[39m
                        [33mvalue[39m=[32m"12"[39m
                      [36m>[39m
                        [0mPrimary Residence[0m
                        [0m ([0m
                        [0m$0.00[0m
                        [0m)[0m
                      [36m</option>[39m
                    [36m</select>[39m
                  [36m</div>[39m
                  [36m<div>[39m
                    [36m<label[39m
                      [33mclass[39m=[32m"block text-sm font-medium mb-2"[39m
                    [36m>[39m
                      [0mStatement Balance[0m
                    [36m</label>[39m
                    [36m<input[39m
                      [33mclass[39m=[32m"w-full px-3 py-2 border border-gray-300 dark:border-gray-600 rounded-lg
                         bg-white dark:bg-gray-700"[39m
                      [33mplaceholder[39m=[32m"Enter statement ending balance"[39m
                      [33mstep[39m=[32m"0.01"[39m
                      [33mtype[39m=[32m"number"[39m
                      [33mvalue[39m=[32m""[39m
                    [36m/>[39m
                  [36m</div>[39m
                [36m</div>[39m
                [36m<div[39m
                  [33mclass[39m=[32m"grid grid-cols-2 gap-6 mt-4"[39m
                [36m>[39m
                  [36m<div>[39m
                    [36m<label[39m
                      [33mclass[39m=[32m"block text-sm font-medium mb-2"[39m
                    [36m>[39m
                      [0mStart Date[0m
                    [36m</label>[39m
                    [36m<input[39m
                      [33mclass[39m=[32m"w-full px-3 py-2 border border-gray-300 dark:border-gray-600 rounded-lg
                         bg-white dark:bg-gray-700"[39m
                      [33mtype[39m=[32m"date"[39m
                      [33mvalue[39m=[32m"2024-12-20"[39m
                    [36m/>[39m
                  [36m</div>[39m
                  [36m<div>[39m
                    [36m<label[39m
                      [33mclass[39m=[32m"block text-sm font-medium mb-2"[39m
                    [36m>[39m
                      [0mEnd Date[0m
                    [36m</label>[39m
                    [36m<input[39m
                      [33mclass[39m=[32m"w-full px-3 py-2 border border-gray-300 dark:border-gray-600 rounded-lg
                         bg-white dark:bg-gray-700"[39m
                      [33mtype[39m=[32m"date"[39m
                      [33mvalue[39m=[32m"2025-01-20"[39m
                    [36m/>[39m
                  [36m</div>[39m
                [36m</div>[39m
              [36m</div>[39m
              [36m<div[39m
                [33mclass[39m=[32m"grid grid-cols-4 gap-4 mb-6"[39m
              [36m>[39m
                [36m<div[39m
                  [33mclass[39m=[32m"bg-white dark:bg-gray-800 rounded-lg p-4 border border-gray-200 dark:border-gray-700"[39m
                [36m>[39m
                  [36m<div[39m
                    [33mclass[39m=[32m"text-sm text-gray-600 dark:text-gray-400"[39m
                  [36m>[39m
                    [0mCleared Balance[0m
                  [36m</div>[39m
                  [36m<div[39m
                    [33mclass[39m=[32m"text-xl font-semibold mt-1"[39m
                  [36m>[39m
                    [0m$0.00[0m
                  [36m</div>[39m
                [36m</div>[39m
                [36m<div[39m
                  [33mclass[39m=[32m"bg-white dark:bg-gray-800 rounded-lg p-4 border border-gray-200 dark:border-gray-700"[39m
                [36m>[39m
                  [36m<div[39m
                    [33mclass[39m=[32m"text-sm text-gray-600 dark:text-gray-400"[39m
                  [36m>[39m
                    [0mStatement Balance[0m
                  [36m</div>[39m
                  [36m<div[39m
                    [33mclass[39m=[32m"text-xl font-semibold mt-1"[39m
                  [36m>[39m
                    [0m-[0m
                  [36m</div>[39m
                [36m</div>[39m
                [36m<div[39m
                  [33mclass[39m=[32m"rounded-lg p-4 border bg-green-50 dark:bg-green-900/20 border-green-200 dark:border-green-800"[39m
                [36m>[39m
                  [36m<div[39m
                    [33mclass[39m=[32m"text-sm text-gray-600 dark:text-gray-400"[39m
                  [36m>[39m
                    [0mDifference[0m
                  [36m</div>[39m
                  [36m<div[39m
                    [33mclass[39m=[32m"text-xl font-semibold mt-1 text-green-600 dark:text-green-400"[39m
                  [36m>[39m
                    [0m$0.00[0m
                  [36m</div>[39m
                [36m</div>[39m
                [36m<div[39m
                  [33mclass[39m=[32m"bg-white dark:bg-gray-800 rounded-lg p-4 border border-gray-200 dark:border-gray-700"[39m
                [36m>[39m
                  [36m<div[39m
                    [33mclass[39m=[32m"text-sm text-gray-600 dark:text-gray-400"[39m
                  [36m>[39m
                    [0mUncleared[0m
                  [36m</div>[39m
                  [36m<div[39m
                    [33mclass[39m=[32m"text-xl font-semibold mt-1"[39m
                  [36m>[39m
                    [0m0[0m
                  [36m</div>[39m
                [36m</div>[39m
              [36m</div>[39m
              [36m<div[39m
                [33mclass[39m=[32m"flex justify-center mb-6"[39m
              [36m>[39m
                [36m<button[39m
                  [33mclass[39m=[32m"flex items-center gap-2 px-6 py-3 bg-primary text-white rounded-lg
                         hover:bg-primary-dark disabled:opacity-50 disabled:cursor-not-allowed"[39m
                [36m>[39m
                  [36m<div[39m
                    [33mdata-size[39m=[32m"20"[39m
                    [33mdata-testid[39m=[32m"link-icon"[39m
                  [36m/>[39m
                  [0mAuto-Reconcile Transactions[0m
                [36m</button>[39m
              [36m</div>[39m
              [36m<div[39m
                [33mclass[39m=[32m"bg-green-50 dark:bg-green-900/20 rounded-lg p-8 text-center"[39m
              [36m>[39m
                [36m<div[39m
                  [33mdata-size[39m=[32m"48"[39m
                  [33mdata-testid[39m=[32m"check-circle-icon"[39m
                [36m/>[39m
                [36m<h4[39m
                  [33mclass[39m=[32m"text-lg font-medium text-green-900 dark:text-green-300"[39m
                [36m>[39m
                  [0mAccount Reconciled![0m
                [36m</h4>[39m
                [36m<p[39m
                  [33mclass[39m=[32m"text-sm text-green-800 dark:text-green-200 mt-1"[39m
                [36m>[39m
                  [0mAll transactions are cleared and your balance matches the statement.[0m
                [36m</p>[39m
              [36m</div>[39m
            [36m</div>[39m
            [36m<div[39m
              [33mclass[39m=[32m"flex justify-end px-6 py-4 border-t border-gray-200 dark:border-gray-700"[39m
            [36m>[39m
              [36m<button[39m
                [33mclass[39m=[32m"px-4 py-2 text-gray-700 dark:text-gray-300 hover:bg-gray-100 
                   dark:hover:bg-gray-700 rounded-lg"[39m
              [36m>[39m
                [0mClose[0m
              [36m</button>[39m
            [36m</div>[39m
          [36m</div>[39m
        [36m</div>[39m
      [36m</div>[39m
    [36m</div>[39m
  [36m</body>[39m
[36m</html>[39m
   × TransactionReconciliation > balance calculations > displays uncleared transaction count 1008ms
     → Unable to find an element with the text: 2. This could be because the text is broken up by multiple elements. In this case, you can provide a function for your text matcher to make your matcher more flexible.

Ignored nodes: comments, script, style
[36m<body[39m
  [33mstyle[39m=[32m"position: fixed; top: 0px; width: 100%; overflow: hidden;"[39m
[36m>[39m
  [36m<div>[39m
    [36m<div[39m
      [33maria-hidden[39m=[32m"true"[39m
      [33mclass[39m=[32m"fixed inset-0 bg-black/60 backdrop-blur-sm z-50 animate-in fade-in duration-200"[39m
    [36m/>[39m
    [36m<div[39m
      [33mclass[39m=[32m"fixed inset-x-0 z-50 flex justify-center px-4"[39m
      [33mstyle[39m=[32m"top: 40px;"[39m
    [36m>[39m
      [36m<div[39m
        [33maria-labelledby[39m=[32m"modal-title"[39m
        [33maria-modal[39m=[32m"true"[39m
        [33mclass[39m=[32m"
            bg-white dark:bg-gray-900 
            rounded-2xl 
            shadow-2xl 
            w-full 
            max-w-4xl 
            overflow-hidden 
            flex 
            flex-col
            animate-in zoom-in-95 slide-in-from-bottom-4 duration-200
            border border-gray-200/50 dark:border-gray-700/50
          "[39m
        [33mrole[39m=[32m"dialog"[39m
        [33mstyle[39m=[32m"max-height: 688px;"[39m
        [33mtabindex[39m=[32m"-1"[39m
      [36m>[39m
        [36m<div[39m
          [33mclass[39m=[32m"flex items-center justify-between px-6 py-5 border-b border-gray-200 dark:border-gray-800 bg-gradient-to-r from-gray-50 to-white dark:from-gray-900 dark:to-gray-800 flex-shrink-0"[39m
        [36m>[39m
          [36m<h2[39m
            [33mclass[39m=[32m"text-xl font-bold text-gray-900 dark:text-white"[39m
            [33mid[39m=[32m"modal-title"[39m
          [36m>[39m
            [0mTransaction Reconciliation[0m
          [36m</h2>[39m
          [36m<button[39m
            [33maria-label[39m=[32m"Close modal"[39m
            [33mclass[39m=[32m"
                  p-2 
                  rounded-lg 
                  text-gray-400 
                  hover:text-gray-600 
                  dark:text-gray-500 
                  dark:hover:text-gray-300 
                  hover:bg-gray-100 
                  dark:hover:bg-gray-800 
                  transition-all 
                  duration-200
                  focus:outline-none 
                  focus:ring-2 
                  focus:ring-primary/50
                "[39m
          [36m>[39m
            [36m<svg[39m
              [33maria-hidden[39m=[32m"true"[39m
              [33mclass[39m=[32m"lucide lucide-x"[39m
              [33mfill[39m=[32m"none"[39m
              [33mheight[39m=[32m"20"[39m
              [33mstroke[39m=[32m"currentColor"[39m
              [33mstroke-linecap[39m=[32m"round"[39m
              [33mstroke-linejoin[39m=[32m"round"[39m
              [33mstroke-width[39m=[32m"2"[39m
              [33mviewBox[39m=[32m"0 0 24 24"[39m
              [33mwidth[39m=[32m"20"[39m
              [33mxmlns[39m=[32m"http://www.w3.org/2000/svg"[39m
            [36m>[39m
              [36m<path[39m
                [33md[39m=[32m"M18 6 6 18"[39m
              [36m/>[39m
              [36m<path[39m
                [33md[39m=[32m"m6 6 12 12"[39m
              [36m/>[39m
            [36m</svg>[39m
          [36m</button>[39m
        [36m</div>[39m
        [36m<div[39m
          [33mclass[39m=[32m"flex-1 overflow-y-auto overscroll-contain"[39m
        [36m>[39m
          [36m<div[39m
            [33mclass[39m=[32m"p-6"[39m
          [36m>[39m
            [36m<div[39m
              [33mclass[39m=[32m"bg-gray-50 dark:bg-gray-800 rounded-lg p-6 mb-6"[39m
            [36m>[39m
              [36m<h3[39m
                [33mclass[39m=[32m"text-lg font-medium mb-4"[39m
              [36m>[39m
                [0mReconciliation Setup[0m
              [36m</h3>[39m
              [36m<div[39m
                [33mclass[39m=[32m"grid grid-cols-2 gap-6"[39m
              [36m>[39m
                [36m<div>[39m
                  [36m<label[39m
                    [33mclass[39m=[32m"block text-sm font-medium mb-2"[39m
                  [36m>[39m
                    [0mAccount[0m
                  [36m</label>[39m
                  [36m<select[39m
                    [33mclass[39m=[32m"w-full px-3 py-2 border border-gray-300 dark:border-gray-600 rounded-lg
                         bg-white dark:bg-gray-700"[39m
                  [36m>[39m
                    [36m<option[39m
                      [33mvalue[39m=[32m""[39m
                    [36m>[39m
                      [0mSelect an account...[0m
                    [36m</option>[39m
                    [36m<option[39m
                      [33mvalue[39m=[32m"1"[39m
                    [36m>[39m
                      [0mNatwest Current Account[0m
                      [0m ([0m
                      [0m$0.00[0m
                      [0m)[0m
                    [36m</option>[39m
                    [36m<option[39m
                      [33mvalue[39m=[32m"2"[39m
                    [36m>[39m
                      [0mMonzo Current Account[0m
                      [0m ([0m
                      [0m$0.00[0m
                      [0m)[0m
                    [36m</option>[39m
                    [36m<option[39m
                      [33mvalue[39m=[32m"3"[39m
                    [36m>[39m
                      [0mNatwest Savings Account[0m
                      [0m ([0m
                      [0m$0.00[0m
                      [0m)[0m
                    [36m</option>[39m
                    [36m<option[39m
                      [33mvalue[39m=[32m"4"[39m
                    [36m>[39m
                      [0mNS&I Premium Bonds[0m
                      [0m ([0m
                      [0m$0.00[0m
                      [0m)[0m
                    [36m</option>[39m
                    [36m<option[39m
                      [33mvalue[39m=[32m"5"[39m
                    [36m>[39m
                      [0mNatwest Credit Card[0m
                      [0m ([0m
                      [0m$0.00[0m
                      [0m)[0m
                    [36m</option>[39m
                    [36m<option[39m
                      [33mvalue[39m=[32m"6"[39m
                    [36m>[39m
                      [0mAmerican Express Gold[0m
                      [0m ([0m
                      [0m$0.00[0m
                      [0m)[0m
                    [36m</option>[39m
                    [36m<option[39m
                      [33mvalue[39m=[32m"7"[39m
                    [36m>[39m
                      [0mNatwest Personal Loan[0m
                      [0m ([0m
                      [0m$0.00[0m
                      [0m)[0m
                    [36m</option>[39m
                    [36m<option[39m
                      [33mvalue[39m=[32m"8"[39m
                    [36m>[39m
                      [0mNatwest Mortgage[0m
                      [0m ([0m
                      [0m$0.00[0m
                      [0m)[0m
                    [36m</option>[39m
                    [36m<option[39m
                      [33mvalue[39m=[32m"9"[39m
                    [36m>[39m
                      [0mHargreaves Lansdown SIPP[0m
                      [0m ([0m
                      [0m$0.00[0m
                      [0m)[0m
                    [36m</option>[39m
                    [36m<option[39m
                      [33mvalue[39m=[32m"10"[39m
                    [36m>[39m
                      [0mHargreaves Lansdown ISA[0m
                      [0m ([0m
                      [0m$0.00[0m
                      [0m)[0m
                    [36m</option>[39m
                    [36m<option[39m
                      [33mvalue[39m=[32m"11"[39m
                    [36m>[39m
                      [0mCity Trader Account[0m
                      [0m ([0m
                      [0m$10000.00[0m
                      [0m)[0m
                    [36m</option>[39m
                    [36m<option[39m
                      [33mvalue[39m=[32m"12"[39m
                    [36m>[39m
                      [0mPrimary Residence[0m
                      [0m ([0m
                      [0m$0.00[0m
                      [0m)[0m
                    [36m</option>[39m
                  [36m</select>[39m
                [36m</div>[39m
                [36m<div>[39m
                  [36m<label[39m
                    [33mclass[39m=[32m"block text-sm font-medium mb-2"[39m
                  [36m>[39m
                    [0mStatement Balance[0m
                  [36m</label>[39m
                  [36m<input[39m
                    [33mclass[39m=[32m"w-full px-3 py-2 border border-gray-300 dark:border-gray-600 rounded-lg
                         bg-white dark:bg-gray-700"[39m
                    [33mplaceholder[39m=[32m"Enter statement ending balance"[39m
                    [33mstep[39m=[32m"0.01"[39m
                    [33mtype[39m=[32m"number"[39m
                    [33mvalue[39m=[32m""[39m
                  [36m/>[39m
                [36m</div>[39m
              [36m</div>[39m
              [36m<div[39m
                [33mclass[39m=[32m"grid grid-cols-2 gap-6 mt-4"[39m
              [36m>[39m
                [36m<div>[39m
                  [36m<label[39m
                    [33mclass[39m=[32m"block text-sm font-medium mb-2"[39m
                  [36m>[39m
                    [0mStart Date[0m
                  [36m</label>[39m
                  [36m<input[39m
                    [33mclass[39m=[32m"w-full px-3 py-2 border border-gray-300 dark:border-gray-600 rounded-lg
                         bg-white dark:bg-gray-700"[39m
                    [33mtype[39m=[32m"date"[39m
                    [33mvalue[39m=[32m"2024-12-20"[39m
                  [36m/>[39m
                [36m</div>[39m
                [36m<div>[39m
                  [36m<label[39m
                    [33mclass[39m=[32m"block text-sm font-medium mb-2"[39m
                  [36m>[39m
                    [0mEnd Date[0m
                  [36m</label>[39m
                  [36m<input[39m
                    [33mclass[39m=[32m"w-full px-3 py-2 border border-gray-300 dark:border-gray-600 rounded-lg
                         bg-white dark:bg-gray-700"[39m
                    [33mtype[39m=[32m"date"[39m
                    [33mvalue[39m=[32m"2025-01-20"[39m
                  [36m/>[39m
                [36m</div>[39m
              [36m</div>[39m
            [36m</div>[39m
            [36m<div[39m
              [33mclass[39m=[32m"grid grid-cols-4 gap-4 mb-6"[39m
            [36m>[39m
              [36m<div[39m
                [33mclass[39m=[32m"bg-white dark:bg-gray-800 rounded-lg p-4 border border-gray-200 dark:border-gray-700"[39m
              [36m>[39m
                [36m<div[39m
                  [33mclass[39m=[32m"text-sm text-gray-600 dark:text-gray-400"[39m
                [36m>[39m
                  [0mCleared Balance[0m
                [36m</div>[39m
                [36m<div[39m
                  [33mclass[39m=[32m"text-xl font-semibold mt-1"[39m
                [36m>[39m
                  [0m$0.00[0m
                [36m</div>[39m
              [36m</div>[39m
              [36m<div[39m
                [33mclass[39m=[32m"bg-white dark:bg-gray-800 rounded-lg p-4 border border-gray-200 dark:border-gray-700"[39m
              [36m>[39m
                [36m<div[39m
                  [33mclass[39m=[32m"text-sm text-gray-600 dark:text-gray-400"[39m
                [36m>[39m
                  [0mStatement Balance[0m
                [36m</div>[39m
                [36m<div[39m
                  [33mclass[39m=[32m"text-xl font-semibold mt-1"[39m
                [36m>[39m
                  [0m-[0m
                [36m</div>[39m
              [36m</div>[39m
              [36m<div[39m
                [33mclass[39m=[32m"rounded-lg p-4 border bg-green-50 dark:bg-green-900/20 border-green-200 dark:border-green-800"[39m
              [36m>[39m
                [36m<div[39m
                  [33mclass[39m=[32m"text-sm text-gray-600 dark:text-gray-400"[39m
                [36m>[39m
                  [0mDifference[0m
                [36m</div>[39m
                [36m<div[39m
                  [33mclass[39m=[32m"text-xl font-semibold mt-1 text-green-600 dark:text-green-400"[39m
                [36m>[39m
                  [0m$0.00[0m
                [36m</div>[39m
              [36m</div>[39m
              [36m<div[39m
                [33mclass[39m=[32m"bg-white dark:bg-gray-800 rounded-lg p-4 border border-gray-200 dark:border-gray-700"[39m
              [36m>[39m
                [36m<div[39m
                  [33mclass[39m=[32m"text-sm text-gray-600 dark:text-gray-400"[39m
                [36m>[39m
                  [0mUncleared[0m
                [36m</div>[39m
                [36m<div[39m
                  [33mclass[39m=[32m"text-xl font-semibold mt-1"[39m
                [36m>[39m
                  [0m0[0m
                [36m</div>[39m
              [36m</div>[39m
            [36m</div>[39m
            [36m<div[39m
              [33mclass[39m=[32m"flex justify-center mb-6"[39m
            [36m>[39m
              [36m<button[39m
                [33mclass[39m=[32m"flex items-center gap-2 px-6 py-3 bg-primary text-white rounded-lg
                         hover:bg-primary-dark disabled:opacity-50 disabled:cursor-not-allowed"[39m
              [36m>[39m
                [36m<div[39m
                  [33mdata-size[39m=[32m"20"[39m
                  [33mdata-testid[39m=[32m"link-icon"[39m
                [36m/>[39m
                [0mAuto-Reconcile Transactions[0m
              [36m</button>[39m
            [36m</div>[39m
            [36m<div[39m
              [33mclass[39m=[32m"bg-green-50 dark:bg-green-900/20 rounded-lg p-8 text-center"[39m
            [36m>[39m
              [36m<div[39m
                [33mdata-size[39m=[32m"48"[39m
                [33mdata-testid[39m=[32m"check-circle-icon"[39m
              [36m/>[39m
              [36m<h4[39m
                [33mclass[39m=[32m"text-lg font-medium text-green-900 dark:text-green-300"[39m
              [36m>[39m
                [0mAccount Reconciled![0m
              [36m</h4>[39m
              [36m<p[39m
                [33mclass[39m=[32m"text-sm text-green-800 dark:text-green-200 mt-1"[39m
              [36m>[39m
                [0mAll transactions are cleared and your balance matches the statement.[0m
              [36m</p>[39m
            [36m</div>[39m
          [36m</div>[39m
          [36m<div[39m
            [33mclass[39m=[32m"flex justify-end px-6 py-4 border-t border-gray-200 dark:border-gray-700"[39m
          [36m>[39m
            [36m<button[39m
              [33mclass[39m=[32m"px-4 py-2 text-gray-700 dark:text-gray-300 hover:bg-gray-100 
                   dark:hover:bg-gray-700 rounded-lg"[39m
            [36m>[39m
              [0mClose[0m
            [36m</button>[39m
          [36m</div>[39m
        [36m</div>[39m
      [36m</div>[39m
    [36m</div>[39m
  [36m</div>[39m
[36m</body>[39m

Ignored nodes: comments, script, style
[36m<html>[39m
  [36m<head />[39m
  [36m<body[39m
    [33mstyle[39m=[32m"position: fixed; top: 0px; width: 100%; overflow: hidden;"[39m
  [36m>[39m
    [36m<div>[39m
      [36m<div[39m
        [33maria-hidden[39m=[32m"true"[39m
        [33mclass[39m=[32m"fixed inset-0 bg-black/60 backdrop-blur-sm z-50 animate-in fade-in duration-200"[39m
      [36m/>[39m
      [36m<div[39m
        [33mclass[39m=[32m"fixed inset-x-0 z-50 flex justify-center px-4"[39m
        [33mstyle[39m=[32m"top: 40px;"[39m
      [36m>[39m
        [36m<div[39m
          [33maria-labelledby[39m=[32m"modal-title"[39m
          [33maria-modal[39m=[32m"true"[39m
          [33mclass[39m=[32m"
            bg-white dark:bg-gray-900 
            rounded-2xl 
            shadow-2xl 
            w-full 
            max-w-4xl 
            overflow-hidden 
            flex 
            flex-col
            animate-in zoom-in-95 slide-in-from-bottom-4 duration-200
            border border-gray-200/50 dark:border-gray-700/50
          "[39m
          [33mrole[39m=[32m"dialog"[39m
          [33mstyle[39m=[32m"max-height: 688px;"[39m
          [33mtabindex[39m=[32m"-1"[39m
        [36m>[39m
          [36m<div[39m
            [33mclass[39m=[32m"flex items-center justify-between px-6 py-5 border-b border-gray-200 dark:border-gray-800 bg-gradient-to-r from-gray-50 to-white dark:from-gray-900 dark:to-gray-800 flex-shrink-0"[39m
          [36m>[39m
            [36m<h2[39m
              [33mclass[39m=[32m"text-xl font-bold text-gray-900 dark:text-white"[39m
              [33mid[39m=[32m"modal-title"[39m
            [36m>[39m
              [0mTransaction Reconciliation[0m
            [36m</h2>[39m
            [36m<button[39m
              [33maria-label[39m=[32m"Close modal"[39m
              [33mclass[39m=[32m"
                  p-2 
                  rounded-lg 
                  text-gray-400 
                  hover:text-gray-600 
                  dark:text-gray-500 
                  dark:hover:text-gray-300 
                  hover:bg-gray-100 
                  dark:hover:bg-gray-800 
                  transition-all 
                  duration-200
                  focus:outline-none 
                  focus:ring-2 
                  focus:ring-primary/50
                "[39m
            [36m>[39m
              [36m<svg[39m
                [33maria-hidden[39m=[32m"true"[39m
                [33mclass[39m=[32m"lucide lucide-x"[39m
                [33mfill[39m=[32m"none"[39m
                [33mheight[39m=[32m"20"[39m
                [33mstroke[39m=[32m"currentColor"[39m
                [33mstroke-linecap[39m=[32m"round"[39m
                [33mstroke-linejoin[39m=[32m"round"[39m
                [33mstroke-width[39m=[32m"2"[39m
                [33mviewBox[39m=[32m"0 0 24 24"[39m
                [33mwidth[39m=[32m"20"[39m
                [33mxmlns[39m=[32m"http://www.w3.org/2000/svg"[39m
              [36m>[39m
                [36m<path[39m
                  [33md[39m=[32m"M18 6 6 18"[39m
                [36m/>[39m
                [36m<path[39m
                  [33md[39m=[32m"m6 6 12 12"[39m
                [36m/>[39m
              [36m</svg>[39m
            [36m</button>[39m
          [36m</div>[39m
          [36m<div[39m
            [33mclass[39m=[32m"flex-1 overflow-y-auto overscroll-contain"[39m
          [36m>[39m
            [36m<div[39m
              [33mclass[39m=[32m"p-6"[39m
            [36m>[39m
              [36m<div[39m
                [33mclass[39m=[32m"bg-gray-50 dark:bg-gray-800 rounded-lg p-6 mb-6"[39m
              [36m>[39m
                [36m<h3[39m
                  [33mclass[39m=[32m"text-lg font-medium mb-4"[39m
                [36m>[39m
                  [0mReconciliation Setup[0m
                [36m</h3>[39m
                [36m<div[39m
                  [33mclass[39m=[32m"grid grid-cols-2 gap-6"[39m
                [36m>[39m
                  [36m<div>[39m
                    [36m<label[39m
                      [33mclass[39m=[32m"block text-sm font-medium mb-2"[39m
                    [36m>[39m
                      [0mAccount[0m
                    [36m</label>[39m
                    [36m<select[39m
                      [33mclass[39m=[32m"w-full px-3 py-2 border border-gray-300 dark:border-gray-600 rounded-lg
                         bg-white dark:bg-gray-700"[39m
                    [36m>[39m
                      [36m<option[39m
                        [33mvalue[39m=[32m""[39m
                      [36m>[39m
                        [0mSelect an account...[0m
                      [36m</option>[39m
                      [36m<option[39m
                        [33mvalue[39m=[32m"1"[39m
                      [36m>[39m
                        [0mNatwest Current Account[0m
                        [0m ([0m
                        [0m$0.00[0m
                        [0m)[0m
                      [36m</option>[39m
                      [36m<option[39m
                        [33mvalue[39m=[32m"2"[39m
                      [36m>[39m
                        [0mMonzo Current Account[0m
                        [0m ([0m
                        [0m$0.00[0m
                        [0m)[0m
                      [36m</option>[39m
                      [36m<option[39m
                        [33mvalue[39m=[32m"3"[39m
                      [36m>[39m
                        [0mNatwest Savings Account[0m
                        [0m ([0m
                        [0m$0.00[0m
                        [0m)[0m
                      [36m</option>[39m
                      [36m<option[39m
                        [33mvalue[39m=[32m"4"[39m
                      [36m>[39m
                        [0mNS&I Premium Bonds[0m
                        [0m ([0m
                        [0m$0.00[0m
                        [0m)[0m
                      [36m</option>[39m
                      [36m<option[39m
                        [33mvalue[39m=[32m"5"[39m
                      [36m>[39m
                        [0mNatwest Credit Card[0m
                        [0m ([0m
                        [0m$0.00[0m
                        [0m)[0m
                      [36m</option>[39m
                      [36m<option[39m
                        [33mvalue[39m=[32m"6"[39m
                      [36m>[39m
                        [0mAmerican Express Gold[0m
                        [0m ([0m
                        [0m$0.00[0m
                        [0m)[0m
                      [36m</option>[39m
                      [36m<option[39m
                        [33mvalue[39m=[32m"7"[39m
                      [36m>[39m
                        [0mNatwest Personal Loan[0m
                        [0m ([0m
                        [0m$0.00[0m
                        [0m)[0m
                      [36m</option>[39m
                      [36m<option[39m
                        [33mvalue[39m=[32m"8"[39m
                      [36m>[39m
                        [0mNatwest Mortgage[0m
                        [0m ([0m
                        [0m$0.00[0m
                        [0m)[0m
                      [36m</option>[39m
                      [36m<option[39m
                        [33mvalue[39m=[32m"9"[39m
                      [36m>[39m
                        [0mHargreaves Lansdown SIPP[0m
                        [0m ([0m
                        [0m$0.00[0m
                        [0m)[0m
                      [36m</option>[39m
                      [36m<option[39m
                        [33mvalue[39m=[32m"10"[39m
                      [36m>[39m
                        [0mHargreaves Lansdown ISA[0m
                        [0m ([0m
                        [0m$0.00[0m
                        [0m)[0m
                      [36m</option>[39m
                      [36m<option[39m
                        [33mvalue[39m=[32m"11"[39m
                      [36m>[39m
                        [0mCity Trader Account[0m
                        [0m ([0m
                        [0m$10000.00[0m
                        [0m)[0m
                      [36m</option>[39m
                      [36m<option[39m
                        [33mvalue[39m=[32m"12"[39m
                      [36m>[39m
                        [0mPrimary Residence[0m
                        [0m ([0m
                        [0m$0.00[0m
                        [0m)[0m
                      [36m</option>[39m
                    [36m</select>[39m
                  [36m</div>[39m
                  [36m<div>[39m
                    [36m<label[39m
                      [33mclass[39m=[32m"block text-sm font-medium mb-2"[39m
                    [36m>[39m
                      [0mStatement Balance[0m
                    [36m</label>[39m
                    [36m<input[39m
                      [33mclass[39m=[32m"w-full px-3 py-2 border border-gray-300 dark:border-gray-600 rounded-lg
                         bg-white dark:bg-gray-700"[39m
                      [33mplaceholder[39m=[32m"Enter statement ending balance"[39m
                      [33mstep[39m=[32m"0.01"[39m
                      [33mtype[39m=[32m"number"[39m
                      [33mvalue[39m=[32m""[39m
                    [36m/>[39m
                  [36m</div>[39m
                [36m</div>[39m
                [36m<div[39m
                  [33mclass[39m=[32m"grid grid-cols-2 gap-6 mt-4"[39m
                [36m>[39m
                  [36m<div>[39m
                    [36m<label[39m
                      [33mclass[39m=[32m"block text-sm font-medium mb-2"[39m
                    [36m>[39m
                      [0mStart Date[0m
                    [36m</label>[39m
                    [36m<input[39m
                      [33mclass[39m=[32m"w-full px-3 py-2 border border-gray-300 dark:border-gray-600 rounded-lg
                         bg-white dark:bg-gray-700"[39m
                      [33mtype[39m=[32m"date"[39m
                      [33mvalue[39m=[32m"2024-12-20"[39m
                    [36m/>[39m
                  [36m</div>[39m
                  [36m<div>[39m
                    [36m<label[39m
                      [33mclass[39m=[32m"block text-sm font-medium mb-2"[39m
                    [36m>[39m
                      [0mEnd Date[0m
                    [36m</label>[39m
                    [36m<input[39m
                      [33mclass[39m=[32m"w-full px-3 py-2 border border-gray-300 dark:border-gray-600 rounded-lg
                         bg-white dark:bg-gray-700"[39m
                      [33mtype[39m=[32m"date"[39m
                      [33mvalue[39m=[32m"2025-01-20"[39m
                    [36m/>[39m
                  [36m</div>[39m
                [36m</div>[39m
              [36m</div>[39m
              [36m<div[39m
                [33mclass[39m=[32m"grid grid-cols-4 gap-4 mb-6"[39m
              [36m>[39m
                [36m<div[39m
                  [33mclass[39m=[32m"bg-white dark:bg-gray-800 rounded-lg p-4 border border-gray-200 dark:border-gray-700"[39m
                [36m>[39m
                  [36m<div[39m
                    [33mclass[39m=[32m"text-sm text-gray-600 dark:text-gray-400"[39m
                  [36m>[39m
                    [0mCleared Balance[0m
                  [36m</div>[39m
                  [36m<div[39m
                    [33mclass[39m=[32m"text-xl font-semibold mt-1"[39m
                  [36m>[39m
                    [0m$0.00[0m
                  [36m</div>[39m
                [36m</div>[39m
                [36m<div[39m
                  [33mclass[39m=[32m"bg-white dark:bg-gray-800 rounded-lg p-4 border border-gray-200 dark:border-gray-700"[39m
                [36m>[39m
                  [36m<div[39m
                    [33mclass[39m=[32m"text-sm text-gray-600 dark:text-gray-400"[39m
                  [36m>[39m
                    [0mStatement Balance[0m
                  [36m</div>[39m
                  [36m<div[39m
                    [33mclass[39m=[32m"text-xl font-semibold mt-1"[39m
                  [36m>[39m
                    [0m-[0m
                  [36m</div>[39m
                [36m</div>[39m
                [36m<div[39m
                  [33mclass[39m=[32m"rounded-lg p-4 border bg-green-50 dark:bg-green-900/20 border-green-200 dark:border-green-800"[39m
                [36m>[39m
                  [36m<div[39m
                    [33mclass[39m=[32m"text-sm text-gray-600 dark:text-gray-400"[39m
                  [36m>[39m
                    [0mDifference[0m
                  [36m</div>[39m
                  [36m<div[39m
                    [33mclass[39m=[32m"text-xl font-semibold mt-1 text-green-600 dark:text-green-400"[39m
                  [36m>[39m
                    [0m$0.00[0m
                  [36m</div>[39m
                [36m</div>[39m
                [36m<div[39m
                  [33mclass[39m=[32m"bg-white dark:bg-gray-800 rounded-lg p-4 border border-gray-200 dark:border-gray-700"[39m
                [36m>[39m
                  [36m<div[39m
                    [33mclass[39m=[32m"text-sm text-gray-600 dark:text-gray-400"[39m
                  [36m>[39m
                    [0mUncleared[0m
                  [36m</div>[39m
                  [36m<div[39m
                    [33mclass[39m=[32m"text-xl font-semibold mt-1"[39m
                  [36m>[39m
                    [0m0[0m
                  [36m</div>[39m
                [36m</div>[39m
              [36m</div>[39m
              [36m<div[39m
                [33mclass[39m=[32m"flex justify-center mb-6"[39m
              [36m>[39m
                [36m<button[39m
                  [33mclass[39m=[32m"flex items-center gap-2 px-6 py-3 bg-primary text-white rounded-lg
                         hover:bg-primary-dark disabled:opacity-50 disabled:cursor-not-allowed"[39m
                [36m>[39m
                  [36m<div[39m
                    [33mdata-size[39m=[32m"20"[39m
                    [33mdata-testid[39m=[32m"link-icon"[39m
                  [36m/>[39m
                  [0mAuto-Reconcile Transactions[0m
                [36m</button>[39m
              [36m</div>[39m
              [36m<div[39m
                [33mclass[39m=[32m"bg-green-50 dark:bg-green-900/20 rounded-lg p-8 text-center"[39m
              [36m>[39m
                [36m<div[39m
                  [33mdata-size[39m=[32m"48"[39m
                  [33mdata-testid[39m=[32m"check-circle-icon"[39m
                [36m/>[39m
                [36m<h4[39m
                  [33mclass[39m=[32m"text-lg font-medium text-green-900 dark:text-green-300"[39m
                [36m>[39m
                  [0mAccount Reconciled![0m
                [36m</h4>[39m
                [36m<p[39m
                  [33mclass[39m=[32m"text-sm text-green-800 dark:text-green-200 mt-1"[39m
                [36m>[39m
                  [0mAll transactions are cleared and your balance matches the statement.[0m
                [36m</p>[39m
              [36m</div>[39m
            [36m</div>[39m
            [36m<div[39m
              [33mclass[39m=[32m"flex justify-end px-6 py-4 border-t border-gray-200 dark:border-gray-700"[39m
            [36m>[39m
              [36m<button[39m
                [33mclass[39m=[32m"px-4 py-2 text-gray-700 dark:text-gray-300 hover:bg-gray-100 
                   dark:hover:bg-gray-700 rounded-lg"[39m
              [36m>[39m
                [0mClose[0m
              [36m</button>[39m
            [36m</div>[39m
          [36m</div>[39m
        [36m</div>[39m
      [36m</div>[39m
    [36m</div>[39m
  [36m</body>[39m
[36m</html>[39m
   × TransactionReconciliation > balance calculations > calculates difference from statement balance 1050ms
     → Unable to find an element with the text: $-170.00. This could be because the text is broken up by multiple elements. In this case, you can provide a function for your text matcher to make your matcher more flexible.

Ignored nodes: comments, script, style
[36m<body[39m
  [33mstyle[39m=[32m"position: fixed; top: 0px; width: 100%; overflow: hidden;"[39m
[36m>[39m
  [36m<div>[39m
    [36m<div[39m
      [33maria-hidden[39m=[32m"true"[39m
      [33mclass[39m=[32m"fixed inset-0 bg-black/60 backdrop-blur-sm z-50 animate-in fade-in duration-200"[39m
    [36m/>[39m
    [36m<div[39m
      [33mclass[39m=[32m"fixed inset-x-0 z-50 flex justify-center px-4"[39m
      [33mstyle[39m=[32m"top: 40px;"[39m
    [36m>[39m
      [36m<div[39m
        [33maria-labelledby[39m=[32m"modal-title"[39m
        [33maria-modal[39m=[32m"true"[39m
        [33mclass[39m=[32m"
            bg-white dark:bg-gray-900 
            rounded-2xl 
            shadow-2xl 
            w-full 
            max-w-4xl 
            overflow-hidden 
            flex 
            flex-col
            animate-in zoom-in-95 slide-in-from-bottom-4 duration-200
            border border-gray-200/50 dark:border-gray-700/50
          "[39m
        [33mrole[39m=[32m"dialog"[39m
        [33mstyle[39m=[32m"max-height: 688px;"[39m
        [33mtabindex[39m=[32m"-1"[39m
      [36m>[39m
        [36m<div[39m
          [33mclass[39m=[32m"flex items-center justify-between px-6 py-5 border-b border-gray-200 dark:border-gray-800 bg-gradient-to-r from-gray-50 to-white dark:from-gray-900 dark:to-gray-800 flex-shrink-0"[39m
        [36m>[39m
          [36m<h2[39m
            [33mclass[39m=[32m"text-xl font-bold text-gray-900 dark:text-white"[39m
            [33mid[39m=[32m"modal-title"[39m
          [36m>[39m
            [0mTransaction Reconciliation[0m
          [36m</h2>[39m
          [36m<button[39m
            [33maria-label[39m=[32m"Close modal"[39m
            [33mclass[39m=[32m"
                  p-2 
                  rounded-lg 
                  text-gray-400 
                  hover:text-gray-600 
                  dark:text-gray-500 
                  dark:hover:text-gray-300 
                  hover:bg-gray-100 
                  dark:hover:bg-gray-800 
                  transition-all 
                  duration-200
                  focus:outline-none 
                  focus:ring-2 
                  focus:ring-primary/50
                "[39m
          [36m>[39m
            [36m<svg[39m
              [33maria-hidden[39m=[32m"true"[39m
              [33mclass[39m=[32m"lucide lucide-x"[39m
              [33mfill[39m=[32m"none"[39m
              [33mheight[39m=[32m"20"[39m
              [33mstroke[39m=[32m"currentColor"[39m
              [33mstroke-linecap[39m=[32m"round"[39m
              [33mstroke-linejoin[39m=[32m"round"[39m
              [33mstroke-width[39m=[32m"2"[39m
              [33mviewBox[39m=[32m"0 0 24 24"[39m
              [33mwidth[39m=[32m"20"[39m
              [33mxmlns[39m=[32m"http://www.w3.org/2000/svg"[39m
            [36m>[39m
              [36m<path[39m
                [33md[39m=[32m"M18 6 6 18"[39m
              [36m/>[39m
              [36m<path[39m
                [33md[39m=[32m"m6 6 12 12"[39m
              [36m/>[39m
            [36m</svg>[39m
          [36m</button>[39m
        [36m</div>[39m
        [36m<div[39m
          [33mclass[39m=[32m"flex-1 overflow-y-auto overscroll-contain"[39m
        [36m>[39m
          [36m<div[39m
            [33mclass[39m=[32m"p-6"[39m
          [36m>[39m
            [36m<div[39m
              [33mclass[39m=[32m"bg-gray-50 dark:bg-gray-800 rounded-lg p-6 mb-6"[39m
            [36m>[39m
              [36m<h3[39m
                [33mclass[39m=[32m"text-lg font-medium mb-4"[39m
              [36m>[39m
                [0mReconciliation Setup[0m
              [36m</h3>[39m
              [36m<div[39m
                [33mclass[39m=[32m"grid grid-cols-2 gap-6"[39m
              [36m>[39m
                [36m<div>[39m
                  [36m<label[39m
                    [33mclass[39m=[32m"block text-sm font-medium mb-2"[39m
                  [36m>[39m
                    [0mAccount[0m
                  [36m</label>[39m
                  [36m<select[39m
                    [33mclass[39m=[32m"w-full px-3 py-2 border border-gray-300 dark:border-gray-600 rounded-lg
                         bg-white dark:bg-gray-700"[39m
                  [36m>[39m
                    [36m<option[39m
                      [33mvalue[39m=[32m""[39m
                    [36m>[39m
                      [0mSelect an account...[0m
                    [36m</option>[39m
                    [36m<option[39m
                      [33mvalue[39m=[32m"1"[39m
                    [36m>[39m
                      [0mNatwest Current Account[0m
                      [0m ([0m
                      [0m$0.00[0m
                      [0m)[0m
                    [36m</option>[39m
                    [36m<option[39m
                      [33mvalue[39m=[32m"2"[39m
                    [36m>[39m
                      [0mMonzo Current Account[0m
                      [0m ([0m
                      [0m$0.00[0m
                      [0m)[0m
                    [36m</option>[39m
                    [36m<option[39m
                      [33mvalue[39m=[32m"3"[39m
                    [36m>[39m
                      [0mNatwest Savings Account[0m
                      [0m ([0m
                      [0m$0.00[0m
                      [0m)[0m
                    [36m</option>[39m
                    [36m<option[39m
                      [33mvalue[39m=[32m"4"[39m
                    [36m>[39m
                      [0mNS&I Premium Bonds[0m
                      [0m ([0m
                      [0m$0.00[0m
                      [0m)[0m
                    [36m</option>[39m
                    [36m<option[39m
                      [33mvalue[39m=[32m"5"[39m
                    [36m>[39m
                      [0mNatwest Credit Card[0m
                      [0m ([0m
                      [0m$0.00[0m
                      [0m)[0m
                    [36m</option>[39m
                    [36m<option[39m
                      [33mvalue[39m=[32m"6"[39m
                    [36m>[39m
                      [0mAmerican Express Gold[0m
                      [0m ([0m
                      [0m$0.00[0m
                      [0m)[0m
                    [36m</option>[39m
                    [36m<option[39m
                      [33mvalue[39m=[32m"7"[39m
                    [36m>[39m
                      [0mNatwest Personal Loan[0m
                      [0m ([0m
                      [0m$0.00[0m
                      [0m)[0m
                    [36m</option>[39m
                    [36m<option[39m
                      [33mvalue[39m=[32m"8"[39m
                    [36m>[39m
                      [0mNatwest Mortgage[0m
                      [0m ([0m
                      [0m$0.00[0m
                      [0m)[0m
                    [36m</option>[39m
                    [36m<option[39m
                      [33mvalue[39m=[32m"9"[39m
                    [36m>[39m
                      [0mHargreaves Lansdown SIPP[0m
                      [0m ([0m
                      [0m$0.00[0m
                      [0m)[0m
                    [36m</option>[39m
                    [36m<option[39m
                      [33mvalue[39m=[32m"10"[39m
                    [36m>[39m
                      [0mHargreaves Lansdown ISA[0m
                      [0m ([0m
                      [0m$0.00[0m
                      [0m)[0m
                    [36m</option>[39m
                    [36m<option[39m
                      [33mvalue[39m=[32m"11"[39m
                    [36m>[39m
                      [0mCity Trader Account[0m
                      [0m ([0m
                      [0m$10000.00[0m
                      [0m)[0m
                    [36m</option>[39m
                    [36m<option[39m
                      [33mvalue[39m=[32m"12"[39m
                    [36m>[39m
                      [0mPrimary Residence[0m
                      [0m ([0m
                      [0m$0.00[0m
                      [0m)[0m
                    [36m</option>[39m
                  [36m</select>[39m
                [36m</div>[39m
                [36m<div>[39m
                  [36m<label[39m
                    [33mclass[39m=[32m"block text-sm font-medium mb-2"[39m
                  [36m>[39m
                    [0mStatement Balance[0m
                  [36m</label>[39m
                  [36m<input[39m
                    [33mclass[39m=[32m"w-full px-3 py-2 border border-gray-300 dark:border-gray-600 rounded-lg
                         bg-white dark:bg-gray-700"[39m
                    [33mplaceholder[39m=[32m"Enter statement ending balance"[39m
                    [33mstep[39m=[32m"0.01"[39m
                    [33mtype[39m=[32m"number"[39m
                    [33mvalue[39m=[32m"2830"[39m
                  [36m/>[39m
                [36m</div>[39m
              [36m</div>[39m
              [36m<div[39m
                [33mclass[39m=[32m"grid grid-cols-2 gap-6 mt-4"[39m
              [36m>[39m
                [36m<div>[39m
                  [36m<label[39m
                    [33mclass[39m=[32m"block text-sm font-medium mb-2"[39m
                  [36m>[39m
                    [0mStart Date[0m
                  [36m</label>[39m
                  [36m<input[39m
                    [33mclass[39m=[32m"w-full px-3 py-2 border border-gray-300 dark:border-gray-600 rounded-lg
                         bg-white dark:bg-gray-700"[39m
                    [33mtype[39m=[32m"date"[39m
                    [33mvalue[39m=[32m"2024-12-20"[39m
                  [36m/>[39m
                [36m</div>[39m
                [36m<div>[39m
                  [36m<label[39m
                    [33mclass[39m=[32m"block text-sm font-medium mb-2"[39m
                  [36m>[39m
                    [0mEnd Date[0m
                  [36m</label>[39m
                  [36m<input[39m
                    [33mclass[39m=[32m"w-full px-3 py-2 border border-gray-300 dark:border-gray-600 rounded-lg
                         bg-white dark:bg-gray-700"[39m
                    [33mtype[39m=[32m"date"[39m
                    [33mvalue[39m=[32m"2025-01-20"[39m
                  [36m/>[39m
                [36m</div>[39m
              [36m</div>[39m
            [36m</div>[39m
            [36m<div[39m
              [33mclass[39m=[32m"grid grid-cols-4 gap-4 mb-6"[39m
            [36m>[39m
              [36m<div[39m
                [33mclass[39m=[32m"bg-white dark:bg-gray-800 rounded-lg p-4 border border-gray-200 dark:border-gray-700"[39m
              [36m>[39m
                [36m<div[39m
                  [33mclass[39m=[32m"text-sm text-gray-600 dark:text-gray-400"[39m
                [36m>[39m
                  [0mCleared Balance[0m
                [36m</div>[39m
                [36m<div[39m
                  [33mclass[39m=[32m"text-xl font-semibold mt-1"[39m
                [36m>[39m
                  [0m$0.00[0m
                [36m</div>[39m
              [36m</div>[39m
              [36m<div[39m
                [33mclass[39m=[32m"bg-white dark:bg-gray-800 rounded-lg p-4 border border-gray-200 dark:border-gray-700"[39m
              [36m>[39m
                [36m<div[39m
                  [33mclass[39m=[32m"text-sm text-gray-600 dark:text-gray-400"[39m
                [36m>[39m
                  [0mStatement Balance[0m
                [36m</div>[39m
                [36m<div[39m
                  [33mclass[39m=[32m"text-xl font-semibold mt-1"[39m
                [36m>[39m
                  [0m$2830.00[0m
                [36m</div>[39m
              [36m</div>[39m
              [36m<div[39m
                [33mclass[39m=[32m"rounded-lg p-4 border bg-red-50 dark:bg-red-900/20 border-red-200 dark:border-red-800"[39m
              [36m>[39m
                [36m<div[39m
                  [33mclass[39m=[32m"text-sm text-gray-600 dark:text-gray-400"[39m
                [36m>[39m
                  [0mDifference[0m
                [36m</div>[39m
                [36m<div[39m
                  [33mclass[39m=[32m"text-xl font-semibold mt-1 text-red-600 dark:text-red-400"[39m
                [36m>[39m
                  [0m$2830.00[0m
                [36m</div>[39m
              [36m</div>[39m
              [36m<div[39m
                [33mclass[39m=[32m"bg-white dark:bg-gray-800 rounded-lg p-4 border border-gray-200 dark:border-gray-700"[39m
              [36m>[39m
                [36m<div[39m
                  [33mclass[39m=[32m"text-sm text-gray-600 dark:text-gray-400"[39m
                [36m>[39m
                  [0mUncleared[0m
                [36m</div>[39m
                [36m<div[39m
                  [33mclass[39m=[32m"text-xl font-semibold mt-1"[39m
                [36m>[39m
                  [0m0[0m
                [36m</div>[39m
              [36m</div>[39m
            [36m</div>[39m
            [36m<div[39m
              [33mclass[39m=[32m"flex justify-center mb-6"[39m
            [36m>[39m
              [36m<button[39m
                [33mclass[39m=[32m"flex items-center gap-2 px-6 py-3 bg-primary text-white rounded-lg
                         hover:bg-primary-dark disabled:opacity-50 disabled:cursor-not-allowed"[39m
              [36m>[39m
                [36m<div[39m
                  [33mdata-size[39m=[32m"20"[39m
                  [33mdata-testid[39m=[32m"link-icon"[39m
                [36m/>[39m
                [0mAuto-Reconcile Transactions[0m
              [36m</button>[39m
            [36m</div>[39m
          [36m</div>[39m
          [36m<div[39m
            [33mclass[39m=[32m"flex justify-end px-6 py-4 border-t border-gray-200 dark:border-gray-700"[39m
          [36m>[39m
            [36m<button[39m
              [33mclass[39m=[32m"px-4 py-2 text-gray-700 dark:text-gray-300 hover:bg-gray-100 
                   dark:hover:bg-gray-700 rounded-lg"[39m
            [36m>[39m
              [0mClose[0m
            [36m</button>[39m
          [36m</div>[39m
        [36m</div>[39m
      [36m</div>[39m
    [36m</div>[39m
  [36m</div>[39m
[36m</body>[39m

Ignored nodes: comments, script, style
[36m<html>[39m
  [36m<head />[39m
  [36m<body[39m
    [33mstyle[39m=[32m"position: fixed; top: 0px; width: 100%; overflow: hidden;"[39m
  [36m>[39m
    [36m<div>[39m
      [36m<div[39m
        [33maria-hidden[39m=[32m"true"[39m
        [33mclass[39m=[32m"fixed inset-0 bg-black/60 backdrop-blur-sm z-50 animate-in fade-in duration-200"[39m
      [36m/>[39m
      [36m<div[39m
        [33mclass[39m=[32m"fixed inset-x-0 z-50 flex justify-center px-4"[39m
        [33mstyle[39m=[32m"top: 40px;"[39m
      [36m>[39m
        [36m<div[39m
          [33maria-labelledby[39m=[32m"modal-title"[39m
          [33maria-modal[39m=[32m"true"[39m
          [33mclass[39m=[32m"
            bg-white dark:bg-gray-900 
            rounded-2xl 
            shadow-2xl 
            w-full 
            max-w-4xl 
            overflow-hidden 
            flex 
            flex-col
            animate-in zoom-in-95 slide-in-from-bottom-4 duration-200
            border border-gray-200/50 dark:border-gray-700/50
          "[39m
          [33mrole[39m=[32m"dialog"[39m
          [33mstyle[39m=[32m"max-height: 688px;"[39m
          [33mtabindex[39m=[32m"-1"[39m
        [36m>[39m
          [36m<div[39m
            [33mclass[39m=[32m"flex items-center justify-between px-6 py-5 border-b border-gray-200 dark:border-gray-800 bg-gradient-to-r from-gray-50 to-white dark:from-gray-900 dark:to-gray-800 flex-shrink-0"[39m
          [36m>[39m
            [36m<h2[39m
              [33mclass[39m=[32m"text-xl font-bold text-gray-900 dark:text-white"[39m
              [33mid[39m=[32m"modal-title"[39m
            [36m>[39m
              [0mTransaction Reconciliation[0m
            [36m</h2>[39m
            [36m<button[39m
              [33maria-label[39m=[32m"Close modal"[39m
              [33mclass[39m=[32m"
                  p-2 
                  rounded-lg 
                  text-gray-400 
                  hover:text-gray-600 
                  dark:text-gray-500 
                  dark:hover:text-gray-300 
                  hover:bg-gray-100 
                  dark:hover:bg-gray-800 
                  transition-all 
                  duration-200
                  focus:outline-none 
                  focus:ring-2 
                  focus:ring-primary/50
                "[39m
            [36m>[39m
              [36m<svg[39m
                [33maria-hidden[39m=[32m"true"[39m
                [33mclass[39m=[32m"lucide lucide-x"[39m
                [33mfill[39m=[32m"none"[39m
                [33mheight[39m=[32m"20"[39m
                [33mstroke[39m=[32m"currentColor"[39m
                [33mstroke-linecap[39m=[32m"round"[39m
                [33mstroke-linejoin[39m=[32m"round"[39m
                [33mstroke-width[39m=[32m"2"[39m
                [33mviewBox[39m=[32m"0 0 24 24"[39m
                [33mwidth[39m=[32m"20"[39m
                [33mxmlns[39m=[32m"http://www.w3.org/2000/svg"[39m
              [36m>[39m
                [36m<path[39m
                  [33md[39m=[32m"M18 6 6 18"[39m
                [36m/>[39m
                [36m<path[39m
                  [33md[39m=[32m"m6 6 12 12"[39m
                [36m/>[39m
              [36m</svg>[39m
            [36m</button>[39m
          [36m</div>[39m
          [36m<div[39m
            [33mclass[39m=[32m"flex-1 overflow-y-auto overscroll-contain"[39m
          [36m>[39m
            [36m<div[39m
              [33mclass[39m=[32m"p-6"[39m
            [36m>[39m
              [36m<div[39m
                [33mclass[39m=[32m"bg-gray-50 dark:bg-gray-800 rounded-lg p-6 mb-6"[39m
              [36m>[39m
                [36m<h3[39m
                  [33mclass[39m=[32m"text-lg font-medium mb-4"[39m
                [36m>[39m
                  [0mReconciliation Setup[0m
                [36m</h3>[39m
                [36m<div[39m
                  [33mclass[39m=[32m"grid grid-cols-2 gap-6"[39m
                [36m>[39m
                  [36m<div>[39m
                    [36m<label[39m
                      [33mclass[39m=[32m"block text-sm font-medium mb-2"[39m
                    [36m>[39m
                      [0mAccount[0m
                    [36m</label>[39m
                    [36m<select[39m
                      [33mclass[39m=[32m"w-full px-3 py-2 border border-gray-300 dark:border-gray-600 rounded-lg
                         bg-white dark:bg-gray-700"[39m
                    [36m>[39m
                      [36m<option[39m
                        [33mvalue[39m=[32m""[39m
                      [36m>[39m
                        [0mSelect an account...[0m
                      [36m</option>[39m
                      [36m<option[39m
                        [33mvalue[39m=[32m"1"[39m
                      [36m>[39m
                        [0mNatwest Current Account[0m
                        [0m ([0m
                        [0m$0.00[0m
                        [0m)[0m
                      [36m</option>[39m
                      [36m<option[39m
                        [33mvalue[39m=[32m"2"[39m
                      [36m>[39m
                        [0mMonzo Current Account[0m
                        [0m ([0m
                        [0m$0.00[0m
                        [0m)[0m
                      [36m</option>[39m
                      [36m<option[39m
                        [33mvalue[39m=[32m"3"[39m
                      [36m>[39m
                        [0mNatwest Savings Account[0m
                        [0m ([0m
                        [0m$0.00[0m
                        [0m)[0m
                      [36m</option>[39m
                      [36m<option[39m
                        [33mvalue[39m=[32m"4"[39m
                      [36m>[39m
                        [0mNS&I Premium Bonds[0m
                        [0m ([0m
                        [0m$0.00[0m
                        [0m)[0m
                      [36m</option>[39m
                      [36m<option[39m
                        [33mvalue[39m=[32m"5"[39m
                      [36m>[39m
                        [0mNatwest Credit Card[0m
                        [0m ([0m
                        [0m$0.00[0m
                        [0m)[0m
                      [36m</option>[39m
                      [36m<option[39m
                        [33mvalue[39m=[32m"6"[39m
                      [36m>[39m
                        [0mAmerican Express Gold[0m
                        [0m ([0m
                        [0m$0.00[0m
                        [0m)[0m
                      [36m</option>[39m
                      [36m<option[39m
                        [33mvalue[39m=[32m"7"[39m
                      [36m>[39m
                        [0mNatwest Personal Loan[0m
                        [0m ([0m
                        [0m$0.00[0m
                        [0m)[0m
                      [36m</option>[39m
                      [36m<option[39m
                        [33mvalue[39m=[32m"8"[39m
                      [36m>[39m
                        [0mNatwest Mortgage[0m
                        [0m ([0m
                        [0m$0.00[0m
                        [0m)[0m
                      [36m</option>[39m
                      [36m<option[39m
                        [33mvalue[39m=[32m"9"[39m
                      [36m>[39m
                        [0mHargreaves Lansdown SIPP[0m
                        [0m ([0m
                        [0m$0.00[0m
                        [0m)[0m
                      [36m</option>[39m
                      [36m<option[39m
                        [33mvalue[39m=[32m"10"[39m
                      [36m>[39m
                        [0mHargreaves Lansdown ISA[0m
                        [0m ([0m
                        [0m$0.00[0m
                        [0m)[0m
                      [36m</option>[39m
                      [36m<option[39m
                        [33mvalue[39m=[32m"11"[39m
                      [36m>[39m
                        [0mCity Trader Account[0m
                        [0m ([0m
                        [0m$10000.00[0m
                        [0m)[0m
                      [36m</option>[39m
                      [36m<option[39m
                        [33mvalue[39m=[32m"12"[39m
                      [36m>[39m
                        [0mPrimary Residence[0m
                        [0m ([0m
                        [0m$0.00[0m
                        [0m)[0m
                      [36m</option>[39m
                    [36m</select>[39m
                  [36m</div>[39m
                  [36m<div>[39m
                    [36m<label[39m
                      [33mclass[39m=[32m"block text-sm font-medium mb-2"[39m
                    [36m>[39m
                      [0mStatement Balance[0m
                    [36m</label>[39m
                    [36m<input[39m
                      [33mclass[39m=[32m"w-full px-3 py-2 border border-gray-300 dark:border-gray-600 rounded-lg
                         bg-white dark:bg-gray-700"[39m
                      [33mplaceholder[39m=[32m"Enter statement ending balance"[39m
                      [33mstep[39m=[32m"0.01"[39m
                      [33mtype[39m=[32m"number"[39m
                      [33mvalue[39m=[32m"2830"[39m
                    [36m/>[39m
                  [36m</div>[39m
                [36m</div>[39m
                [36m<div[39m
                  [33mclass[39m=[32m"grid grid-cols-2 gap-6 mt-4"[39m
                [36m>[39m
                  [36m<div>[39m
                    [36m<label[39m
                      [33mclass[39m=[32m"block text-sm font-medium mb-2"[39m
                    [36m>[39m
                      [0mStart Date[0m
                    [36m</label>[39m
                    [36m<input[39m
                      [33mclass[39m=[32m"w-full px-3 py-2 border border-gray-300 dark:border-gray-600 rounded-lg
                         bg-white dark:bg-gray-700"[39m
                      [33mtype[39m=[32m"date"[39m
                      [33mvalue[39m=[32m"2024-12-20"[39m
                    [36m/>[39m
                  [36m</div>[39m
                  [36m<div>[39m
                    [36m<label[39m
                      [33mclass[39m=[32m"block text-sm font-medium mb-2"[39m
                    [36m>[39m
                      [0mEnd Date[0m
                    [36m</label>[39m
                    [36m<input[39m
                      [33mclass[39m=[32m"w-full px-3 py-2 border border-gray-300 dark:border-gray-600 rounded-lg
                         bg-white dark:bg-gray-700"[39m
                      [33mtype[39m=[32m"date"[39m
                      [33mvalue[39m=[32m"2025-01-20"[39m
                    [36m/>[39m
                  [36m</div>[39m
                [36m</div>[39m
              [36m</div>[39m
              [36m<div[39m
                [33mclass[39m=[32m"grid grid-cols-4 gap-4 mb-6"[39m
              [36m>[39m
                [36m<div[39m
                  [33mclass[39m=[32m"bg-white dark:bg-gray-800 rounded-lg p-4 border border-gray-200 dark:border-gray-700"[39m
                [36m>[39m
                  [36m<div[39m
                    [33mclass[39m=[32m"text-sm text-gray-600 dark:text-gray-400"[39m
                  [36m>[39m
                    [0mCleared Balance[0m
                  [36m</div>[39m
                  [36m<div[39m
                    [33mclass[39m=[32m"text-xl font-semibold mt-1"[39m
                  [36m>[39m
                    [0m$0.00[0m
                  [36m</div>[39m
                [36m</div>[39m
                [36m<div[39m
                  [33mclass[39m=[32m"bg-white dark:bg-gray-800 rounded-lg p-4 border border-gray-200 dark:border-gray-700"[39m
                [36m>[39m
                  [36m<div[39m
                    [33mclass[39m=[32m"text-sm text-gray-600 dark:text-gray-400"[39m
                  [36m>[39m
                    [0mStatement Balance[0m
                  [36m</div>[39m
                  [36m<div[39m
                    [33mclass[39m=[32m"text-xl font-semibold mt-1"[39m
                  [36m>[39m
                    [0m$2830.00[0m
                  [36m</div>[39m
                [36m</div>[39m
                [36m<div[39m
                  [33mclass[39m=[32m"rounded-lg p-4 border bg-red-50 dark:bg-red-900/20 border-red-200 dark:border-red-800"[39m
                [36m>[39m
                  [36m<div[39m
                    [33mclass[39m=[32m"text-sm text-gray-600 dark:text-gray-400"[39m
                  [36m>[39m
                    [0mDifference[0m
                  [36m</div>[39m
                  [36m<div[39m
                    [33mclass[39m=[32m"text-xl font-semibold mt-1 text-red-600 dark:text-red-400"[39m
                  [36m>[39m
                    [0m$2830.00[0m
                  [36m</div>[39m
                [36m</div>[39m
                [36m<div[39m
                  [33mclass[39m=[32m"bg-white dark:bg-gray-800 rounded-lg p-4 border border-gray-200 dark:border-gray-700"[39m
                [36m>[39m
                  [36m<div[39m
                    [33mclass[39m=[32m"text-sm text-gray-600 dark:text-gray-400"[39m
                  [36m>[39m
                    [0mUncleared[0m
                  [36m</div>[39m
                  [36m<div[39m
                    [33mclass[39m=[32m"text-xl font-semibold mt-1"[39m
                  [36m>[39m
                    [0m0[0m
                  [36m</div>[39m
                [36m</div>[39m
              [36m</div>[39m
              [36m<div[39m
                [33mclass[39m=[32m"flex justify-center mb-6"[39m
              [36m>[39m
                [36m<button[39m
                  [33mclass[39m=[32m"flex items-center gap-2 px-6 py-3 bg-primary text-white rounded-lg
                         hover:bg-primary-dark disabled:opacity-50 disabled:cursor-not-allowed"[39m
                [36m>[39m
                  [36m<div[39m
                    [33mdata-size[39m=[32m"20"[39m
                    [33mdata-testid[39m=[32m"link-icon"[39m
                  [36m/>[39m
                  [0mAuto-Reconcile Transactions[0m
                [36m</button>[39m
              [36m</div>[39m
            [36m</div>[39m
            [36m<div[39m
              [33mclass[39m=[32m"flex justify-end px-6 py-4 border-t border-gray-200 dark:border-gray-700"[39m
            [36m>[39m
              [36m<button[39m
                [33mclass[39m=[32m"px-4 py-2 text-gray-700 dark:text-gray-300 hover:bg-gray-100 
                   dark:hover:bg-gray-700 rounded-lg"[39m
              [36m>[39m
                [0mClose[0m
              [36m</button>[39m
            [36m</div>[39m
          [36m</div>[39m
        [36m</div>[39m
      [36m</div>[39m
    [36m</div>[39m
  [36m</body>[39m
[36m</html>[39m
   × TransactionReconciliation > transaction lists > shows uncleared transactions 1009ms
     → Unable to find an element with the text: Grocery Store. This could be because the text is broken up by multiple elements. In this case, you can provide a function for your text matcher to make your matcher more flexible.

Ignored nodes: comments, script, style
[36m<body[39m
  [33mstyle[39m=[32m"position: fixed; top: 0px; width: 100%; overflow: hidden;"[39m
[36m>[39m
  [36m<div>[39m
    [36m<div[39m
      [33maria-hidden[39m=[32m"true"[39m
      [33mclass[39m=[32m"fixed inset-0 bg-black/60 backdrop-blur-sm z-50 animate-in fade-in duration-200"[39m
    [36m/>[39m
    [36m<div[39m
      [33mclass[39m=[32m"fixed inset-x-0 z-50 flex justify-center px-4"[39m
      [33mstyle[39m=[32m"top: 40px;"[39m
    [36m>[39m
      [36m<div[39m
        [33maria-labelledby[39m=[32m"modal-title"[39m
        [33maria-modal[39m=[32m"true"[39m
        [33mclass[39m=[32m"
            bg-white dark:bg-gray-900 
            rounded-2xl 
            shadow-2xl 
            w-full 
            max-w-4xl 
            overflow-hidden 
            flex 
            flex-col
            animate-in zoom-in-95 slide-in-from-bottom-4 duration-200
            border border-gray-200/50 dark:border-gray-700/50
          "[39m
        [33mrole[39m=[32m"dialog"[39m
        [33mstyle[39m=[32m"max-height: 688px;"[39m
        [33mtabindex[39m=[32m"-1"[39m
      [36m>[39m
        [36m<div[39m
          [33mclass[39m=[32m"flex items-center justify-between px-6 py-5 border-b border-gray-200 dark:border-gray-800 bg-gradient-to-r from-gray-50 to-white dark:from-gray-900 dark:to-gray-800 flex-shrink-0"[39m
        [36m>[39m
          [36m<h2[39m
            [33mclass[39m=[32m"text-xl font-bold text-gray-900 dark:text-white"[39m
            [33mid[39m=[32m"modal-title"[39m
          [36m>[39m
            [0mTransaction Reconciliation[0m
          [36m</h2>[39m
          [36m<button[39m
            [33maria-label[39m=[32m"Close modal"[39m
            [33mclass[39m=[32m"
                  p-2 
                  rounded-lg 
                  text-gray-400 
                  hover:text-gray-600 
                  dark:text-gray-500 
                  dark:hover:text-gray-300 
                  hover:bg-gray-100 
                  dark:hover:bg-gray-800 
                  transition-all 
                  duration-200
                  focus:outline-none 
                  focus:ring-2 
                  focus:ring-primary/50
                "[39m
          [36m>[39m
            [36m<svg[39m
              [33maria-hidden[39m=[32m"true"[39m
              [33mclass[39m=[32m"lucide lucide-x"[39m
              [33mfill[39m=[32m"none"[39m
              [33mheight[39m=[32m"20"[39m
              [33mstroke[39m=[32m"currentColor"[39m
              [33mstroke-linecap[39m=[32m"round"[39m
              [33mstroke-linejoin[39m=[32m"round"[39m
              [33mstroke-width[39m=[32m"2"[39m
              [33mviewBox[39m=[32m"0 0 24 24"[39m
              [33mwidth[39m=[32m"20"[39m
              [33mxmlns[39m=[32m"http://www.w3.org/2000/svg"[39m
            [36m>[39m
              [36m<path[39m
                [33md[39m=[32m"M18 6 6 18"[39m
              [36m/>[39m
              [36m<path[39m
                [33md[39m=[32m"m6 6 12 12"[39m
              [36m/>[39m
            [36m</svg>[39m
          [36m</button>[39m
        [36m</div>[39m
        [36m<div[39m
          [33mclass[39m=[32m"flex-1 overflow-y-auto overscroll-contain"[39m
        [36m>[39m
          [36m<div[39m
            [33mclass[39m=[32m"p-6"[39m
          [36m>[39m
            [36m<div[39m
              [33mclass[39m=[32m"bg-gray-50 dark:bg-gray-800 rounded-lg p-6 mb-6"[39m
            [36m>[39m
              [36m<h3[39m
                [33mclass[39m=[32m"text-lg font-medium mb-4"[39m
              [36m>[39m
                [0mReconciliation Setup[0m
              [36m</h3>[39m
              [36m<div[39m
                [33mclass[39m=[32m"grid grid-cols-2 gap-6"[39m
              [36m>[39m
                [36m<div>[39m
                  [36m<label[39m
                    [33mclass[39m=[32m"block text-sm font-medium mb-2"[39m
                  [36m>[39m
                    [0mAccount[0m
                  [36m</label>[39m
                  [36m<select[39m
                    [33mclass[39m=[32m"w-full px-3 py-2 border border-gray-300 dark:border-gray-600 rounded-lg
                         bg-white dark:bg-gray-700"[39m
                  [36m>[39m
                    [36m<option[39m
                      [33mvalue[39m=[32m""[39m
                    [36m>[39m
                      [0mSelect an account...[0m
                    [36m</option>[39m
                    [36m<option[39m
                      [33mvalue[39m=[32m"1"[39m
                    [36m>[39m
                      [0mNatwest Current Account[0m
                      [0m ([0m
                      [0m$0.00[0m
                      [0m)[0m
                    [36m</option>[39m
                    [36m<option[39m
                      [33mvalue[39m=[32m"2"[39m
                    [36m>[39m
                      [0mMonzo Current Account[0m
                      [0m ([0m
                      [0m$0.00[0m
                      [0m)[0m
                    [36m</option>[39m
                    [36m<option[39m
                      [33mvalue[39m=[32m"3"[39m
                    [36m>[39m
                      [0mNatwest Savings Account[0m
                      [0m ([0m
                      [0m$0.00[0m
                      [0m)[0m
                    [36m</option>[39m
                    [36m<option[39m
                      [33mvalue[39m=[32m"4"[39m
                    [36m>[39m
                      [0mNS&I Premium Bonds[0m
                      [0m ([0m
                      [0m$0.00[0m
                      [0m)[0m
                    [36m</option>[39m
                    [36m<option[39m
                      [33mvalue[39m=[32m"5"[39m
                    [36m>[39m
                      [0mNatwest Credit Card[0m
                      [0m ([0m
                      [0m$0.00[0m
                      [0m)[0m
                    [36m</option>[39m
                    [36m<option[39m
                      [33mvalue[39m=[32m"6"[39m
                    [36m>[39m
                      [0mAmerican Express Gold[0m
                      [0m ([0m
                      [0m$0.00[0m
                      [0m)[0m
                    [36m</option>[39m
                    [36m<option[39m
                      [33mvalue[39m=[32m"7"[39m
                    [36m>[39m
                      [0mNatwest Personal Loan[0m
                      [0m ([0m
                      [0m$0.00[0m
                      [0m)[0m
                    [36m</option>[39m
                    [36m<option[39m
                      [33mvalue[39m=[32m"8"[39m
                    [36m>[39m
                      [0mNatwest Mortgage[0m
                      [0m ([0m
                      [0m$0.00[0m
                      [0m)[0m
                    [36m</option>[39m
                    [36m<option[39m
                      [33mvalue[39m=[32m"9"[39m
                    [36m>[39m
                      [0mHargreaves Lansdown SIPP[0m
                      [0m ([0m
                      [0m$0.00[0m
                      [0m)[0m
                    [36m</option>[39m
                    [36m<option[39m
                      [33mvalue[39m=[32m"10"[39m
                    [36m>[39m
                      [0mHargreaves Lansdown ISA[0m
                      [0m ([0m
                      [0m$0.00[0m
                      [0m)[0m
                    [36m</option>[39m
                    [36m<option[39m
                      [33mvalue[39m=[32m"11"[39m
                    [36m>[39m
                      [0mCity Trader Account[0m
                      [0m ([0m
                      [0m$10000.00[0m
                      [0m)[0m
                    [36m</option>[39m
                    [36m<option[39m
                      [33mvalue[39m=[32m"12"[39m
                    [36m>[39m
                      [0mPrimary Residence[0m
                      [0m ([0m
                      [0m$0.00[0m
                      [0m)[0m
                    [36m</option>[39m
                  [36m</select>[39m
                [36m</div>[39m
                [36m<div>[39m
                  [36m<label[39m
                    [33mclass[39m=[32m"block text-sm font-medium mb-2"[39m
                  [36m>[39m
                    [0mStatement Balance[0m
                  [36m</label>[39m
                  [36m<input[39m
                    [33mclass[39m=[32m"w-full px-3 py-2 border border-gray-300 dark:border-gray-600 rounded-lg
                         bg-white dark:bg-gray-700"[39m
                    [33mplaceholder[39m=[32m"Enter statement ending balance"[39m
                    [33mstep[39m=[32m"0.01"[39m
                    [33mtype[39m=[32m"number"[39m
                    [33mvalue[39m=[32m""[39m
                  [36m/>[39m
                [36m</div>[39m
              [36m</div>[39m
              [36m<div[39m
                [33mclass[39m=[32m"grid grid-cols-2 gap-6 mt-4"[39m
              [36m>[39m
                [36m<div>[39m
                  [36m<label[39m
                    [33mclass[39m=[32m"block text-sm font-medium mb-2"[39m
                  [36m>[39m
                    [0mStart Date[0m
                  [36m</label>[39m
                  [36m<input[39m
                    [33mclass[39m=[32m"w-full px-3 py-2 border border-gray-300 dark:border-gray-600 rounded-lg
                         bg-white dark:bg-gray-700"[39m
                    [33mtype[39m=[32m"date"[39m
                    [33mvalue[39m=[32m"2024-12-20"[39m
                  [36m/>[39m
                [36m</div>[39m
                [36m<div>[39m
                  [36m<label[39m
                    [33mclass[39m=[32m"block text-sm font-medium mb-2"[39m
                  [36m>[39m
                    [0mEnd Date[0m
                  [36m</label>[39m
                  [36m<input[39m
                    [33mclass[39m=[32m"w-full px-3 py-2 border border-gray-300 dark:border-gray-600 rounded-lg
                         bg-white dark:bg-gray-700"[39m
                    [33mtype[39m=[32m"date"[39m
                    [33mvalue[39m=[32m"2025-01-20"[39m
                  [36m/>[39m
                [36m</div>[39m
              [36m</div>[39m
            [36m</div>[39m
            [36m<div[39m
              [33mclass[39m=[32m"grid grid-cols-4 gap-4 mb-6"[39m
            [36m>[39m
              [36m<div[39m
                [33mclass[39m=[32m"bg-white dark:bg-gray-800 rounded-lg p-4 border border-gray-200 dark:border-gray-700"[39m
              [36m>[39m
                [36m<div[39m
                  [33mclass[39m=[32m"text-sm text-gray-600 dark:text-gray-400"[39m
                [36m>[39m
                  [0mCleared Balance[0m
                [36m</div>[39m
                [36m<div[39m
                  [33mclass[39m=[32m"text-xl font-semibold mt-1"[39m
                [36m>[39m
                  [0m$0.00[0m
                [36m</div>[39m
              [36m</div>[39m
              [36m<div[39m
                [33mclass[39m=[32m"bg-white dark:bg-gray-800 rounded-lg p-4 border border-gray-200 dark:border-gray-700"[39m
              [36m>[39m
                [36m<div[39m
                  [33mclass[39m=[32m"text-sm text-gray-600 dark:text-gray-400"[39m
                [36m>[39m
                  [0mStatement Balance[0m
                [36m</div>[39m
                [36m<div[39m
                  [33mclass[39m=[32m"text-xl font-semibold mt-1"[39m
                [36m>[39m
                  [0m-[0m
                [36m</div>[39m
              [36m</div>[39m
              [36m<div[39m
                [33mclass[39m=[32m"rounded-lg p-4 border bg-green-50 dark:bg-green-900/20 border-green-200 dark:border-green-800"[39m
              [36m>[39m
                [36m<div[39m
                  [33mclass[39m=[32m"text-sm text-gray-600 dark:text-gray-400"[39m
                [36m>[39m
                  [0mDifference[0m
                [36m</div>[39m
                [36m<div[39m
                  [33mclass[39m=[32m"text-xl font-semibold mt-1 text-green-600 dark:text-green-400"[39m
                [36m>[39m
                  [0m$0.00[0m
                [36m</div>[39m
              [36m</div>[39m
              [36m<div[39m
                [33mclass[39m=[32m"bg-white dark:bg-gray-800 rounded-lg p-4 border border-gray-200 dark:border-gray-700"[39m
              [36m>[39m
                [36m<div[39m
                  [33mclass[39m=[32m"text-sm text-gray-600 dark:text-gray-400"[39m
                [36m>[39m
                  [0mUncleared[0m
                [36m</div>[39m
                [36m<div[39m
                  [33mclass[39m=[32m"text-xl font-semibold mt-1"[39m
                [36m>[39m
                  [0m0[0m
                [36m</div>[39m
              [36m</div>[39m
            [36m</div>[39m
            [36m<div[39m
              [33mclass[39m=[32m"flex justify-center mb-6"[39m
            [36m>[39m
              [36m<button[39m
                [33mclass[39m=[32m"flex items-center gap-2 px-6 py-3 bg-primary text-white rounded-lg
                         hover:bg-primary-dark disabled:opacity-50 disabled:cursor-not-allowed"[39m
              [36m>[39m
                [36m<div[39m
                  [33mdata-size[39m=[32m"20"[39m
                  [33mdata-testid[39m=[32m"link-icon"[39m
                [36m/>[39m
                [0mAuto-Reconcile Transactions[0m
              [36m</button>[39m
            [36m</div>[39m
            [36m<div[39m
              [33mclass[39m=[32m"bg-green-50 dark:bg-green-900/20 rounded-lg p-8 text-center"[39m
            [36m>[39m
              [36m<div[39m
                [33mdata-size[39m=[32m"48"[39m
                [33mdata-testid[39m=[32m"check-circle-icon"[39m
              [36m/>[39m
              [36m<h4[39m
                [33mclass[39m=[32m"text-lg font-medium text-green-900 dark:text-green-300"[39m
              [36m>[39m
                [0mAccount Reconciled![0m
              [36m</h4>[39m
              [36m<p[39m
                [33mclass[39m=[32m"text-sm text-green-800 dark:text-green-200 mt-1"[39m
              [36m>[39m
                [0mAll transactions are cleared and your balance matches the statement.[0m
              [36m</p>[39m
            [36m</div>[39m
          [36m</div>[39m
          [36m<div[39m
            [33mclass[39m=[32m"flex justify-end px-6 py-4 border-t border-gray-200 dark:border-gray-700"[39m
          [36m>[39m
            [36m<button[39m
              [33mclass[39m=[32m"px-4 py-2 text-gray-700 dark:text-gray-300 hover:bg-gray-100 
                   dark:hover:bg-gray-700 rounded-lg"[39m
            [36m>[39m
              [0mClose[0m
            [36m</button>[39m
          [36m</div>[39m
        [36m</div>[39m
      [36m</div>[39m
    [36m</div>[39m
  [36m</div>[39m
[36m</body>[39m

Ignored nodes: comments, script, style
[36m<html>[39m
  [36m<head />[39m
  [36m<body[39m
    [33mstyle[39m=[32m"position: fixed; top: 0px; width: 100%; overflow: hidden;"[39m
  [36m>[39m
    [36m<div>[39m
      [36m<div[39m
        [33maria-hidden[39m=[32m"true"[39m
        [33mclass[39m=[32m"fixed inset-0 bg-black/60 backdrop-blur-sm z-50 animate-in fade-in duration-200"[39m
      [36m/>[39m
      [36m<div[39m
        [33mclass[39m=[32m"fixed inset-x-0 z-50 flex justify-center px-4"[39m
        [33mstyle[39m=[32m"top: 40px;"[39m
      [36m>[39m
        [36m<div[39m
          [33maria-labelledby[39m=[32m"modal-title"[39m
          [33maria-modal[39m=[32m"true"[39m
          [33mclass[39m=[32m"
            bg-white dark:bg-gray-900 
            rounded-2xl 
            shadow-2xl 
            w-full 
            max-w-4xl 
            overflow-hidden 
            flex 
            flex-col
            animate-in zoom-in-95 slide-in-from-bottom-4 duration-200
            border border-gray-200/50 dark:border-gray-700/50
          "[39m
          [33mrole[39m=[32m"dialog"[39m
          [33mstyle[39m=[32m"max-height: 688px;"[39m
          [33mtabindex[39m=[32m"-1"[39m
        [36m>[39m
          [36m<div[39m
            [33mclass[39m=[32m"flex items-center justify-between px-6 py-5 border-b border-gray-200 dark:border-gray-800 bg-gradient-to-r from-gray-50 to-white dark:from-gray-900 dark:to-gray-800 flex-shrink-0"[39m
          [36m>[39m
            [36m<h2[39m
              [33mclass[39m=[32m"text-xl font-bold text-gray-900 dark:text-white"[39m
              [33mid[39m=[32m"modal-title"[39m
            [36m>[39m
              [0mTransaction Reconciliation[0m
            [36m</h2>[39m
            [36m<button[39m
              [33maria-label[39m=[32m"Close modal"[39m
              [33mclass[39m=[32m"
                  p-2 
                  rounded-lg 
                  text-gray-400 
                  hover:text-gray-600 
                  dark:text-gray-500 
                  dark:hover:text-gray-300 
                  hover:bg-gray-100 
                  dark:hover:bg-gray-800 
                  transition-all 
                  duration-200
                  focus:outline-none 
                  focus:ring-2 
                  focus:ring-primary/50
                "[39m
            [36m>[39m
              [36m<svg[39m
                [33maria-hidden[39m=[32m"true"[39m
                [33mclass[39m=[32m"lucide lucide-x"[39m
                [33mfill[39m=[32m"none"[39m
                [33mheight[39m=[32m"20"[39m
                [33mstroke[39m=[32m"currentColor"[39m
                [33mstroke-linecap[39m=[32m"round"[39m
                [33mstroke-linejoin[39m=[32m"round"[39m
                [33mstroke-width[39m=[32m"2"[39m
                [33mviewBox[39m=[32m"0 0 24 24"[39m
                [33mwidth[39m=[32m"20"[39m
                [33mxmlns[39m=[32m"http://www.w3.org/2000/svg"[39m
              [36m>[39m
                [36m<path[39m
                  [33md[39m=[32m"M18 6 6 18"[39m
                [36m/>[39m
                [36m<path[39m
                  [33md[39m=[32m"m6 6 12 12"[39m
                [36m/>[39m
              [36m</svg>[39m
            [36m</button>[39m
          [36m</div>[39m
          [36m<div[39m
            [33mclass[39m=[32m"flex-1 overflow-y-auto overscroll-contain"[39m
          [36m>[39m
            [36m<div[39m
              [33mclass[39m=[32m"p-6"[39m
            [36m>[39m
              [36m<div[39m
                [33mclass[39m=[32m"bg-gray-50 dark:bg-gray-800 rounded-lg p-6 mb-6"[39m
              [36m>[39m
                [36m<h3[39m
                  [33mclass[39m=[32m"text-lg font-medium mb-4"[39m
                [36m>[39m
                  [0mReconciliation Setup[0m
                [36m</h3>[39m
                [36m<div[39m
                  [33mclass[39m=[32m"grid grid-cols-2 gap-6"[39m
                [36m>[39m
                  [36m<div>[39m
                    [36m<label[39m
                      [33mclass[39m=[32m"block text-sm font-medium mb-2"[39m
                    [36m>[39m
                      [0mAccount[0m
                    [36m</label>[39m
                    [36m<select[39m
                      [33mclass[39m=[32m"w-full px-3 py-2 border border-gray-300 dark:border-gray-600 rounded-lg
                         bg-white dark:bg-gray-700"[39m
                    [36m>[39m
                      [36m<option[39m
                        [33mvalue[39m=[32m""[39m
                      [36m>[39m
                        [0mSelect an account...[0m
                      [36m</option>[39m
                      [36m<option[39m
                        [33mvalue[39m=[32m"1"[39m
                      [36m>[39m
                        [0mNatwest Current Account[0m
                        [0m ([0m
                        [0m$0.00[0m
                        [0m)[0m
                      [36m</option>[39m
                      [36m<option[39m
                        [33mvalue[39m=[32m"2"[39m
                      [36m>[39m
                        [0mMonzo Current Account[0m
                        [0m ([0m
                        [0m$0.00[0m
                        [0m)[0m
                      [36m</option>[39m
                      [36m<option[39m
                        [33mvalue[39m=[32m"3"[39m
                      [36m>[39m
                        [0mNatwest Savings Account[0m
                        [0m ([0m
                        [0m$0.00[0m
                        [0m)[0m
                      [36m</option>[39m
                      [36m<option[39m
                        [33mvalue[39m=[32m"4"[39m
                      [36m>[39m
                        [0mNS&I Premium Bonds[0m
                        [0m ([0m
                        [0m$0.00[0m
                        [0m)[0m
                      [36m</option>[39m
                      [36m<option[39m
                        [33mvalue[39m=[32m"5"[39m
                      [36m>[39m
                        [0mNatwest Credit Card[0m
                        [0m ([0m
                        [0m$0.00[0m
                        [0m)[0m
                      [36m</option>[39m
                      [36m<option[39m
                        [33mvalue[39m=[32m"6"[39m
                      [36m>[39m
                        [0mAmerican Express Gold[0m
                        [0m ([0m
                        [0m$0.00[0m
                        [0m)[0m
                      [36m</option>[39m
                      [36m<option[39m
                        [33mvalue[39m=[32m"7"[39m
                      [36m>[39m
                        [0mNatwest Personal Loan[0m
                        [0m ([0m
                        [0m$0.00[0m
                        [0m)[0m
                      [36m</option>[39m
                      [36m<option[39m
                        [33mvalue[39m=[32m"8"[39m
                      [36m>[39m
                        [0mNatwest Mortgage[0m
                        [0m ([0m
                        [0m$0.00[0m
                        [0m)[0m
                      [36m</option>[39m
                      [36m<option[39m
                        [33mvalue[39m=[32m"9"[39m
                      [36m>[39m
                        [0mHargreaves Lansdown SIPP[0m
                        [0m ([0m
                        [0m$0.00[0m
                        [0m)[0m
                      [36m</option>[39m
                      [36m<option[39m
                        [33mvalue[39m=[32m"10"[39m
                      [36m>[39m
                        [0mHargreaves Lansdown ISA[0m
                        [0m ([0m
                        [0m$0.00[0m
                        [0m)[0m
                      [36m</option>[39m
                      [36m<option[39m
                        [33mvalue[39m=[32m"11"[39m
                      [36m>[39m
                        [0mCity Trader Account[0m
                        [0m ([0m
                        [0m$10000.00[0m
                        [0m)[0m
                      [36m</option>[39m
                      [36m<option[39m
                        [33mvalue[39m=[32m"12"[39m
                      [36m>[39m
                        [0mPrimary Residence[0m
                        [0m ([0m
                        [0m$0.00[0m
                        [0m)[0m
                      [36m</option>[39m
                    [36m</select>[39m
                  [36m</div>[39m
                  [36m<div>[39m
                    [36m<label[39m
                      [33mclass[39m=[32m"block text-sm font-medium mb-2"[39m
                    [36m>[39m
                      [0mStatement Balance[0m
                    [36m</label>[39m
                    [36m<input[39m
                      [33mclass[39m=[32m"w-full px-3 py-2 border border-gray-300 dark:border-gray-600 rounded-lg
                         bg-white dark:bg-gray-700"[39m
                      [33mplaceholder[39m=[32m"Enter statement ending balance"[39m
                      [33mstep[39m=[32m"0.01"[39m
                      [33mtype[39m=[32m"number"[39m
                      [33mvalue[39m=[32m""[39m
                    [36m/>[39m
                  [36m</div>[39m
                [36m</div>[39m
                [36m<div[39m
                  [33mclass[39m=[32m"grid grid-cols-2 gap-6 mt-4"[39m
                [36m>[39m
                  [36m<div>[39m
                    [36m<label[39m
                      [33mclass[39m=[32m"block text-sm font-medium mb-2"[39m
                    [36m>[39m
                      [0mStart Date[0m
                    [36m</label>[39m
                    [36m<input[39m
                      [33mclass[39m=[32m"w-full px-3 py-2 border border-gray-300 dark:border-gray-600 rounded-lg
                         bg-white dark:bg-gray-700"[39m
                      [33mtype[39m=[32m"date"[39m
                      [33mvalue[39m=[32m"2024-12-20"[39m
                    [36m/>[39m
                  [36m</div>[39m
                  [36m<div>[39m
                    [36m<label[39m
                      [33mclass[39m=[32m"block text-sm font-medium mb-2"[39m
                    [36m>[39m
                      [0mEnd Date[0m
                    [36m</label>[39m
                    [36m<input[39m
                      [33mclass[39m=[32m"w-full px-3 py-2 border border-gray-300 dark:border-gray-600 rounded-lg
                         bg-white dark:bg-gray-700"[39m
                      [33mtype[39m=[32m"date"[39m
                      [33mvalue[39m=[32m"2025-01-20"[39m
                    [36m/>[39m
                  [36m</div>[39m
                [36m</div>[39m
              [36m</div>[39m
              [36m<div[39m
                [33mclass[39m=[32m"grid grid-cols-4 gap-4 mb-6"[39m
              [36m>[39m
                [36m<div[39m
                  [33mclass[39m=[32m"bg-white dark:bg-gray-800 rounded-lg p-4 border border-gray-200 dark:border-gray-700"[39m
                [36m>[39m
                  [36m<div[39m
                    [33mclass[39m=[32m"text-sm text-gray-600 dark:text-gray-400"[39m
                  [36m>[39m
                    [0mCleared Balance[0m
                  [36m</div>[39m
                  [36m<div[39m
                    [33mclass[39m=[32m"text-xl font-semibold mt-1"[39m
                  [36m>[39m
                    [0m$0.00[0m
                  [36m</div>[39m
                [36m</div>[39m
                [36m<div[39m
                  [33mclass[39m=[32m"bg-white dark:bg-gray-800 rounded-lg p-4 border border-gray-200 dark:border-gray-700"[39m
                [36m>[39m
                  [36m<div[39m
                    [33mclass[39m=[32m"text-sm text-gray-600 dark:text-gray-400"[39m
                  [36m>[39m
                    [0mStatement Balance[0m
                  [36m</div>[39m
                  [36m<div[39m
                    [33mclass[39m=[32m"text-xl font-semibold mt-1"[39m
                  [36m>[39m
                    [0m-[0m
                  [36m</div>[39m
                [36m</div>[39m
                [36m<div[39m
                  [33mclass[39m=[32m"rounded-lg p-4 border bg-green-50 dark:bg-green-900/20 border-green-200 dark:border-green-800"[39m
                [36m>[39m
                  [36m<div[39m
                    [33mclass[39m=[32m"text-sm text-gray-600 dark:text-gray-400"[39m
                  [36m>[39m
                    [0mDifference[0m
                  [36m</div>[39m
                  [36m<div[39m
                    [33mclass[39m=[32m"text-xl font-semibold mt-1 text-green-600 dark:text-green-400"[39m
                  [36m>[39m
                    [0m$0.00[0m
                  [36m</div>[39m
                [36m</div>[39m
                [36m<div[39m
                  [33mclass[39m=[32m"bg-white dark:bg-gray-800 rounded-lg p-4 border border-gray-200 dark:border-gray-700"[39m
                [36m>[39m
                  [36m<div[39m
                    [33mclass[39m=[32m"text-sm text-gray-600 dark:text-gray-400"[39m
                  [36m>[39m
                    [0mUncleared[0m
                  [36m</div>[39m
                  [36m<div[39m
                    [33mclass[39m=[32m"text-xl font-semibold mt-1"[39m
                  [36m>[39m
                    [0m0[0m
                  [36m</div>[39m
                [36m</div>[39m
              [36m</div>[39m
              [36m<div[39m
                [33mclass[39m=[32m"flex justify-center mb-6"[39m
              [36m>[39m
                [36m<button[39m
                  [33mclass[39m=[32m"flex items-center gap-2 px-6 py-3 bg-primary text-white rounded-lg
                         hover:bg-primary-dark disabled:opacity-50 disabled:cursor-not-allowed"[39m
                [36m>[39m
                  [36m<div[39m
                    [33mdata-size[39m=[32m"20"[39m
                    [33mdata-testid[39m=[32m"link-icon"[39m
                  [36m/>[39m
                  [0mAuto-Reconcile Transactions[0m
                [36m</button>[39m
              [36m</div>[39m
              [36m<div[39m
                [33mclass[39m=[32m"bg-green-50 dark:bg-green-900/20 rounded-lg p-8 text-center"[39m
              [36m>[39m
                [36m<div[39m
                  [33mdata-size[39m=[32m"48"[39m
                  [33mdata-testid[39m=[32m"check-circle-icon"[39m
                [36m/>[39m
                [36m<h4[39m
                  [33mclass[39m=[32m"text-lg font-medium text-green-900 dark:text-green-300"[39m
                [36m>[39m
                  [0mAccount Reconciled![0m
                [36m</h4>[39m
                [36m<p[39m
                  [33mclass[39m=[32m"text-sm text-green-800 dark:text-green-200 mt-1"[39m
                [36m>[39m
                  [0mAll transactions are cleared and your balance matches the statement.[0m
                [36m</p>[39m
              [36m</div>[39m
            [36m</div>[39m
            [36m<div[39m
              [33mclass[39m=[32m"flex justify-end px-6 py-4 border-t border-gray-200 dark:border-gray-700"[39m
            [36m>[39m
              [36m<button[39m
                [33mclass[39m=[32m"px-4 py-2 text-gray-700 dark:text-gray-300 hover:bg-gray-100 
                   dark:hover:bg-gray-700 rounded-lg"[39m
              [36m>[39m
                [0mClose[0m
              [36m</button>[39m
            [36m</div>[39m
          [36m</div>[39m
        [36m</div>[39m
      [36m</div>[39m
    [36m</div>[39m
  [36m</body>[39m
[36m</html>[39m
   ↓ TransactionReconciliation > transaction lists > filters transactions by date range
   ✓ TransactionReconciliation > auto-reconciliation > enables reconcile button when account is selected 7ms
   ✓ TransactionReconciliation > auto-reconciliation > does not show reconcile button when no account selected 4ms
   × TransactionReconciliation > auto-reconciliation > shows processing state during reconciliation 8ms
     → Unable to find an element with the text: /reconciling/i. This could be because the text is broken up by multiple elements. In this case, you can provide a function for your text matcher to make your matcher more flexible.

Ignored nodes: comments, script, style
[36m<body[39m
  [33mstyle[39m=[32m"position: fixed; top: 0px; width: 100%; overflow: hidden;"[39m
[36m>[39m
  [36m<div>[39m
    [36m<div[39m
      [33maria-hidden[39m=[32m"true"[39m
      [33mclass[39m=[32m"fixed inset-0 bg-black/60 backdrop-blur-sm z-50 animate-in fade-in duration-200"[39m
    [36m/>[39m
    [36m<div[39m
      [33mclass[39m=[32m"fixed inset-x-0 z-50 flex justify-center px-4"[39m
      [33mstyle[39m=[32m"top: 40px;"[39m
    [36m>[39m
      [36m<div[39m
        [33maria-labelledby[39m=[32m"modal-title"[39m
        [33maria-modal[39m=[32m"true"[39m
        [33mclass[39m=[32m"
            bg-white dark:bg-gray-900 
            rounded-2xl 
            shadow-2xl 
            w-full 
            max-w-4xl 
            overflow-hidden 
            flex 
            flex-col
            animate-in zoom-in-95 slide-in-from-bottom-4 duration-200
            border border-gray-200/50 dark:border-gray-700/50
          "[39m
        [33mrole[39m=[32m"dialog"[39m
        [33mstyle[39m=[32m"max-height: 688px;"[39m
        [33mtabindex[39m=[32m"-1"[39m
      [36m>[39m
        [36m<div[39m
          [33mclass[39m=[32m"flex items-center justify-between px-6 py-5 border-b border-gray-200 dark:border-gray-800 bg-gradient-to-r from-gray-50 to-white dark:from-gray-900 dark:to-gray-800 flex-shrink-0"[39m
        [36m>[39m
          [36m<h2[39m
            [33mclass[39m=[32m"text-xl font-bold text-gray-900 dark:text-white"[39m
            [33mid[39m=[32m"modal-title"[39m
          [36m>[39m
            [0mTransaction Reconciliation[0m
          [36m</h2>[39m
          [36m<button[39m
            [33maria-label[39m=[32m"Close modal"[39m
            [33mclass[39m=[32m"
                  p-2 
                  rounded-lg 
                  text-gray-400 
                  hover:text-gray-600 
                  dark:text-gray-500 
                  dark:hover:text-gray-300 
                  hover:bg-gray-100 
                  dark:hover:bg-gray-800 
                  transition-all 
                  duration-200
                  focus:outline-none 
                  focus:ring-2 
                  focus:ring-primary/50
                "[39m
          [36m>[39m
            [36m<svg[39m
              [33maria-hidden[39m=[32m"true"[39m
              [33mclass[39m=[32m"lucide lucide-x"[39m
              [33mfill[39m=[32m"none"[39m
              [33mheight[39m=[32m"20"[39m
              [33mstroke[39m=[32m"currentColor"[39m
              [33mstroke-linecap[39m=[32m"round"[39m
              [33mstroke-linejoin[39m=[32m"round"[39m
              [33mstroke-width[39m=[32m"2"[39m
              [33mviewBox[39m=[32m"0 0 24 24"[39m
              [33mwidth[39m=[32m"20"[39m
              [33mxmlns[39m=[32m"http://www.w3.org/2000/svg"[39m
            [36m>[39m
              [36m<path[39m
                [33md[39m=[32m"M18 6 6 18"[39m
              [36m/>[39m
              [36m<path[39m
                [33md[39m=[32m"m6 6 12 12"[39m
              [36m/>[39m
            [36m</svg>[39m
          [36m</button>[39m
        [36m</div>[39m
        [36m<div[39m
          [33mclass[39m=[32m"flex-1 overflow-y-auto overscroll-contain"[39m
        [36m>[39m
          [36m<div[39m
            [33mclass[39m=[32m"p-6"[39m
          [36m>[39m
            [36m<div[39m
              [33mclass[39m=[32m"bg-gray-50 dark:bg-gray-800 rounded-lg p-6 mb-6"[39m
            [36m>[39m
              [36m<h3[39m
                [33mclass[39m=[32m"text-lg font-medium mb-4"[39m
              [36m>[39m
                [0mReconciliation Setup[0m
              [36m</h3>[39m
              [36m<div[39m
                [33mclass[39m=[32m"grid grid-cols-2 gap-6"[39m
              [36m>[39m
                [36m<div>[39m
                  [36m<label[39m
                    [33mclass[39m=[32m"block text-sm font-medium mb-2"[39m
                  [36m>[39m
                    [0mAccount[0m
                  [36m</label>[39m
                  [36m<select[39m
                    [33mclass[39m=[32m"w-full px-3 py-2 border border-gray-300 dark:border-gray-600 rounded-lg
                         bg-white dark:bg-gray-700"[39m
                  [36m>[39m
                    [36m<option[39m
                      [33mvalue[39m=[32m""[39m
                    [36m>[39m
                      [0mSelect an account...[0m
                    [36m</option>[39m
                    [36m<option[39m
                      [33mvalue[39m=[32m"1"[39m
                    [36m>[39m
                      [0mNatwest Current Account[0m
                      [0m ([0m
                      [0m$0.00[0m
                      [0m)[0m
                    [36m</option>[39m
                    [36m<option[39m
                      [33mvalue[39m=[32m"2"[39m
                    [36m>[39m
                      [0mMonzo Current Account[0m
                      [0m ([0m
                      [0m$0.00[0m
                      [0m)[0m
                    [36m</option>[39m
                    [36m<option[39m
                      [33mvalue[39m=[32m"3"[39m
                    [36m>[39m
                      [0mNatwest Savings Account[0m
                      [0m ([0m
                      [0m$0.00[0m
                      [0m)[0m
                    [36m</option>[39m
                    [36m<option[39m
                      [33mvalue[39m=[32m"4"[39m
                    [36m>[39m
                      [0mNS&I Premium Bonds[0m
                      [0m ([0m
                      [0m$0.00[0m
                      [0m)[0m
                    [36m</option>[39m
                    [36m<option[39m
                      [33mvalue[39m=[32m"5"[39m
                    [36m>[39m
                      [0mNatwest Credit Card[0m
                      [0m ([0m
                      [0m$0.00[0m
                      [0m)[0m
                    [36m</option>[39m
                    [36m<option[39m
                      [33mvalue[39m=[32m"6"[39m
                    [36m>[39m
                      [0mAmerican Express Gold[0m
                      [0m ([0m
                      [0m$0.00[0m
                      [0m)[0m
                    [36m</option>[39m
                    [36m<option[39m
                      [33mvalue[39m=[32m"7"[39m
                    [36m>[39m
                      [0mNatwest Personal Loan[0m
                      [0m ([0m
                      [0m$0.00[0m
                      [0m)[0m
                    [36m</option>[39m
                    [36m<option[39m
                      [33mvalue[39m=[32m"8"[39m
                    [36m>[39m
                      [0mNatwest Mortgage[0m
                      [0m ([0m
                      [0m$0.00[0m
                      [0m)[0m
                    [36m</option>[39m
                    [36m<option[39m
                      [33mvalue[39m=[32m"9"[39m
                    [36m>[39m
                      [0mHargreaves Lansdown SIPP[0m
                      [0m ([0m
                      [0m$0.00[0m
                      [0m)[0m
                    [36m</option>[39m
                    [36m<option[39m
                      [33mvalue[39m=[32m"10"[39m
                    [36m>[39m
                      [0mHargreaves Lansdown ISA[0m
                      [0m ([0m
                      [0m$0.00[0m
                      [0m)[0m
                    [36m</option>[39m
                    [36m<option[39m
                      [33mvalue[39m=[32m"11"[39m
                    [36m>[39m
                      [0mCity Trader Account[0m
                      [0m ([0m
                      [0m$10000.00[0m
                      [0m)[0m
                    [36m</option>[39m
                    [36m<option[39m
                      [33mvalue[39m=[32m"12"[39m
                    [36m>[39m
                      [0mPrimary Residence[0m
                      [0m ([0m
                      [0m$0.00[0m
                      [0m)[0m
                    [36m</option>[39m
                  [36m</select>[39m
                [36m</div>[39m
                [36m<div>[39m
                  [36m<label[39m
                    [33mclass[39m=[32m"block text-sm font-medium mb-2"[39m
                  [36m>[39m
                    [0mStatement Balance[0m
                  [36m</label>[39m
                  [36m<input[39m
                    [33mclass[39m=[32m"w-full px-3 py-2 border border-gray-300 dark:border-gray-600 rounded-lg
                         bg-white dark:bg-gray-700"[39m
                    [33mplaceholder[39m=[32m"Enter statement ending balance"[39m
                    [33mstep[39m=[32m"0.01"[39m
                    [33mtype[39m=[32m"number"[39m
                    [33mvalue[39m=[32m""[39m
                  [36m/>[39m
                [36m</div>[39m
              [36m</div>[39m
              [36m<div[39m
                [33mclass[39m=[32m"grid grid-cols-2 gap-6 mt-4"[39m
              [36m>[39m
                [36m<div>[39m
                  [36m<label[39m
                    [33mclass[39m=[32m"block text-sm font-medium mb-2"[39m
                  [36m>[39m
                    [0mStart Date[0m
                  [36m</label>[39m
                  [36m<input[39m
                    [33mclass[39m=[32m"w-full px-3 py-2 border border-gray-300 dark:border-gray-600 rounded-lg
                         bg-white dark:bg-gray-700"[39m
                    [33mtype[39m=[32m"date"[39m
                    [33mvalue[39m=[32m"2024-12-20"[39m
                  [36m/>[39m
                [36m</div>[39m
                [36m<div>[39m
                  [36m<label[39m
                    [33mclass[39m=[32m"block text-sm font-medium mb-2"[39m
                  [36m>[39m
                    [0mEnd Date[0m
                  [36m</label>[39m
                  [36m<input[39m
                    [33mclass[39m=[32m"w-full px-3 py-2 border border-gray-300 dark:border-gray-600 rounded-lg
                         bg-white dark:bg-gray-700"[39m
                    [33mtype[39m=[32m"date"[39m
                    [33mvalue[39m=[32m"2025-01-20"[39m
                  [36m/>[39m
                [36m</div>[39m
              [36m</div>[39m
            [36m</div>[39m
            [36m<div[39m
              [33mclass[39m=[32m"grid grid-cols-4 gap-4 mb-6"[39m
            [36m>[39m
              [36m<div[39m
                [33mclass[39m=[32m"bg-white dark:bg-gray-800 rounded-lg p-4 border border-gray-200 dark:border-gray-700"[39m
              [36m>[39m
                [36m<div[39m
                  [33mclass[39m=[32m"text-sm text-gray-600 dark:text-gray-400"[39m
                [36m>[39m
                  [0mCleared Balance[0m
                [36m</div>[39m
                [36m<div[39m
                  [33mclass[39m=[32m"text-xl font-semibold mt-1"[39m
                [36m>[39m
                  [0m$0.00[0m
                [36m</div>[39m
              [36m</div>[39m
              [36m<div[39m
                [33mclass[39m=[32m"bg-white dark:bg-gray-800 rounded-lg p-4 border border-gray-200 dark:border-gray-700"[39m
              [36m>[39m
                [36m<div[39m
                  [33mclass[39m=[32m"text-sm text-gray-600 dark:text-gray-400"[39m
                [36m>[39m
                  [0mStatement Balance[0m
                [36m</div>[39m
                [36m<div[39m
                  [33mclass[39m=[32m"text-xl font-semibold mt-1"[39m
                [36m>[39m
                  [0m-[0m
                [36m</div>[39m
              [36m</div>[39m
              [36m<div[39m
                [33mclass[39m=[32m"rounded-lg p-4 border bg-green-50 dark:bg-green-900/20 border-green-200 dark:border-green-800"[39m
              [36m>[39m
                [36m<div[39m
                  [33mclass[39m=[32m"text-sm text-gray-600 dark:text-gray-400"[39m
                [36m>[39m
                  [0mDifference[0m
                [36m</div>[39m
                [36m<div[39m
                  [33mclass[39m=[32m"text-xl font-semibold mt-1 text-green-600 dark:text-green-400"[39m
                [36m>[39m
                  [0m$0.00[0m
                [36m</div>[39m
              [36m</div>[39m
              [36m<div[39m
                [33mclass[39m=[32m"bg-white dark:bg-gray-800 rounded-lg p-4 border border-gray-200 dark:border-gray-700"[39m
              [36m>[39m
                [36m<div[39m
                  [33mclass[39m=[32m"text-sm text-gray-600 dark:text-gray-400"[39m
                [36m>[39m
                  [0mUncleared[0m
                [36m</div>[39m
                [36m<div[39m
                  [33mclass[39m=[32m"text-xl font-semibold mt-1"[39m
                [36m>[39m
                  [0m0[0m
                [36m</div>[39m
              [36m</div>[39m
            [36m</div>[39m
            [36m<div[39m
              [33mclass[39m=[32m"flex justify-center mb-6"[39m
            [36m>[39m
              [36m<button[39m
                [33mclass[39m=[32m"flex items-center gap-2 px-6 py-3 bg-primary text-white rounded-lg
                         hover:bg-primary-dark disabled:opacity-50 disabled:cursor-not-allowed"[39m
              [36m>[39m
                [36m<div[39m
                  [33mdata-size[39m=[32m"20"[39m
                  [33mdata-testid[39m=[32m"link-icon"[39m
                [36m/>[39m
                [0mAuto-Reconcile Transactions[0m
              [36m</button>[39m
            [36m</div>[39m
            [36m<div[39m
              [33mclass[39m=[32m"bg-blue-50 dark:bg-blue-900/20 rounded-lg p-4 mb-6"[39m
            [36m>[39m
              [36m<h4[39m
                [33mclass[39m=[32m"font-medium text-blue-900 dark:text-blue-300 mb-2"[39m
              [36m>[39m
                [0mReconciliation Results[0m
              [36m</h4>[39m
              [36m<div[39m
                [33mclass[39m=[32m"grid grid-cols-3 gap-4 text-sm"[39m
              [36m>[39m
                [36m<div>[39m
                  [36m<span[39m
                    [33mclass[39m=[32m"text-blue-700 dark:text-blue-400"[39m
                  [36m>[39m
                    [0mMatched:[0m
                  [36m</span>[39m
                  [36m<span[39m
                    [33mclass[39m=[32m"ml-2 font-medium"[39m
                  [36m>[39m
                    [0m0[0m
                  [36m</span>[39m
                [36m</div>[39m
                [36m<div>[39m
                  [36m<span[39m
                    [33mclass[39m=[32m"text-blue-700 dark:text-blue-400"[39m
                  [36m>[39m
                    [0mSuggestions:[0m
                  [36m</span>[39m
                  [36m<span[39m
                    [33mclass[39m=[32m"ml-2 font-medium"[39m
                  [36m>[39m
                    [0m0[0m
                  [36m</span>[39m
                [36m</div>[39m
                [36m<div>[39m
                  [36m<span[39m
                    [33mclass[39m=[32m"text-blue-700 dark:text-blue-400"[39m
                  [36m>[39m
                    [0mUnmatched:[0m
                  [36m</span>[39m
                  [36m<span[39m
                    [33mclass[39m=[32m"ml-2 font-medium"[39m
                  [36m>[39m
                    [0m0[0m
                  [36m</span>[39m
                [36m</div>[39m
              [36m</div>[39m
            [36m</div>[39m
            [36m<div[39m
              [33mclass[39m=[32m"bg-green-50 dark:bg-green-900/20 rounded-lg p-8 text-center"[39m
            [36m>[39m
              [36m<div[39m
                [33mdata-size[39m=[32m"48"[39m
                [33mdata-testid[39m=[32m"check-circle-icon"[39m
              [36m/>[39m
              [36m<h4[39m
                [33mclass[39m=[32m"text-lg font-medium text-green-900 dark:text-green-300"[39m
              [36m>[39m
                [0mAccount Reconciled![0m
              [36m</h4>[39m
              [36m<p[39m
                [33mclass[39m=[32m"text-sm text-green-800 dark:text-green-200 mt-1"[39m
              [36m>[39m
                [0mAll transactions are cleared and your balance matches the statement.[0m
              [36m</p>[39m
            [36m</div>[39m
          [36m</div>[39m
          [36m<div[39m
            [33mclass[39m=[32m"flex justify-end px-6 py-4 border-t border-gray-200 dark:border-gray-700"[39m
          [36m>[39m
            [36m<button[39m
              [33mclass[39m=[32m"px-4 py-2 text-gray-700 dark:text-gray-300 hover:bg-gray-100 
                   dark:hover:bg-gray-700 rounded-lg"[39m
            [36m>[39m
              [0mClose[0m
            [36m</button>[39m
          [36m</div>[39m
        [36m</div>[39m
      [36m</div>[39m
    [36m</div>[39m
  [36m</div>[39m
[36m</body>[39m
   × TransactionReconciliation > auto-reconciliation > auto-clears high confidence matches 1009ms
     → expected "spy" to be called with arguments: [ 't1', { cleared: true } ][90m

Number of calls: [1m0[22m
[39m

Ignored nodes: comments, script, style
[36m<html>[39m
  [36m<head />[39m
  [36m<body[39m
    [33mstyle[39m=[32m"position: fixed; top: 0px; width: 100%; overflow: hidden;"[39m
  [36m>[39m
    [36m<div>[39m
      [36m<div[39m
        [33maria-hidden[39m=[32m"true"[39m
        [33mclass[39m=[32m"fixed inset-0 bg-black/60 backdrop-blur-sm z-50 animate-in fade-in duration-200"[39m
      [36m/>[39m
      [36m<div[39m
        [33mclass[39m=[32m"fixed inset-x-0 z-50 flex justify-center px-4"[39m
        [33mstyle[39m=[32m"top: 40px;"[39m
      [36m>[39m
        [36m<div[39m
          [33maria-labelledby[39m=[32m"modal-title"[39m
          [33maria-modal[39m=[32m"true"[39m
          [33mclass[39m=[32m"
            bg-white dark:bg-gray-900 
            rounded-2xl 
            shadow-2xl 
            w-full 
            max-w-4xl 
            overflow-hidden 
            flex 
            flex-col
            animate-in zoom-in-95 slide-in-from-bottom-4 duration-200
            border border-gray-200/50 dark:border-gray-700/50
          "[39m
          [33mrole[39m=[32m"dialog"[39m
          [33mstyle[39m=[32m"max-height: 688px;"[39m
          [33mtabindex[39m=[32m"-1"[39m
        [36m>[39m
          [36m<div[39m
            [33mclass[39m=[32m"flex items-center justify-between px-6 py-5 border-b border-gray-200 dark:border-gray-800 bg-gradient-to-r from-gray-50 to-white dark:from-gray-900 dark:to-gray-800 flex-shrink-0"[39m
          [36m>[39m
            [36m<h2[39m
              [33mclass[39m=[32m"text-xl font-bold text-gray-900 dark:text-white"[39m
              [33mid[39m=[32m"modal-title"[39m
            [36m>[39m
              [0mTransaction Reconciliation[0m
            [36m</h2>[39m
            [36m<button[39m
              [33maria-label[39m=[32m"Close modal"[39m
              [33mclass[39m=[32m"
                  p-2 
                  rounded-lg 
                  text-gray-400 
                  hover:text-gray-600 
                  dark:text-gray-500 
                  dark:hover:text-gray-300 
                  hover:bg-gray-100 
                  dark:hover:bg-gray-800 
                  transition-all 
                  duration-200
                  focus:outline-none 
                  focus:ring-2 
                  focus:ring-primary/50
                "[39m
            [36m>[39m
              [36m<svg[39m
                [33maria-hidden[39m=[32m"true"[39m
                [33mclass[39m=[32m"lucide lucide-x"[39m
                [33mfill[39m=[32m"none"[39m
                [33mheight[39m=[32m"20"[39m
                [33mstroke[39m=[32m"currentColor"[39m
                [33mstroke-linecap[39m=[32m"round"[39m
                [33mstroke-linejoin[39m=[32m"round"[39m
                [33mstroke-width[39m=[32m"2"[39m
                [33mviewBox[39m=[32m"0 0 24 24"[39m
                [33mwidth[39m=[32m"20"[39m
                [33mxmlns[39m=[32m"http://www.w3.org/2000/svg"[39m
              [36m>[39m
                [36m<path[39m
                  [33md[39m=[32m"M18 6 6 18"[39m
                [36m/>[39m
                [36m<path[39m
                  [33md[39m=[32m"m6 6 12 12"[39m
                [36m/>[39m
              [36m</svg>[39m
            [36m</button>[39m
          [36m</div>[39m
          [36m<div[39m
            [33mclass[39m=[32m"flex-1 overflow-y-auto overscroll-contain"[39m
          [36m>[39m
            [36m<div[39m
              [33mclass[39m=[32m"p-6"[39m
            [36m>[39m
              [36m<div[39m
                [33mclass[39m=[32m"bg-gray-50 dark:bg-gray-800 rounded-lg p-6 mb-6"[39m
              [36m>[39m
                [36m<h3[39m
                  [33mclass[39m=[32m"text-lg font-medium mb-4"[39m
                [36m>[39m
                  [0mReconciliation Setup[0m
                [36m</h3>[39m
                [36m<div[39m
                  [33mclass[39m=[32m"grid grid-cols-2 gap-6"[39m
                [36m>[39m
                  [36m<div>[39m
                    [36m<label[39m
                      [33mclass[39m=[32m"block text-sm font-medium mb-2"[39m
                    [36m>[39m
                      [0mAccount[0m
                    [36m</label>[39m
                    [36m<select[39m
                      [33mclass[39m=[32m"w-full px-3 py-2 border border-gray-300 dark:border-gray-600 rounded-lg
                         bg-white dark:bg-gray-700"[39m
                    [36m>[39m
                      [36m<option[39m
                        [33mvalue[39m=[32m""[39m
                      [36m>[39m
                        [0mSelect an account...[0m
                      [36m</option>[39m
                      [36m<option[39m
                        [33mvalue[39m=[32m"1"[39m
                      [36m>[39m
                        [0mNatwest Current Account[0m
                        [0m ([0m
                        [0m$0.00[0m
                        [0m)[0m
                      [36m</option>[39m
                      [36m<option[39m
                        [33mvalue[39m=[32m"2"[39m
                      [36m>[39m
                        [0mMonzo Current Account[0m
                        [0m ([0m
                        [0m$0.00[0m
                        [0m)[0m
                      [36m</option>[39m
                      [36m<option[39m
                        [33mvalue[39m=[32m"3"[39m
                      [36m>[39m
                        [0mNatwest Savings Account[0m
                        [0m ([0m
                        [0m$0.00[0m
                        [0m)[0m
                      [36m</option>[39m
                      [36m<option[39m
                        [33mvalue[39m=[32m"4"[39m
                      [36m>[39m
                        [0mNS&I Premium Bonds[0m
                        [0m ([0m
                        [0m$0.00[0m
                        [0m)[0m
                      [36m</option>[39m
                      [36m<option[39m
                        [33mvalue[39m=[32m"5"[39m
                      [36m>[39m
                        [0mNatwest Credit Card[0m
                        [0m ([0m
                        [0m$0.00[0m
                        [0m)[0m
                      [36m</option>[39m
                      [36m<option[39m
                        [33mvalue[39m=[32m"6"[39m
                      [36m>[39m
                        [0mAmerican Express Gold[0m
                        [0m ([0m
                        [0m$0.00[0m
                        [0m)[0m
                      [36m</option>[39m
                      [36m<option[39m
                        [33mvalue[39m=[32m"7"[39m
                      [36m>[39m
                        [0mNatwest Personal Loan[0m
                        [0m ([0m
                        [0m$0.00[0m
                        [0m)[0m
                      [36m</option>[39m
                      [36m<option[39m
                        [33mvalue[39m=[32m"8"[39m
                      [36m>[39m
                        [0mNatwest Mortgage[0m
                        [0m ([0m
                        [0m$0.00[0m
                        [0m)[0m
                      [36m</option>[39m
                      [36m<option[39m
                        [33mvalue[39m=[32m"9"[39m
                      [36m>[39m
                        [0mHargreaves Lansdown SIPP[0m
                        [0m ([0m
                        [0m$0.00[0m
                        [0m)[0m
                      [36m</option>[39m
                      [36m<option[39m
                        [33mvalue[39m=[32m"10"[39m
                      [36m>[39m
                        [0mHargreaves Lansdown ISA[0m
                        [0m ([0m
                        [0m$0.00[0m
                        [0m)[0m
                      [36m</option>[39m
                      [36m<option[39m
                        [33mvalue[39m=[32m"11"[39m
                      [36m>[39m
                        [0mCity Trader Account[0m
                        [0m ([0m
                        [0m$10000.00[0m
                        [0m)[0m
                      [36m</option>[39m
                      [36m<option[39m
                        [33mvalue[39m=[32m"12"[39m
                      [36m>[39m
                        [0mPrimary Residence[0m
                        [0m ([0m
                        [0m$0.00[0m
                        [0m)[0m
                      [36m</option>[39m
                    [36m</select>[39m
                  [36m</div>[39m
                  [36m<div>[39m
                    [36m<label[39m
                      [33mclass[39m=[32m"block text-sm font-medium mb-2"[39m
                    [36m>[39m
                      [0mStatement Balance[0m
                    [36m</label>[39m
                    [36m<input[39m
                      [33mclass[39m=[32m"w-full px-3 py-2 border border-gray-300 dark:border-gray-600 rounded-lg
                         bg-white dark:bg-gray-700"[39m
                      [33mplaceholder[39m=[32m"Enter statement ending balance"[39m
                      [33mstep[39m=[32m"0.01"[39m
                      [33mtype[39m=[32m"number"[39m
                      [33mvalue[39m=[32m""[39m
                    [36m/>[39m
                  [36m</div>[39m
                [36m</div>[39m
                [36m<div[39m
                  [33mclass[39m=[32m"grid grid-cols-2 gap-6 mt-4"[39m
                [36m>[39m
                  [36m<div>[39m
                    [36m<label[39m
                      [33mclass[39m=[32m"block text-sm font-medium mb-2"[39m
                    [36m>[39m
                      [0mStart Date[0m
                    [36m</label>[39m
                    [36m<input[39m
                      [33mclass[39m=[32m"w-full px-3 py-2 border border-gray-300 dark:border-gray-600 rounded-lg
                         bg-white dark:bg-gray-700"[39m
                      [33mtype[39m=[32m"date"[39m
                      [33mvalue[39m=[32m"2024-12-20"[39m
                    [36m/>[39m
                  [36m</div>[39m
                  [36m<div>[39m
                    [36m<label[39m
                      [33mclass[39m=[32m"block text-sm font-medium mb-2"[39m
                    [36m>[39m
                      [0mEnd Date[0m
                    [36m</label>[39m
                    [36m<input[39m
                      [33mclass[39m=[32m"w-full px-3 py-2 border border-gray-300 dark:border-gray-600 rounded-lg
                         bg-white dark:bg-gray-700"[39m
                      [33mtype[39m=[32m"date"[39m
                      [33mvalue[39m=[32m"2025-01-20"[39m
                    [36m/>[39m
                  [36m</div>[39m
                [36m</div>[39m
              [36m</div>[39m
              [36m<div[39m
                [33mclass[39m=[32m"grid grid-cols-4 gap-4 mb-6"[39m
              [36m>[39m
                [36m<div[39m
                  [33mclass[39m=[32m"bg-white dark:bg-gray-800 rounded-lg p-4 border border-gray-200 dark:border-gray-700"[39m
                [36m>[39m
                  [36m<div[39m
                    [33mclass[39m=[32m"text-sm text-gray-600 dark:text-gray-400"[39m
                  [36m>[39m
                    [0mCleared Balance[0m
                  [36m</div>[39m
                  [36m<div[39m
                    [33mclass[39m=[32m"text-xl font-semibold mt-1"[39m
                  [36m>[39m
                    [0m$0.00[0m
                  [36m</div>[39m
                [36m</div>[39m
                [36m<div[39m
                  [33mclass[39m=[32m"bg-white dark:bg-gray-800 rounded-lg p-4 border border-gray-200 dark:border-gray-700"[39m
                [36m>[39m
                  [36m<div[39m
                    [33mclass[39m=[32m"text-sm text-gray-600 dark:text-gray-400"[39m
                  [36m>[39m
                    [0mStatement Balance[0m
                  [36m</div>[39m
                  [36m<div[39m
                    [33mclass[39m=[32m"text-xl font-semibold mt-1"[39m
                  [36m>[39m
                    [0m-[0m
                  [36m</div>[39m
                [36m</div>[39m
                [36m<div[39m
                  [33mclass[39m=[32m"rounded-lg p-4 border bg-green-50 dark:bg-green-900/20 border-green-200 dark:border-green-800"[39m
                [36m>[39m
                  [36m<div[39m
                    [33mclass[39m=[32m"text-sm text-gray-600 dark:text-gray-400"[39m
                  [36m>[39m
                    [0mDifference[0m
                  [36m</div>[39m
                  [36m<div[39m
                    [33mclass[39m=[32m"text-xl font-semibold mt-1 text-green-600 dark:text-green-400"[39m
                  [36m>[39m
                    [0m$0.00[0m
                  [36m</div>[39m
                [36m</div>[39m
                [36m<div[39m
                  [33mclass[39m=[32m"bg-white dark:bg-gray-800 rounded-lg p-4 border border-gray-200 dark:border-gray-700"[39m
                [36m>[39m
                  [36m<div[39m
                    [33mclass[39m=[32m"text-sm text-gray-600 dark:text-gray-400"[39m
                  [36m>[39m
                    [0mUncleared[0m
                  [36m</div>[39m
                  [36m<div[39m
                    [33mclass[39m=[32m"text-xl font-semibold mt-1"[39m
                  [36m>[39m
                    [0m0[0m
                  [36m</div>[39m
                [36m</div>[39m
              [36m</div>[39m
              [36m<div[39m
                [33mclass[39m=[32m"flex justify-center mb-6"[39m
              [36m>[39m
                [36m<button[39m
                  [33mclass[39m=[32m"flex items-center gap-2 px-6 py-3 bg-primary text-white rounded-lg
                         hover:bg-primary-dark disabled:opacity-50 disabled:cursor-not-allowed"[39m
                [36m>[39m
                  [36m<div[39m
                    [33mdata-size[39m=[32m"20"[39m
                    [33mdata-testid[39m=[32m"link-icon"[39m
                  [36m/>[39m
                  [0mAuto-Reconcile Transactions[0m
                [36m</button>[39m
              [36m</div>[39m
              [36m<div[39m
                [33mclass[39m=[32m"bg-blue-50 dark:bg-blue-900/20 rounded-lg p-4 mb-6"[39m
              [36m>[39m
                [36m<h4[39m
                  [33mclass[39m=[32m"font-medium text-blue-900 dark:text-blue-300 mb-2"[39m
                [36m>[39m
                  [0mReconciliation Results[0m
                [36m</h4>[39m
                [36m<div[39m
                  [33mclass[39m=[32m"grid grid-cols-3 gap-4 text-sm"[39m
                [36m>[39m
                  [36m<div>[39m
                    [36m<span[39m
                      [33mclass[39m=[32m"text-blue-700 dark:text-blue-400"[39m
                    [36m>[39m
                      [0mMatched:[0m
                    [36m</span>[39m
                    [36m<span[39m
                      [33mclass[39m=[32m"ml-2 font-medium"[39m
                    [36m>[39m
                      [0m0[0m
                    [36m</span>[39m
                  [36m</div>[39m
                  [36m<div>[39m
                    [36m<span[39m
                      [33mclass[39m=[32m"text-blue-700 dark:text-blue-400"[39m
                    [36m>[39m
                      [0mSuggestions:[0m
                    [36m</span>[39m
                    [36m<span[39m
                      [33mclass[39m=[32m"ml-2 font-medium"[39m
                    [36m>[39m
                      [0m0[0m
                    [36m</span>[39m
                  [36m</div>[39m
                  [36m<div>[39m
                    [36m<span[39m
                      [33mclass[39m=[32m"text-blue-700 dark:text-blue-400"[39m
                    [36m>[39m
                      [0mUnmatched:[0m
                    [36m</span>[39m
                    [36m<span[39m
                      [33mclass[39m=[32m"ml-2 font-medium"[39m
                    [36m>[39m
                      [0m0[0m
                    [36m</span>[39m
                  [36m</div>[39m
                [36m</div>[39m
              [36m</div>[39m
              [36m<div[39m
                [33mclass[39m=[32m"bg-green-50 dark:bg-green-900/20 rounded-lg p-8 text-center"[39m
              [36m>[39m
                [36m<div[39m
                  [33mdata-size[39m=[32m"48"[39m
                  [33mdata-testid[39m=[32m"check-circle-icon"[39m
                [36m/>[39m
                [36m<h4[39m
                  [33mclass[39m=[32m"text-lg font-medium text-green-900 dark:text-green-300"[39m
                [36m>[39m
                  [0mAccount Reconciled![0m
                [36m</h4>[39m
                [36m<p[39m
                  [33mclass[39m=[32m"text-sm text-green-800 dark:text-green-200 mt-1"[39m
                [36m>[39m
                  [0mAll transactions are cleared and your balance matches the statement.[0m
                [36m</p>[39m
              [36m</div>[39m
            [36m</div>[39m
            [36m<div[39m
              [33mclass[39m=[32m"flex justify-end px-6 py-4 border-t border-gray-200 dark:border-gray-700"[39m
            [36m>[39m
              [36m<button[39m
                [33mclass[39m=[32m"px-4 py-2 text-gray-700 dark:text-gray-300 hover:bg-gray-100 
                   dark:hover:bg-gray-700 rounded-lg"[39m
              [36m>[39m
                [0mClose[0m
              [36m</button>[39m
            [36m</div>[39m
          [36m</div>[39m
        [36m</div>[39m
      [36m</div>[39m
    [36m</div>[39m
  [36m</body>[39m
[36m</html>[39m
   ✓ TransactionReconciliation > auto-reconciliation > shows reconciliation results 9ms
   × TransactionReconciliation > manual matching > shows match suggestions for uncleared transactions 1008ms
     → Unable to find an element with the text: /possible matches/i. This could be because the text is broken up by multiple elements. In this case, you can provide a function for your text matcher to make your matcher more flexible.

Ignored nodes: comments, script, style
[36m<body[39m
  [33mstyle[39m=[32m"position: fixed; top: 0px; width: 100%; overflow: hidden;"[39m
[36m>[39m
  [36m<div>[39m
    [36m<div[39m
      [33maria-hidden[39m=[32m"true"[39m
      [33mclass[39m=[32m"fixed inset-0 bg-black/60 backdrop-blur-sm z-50 animate-in fade-in duration-200"[39m
    [36m/>[39m
    [36m<div[39m
      [33mclass[39m=[32m"fixed inset-x-0 z-50 flex justify-center px-4"[39m
      [33mstyle[39m=[32m"top: 40px;"[39m
    [36m>[39m
      [36m<div[39m
        [33maria-labelledby[39m=[32m"modal-title"[39m
        [33maria-modal[39m=[32m"true"[39m
        [33mclass[39m=[32m"
            bg-white dark:bg-gray-900 
            rounded-2xl 
            shadow-2xl 
            w-full 
            max-w-4xl 
            overflow-hidden 
            flex 
            flex-col
            animate-in zoom-in-95 slide-in-from-bottom-4 duration-200
            border border-gray-200/50 dark:border-gray-700/50
          "[39m
        [33mrole[39m=[32m"dialog"[39m
        [33mstyle[39m=[32m"max-height: 688px;"[39m
        [33mtabindex[39m=[32m"-1"[39m
      [36m>[39m
        [36m<div[39m
          [33mclass[39m=[32m"flex items-center justify-between px-6 py-5 border-b border-gray-200 dark:border-gray-800 bg-gradient-to-r from-gray-50 to-white dark:from-gray-900 dark:to-gray-800 flex-shrink-0"[39m
        [36m>[39m
          [36m<h2[39m
            [33mclass[39m=[32m"text-xl font-bold text-gray-900 dark:text-white"[39m
            [33mid[39m=[32m"modal-title"[39m
          [36m>[39m
            [0mTransaction Reconciliation[0m
          [36m</h2>[39m
          [36m<button[39m
            [33maria-label[39m=[32m"Close modal"[39m
            [33mclass[39m=[32m"
                  p-2 
                  rounded-lg 
                  text-gray-400 
                  hover:text-gray-600 
                  dark:text-gray-500 
                  dark:hover:text-gray-300 
                  hover:bg-gray-100 
                  dark:hover:bg-gray-800 
                  transition-all 
                  duration-200
                  focus:outline-none 
                  focus:ring-2 
                  focus:ring-primary/50
                "[39m
          [36m>[39m
            [36m<svg[39m
              [33maria-hidden[39m=[32m"true"[39m
              [33mclass[39m=[32m"lucide lucide-x"[39m
              [33mfill[39m=[32m"none"[39m
              [33mheight[39m=[32m"20"[39m
              [33mstroke[39m=[32m"currentColor"[39m
              [33mstroke-linecap[39m=[32m"round"[39m
              [33mstroke-linejoin[39m=[32m"round"[39m
              [33mstroke-width[39m=[32m"2"[39m
              [33mviewBox[39m=[32m"0 0 24 24"[39m
              [33mwidth[39m=[32m"20"[39m
              [33mxmlns[39m=[32m"http://www.w3.org/2000/svg"[39m
            [36m>[39m
              [36m<path[39m
                [33md[39m=[32m"M18 6 6 18"[39m
              [36m/>[39m
              [36m<path[39m
                [33md[39m=[32m"m6 6 12 12"[39m
              [36m/>[39m
            [36m</svg>[39m
          [36m</button>[39m
        [36m</div>[39m
        [36m<div[39m
          [33mclass[39m=[32m"flex-1 overflow-y-auto overscroll-contain"[39m
        [36m>[39m
          [36m<div[39m
            [33mclass[39m=[32m"p-6"[39m
          [36m>[39m
            [36m<div[39m
              [33mclass[39m=[32m"bg-gray-50 dark:bg-gray-800 rounded-lg p-6 mb-6"[39m
            [36m>[39m
              [36m<h3[39m
                [33mclass[39m=[32m"text-lg font-medium mb-4"[39m
              [36m>[39m
                [0mReconciliation Setup[0m
              [36m</h3>[39m
              [36m<div[39m
                [33mclass[39m=[32m"grid grid-cols-2 gap-6"[39m
              [36m>[39m
                [36m<div>[39m
                  [36m<label[39m
                    [33mclass[39m=[32m"block text-sm font-medium mb-2"[39m
                  [36m>[39m
                    [0mAccount[0m
                  [36m</label>[39m
                  [36m<select[39m
                    [33mclass[39m=[32m"w-full px-3 py-2 border border-gray-300 dark:border-gray-600 rounded-lg
                         bg-white dark:bg-gray-700"[39m
                  [36m>[39m
                    [36m<option[39m
                      [33mvalue[39m=[32m""[39m
                    [36m>[39m
                      [0mSelect an account...[0m
                    [36m</option>[39m
                    [36m<option[39m
                      [33mvalue[39m=[32m"1"[39m
                    [36m>[39m
                      [0mNatwest Current Account[0m
                      [0m ([0m
                      [0m$0.00[0m
                      [0m)[0m
                    [36m</option>[39m
                    [36m<option[39m
                      [33mvalue[39m=[32m"2"[39m
                    [36m>[39m
                      [0mMonzo Current Account[0m
                      [0m ([0m
                      [0m$0.00[0m
                      [0m)[0m
                    [36m</option>[39m
                    [36m<option[39m
                      [33mvalue[39m=[32m"3"[39m
                    [36m>[39m
                      [0mNatwest Savings Account[0m
                      [0m ([0m
                      [0m$0.00[0m
                      [0m)[0m
                    [36m</option>[39m
                    [36m<option[39m
                      [33mvalue[39m=[32m"4"[39m
                    [36m>[39m
                      [0mNS&I Premium Bonds[0m
                      [0m ([0m
                      [0m$0.00[0m
                      [0m)[0m
                    [36m</option>[39m
                    [36m<option[39m
                      [33mvalue[39m=[32m"5"[39m
                    [36m>[39m
                      [0mNatwest Credit Card[0m
                      [0m ([0m
                      [0m$0.00[0m
                      [0m)[0m
                    [36m</option>[39m
                    [36m<option[39m
                      [33mvalue[39m=[32m"6"[39m
                    [36m>[39m
                      [0mAmerican Express Gold[0m
                      [0m ([0m
                      [0m$0.00[0m
                      [0m)[0m
                    [36m</option>[39m
                    [36m<option[39m
                      [33mvalue[39m=[32m"7"[39m
                    [36m>[39m
                      [0mNatwest Personal Loan[0m
                      [0m ([0m
                      [0m$0.00[0m
                      [0m)[0m
                    [36m</option>[39m
                    [36m<option[39m
                      [33mvalue[39m=[32m"8"[39m
                    [36m>[39m
                      [0mNatwest Mortgage[0m
                      [0m ([0m
                      [0m$0.00[0m
                      [0m)[0m
                    [36m</option>[39m
                    [36m<option[39m
                      [33mvalue[39m=[32m"9"[39m
                    [36m>[39m
                      [0mHargreaves Lansdown SIPP[0m
                      [0m ([0m
                      [0m$0.00[0m
                      [0m)[0m
                    [36m</option>[39m
                    [36m<option[39m
                      [33mvalue[39m=[32m"10"[39m
                    [36m>[39m
                      [0mHargreaves Lansdown ISA[0m
                      [0m ([0m
                      [0m$0.00[0m
                      [0m)[0m
                    [36m</option>[39m
                    [36m<option[39m
                      [33mvalue[39m=[32m"11"[39m
                    [36m>[39m
                      [0mCity Trader Account[0m
                      [0m ([0m
                      [0m$10000.00[0m
                      [0m)[0m
                    [36m</option>[39m
                    [36m<option[39m
                      [33mvalue[39m=[32m"12"[39m
                    [36m>[39m
                      [0mPrimary Residence[0m
                      [0m ([0m
                      [0m$0.00[0m
                      [0m)[0m
                    [36m</option>[39m
                  [36m</select>[39m
                [36m</div>[39m
                [36m<div>[39m
                  [36m<label[39m
                    [33mclass[39m=[32m"block text-sm font-medium mb-2"[39m
                  [36m>[39m
                    [0mStatement Balance[0m
                  [36m</label>[39m
                  [36m<input[39m
                    [33mclass[39m=[32m"w-full px-3 py-2 border border-gray-300 dark:border-gray-600 rounded-lg
                         bg-white dark:bg-gray-700"[39m
                    [33mplaceholder[39m=[32m"Enter statement ending balance"[39m
                    [33mstep[39m=[32m"0.01"[39m
                    [33mtype[39m=[32m"number"[39m
                    [33mvalue[39m=[32m""[39m
                  [36m/>[39m
                [36m</div>[39m
              [36m</div>[39m
              [36m<div[39m
                [33mclass[39m=[32m"grid grid-cols-2 gap-6 mt-4"[39m
              [36m>[39m
                [36m<div>[39m
                  [36m<label[39m
                    [33mclass[39m=[32m"block text-sm font-medium mb-2"[39m
                  [36m>[39m
                    [0mStart Date[0m
                  [36m</label>[39m
                  [36m<input[39m
                    [33mclass[39m=[32m"w-full px-3 py-2 border border-gray-300 dark:border-gray-600 rounded-lg
                         bg-white dark:bg-gray-700"[39m
                    [33mtype[39m=[32m"date"[39m
                    [33mvalue[39m=[32m"2024-12-20"[39m
                  [36m/>[39m
                [36m</div>[39m
                [36m<div>[39m
                  [36m<label[39m
                    [33mclass[39m=[32m"block text-sm font-medium mb-2"[39m
                  [36m>[39m
                    [0mEnd Date[0m
                  [36m</label>[39m
                  [36m<input[39m
                    [33mclass[39m=[32m"w-full px-3 py-2 border border-gray-300 dark:border-gray-600 rounded-lg
                         bg-white dark:bg-gray-700"[39m
                    [33mtype[39m=[32m"date"[39m
                    [33mvalue[39m=[32m"2025-01-20"[39m
                  [36m/>[39m
                [36m</div>[39m
              [36m</div>[39m
            [36m</div>[39m
            [36m<div[39m
              [33mclass[39m=[32m"grid grid-cols-4 gap-4 mb-6"[39m
            [36m>[39m
              [36m<div[39m
                [33mclass[39m=[32m"bg-white dark:bg-gray-800 rounded-lg p-4 border border-gray-200 dark:border-gray-700"[39m
              [36m>[39m
                [36m<div[39m
                  [33mclass[39m=[32m"text-sm text-gray-600 dark:text-gray-400"[39m
                [36m>[39m
                  [0mCleared Balance[0m
                [36m</div>[39m
                [36m<div[39m
                  [33mclass[39m=[32m"text-xl font-semibold mt-1"[39m
                [36m>[39m
                  [0m$0.00[0m
                [36m</div>[39m
              [36m</div>[39m
              [36m<div[39m
                [33mclass[39m=[32m"bg-white dark:bg-gray-800 rounded-lg p-4 border border-gray-200 dark:border-gray-700"[39m
              [36m>[39m
                [36m<div[39m
                  [33mclass[39m=[32m"text-sm text-gray-600 dark:text-gray-400"[39m
                [36m>[39m
                  [0mStatement Balance[0m
                [36m</div>[39m
                [36m<div[39m
                  [33mclass[39m=[32m"text-xl font-semibold mt-1"[39m
                [36m>[39m
                  [0m-[0m
                [36m</div>[39m
              [36m</div>[39m
              [36m<div[39m
                [33mclass[39m=[32m"rounded-lg p-4 border bg-green-50 dark:bg-green-900/20 border-green-200 dark:border-green-800"[39m
              [36m>[39m
                [36m<div[39m
                  [33mclass[39m=[32m"text-sm text-gray-600 dark:text-gray-400"[39m
                [36m>[39m
                  [0mDifference[0m
                [36m</div>[39m
                [36m<div[39m
                  [33mclass[39m=[32m"text-xl font-semibold mt-1 text-green-600 dark:text-green-400"[39m
                [36m>[39m
                  [0m$0.00[0m
                [36m</div>[39m
              [36m</div>[39m
              [36m<div[39m
                [33mclass[39m=[32m"bg-white dark:bg-gray-800 rounded-lg p-4 border border-gray-200 dark:border-gray-700"[39m
              [36m>[39m
                [36m<div[39m
                  [33mclass[39m=[32m"text-sm text-gray-600 dark:text-gray-400"[39m
                [36m>[39m
                  [0mUncleared[0m
                [36m</div>[39m
                [36m<div[39m
                  [33mclass[39m=[32m"text-xl font-semibold mt-1"[39m
                [36m>[39m
                  [0m0[0m
                [36m</div>[39m
              [36m</div>[39m
            [36m</div>[39m
            [36m<div[39m
              [33mclass[39m=[32m"flex justify-center mb-6"[39m
            [36m>[39m
              [36m<button[39m
                [33mclass[39m=[32m"flex items-center gap-2 px-6 py-3 bg-primary text-white rounded-lg
                         hover:bg-primary-dark disabled:opacity-50 disabled:cursor-not-allowed"[39m
              [36m>[39m
                [36m<div[39m
                  [33mdata-size[39m=[32m"20"[39m
                  [33mdata-testid[39m=[32m"link-icon"[39m
                [36m/>[39m
                [0mAuto-Reconcile Transactions[0m
              [36m</button>[39m
            [36m</div>[39m
            [36m<div[39m
              [33mclass[39m=[32m"bg-green-50 dark:bg-green-900/20 rounded-lg p-8 text-center"[39m
            [36m>[39m
              [36m<div[39m
                [33mdata-size[39m=[32m"48"[39m
                [33mdata-testid[39m=[32m"check-circle-icon"[39m
              [36m/>[39m
              [36m<h4[39m
                [33mclass[39m=[32m"text-lg font-medium text-green-900 dark:text-green-300"[39m
              [36m>[39m
                [0mAccount Reconciled![0m
              [36m</h4>[39m
              [36m<p[39m
                [33mclass[39m=[32m"text-sm text-green-800 dark:text-green-200 mt-1"[39m
              [36m>[39m
                [0mAll transactions are cleared and your balance matches the statement.[0m
              [36m</p>[39m
            [36m</div>[39m
          [36m</div>[39m
          [36m<div[39m
            [33mclass[39m=[32m"flex justify-end px-6 py-4 border-t border-gray-200 dark:border-gray-700"[39m
          [36m>[39m
            [36m<button[39m
              [33mclass[39m=[32m"px-4 py-2 text-gray-700 dark:text-gray-300 hover:bg-gray-100 
                   dark:hover:bg-gray-700 rounded-lg"[39m
            [36m>[39m
              [0mClose[0m
            [36m</button>[39m
          [36m</div>[39m
        [36m</div>[39m
      [36m</div>[39m
    [36m</div>[39m
  [36m</div>[39m
[36m</body>[39m

Ignored nodes: comments, script, style
[36m<html>[39m
  [36m<head />[39m
  [36m<body[39m
    [33mstyle[39m=[32m"position: fixed; top: 0px; width: 100%; overflow: hidden;"[39m
  [36m>[39m
    [36m<div>[39m
      [36m<div[39m
        [33maria-hidden[39m=[32m"true"[39m
        [33mclass[39m=[32m"fixed inset-0 bg-black/60 backdrop-blur-sm z-50 animate-in fade-in duration-200"[39m
      [36m/>[39m
      [36m<div[39m
        [33mclass[39m=[32m"fixed inset-x-0 z-50 flex justify-center px-4"[39m
        [33mstyle[39m=[32m"top: 40px;"[39m
      [36m>[39m
        [36m<div[39m
          [33maria-labelledby[39m=[32m"modal-title"[39m
          [33maria-modal[39m=[32m"true"[39m
          [33mclass[39m=[32m"
            bg-white dark:bg-gray-900 
            rounded-2xl 
            shadow-2xl 
            w-full 
            max-w-4xl 
            overflow-hidden 
            flex 
            flex-col
            animate-in zoom-in-95 slide-in-from-bottom-4 duration-200
            border border-gray-200/50 dark:border-gray-700/50
          "[39m
          [33mrole[39m=[32m"dialog"[39m
          [33mstyle[39m=[32m"max-height: 688px;"[39m
          [33mtabindex[39m=[32m"-1"[39m
        [36m>[39m
          [36m<div[39m
            [33mclass[39m=[32m"flex items-center justify-between px-6 py-5 border-b border-gray-200 dark:border-gray-800 bg-gradient-to-r from-gray-50 to-white dark:from-gray-900 dark:to-gray-800 flex-shrink-0"[39m
          [36m>[39m
            [36m<h2[39m
              [33mclass[39m=[32m"text-xl font-bold text-gray-900 dark:text-white"[39m
              [33mid[39m=[32m"modal-title"[39m
            [36m>[39m
              [0mTransaction Reconciliation[0m
            [36m</h2>[39m
            [36m<button[39m
              [33maria-label[39m=[32m"Close modal"[39m
              [33mclass[39m=[32m"
                  p-2 
                  rounded-lg 
                  text-gray-400 
                  hover:text-gray-600 
                  dark:text-gray-500 
                  dark:hover:text-gray-300 
                  hover:bg-gray-100 
                  dark:hover:bg-gray-800 
                  transition-all 
                  duration-200
                  focus:outline-none 
                  focus:ring-2 
                  focus:ring-primary/50
                "[39m
            [36m>[39m
              [36m<svg[39m
                [33maria-hidden[39m=[32m"true"[39m
                [33mclass[39m=[32m"lucide lucide-x"[39m
                [33mfill[39m=[32m"none"[39m
                [33mheight[39m=[32m"20"[39m
                [33mstroke[39m=[32m"currentColor"[39m
                [33mstroke-linecap[39m=[32m"round"[39m
                [33mstroke-linejoin[39m=[32m"round"[39m
                [33mstroke-width[39m=[32m"2"[39m
                [33mviewBox[39m=[32m"0 0 24 24"[39m
                [33mwidth[39m=[32m"20"[39m
                [33mxmlns[39m=[32m"http://www.w3.org/2000/svg"[39m
              [36m>[39m
                [36m<path[39m
                  [33md[39m=[32m"M18 6 6 18"[39m
                [36m/>[39m
                [36m<path[39m
                  [33md[39m=[32m"m6 6 12 12"[39m
                [36m/>[39m
              [36m</svg>[39m
            [36m</button>[39m
          [36m</div>[39m
          [36m<div[39m
            [33mclass[39m=[32m"flex-1 overflow-y-auto overscroll-contain"[39m
          [36m>[39m
            [36m<div[39m
              [33mclass[39m=[32m"p-6"[39m
            [36m>[39m
              [36m<div[39m
                [33mclass[39m=[32m"bg-gray-50 dark:bg-gray-800 rounded-lg p-6 mb-6"[39m
              [36m>[39m
                [36m<h3[39m
                  [33mclass[39m=[32m"text-lg font-medium mb-4"[39m
                [36m>[39m
                  [0mReconciliation Setup[0m
                [36m</h3>[39m
                [36m<div[39m
                  [33mclass[39m=[32m"grid grid-cols-2 gap-6"[39m
                [36m>[39m
                  [36m<div>[39m
                    [36m<label[39m
                      [33mclass[39m=[32m"block text-sm font-medium mb-2"[39m
                    [36m>[39m
                      [0mAccount[0m
                    [36m</label>[39m
                    [36m<select[39m
                      [33mclass[39m=[32m"w-full px-3 py-2 border border-gray-300 dark:border-gray-600 rounded-lg
                         bg-white dark:bg-gray-700"[39m
                    [36m>[39m
                      [36m<option[39m
                        [33mvalue[39m=[32m""[39m
                      [36m>[39m
                        [0mSelect an account...[0m
                      [36m</option>[39m
                      [36m<option[39m
                        [33mvalue[39m=[32m"1"[39m
                      [36m>[39m
                        [0mNatwest Current Account[0m
                        [0m ([0m
                        [0m$0.00[0m
                        [0m)[0m
                      [36m</option>[39m
                      [36m<option[39m
                        [33mvalue[39m=[32m"2"[39m
                      [36m>[39m
                        [0mMonzo Current Account[0m
                        [0m ([0m
                        [0m$0.00[0m
                        [0m)[0m
                      [36m</option>[39m
                      [36m<option[39m
                        [33mvalue[39m=[32m"3"[39m
                      [36m>[39m
                        [0mNatwest Savings Account[0m
                        [0m ([0m
                        [0m$0.00[0m
                        [0m)[0m
                      [36m</option>[39m
                      [36m<option[39m
                        [33mvalue[39m=[32m"4"[39m
                      [36m>[39m
                        [0mNS&I Premium Bonds[0m
                        [0m ([0m
                        [0m$0.00[0m
                        [0m)[0m
                      [36m</option>[39m
                      [36m<option[39m
                        [33mvalue[39m=[32m"5"[39m
                      [36m>[39m
                        [0mNatwest Credit Card[0m
                        [0m ([0m
                        [0m$0.00[0m
                        [0m)[0m
                      [36m</option>[39m
                      [36m<option[39m
                        [33mvalue[39m=[32m"6"[39m
                      [36m>[39m
                        [0mAmerican Express Gold[0m
                        [0m ([0m
                        [0m$0.00[0m
                        [0m)[0m
                      [36m</option>[39m
                      [36m<option[39m
                        [33mvalue[39m=[32m"7"[39m
                      [36m>[39m
                        [0mNatwest Personal Loan[0m
                        [0m ([0m
                        [0m$0.00[0m
                        [0m)[0m
                      [36m</option>[39m
                      [36m<option[39m
                        [33mvalue[39m=[32m"8"[39m
                      [36m>[39m
                        [0mNatwest Mortgage[0m
                        [0m ([0m
                        [0m$0.00[0m
                        [0m)[0m
                      [36m</option>[39m
                      [36m<option[39m
                        [33mvalue[39m=[32m"9"[39m
                      [36m>[39m
                        [0mHargreaves Lansdown SIPP[0m
                        [0m ([0m
                        [0m$0.00[0m
                        [0m)[0m
                      [36m</option>[39m
                      [36m<option[39m
                        [33mvalue[39m=[32m"10"[39m
                      [36m>[39m
                        [0mHargreaves Lansdown ISA[0m
                        [0m ([0m
                        [0m$0.00[0m
                        [0m)[0m
                      [36m</option>[39m
                      [36m<option[39m
                        [33mvalue[39m=[32m"11"[39m
                      [36m>[39m
                        [0mCity Trader Account[0m
                        [0m ([0m
                        [0m$10000.00[0m
                        [0m)[0m
                      [36m</option>[39m
                      [36m<option[39m
                        [33mvalue[39m=[32m"12"[39m
                      [36m>[39m
                        [0mPrimary Residence[0m
                        [0m ([0m
                        [0m$0.00[0m
                        [0m)[0m
                      [36m</option>[39m
                    [36m</select>[39m
                  [36m</div>[39m
                  [36m<div>[39m
                    [36m<label[39m
                      [33mclass[39m=[32m"block text-sm font-medium mb-2"[39m
                    [36m>[39m
                      [0mStatement Balance[0m
                    [36m</label>[39m
                    [36m<input[39m
                      [33mclass[39m=[32m"w-full px-3 py-2 border border-gray-300 dark:border-gray-600 rounded-lg
                         bg-white dark:bg-gray-700"[39m
                      [33mplaceholder[39m=[32m"Enter statement ending balance"[39m
                      [33mstep[39m=[32m"0.01"[39m
                      [33mtype[39m=[32m"number"[39m
                      [33mvalue[39m=[32m""[39m
                    [36m/>[39m
                  [36m</div>[39m
                [36m</div>[39m
                [36m<div[39m
                  [33mclass[39m=[32m"grid grid-cols-2 gap-6 mt-4"[39m
                [36m>[39m
                  [36m<div>[39m
                    [36m<label[39m
                      [33mclass[39m=[32m"block text-sm font-medium mb-2"[39m
                    [36m>[39m
                      [0mStart Date[0m
                    [36m</label>[39m
                    [36m<input[39m
                      [33mclass[39m=[32m"w-full px-3 py-2 border border-gray-300 dark:border-gray-600 rounded-lg
                         bg-white dark:bg-gray-700"[39m
                      [33mtype[39m=[32m"date"[39m
                      [33mvalue[39m=[32m"2024-12-20"[39m
                    [36m/>[39m
                  [36m</div>[39m
                  [36m<div>[39m
                    [36m<label[39m
                      [33mclass[39m=[32m"block text-sm font-medium mb-2"[39m
                    [36m>[39m
                      [0mEnd Date[0m
                    [36m</label>[39m
                    [36m<input[39m
                      [33mclass[39m=[32m"w-full px-3 py-2 border border-gray-300 dark:border-gray-600 rounded-lg
                         bg-white dark:bg-gray-700"[39m
                      [33mtype[39m=[32m"date"[39m
                      [33mvalue[39m=[32m"2025-01-20"[39m
                    [36m/>[39m
                  [36m</div>[39m
                [36m</div>[39m
              [36m</div>[39m
              [36m<div[39m
                [33mclass[39m=[32m"grid grid-cols-4 gap-4 mb-6"[39m
              [36m>[39m
                [36m<div[39m
                  [33mclass[39m=[32m"bg-white dark:bg-gray-800 rounded-lg p-4 border border-gray-200 dark:border-gray-700"[39m
                [36m>[39m
                  [36m<div[39m
                    [33mclass[39m=[32m"text-sm text-gray-600 dark:text-gray-400"[39m
                  [36m>[39m
                    [0mCleared Balance[0m
                  [36m</div>[39m
                  [36m<div[39m
                    [33mclass[39m=[32m"text-xl font-semibold mt-1"[39m
                  [36m>[39m
                    [0m$0.00[0m
                  [36m</div>[39m
                [36m</div>[39m
                [36m<div[39m
                  [33mclass[39m=[32m"bg-white dark:bg-gray-800 rounded-lg p-4 border border-gray-200 dark:border-gray-700"[39m
                [36m>[39m
                  [36m<div[39m
                    [33mclass[39m=[32m"text-sm text-gray-600 dark:text-gray-400"[39m
                  [36m>[39m
                    [0mStatement Balance[0m
                  [36m</div>[39m
                  [36m<div[39m
                    [33mclass[39m=[32m"text-xl font-semibold mt-1"[39m
                  [36m>[39m
                    [0m-[0m
                  [36m</div>[39m
                [36m</div>[39m
                [36m<div[39m
                  [33mclass[39m=[32m"rounded-lg p-4 border bg-green-50 dark:bg-green-900/20 border-green-200 dark:border-green-800"[39m
                [36m>[39m
                  [36m<div[39m
                    [33mclass[39m=[32m"text-sm text-gray-600 dark:text-gray-400"[39m
                  [36m>[39m
                    [0mDifference[0m
                  [36m</div>[39m
                  [36m<div[39m
                    [33mclass[39m=[32m"text-xl font-semibold mt-1 text-green-600 dark:text-green-400"[39m
                  [36m>[39m
                    [0m$0.00[0m
                  [36m</div>[39m
                [36m</div>[39m
                [36m<div[39m
                  [33mclass[39m=[32m"bg-white dark:bg-gray-800 rounded-lg p-4 border border-gray-200 dark:border-gray-700"[39m
                [36m>[39m
                  [36m<div[39m
                    [33mclass[39m=[32m"text-sm text-gray-600 dark:text-gray-400"[39m
                  [36m>[39m
                    [0mUncleared[0m
                  [36m</div>[39m
                  [36m<div[39m
                    [33mclass[39m=[32m"text-xl font-semibold mt-1"[39m
                  [36m>[39m
                    [0m0[0m
                  [36m</div>[39m
                [36m</div>[39m
              [36m</div>[39m
              [36m<div[39m
                [33mclass[39m=[32m"flex justify-center mb-6"[39m
              [36m>[39m
                [36m<button[39m
                  [33mclass[39m=[32m"flex items-center gap-2 px-6 py-3 bg-primary text-white rounded-lg
                         hover:bg-primary-dark disabled:opacity-50 disabled:cursor-not-allowed"[39m
                [36m>[39m
                  [36m<div[39m
                    [33mdata-size[39m=[32m"20"[39m
                    [33mdata-testid[39m=[32m"link-icon"[39m
                  [36m/>[39m
                  [0mAuto-Reconcile Transactions[0m
                [36m</button>[39m
              [36m</div>[39m
              [36m<div[39m
                [33mclass[39m=[32m"bg-green-50 dark:bg-green-900/20 rounded-lg p-8 text-center"[39m
              [36m>[39m
                [36m<div[39m
                  [33mdata-size[39m=[32m"48"[39m
                  [33mdata-testid[39m=[32m"check-circle-icon"[39m
                [36m/>[39m
                [36m<h4[39m
                  [33mclass[39m=[32m"text-lg font-medium text-green-900 dark:text-green-300"[39m
                [36m>[39m
                  [0mAccount Reconciled![0m
                [36m</h4>[39m
                [36m<p[39m
                  [33mclass[39m=[32m"text-sm text-green-800 dark:text-green-200 mt-1"[39m
                [36m>[39m
                  [0mAll transactions are cleared and your balance matches the statement.[0m
                [36m</p>[39m
              [36m</div>[39m
            [36m</div>[39m
            [36m<div[39m
              [33mclass[39m=[32m"flex justify-end px-6 py-4 border-t border-gray-200 dark:border-gray-700"[39m
            [36m>[39m
              [36m<button[39m
                [33mclass[39m=[32m"px-4 py-2 text-gray-700 dark:text-gray-300 hover:bg-gray-100 
                   dark:hover:bg-gray-700 rounded-lg"[39m
              [36m>[39m
                [0mClose[0m
              [36m</button>[39m
            [36m</div>[39m
          [36m</div>[39m
        [36m</div>[39m
      [36m</div>[39m
    [36m</div>[39m
  [36m</body>[39m
[36m</html>[39m
   × TransactionReconciliation > manual matching > allows manual clearing of transactions 1006ms
     → [2mexpect([22m[31mreceived[39m[2m).toBeInTheDocument()[22m

[31mreceived[39m value must be an HTMLElement or an SVGElement.
Received has type:  Undefined
Received has value: [31mundefined[39m

Ignored nodes: comments, script, style
[36m<html>[39m
  [36m<head />[39m
  [36m<body[39m
    [33mstyle[39m=[32m"position: fixed; top: 0px; width: 100%; overflow: hidden;"[39m
  [36m>[39m
    [36m<div>[39m
      [36m<div[39m
        [33maria-hidden[39m=[32m"true"[39m
        [33mclass[39m=[32m"fixed inset-0 bg-black/60 backdrop-blur-sm z-50 animate-in fade-in duration-200"[39m
      [36m/>[39m
      [36m<div[39m
        [33mclass[39m=[32m"fixed inset-x-0 z-50 flex justify-center px-4"[39m
        [33mstyle[39m=[32m"top: 40px;"[39m
      [36m>[39m
        [36m<div[39m
          [33maria-labelledby[39m=[32m"modal-title"[39m
          [33maria-modal[39m=[32m"true"[39m
          [33mclass[39m=[32m"
            bg-white dark:bg-gray-900 
            rounded-2xl 
            shadow-2xl 
            w-full 
            max-w-4xl 
            overflow-hidden 
            flex 
            flex-col
            animate-in zoom-in-95 slide-in-from-bottom-4 duration-200
            border border-gray-200/50 dark:border-gray-700/50
          "[39m
          [33mrole[39m=[32m"dialog"[39m
          [33mstyle[39m=[32m"max-height: 688px;"[39m
          [33mtabindex[39m=[32m"-1"[39m
        [36m>[39m
          [36m<div[39m
            [33mclass[39m=[32m"flex items-center justify-between px-6 py-5 border-b border-gray-200 dark:border-gray-800 bg-gradient-to-r from-gray-50 to-white dark:from-gray-900 dark:to-gray-800 flex-shrink-0"[39m
          [36m>[39m
            [36m<h2[39m
              [33mclass[39m=[32m"text-xl font-bold text-gray-900 dark:text-white"[39m
              [33mid[39m=[32m"modal-title"[39m
            [36m>[39m
              [0mTransaction Reconciliation[0m
            [36m</h2>[39m
            [36m<button[39m
              [33maria-label[39m=[32m"Close modal"[39m
              [33mclass[39m=[32m"
                  p-2 
                  rounded-lg 
                  text-gray-400 
                  hover:text-gray-600 
                  dark:text-gray-500 
                  dark:hover:text-gray-300 
                  hover:bg-gray-100 
                  dark:hover:bg-gray-800 
                  transition-all 
                  duration-200
                  focus:outline-none 
                  focus:ring-2 
                  focus:ring-primary/50
                "[39m
            [36m>[39m
              [36m<svg[39m
                [33maria-hidden[39m=[32m"true"[39m
                [33mclass[39m=[32m"lucide lucide-x"[39m
                [33mfill[39m=[32m"none"[39m
                [33mheight[39m=[32m"20"[39m
                [33mstroke[39m=[32m"currentColor"[39m
                [33mstroke-linecap[39m=[32m"round"[39m
                [33mstroke-linejoin[39m=[32m"round"[39m
                [33mstroke-width[39m=[32m"2"[39m
                [33mviewBox[39m=[32m"0 0 24 24"[39m
                [33mwidth[39m=[32m"20"[39m
                [33mxmlns[39m=[32m"http://www.w3.org/2000/svg"[39m
              [36m>[39m
                [36m<path[39m
                  [33md[39m=[32m"M18 6 6 18"[39m
                [36m/>[39m
                [36m<path[39m
                  [33md[39m=[32m"m6 6 12 12"[39m
                [36m/>[39m
              [36m</svg>[39m
            [36m</button>[39m
          [36m</div>[39m
          [36m<div[39m
            [33mclass[39m=[32m"flex-1 overflow-y-auto overscroll-contain"[39m
          [36m>[39m
            [36m<div[39m
              [33mclass[39m=[32m"p-6"[39m
            [36m>[39m
              [36m<div[39m
                [33mclass[39m=[32m"bg-gray-50 dark:bg-gray-800 rounded-lg p-6 mb-6"[39m
              [36m>[39m
                [36m<h3[39m
                  [33mclass[39m=[32m"text-lg font-medium mb-4"[39m
                [36m>[39m
                  [0mReconciliation Setup[0m
                [36m</h3>[39m
                [36m<div[39m
                  [33mclass[39m=[32m"grid grid-cols-2 gap-6"[39m
                [36m>[39m
                  [36m<div>[39m
                    [36m<label[39m
                      [33mclass[39m=[32m"block text-sm font-medium mb-2"[39m
                    [36m>[39m
                      [0mAccount[0m
                    [36m</label>[39m
                    [36m<select[39m
                      [33mclass[39m=[32m"w-full px-3 py-2 border border-gray-300 dark:border-gray-600 rounded-lg
                         bg-white dark:bg-gray-700"[39m
                    [36m>[39m
                      [36m<option[39m
                        [33mvalue[39m=[32m""[39m
                      [36m>[39m
                        [0mSelect an account...[0m
                      [36m</option>[39m
                      [36m<option[39m
                        [33mvalue[39m=[32m"1"[39m
                      [36m>[39m
                        [0mNatwest Current Account[0m
                        [0m ([0m
                        [0m$0.00[0m
                        [0m)[0m
                      [36m</option>[39m
                      [36m<option[39m
                        [33mvalue[39m=[32m"2"[39m
                      [36m>[39m
                        [0mMonzo Current Account[0m
                        [0m ([0m
                        [0m$0.00[0m
                        [0m)[0m
                      [36m</option>[39m
                      [36m<option[39m
                        [33mvalue[39m=[32m"3"[39m
                      [36m>[39m
                        [0mNatwest Savings Account[0m
                        [0m ([0m
                        [0m$0.00[0m
                        [0m)[0m
                      [36m</option>[39m
                      [36m<option[39m
                        [33mvalue[39m=[32m"4"[39m
                      [36m>[39m
                        [0mNS&I Premium Bonds[0m
                        [0m ([0m
                        [0m$0.00[0m
                        [0m)[0m
                      [36m</option>[39m
                      [36m<option[39m
                        [33mvalue[39m=[32m"5"[39m
                      [36m>[39m
                        [0mNatwest Credit Card[0m
                        [0m ([0m
                        [0m$0.00[0m
                        [0m)[0m
                      [36m</option>[39m
                      [36m<option[39m
                        [33mvalue[39m=[32m"6"[39m
                      [36m>[39m
                        [0mAmerican Express Gold[0m
                        [0m ([0m
                        [0m$0.00[0m
                        [0m)[0m
                      [36m</option>[39m
                      [36m<option[39m
                        [33mvalue[39m=[32m"7"[39m
                      [36m>[39m
                        [0mNatwest Personal Loan[0m
                        [0m ([0m
                        [0m$0.00[0m
                        [0m)[0m
                      [36m</option>[39m
                      [36m<option[39m
                        [33mvalue[39m=[32m"8"[39m
                      [36m>[39m
                        [0mNatwest Mortgage[0m
                        [0m ([0m
                        [0m$0.00[0m
                        [0m)[0m
                      [36m</option>[39m
                      [36m<option[39m
                        [33mvalue[39m=[32m"9"[39m
                      [36m>[39m
                        [0mHargreaves Lansdown SIPP[0m
                        [0m ([0m
                        [0m$0.00[0m
                        [0m)[0m
                      [36m</option>[39m
                      [36m<option[39m
                        [33mvalue[39m=[32m"10"[39m
                      [36m>[39m
                        [0mHargreaves Lansdown ISA[0m
                        [0m ([0m
                        [0m$0.00[0m
                        [0m)[0m
                      [36m</option>[39m
                      [36m<option[39m
                        [33mvalue[39m=[32m"11"[39m
                      [36m>[39m
                        [0mCity Trader Account[0m
                        [0m ([0m
                        [0m$10000.00[0m
                        [0m)[0m
                      [36m</option>[39m
                      [36m<option[39m
                        [33mvalue[39m=[32m"12"[39m
                      [36m>[39m
                        [0mPrimary Residence[0m
                        [0m ([0m
                        [0m$0.00[0m
                        [0m)[0m
                      [36m</option>[39m
                    [36m</select>[39m
                  [36m</div>[39m
                  [36m<div>[39m
                    [36m<label[39m
                      [33mclass[39m=[32m"block text-sm font-medium mb-2"[39m
                    [36m>[39m
                      [0mStatement Balance[0m
                    [36m</label>[39m
                    [36m<input[39m
                      [33mclass[39m=[32m"w-full px-3 py-2 border border-gray-300 dark:border-gray-600 rounded-lg
                         bg-white dark:bg-gray-700"[39m
                      [33mplaceholder[39m=[32m"Enter statement ending balance"[39m
                      [33mstep[39m=[32m"0.01"[39m
                      [33mtype[39m=[32m"number"[39m
                      [33mvalue[39m=[32m""[39m
                    [36m/>[39m
                  [36m</div>[39m
                [36m</div>[39m
                [36m<div[39m
                  [33mclass[39m=[32m"grid grid-cols-2 gap-6 mt-4"[39m
                [36m>[39m
                  [36m<div>[39m
                    [36m<label[39m
                      [33mclass[39m=[32m"block text-sm font-medium mb-2"[39m
                    [36m>[39m
                      [0mStart Date[0m
                    [36m</label>[39m
                    [36m<input[39m
                      [33mclass[39m=[32m"w-full px-3 py-2 border border-gray-300 dark:border-gray-600 rounded-lg
                         bg-white dark:bg-gray-700"[39m
                      [33mtype[39m=[32m"date"[39m
                      [33mvalue[39m=[32m"2024-12-20"[39m
                    [36m/>[39m
                  [36m</div>[39m
                  [36m<div>[39m
                    [36m<label[39m
                      [33mclass[39m=[32m"block text-sm font-medium mb-2"[39m
                    [36m>[39m
                      [0mEnd Date[0m
                    [36m</label>[39m
                    [36m<input[39m
                      [33mclass[39m=[32m"w-full px-3 py-2 border border-gray-300 dark:border-gray-600 rounded-lg
                         bg-white dark:bg-gray-700"[39m
                      [33mtype[39m=[32m"date"[39m
                      [33mvalue[39m=[32m"2025-01-20"[39m
                    [36m/>[39m
                  [36m</div>[39m
                [36m</div>[39m
              [36m</div>[39m
              [36m<div[39m
                [33mclass[39m=[32m"grid grid-cols-4 gap-4 mb-6"[39m
              [36m>[39m
                [36m<div[39m
                  [33mclass[39m=[32m"bg-white dark:bg-gray-800 rounded-lg p-4 border border-gray-200 dark:border-gray-700"[39m
                [36m>[39m
                  [36m<div[39m
                    [33mclass[39m=[32m"text-sm text-gray-600 dark:text-gray-400"[39m
                  [36m>[39m
                    [0mCleared Balance[0m
                  [36m</div>[39m
                  [36m<div[39m
                    [33mclass[39m=[32m"text-xl font-semibold mt-1"[39m
                  [36m>[39m
                    [0m$0.00[0m
                  [36m</div>[39m
                [36m</div>[39m
                [36m<div[39m
                  [33mclass[39m=[32m"bg-white dark:bg-gray-800 rounded-lg p-4 border border-gray-200 dark:border-gray-700"[39m
                [36m>[39m
                  [36m<div[39m
                    [33mclass[39m=[32m"text-sm text-gray-600 dark:text-gray-400"[39m
                  [36m>[39m
                    [0mStatement Balance[0m
                  [36m</div>[39m
                  [36m<div[39m
                    [33mclass[39m=[32m"text-xl font-semibold mt-1"[39m
                  [36m>[39m
                    [0m-[0m
                  [36m</div>[39m
                [36m</div>[39m
                [36m<div[39m
                  [33mclass[39m=[32m"rounded-lg p-4 border bg-green-50 dark:bg-green-900/20 border-green-200 dark:border-green-800"[39m
                [36m>[39m
                  [36m<div[39m
                    [33mclass[39m=[32m"text-sm text-gray-600 dark:text-gray-400"[39m
                  [36m>[39m
                    [0mDifference[0m
                  [36m</div>[39m
                  [36m<div[39m
                    [33mclass[39m=[32m"text-xl font-semibold mt-1 text-green-600 dark:text-green-400"[39m
                  [36m>[39m
                    [0m$0.00[0m
                  [36m</div>[39m
                [36m</div>[39m
                [36m<div[39m
                  [33mclass[39m=[32m"bg-white dark:bg-gray-800 rounded-lg p-4 border border-gray-200 dark:border-gray-700"[39m
                [36m>[39m
                  [36m<div[39m
                    [33mclass[39m=[32m"text-sm text-gray-600 dark:text-gray-400"[39m
                  [36m>[39m
                    [0mUncleared[0m
                  [36m</div>[39m
                  [36m<div[39m
                    [33mclass[39m=[32m"text-xl font-semibold mt-1"[39m
                  [36m>[39m
                    [0m0[0m
                  [36m</div>[39m
                [36m</div>[39m
              [36m</div>[39m
              [36m<div[39m
                [33mclass[39m=[32m"flex justify-center mb-6"[39m
              [36m>[39m
                [36m<button[39m
                  [33mclass[39m=[32m"flex items-center gap-2 px-6 py-3 bg-primary text-white rounded-lg
                         hover:bg-primary-dark disabled:opacity-50 disabled:cursor-not-allowed"[39m
                [36m>[39m
                  [36m<div[39m
                    [33mdata-size[39m=[32m"20"[39m
                    [33mdata-testid[39m=[32m"link-icon"[39m
                  [36m/>[39m
                  [0mAuto-Reconcile Transactions[0m
                [36m</button>[39m
              [36m</div>[39m
              [36m<div[39m
                [33mclass[39m=[32m"bg-green-50 dark:bg-green-900/20 rounded-lg p-8 text-center"[39m
              [36m>[39m
                [36m<div[39m
                  [33mdata-size[39m=[32m"48"[39m
                  [33mdata-testid[39m=[32m"check-circle-icon"[39m
                [36m/>[39m
                [36m<h4[39m
                  [33mclass[39m=[32m"text-lg font-medium text-green-900 dark:text-green-300"[39m
                [36m>[39m
                  [0mAccount Reconciled![0m
                [36m</h4>[39m
                [36m<p[39m
                  [33mclass[39m=[32m"text-sm text-green-800 dark:text-green-200 mt-1"[39m
                [36m>[39m
                  [0mAll transactions are cleared and your balance matches the statement.[0m
                [36m</p>[39m
              [36m</div>[39m
            [36m</div>[39m
            [36m<div[39m
              [33mclass[39m=[32m"flex justify-end px-6 py-4 border-t border-gray-200 dark:border-gray-700"[39m
            [36m>[39m
              [36m<button[39m
                [33mclass[39m=[32m"px-4 py-2 text-gray-700 dark:text-gray-300 hover:bg-gray-100 
                   dark:hover:bg-gray-700 rounded-lg"[39m
              [36m>[39m
                [0mClose[0m
              [36m</button>[39m
            [36m</div>[39m
          [36m</div>[39m
        [36m</div>[39m
      [36m</div>[39m
    [36m</div>[39m
  [36m</body>[39m
[36m</html>[39m
   ↓ TransactionReconciliation > manual matching > toggles suggestion visibility
   ✓ TransactionReconciliation > validation > shows warning when cleared balance does not match statement 35ms
   × TransactionReconciliation > validation > shows success when balances match 1032ms
     → [2mexpect([22m[31melement[39m[2m).toHaveClass([22m[32m[32m"bg-green-50"[32m[39m[2m)[22m

Expected the element to have class:
[32m  bg-green-50[39m
Received:
[31m  rounded-lg p-4 border bg-red-50 dark:bg-red-900/20 border-red-200 dark:border-red-800[39m

Ignored nodes: comments, script, style
[36m<html>[39m
  [36m<head />[39m
  [36m<body[39m
    [33mstyle[39m=[32m"position: fixed; top: 0px; width: 100%; overflow: hidden;"[39m
  [36m>[39m
    [36m<div>[39m
      [36m<div[39m
        [33maria-hidden[39m=[32m"true"[39m
        [33mclass[39m=[32m"fixed inset-0 bg-black/60 backdrop-blur-sm z-50 animate-in fade-in duration-200"[39m
      [36m/>[39m
      [36m<div[39m
        [33mclass[39m=[32m"fixed inset-x-0 z-50 flex justify-center px-4"[39m
        [33mstyle[39m=[32m"top: 40px;"[39m
      [36m>[39m
        [36m<div[39m
          [33maria-labelledby[39m=[32m"modal-title"[39m
          [33maria-modal[39m=[32m"true"[39m
          [33mclass[39m=[32m"
            bg-white dark:bg-gray-900 
            rounded-2xl 
            shadow-2xl 
            w-full 
            max-w-4xl 
            overflow-hidden 
            flex 
            flex-col
            animate-in zoom-in-95 slide-in-from-bottom-4 duration-200
            border border-gray-200/50 dark:border-gray-700/50
          "[39m
          [33mrole[39m=[32m"dialog"[39m
          [33mstyle[39m=[32m"max-height: 688px;"[39m
          [33mtabindex[39m=[32m"-1"[39m
        [36m>[39m
          [36m<div[39m
            [33mclass[39m=[32m"flex items-center justify-between px-6 py-5 border-b border-gray-200 dark:border-gray-800 bg-gradient-to-r from-gray-50 to-white dark:from-gray-900 dark:to-gray-800 flex-shrink-0"[39m
          [36m>[39m
            [36m<h2[39m
              [33mclass[39m=[32m"text-xl font-bold text-gray-900 dark:text-white"[39m
              [33mid[39m=[32m"modal-title"[39m
            [36m>[39m
              [0mTransaction Reconciliation[0m
            [36m</h2>[39m
            [36m<button[39m
              [33maria-label[39m=[32m"Close modal"[39m
              [33mclass[39m=[32m"
                  p-2 
                  rounded-lg 
                  text-gray-400 
                  hover:text-gray-600 
                  dark:text-gray-500 
                  dark:hover:text-gray-300 
                  hover:bg-gray-100 
                  dark:hover:bg-gray-800 
                  transition-all 
                  duration-200
                  focus:outline-none 
                  focus:ring-2 
                  focus:ring-primary/50
                "[39m
            [36m>[39m
              [36m<svg[39m
                [33maria-hidden[39m=[32m"true"[39m
                [33mclass[39m=[32m"lucide lucide-x"[39m
                [33mfill[39m=[32m"none"[39m
                [33mheight[39m=[32m"20"[39m
                [33mstroke[39m=[32m"currentColor"[39m
                [33mstroke-linecap[39m=[32m"round"[39m
                [33mstroke-linejoin[39m=[32m"round"[39m
                [33mstroke-width[39m=[32m"2"[39m
                [33mviewBox[39m=[32m"0 0 24 24"[39m
                [33mwidth[39m=[32m"20"[39m
                [33mxmlns[39m=[32m"http://www.w3.org/2000/svg"[39m
              [36m>[39m
                [36m<path[39m
                  [33md[39m=[32m"M18 6 6 18"[39m
                [36m/>[39m
                [36m<path[39m
                  [33md[39m=[32m"m6 6 12 12"[39m
                [36m/>[39m
              [36m</svg>[39m
            [36m</button>[39m
          [36m</div>[39m
          [36m<div[39m
            [33mclass[39m=[32m"flex-1 overflow-y-auto overscroll-contain"[39m
          [36m>[39m
            [36m<div[39m
              [33mclass[39m=[32m"p-6"[39m
            [36m>[39m
              [36m<div[39m
                [33mclass[39m=[32m"bg-gray-50 dark:bg-gray-800 rounded-lg p-6 mb-6"[39m
              [36m>[39m
                [36m<h3[39m
                  [33mclass[39m=[32m"text-lg font-medium mb-4"[39m
                [36m>[39m
                  [0mReconciliation Setup[0m
                [36m</h3>[39m
                [36m<div[39m
                  [33mclass[39m=[32m"grid grid-cols-2 gap-6"[39m
                [36m>[39m
                  [36m<div>[39m
                    [36m<label[39m
                      [33mclass[39m=[32m"block text-sm font-medium mb-2"[39m
                    [36m>[39m
                      [0mAccount[0m
                    [36m</label>[39m
                    [36m<select[39m
                      [33mclass[39m=[32m"w-full px-3 py-2 border border-gray-300 dark:border-gray-600 rounded-lg
                         bg-white dark:bg-gray-700"[39m
                    [36m>[39m
                      [36m<option[39m
                        [33mvalue[39m=[32m""[39m
                      [36m>[39m
                        [0mSelect an account...[0m
                      [36m</option>[39m
                      [36m<option[39m
                        [33mvalue[39m=[32m"1"[39m
                      [36m>[39m
                        [0mNatwest Current Account[0m
                        [0m ([0m
                        [0m$0.00[0m
                        [0m)[0m
                      [36m</option>[39m
                      [36m<option[39m
                        [33mvalue[39m=[32m"2"[39m
                      [36m>[39m
                        [0mMonzo Current Account[0m
                        [0m ([0m
                        [0m$0.00[0m
                        [0m)[0m
                      [36m</option>[39m
                      [36m<option[39m
                        [33mvalue[39m=[32m"3"[39m
                      [36m>[39m
                        [0mNatwest Savings Account[0m
                        [0m ([0m
                        [0m$0.00[0m
                        [0m)[0m
                      [36m</option>[39m
                      [36m<option[39m
                        [33mvalue[39m=[32m"4"[39m
                      [36m>[39m
                        [0mNS&I Premium Bonds[0m
                        [0m ([0m
                        [0m$0.00[0m
                        [0m)[0m
                      [36m</option>[39m
                      [36m<option[39m
                        [33mvalue[39m=[32m"5"[39m
                      [36m>[39m
                        [0mNatwest Credit Card[0m
                        [0m ([0m
                        [0m$0.00[0m
                        [0m)[0m
                      [36m</option>[39m
                      [36m<option[39m
                        [33mvalue[39m=[32m"6"[39m
                      [36m>[39m
                        [0mAmerican Express Gold[0m
                        [0m ([0m
                        [0m$0.00[0m
                        [0m)[0m
                      [36m</option>[39m
                      [36m<option[39m
                        [33mvalue[39m=[32m"7"[39m
                      [36m>[39m
                        [0mNatwest Personal Loan[0m
                        [0m ([0m
                        [0m$0.00[0m
                        [0m)[0m
                      [36m</option>[39m
                      [36m<option[39m
                        [33mvalue[39m=[32m"8"[39m
                      [36m>[39m
                        [0mNatwest Mortgage[0m
                        [0m ([0m
                        [0m$0.00[0m
                        [0m)[0m
                      [36m</option>[39m
                      [36m<option[39m
                        [33mvalue[39m=[32m"9"[39m
                      [36m>[39m
                        [0mHargreaves Lansdown SIPP[0m
                        [0m ([0m
                        [0m$0.00[0m
                        [0m)[0m
                      [36m</option>[39m
                      [36m<option[39m
                        [33mvalue[39m=[32m"10"[39m
                      [36m>[39m
                        [0mHargreaves Lansdown ISA[0m
                        [0m ([0m
                        [0m$0.00[0m
                        [0m)[0m
                      [36m</option>[39m
                      [36m<option[39m
                        [33mvalue[39m=[32m"11"[39m
                      [36m>[39m
                        [0mCity Trader Account[0m
                        [0m ([0m
                        [0m$10000.00[0m
                        [0m)[0m
                      [36m</option>[39m
                      [36m<option[39m
                        [33mvalue[39m=[32m"12"[39m
                      [36m>[39m
                        [0mPrimary Residence[0m
                        [0m ([0m
                        [0m$0.00[0m
                        [0m)[0m
                      [36m</option>[39m
                    [36m</select>[39m
                  [36m</div>[39m
                  [36m<div>[39m
                    [36m<label[39m
                      [33mclass[39m=[32m"block text-sm font-medium mb-2"[39m
                    [36m>[39m
                      [0mStatement Balance[0m
                    [36m</label>[39m
                    [36m<input[39m
                      [33mclass[39m=[32m"w-full px-3 py-2 border border-gray-300 dark:border-gray-600 rounded-lg
                         bg-white dark:bg-gray-700"[39m
                      [33mplaceholder[39m=[32m"Enter statement ending balance"[39m
                      [33mstep[39m=[32m"0.01"[39m
                      [33mtype[39m=[32m"number"[39m
                      [33mvalue[39m=[32m"3000"[39m
                    [36m/>[39m
                  [36m</div>[39m
                [36m</div>[39m
                [36m<div[39m
                  [33mclass[39m=[32m"grid grid-cols-2 gap-6 mt-4"[39m
                [36m>[39m
                  [36m<div>[39m
                    [36m<label[39m
                      [33mclass[39m=[32m"block text-sm font-medium mb-2"[39m
                    [36m>[39m
                      [0mStart Date[0m
                    [36m</label>[39m
                    [36m<input[39m
                      [33mclass[39m=[32m"w-full px-3 py-2 border border-gray-300 dark:border-gray-600 rounded-lg
                         bg-white dark:bg-gray-700"[39m
                      [33mtype[39m=[32m"date"[39m
                      [33mvalue[39m=[32m"2024-12-20"[39m
                    [36m/>[39m
                  [36m</div>[39m
                  [36m<div>[39m
                    [36m<label[39m
                      [33mclass[39m=[32m"block text-sm font-medium mb-2"[39m
                    [36m>[39m
                      [0mEnd Date[0m
                    [36m</label>[39m
                    [36m<input[39m
                      [33mclass[39m=[32m"w-full px-3 py-2 border border-gray-300 dark:border-gray-600 rounded-lg
                         bg-white dark:bg-gray-700"[39m
                      [33mtype[39m=[32m"date"[39m
                      [33mvalue[39m=[32m"2025-01-20"[39m
                    [36m/>[39m
                  [36m</div>[39m
                [36m</div>[39m
              [36m</div>[39m
              [36m<div[39m
                [33mclass[39m=[32m"grid grid-cols-4 gap-4 mb-6"[39m
              [36m>[39m
                [36m<div[39m
                  [33mclass[39m=[32m"bg-white dark:bg-gray-800 rounded-lg p-4 border border-gray-200 dark:border-gray-700"[39m
                [36m>[39m
                  [36m<div[39m
                    [33mclass[39m=[32m"text-sm text-gray-600 dark:text-gray-400"[39m
                  [36m>[39m
                    [0mCleared Balance[0m
                  [36m</div>[39m
                  [36m<div[39m
                    [33mclass[39m=[32m"text-xl font-semibold mt-1"[39m
                  [36m>[39m
                    [0m$0.00[0m
                  [36m</div>[39m
                [36m</div>[39m
                [36m<div[39m
                  [33mclass[39m=[32m"bg-white dark:bg-gray-800 rounded-lg p-4 border border-gray-200 dark:border-gray-700"[39m
                [36m>[39m
                  [36m<div[39m
                    [33mclass[39m=[32m"text-sm text-gray-600 dark:text-gray-400"[39m
                  [36m>[39m
                    [0mStatement Balance[0m
                  [36m</div>[39m
                  [36m<div[39m
                    [33mclass[39m=[32m"text-xl font-semibold mt-1"[39m
                  [36m>[39m
                    [0m$3000.00[0m
                  [36m</div>[39m
                [36m</div>[39m
                [36m<div[39m
                  [33mclass[39m=[32m"rounded-lg p-4 border bg-red-50 dark:bg-red-900/20 border-red-200 dark:border-red-800"[39m
                [36m>[39m
                  [36m<div[39m
                    [33mclass[39m=[32m"text-sm text-gray-600 dark:text-gray-400"[39m
                  [36m>[39m
                    [0mDifference[0m
                  [36m</div>[39m
                  [36m<div[39m
                    [33mclass[39m=[32m"text-xl font-semibold mt-1 text-red-600 dark:text-red-400"[39m
                  [36m>[39m
                    [0m$3000.00[0m
                  [36m</div>[39m
                [36m</div>[39m
                [36m<div[39m
                  [33mclass[39m=[32m"bg-white dark:bg-gray-800 rounded-lg p-4 border border-gray-200 dark:border-gray-700"[39m
                [36m>[39m
                  [36m<div[39m
                    [33mclass[39m=[32m"text-sm text-gray-600 dark:text-gray-400"[39m
                  [36m>[39m
                    [0mUncleared[0m
                  [36m</div>[39m
                  [36m<div[39m
                    [33mclass[39m=[32m"text-xl font-semibold mt-1"[39m
                  [36m>[39m
                    [0m0[0m
                  [36m</div>[39m
                [36m</div>[39m
              [36m</div>[39m
              [36m<div[39m
                [33mclass[39m=[32m"flex justify-center mb-6"[39m
              [36m>[39m
                [36m<button[39m
                  [33mclass[39m=[32m"flex items-center gap-2 px-6 py-3 bg-primary text-white rounded-lg
                         hover:bg-primary-dark disabled:opacity-50 disabled:cursor-not-allowed"[39m
                [36m>[39m
                  [36m<div[39m
                    [33mdata-size[39m=[32m"20"[39m
                    [33mdata-testid[39m=[32m"link-icon"[39m
                  [36m/>[39m
                  [0mAuto-Reconcile Transactions[0m
                [36m</button>[39m
              [36m</div>[39m
            [36m</div>[39m
            [36m<div[39m
              [33mclass[39m=[32m"flex justify-end px-6 py-4 border-t border-gray-200 dark:border-gray-700"[39m
            [36m>[39m
              [36m<button[39m
                [33mclass[39m=[32m"px-4 py-2 text-gray-700 dark:text-gray-300 hover:bg-gray-100 
                   dark:hover:bg-gray-700 rounded-lg"[39m
              [36m>[39m
                [0mClose[0m
              [36m</button>[39m
            [36m</div>[39m
          [36m</div>[39m
        [36m</div>[39m
      [36m</div>[39m
    [36m</div>[39m
  [36m</body>[39m
[36m</html>[39m
   ✓ TransactionReconciliation > accessibility > has proper modal structure 12ms
   ✓ TransactionReconciliation > accessibility > announces reconciliation results 8ms
   ✓ TransactionReconciliation > accessibility > has keyboard accessible buttons 8ms
   ↓ TransactionReconciliation > error handling > shows error when reconciliation fails
 ✓ src/security/__tests__/encryption.test.ts (15 tests) 3237ms
 ✓ src/components/widgets/WeeklySummaryWidget.test.tsx (10 tests) 34ms
 ❯ src/contexts/PreferencesContext.test.tsx (5 tests | 1 failed) 428ms
   × PreferencesContext > provides default preferences values 15ms
     → expected true to be false // Object.is equality
   ✓ PreferencesContext > loads preferences from localStorage 3ms
   ✓ PreferencesContext > saves preferences to localStorage when changed  404ms
   ✓ PreferencesContext > handles invalid localStorage data gracefully 2ms
   ✓ PreferencesContext > provides actualTheme based on system preference 3ms
 ✓ src/test/decimal-integration.test.tsx (6 tests) 5ms
 ✓ src/utils/__tests__/decimal.test.ts (18 tests) 5ms
 ✓ src/components/widgets/MonthlySummaryWidget.test.tsx (9 tests) 33ms
 ✓ src/store/__tests__/reduxMigration.test.tsx (3 tests) 339ms
 ✓ src/store/slices/accountsSlice.test.ts (4 tests) 7ms
 ✓ src/store/slices/transactionsSlice.test.ts (4 tests) 8ms
 ✓ src/components/subscription/__tests__/PricingPlans.test.tsx (2 tests) 88ms
 ❯ src/test/supabase/supabase-smoke.test.ts (2 tests | 2 skipped) 8ms
   ↓ Supabase smoke > creates a transaction via service role and persists it
   ↓ Supabase smoke > enforces RLS by blocking anon deletion
 ✓ src/hooks/__tests__/useLocalStorage.test.ts (3 tests) 13ms
 ✓ src/utils/__tests__/reconciliation.test.ts (6 tests) 2ms
 ✓ src/utils/__tests__/csvImport.test.ts (6 tests) 2ms
 ✓ src/utils/__tests__/formatters.test.ts (6 tests) 3ms
 ✓ src/components/__tests__/BudgetModal.test.tsx (4 tests) 81ms
 ✓ src/components/__tests__/GoalModal.test.tsx (4 tests) 81ms
 ✓ src/test/sentry-simple.test.ts (2 tests) 2ms
 ✓ src/components/__tests__/EditTransactionModal.test.tsx (4 tests) 96ms
 ❯ src/components/__tests__/Layout.test.tsx (4 tests | 2 failed) 23ms
   × Layout > renders without crashing 19ms
     → [vitest] No "UserButton" export is defined on the "@clerk/clerk-react" mock. Did you forget to return it from "vi.mock"?
If you need to partially mock a module, you can use "importOriginal" helper inside:

   × Layout > handles user interactions 3ms
     → [vitest] No "UserButton" export is defined on the "@clerk/clerk-react" mock. Did you forget to return it from "vi.mock"?
If you need to partially mock a module, you can use "importOriginal" helper inside:

   ✓ Layout > validates form inputs 0ms
   ✓ Layout > handles error states 0ms
 ❯ src/test/integration/InvestmentPortfolioIntegration.test.tsx (6 tests | 3 failed) 4118ms
   ✓ Investment Portfolio Integration > Add Investment → Track Performance → Rebalance > should display investment page with default test data 105ms
   ✓ Investment Portfolio Integration > Add Investment → Track Performance → Rebalance > should display investment page heading 34ms
   × Investment Portfolio Integration > Add Investment → Track Performance → Rebalance > should show message when no investment accounts exist 1930ms
     → Unable to find an element with the text: /no investment accounts yet/i. This could be because the text is broken up by multiple elements. In this case, you can provide a function for your text matcher to make your matcher more flexible.

Ignored nodes: comments, script, style
[36m<body>[39m
  [36m<div>[39m
    [36m<div[39m
      [33mclass[39m=[32m"relative mb-6"[39m
    [36m>[39m
      [36m<div[39m
        [33mclass[39m=[32m"bg-secondary dark:bg-gray-700 rounded-2xl shadow p-4 relative "[39m
      [36m>[39m
        [36m<h1[39m
          [33mclass[39m=[32m"text-3xl font-bold text-white"[39m
        [36m>[39m
          [0mInvestments[0m
        [36m</h1>[39m
        [36m<div[39m
          [33mclass[39m=[32m"absolute right-4 top-1/2 -translate-y-1/2 z-10"[39m
        [36m>[39m
          [36m<div[39m
            [33mclass[39m=[32m"cursor-pointer"[39m
            [33mtitle[39m=[32m"Add Investment"[39m
          [36m>[39m
            [36m<svg[39m
              [33mclass[39m=[32m"transition-all duration-200 hover:scale-110 drop-shadow-lg hover:drop-shadow-xl"[39m
              [33mheight[39m=[32m"48"[39m
              [33mstyle[39m=[32m"filter: drop-shadow(0 4px 6px rgba(0, 0, 0, 0.1));"[39m
              [33mviewBox[39m=[32m"0 0 48 48"[39m
              [33mwidth[39m=[32m"48"[39m
              [33mxmlns[39m=[32m"http://www.w3.org/2000/svg"[39m
            [36m>[39m
              [36m<circle[39m
                [33mclass[39m=[32m"transition-all duration-200"[39m
                [33mcx[39m=[32m"24"[39m
                [33mcy[39m=[32m"24"[39m
                [33mfill[39m=[32m"#D9E1F2"[39m
                [33mr[39m=[32m"24"[39m
              [36m/>[39m
              [36m<g[39m
                [33mtransform[39m=[32m"translate(12, 12)"[39m
              [36m>[39m
                [36m<path[39m
                  [33md[39m=[32m"M12 5v14M5 12h14"[39m
                  [33mstroke[39m=[32m"#1F2937"[39m
                  [33mstroke-linecap[39m=[32m"round"[39m
                  [33mstroke-linejoin[39m=[32m"round"[39m
                  [33mstroke-width[39m=[32m"2"[39m
                [36m/>[39m
              [36m</g>[39m
            [36m</svg>[39m
          [36m</div>[39m
        [36m</div>[39m
      [36m</div>[39m
    [36m</div>[39m
    [36m<div[39m
      [33mclass[39m=[32m"relative pb-24 lg:pb-0"[39m
    [36m>[39m
      [36m<div[39m
        [33mclass[39m=[32m"flex space-x-1 bg-gray-100 dark:bg-gray-700 p-1 rounded-lg mb-6"[39m
      [36m>[39m
        [36m<button[39m
          [33mclass[39m=[32m"flex-1 flex items-center justify-center gap-2 px-4 py-2 text-sm font-medium rounded-md transition-colors bg-white dark:bg-gray-600 text-gray-900 dark:text-white shadow-sm"[39m
        [36m>[39m
          [36m<svg[39m
            [33mclass[39m=[32m"tabler-icon tabler-icon-chart-bar transition-colors duration-200  "[39m
            [33mfill[39m=[32m"none"[39m
            [33mheight[39m=[32m"16"[39m
            [33mstroke[39m=[32m"currentColor"[39m
            [33mstroke-linecap[39m=[32m"round"[39m
            [33mstroke-linejoin[39m=[32m"round"[39m
            [33mstroke-width[39m=[32m"2"[39m
            [33mviewBox[39m=[32m"0 0 24 24"[39m
            [33mwidth[39m=[32m"16"[39m
            [33mxmlns[39m=[32m"http://www.w3.org/2000/svg"[39m
          [36m>[39m
            [36m<path[39m
              [33md[39m=[32m"M3 13a1 1 0 0 1 1 -1h4a1 1 0 0 1 1 1v6a1 1 0 0 1 -1 1h-4a1 1 0 0 1 -1 -1z"[39m
            [36m/>[39m
            [36m<path[39m
              [33md[39m=[32m"M15 9a1 1 0 0 1 1 -1h4a1 1 0 0 1 1 1v10a1 1 0 0 1 -1 1h-4a1 1 0 0 1 -1 -1z"[39m
            [36m/>[39m
            [36m<path[39m
              [33md[39m=[32m"M9 5a1 1 0 0 1 1 -1h4a1 1 0 0 1 1 1v14a1 1 0 0 1 -1 1h-4a1 1 0 0 1 -1 -1z"[39m
            [36m/>[39m
            [36m<path[39m
              [33md[39m=[32m"M4 20h14"[39m
            [36m/>[39m
          [36m</svg>[39m
          [0mOverview[0m
        [36m</button>[39m
        [36m<button[39m
          [33mclass[39m=[32m"flex-1 flex items-center justify-center gap-2 px-4 py-2 text-sm font-medium rounded-md transition-colors text-gray-500 dark:text-gray-400 hover:text-gray-700 dark:hover:text-gray-300"[39m
        [36m>[39m
          [36m<svg[39m
            [33mclass[39m=[32m"tabler-icon tabler-icon-eye transition-colors duration-200  "[39m
            [33mfill[39m=[32m"none"[39m
            [33mheight[39m=[32m"16"[39m
            [33mstroke[39m=[32m"currentColor"[39m
            [33mstroke-linecap[39m=[32m"round"[39m
            [33mstroke-linejoin[39m=[32m"round"[39m
            [33mstroke-width[39m=[32m"2"[39m
            [33mviewBox[39m=[32m"0 0 24 24"[39m
            [33mwidth[39m=[32m"16"[39m
            [33mxmlns[39m=[32m"http://www.w3.org/2000/svg"[39m
          [36m>[39m
            [36m<path[39m
              [33md[39m=[32m"M10 12a2 2 0 1 0 4 0a2 2 0 0 0 -4 0"[39m
            [36m/>[39m
            [36m<path[39m
              [33md[39m=[32m"M21 12c-2.4 4 -5.4 6 -9 6c-3.6 0 -6.6 -2 -9 -6c2.4 -4 5.4 -6 9 -6c3.6 0 6.6 2 9 6"[39m
            [36m/>[39m
          [36m</svg>[39m
          [0mWatchlist[0m
        [36m</button>[39m
        [36m<button[39m
          [33mclass[39m=[32m"flex-1 flex items-center justify-center gap-2 px-4 py-2 text-sm font-medium rounded-md transition-colors text-gray-500 dark:text-gray-400 hover:text-gray-700 dark:hover:text-gray-300"[39m
        [36m>[39m
          [36m<svg[39m
            [33mclass[39m=[32m"tabler-icon tabler-icon-chart-line transition-colors duration-200  "[39m
            [33mfill[39m=[32m"none"[39m
            [33mheight[39m=[32m"16"[39m
            [33mstroke[39m=[32m"currentColor"[39m
            [33mstroke-linecap[39m=[32m"round"[39m
            [33mstroke-linejoin[39m=[32m"round"[39m
            [33mstroke-width[39m=[32m"2"[39m
            [33mviewBox[39m=[32m"0 0 24 24"[39m
            [33mwidth[39m=[32m"16"[39m
            [33mxmlns[39m=[32m"http://www.w3.org/2000/svg"[39m
          [36m>[39m
            [36m<path[39m
              [33md[39m=[32m"M4 19l16 0"[39m
            [36m/>[39m
            [36m<path[39m
              [33md[39m=[32m"M4 15l4 -6l4 2l4 -5l4 4"[39m
            [36m/>[39m
          [36m</svg>[39m
          [0mPortfolio[0m
        [36m</button>[39m
        [36m<button[39m
          [33mclass[39m=[32m"flex-1 flex items-center justify-center gap-2 px-4 py-2 text-sm font-medium rounded-md transition-colors text-gray-500 dark:text-gray-400 hover:text-gray-700 dark:hover:text-gray-300"[39m
        [36m>[39m
          [36m<svg[39m
            [33mclass[39m=[32m"tabler-icon tabler-icon-plus transition-colors duration-200  "[39m
            [33mfill[39m=[32m"none"[39m
            [33mheight[39m=[32m"16"[39m
            [33mstroke[39m=[32m"currentColor"[39m
            [33mstroke-linecap[39m=[32m"round"[39m
            [33mstroke-linejoin[39m=[32m"round"[39m...

Ignored nodes: comments, script, style
[36m<html[39m
  [33mclass[39m=[32m"theme-blue"[39m
[36m>[39m
  [36m<head />[39m
  [36m<body>[39m
    [36m<div>[39m
      [36m<div[39m
        [33mclass[39m=[32m"relative mb-6"[39m
      [36m>[39m
        [36m<div[39m
          [33mclass[39m=[32m"bg-secondary dark:bg-gray-700 rounded-2xl shadow p-4 relative "[39m
        [36m>[39m
          [36m<h1[39m
            [33mclass[39m=[32m"text-3xl font-bold text-white"[39m
          [36m>[39m
            [0mInvestments[0m
          [36m</h1>[39m
          [36m<div[39m
            [33mclass[39m=[32m"absolute right-4 top-1/2 -translate-y-1/2 z-10"[39m
          [36m>[39m
            [36m<div[39m
              [33mclass[39m=[32m"cursor-pointer"[39m
              [33mtitle[39m=[32m"Add Investment"[39m
            [36m>[39m
              [36m<svg[39m
                [33mclass[39m=[32m"transition-all duration-200 hover:scale-110 drop-shadow-lg hover:drop-shadow-xl"[39m
                [33mheight[39m=[32m"48"[39m
                [33mstyle[39m=[32m"filter: drop-shadow(0 4px 6px rgba(0, 0, 0, 0.1));"[39m
                [33mviewBox[39m=[32m"0 0 48 48"[39m
                [33mwidth[39m=[32m"48"[39m
                [33mxmlns[39m=[32m"http://www.w3.org/2000/svg"[39m
              [36m>[39m
                [36m<circle[39m
                  [33mclass[39m=[32m"transition-all duration-200"[39m
                  [33mcx[39m=[32m"24"[39m
                  [33mcy[39m=[32m"24"[39m
                  [33mfill[39m=[32m"#D9E1F2"[39m
                  [33mr[39m=[32m"24"[39m
                [36m/>[39m
                [36m<g[39m
                  [33mtransform[39m=[32m"translate(12, 12)"[39m
                [36m>[39m
                  [36m<path[39m
                    [33md[39m=[32m"M12 5v14M5 12h14"[39m
                    [33mstroke[39m=[32m"#1F2937"[39m
                    [33mstroke-linecap[39m=[32m"round"[39m
                    [33mstroke-linejoin[39m=[32m"round"[39m
                    [33mstroke-width[39m=[32m"2"[39m
                  [36m/>[39m
                [36m</g>[39m
              [36m</svg>[39m
            [36m</div>[39m
          [36m</div>[39m
        [36m</div>[39m
      [36m</div>[39m
      [36m<div[39m
        [33mclass[39m=[32m"relative pb-24 lg:pb-0"[39m
      [36m>[39m
        [36m<div[39m
          [33mclass[39m=[32m"flex space-x-1 bg-gray-100 dark:bg-gray-700 p-1 rounded-lg mb-6"[39m
        [36m>[39m
          [36m<button[39m
            [33mclass[39m=[32m"flex-1 flex items-center justify-center gap-2 px-4 py-2 text-sm font-medium rounded-md transition-colors bg-white dark:bg-gray-600 text-gray-900 dark:text-white shadow-sm"[39m
          [36m>[39m
            [36m<svg[39m
              [33mclass[39m=[32m"tabler-icon tabler-icon-chart-bar transition-colors duration-200  "[39m
              [33mfill[39m=[32m"none"[39m
              [33mheight[39m=[32m"16"[39m
              [33mstroke[39m=[32m"currentColor"[39m
              [33mstroke-linecap[39m=[32m"round"[39m
              [33mstroke-linejoin[39m=[32m"round"[39m
              [33mstroke-width[39m=[32m"2"[39m
              [33mviewBox[39m=[32m"0 0 24 24"[39m
              [33mwidth[39m=[32m"16"[39m
              [33mxmlns[39m=[32m"http://www.w3.org/2000/svg"[39m
            [36m>[39m
              [36m<path[39m
                [33md[39m=[32m"M3 13a1 1 0 0 1 1 -1h4a1 1 0 0 1 1 1v6a1 1 0 0 1 -1 1h-4a1 1 0 0 1 -1 -1z"[39m
              [36m/>[39m
              [36m<path[39m
                [33md[39m=[32m"M15 9a1 1 0 0 1 1 -1h4a1 1 0 0 1 1 1v10a1 1 0 0 1 -1 1h-4a1 1 0 0 1 -1 -1z"[39m
              [36m/>[39m
              [36m<path[39m
                [33md[39m=[32m"M9 5a1 1 0 0 1 1 -1h4a1 1 0 0 1 1 1v14a1 1 0 0 1 -1 1h-4a1 1 0 0 1 -1 -1z"[39m
              [36m/>[39m
              [36m<path[39m
                [33md[39m=[32m"M4 20h14"[39m
              [36m/>[39m
            [36m</svg>[39m
            [0mOverview[0m
          [36m</button>[39m
          [36m<button[39m
            [33mclass[39m=[32m"flex-1 flex items-center justify-center gap-2 px-4 py-2 text-sm font-medium rounded-md transition-colors text-gray-500 dark:text-gray-400 hover:text-gray-700 dark:hover:text-gray-300"[39m
          [36m>[39m
            [36m<svg[39m
              [33mclass[39m=[32m"tabler-icon tabler-icon-eye transition-colors duration-200  "[39m
              [33mfill[39m=[32m"none"[39m
              [33mheight[39m=[32m"16"[39m
              [33mstroke[39m=[32m"currentColor"[39m
              [33mstroke-linecap[39m=[32m"round"[39m
              [33mstroke-linejoin[39m=[32m"round"[39m
              [33mstroke-width[39m=[32m"2"[39m
              [33mviewBox[39m=[32m"0 0 24 24"[39m
              [33mwidth[39m=[32m"16"[39m
              [33mxmlns[39m=[32m"http://www.w3.org/2000/svg"[39m
            [36m>[39m
              [36m<path[39m
                [33md[39m=[32m"M10 12a2 2 0 1 0 4 0a2 2 0 0 0 -4 0"[39m
              [36m/>[39m
              [36m<path[39m
                [33md[39m=[32m"M21 12c-2.4 4 -5.4 6 -9 6c-3.6 0 -6.6 -2 -9 -6c2.4 -4 5.4 -6 9 -6c3.6 0 6.6 2 9 6"[39m
              [36m/>[39m
            [36m</svg>[39m
            [0mWatchlist[0m
          [36m</button>[39m
          [36m<button[39m
            [33mclass[39m=[32m"flex-1 flex items-center justify-center gap-2 px-4 py-2 text-sm font-medium rounded-md transition-colors text-gray-500 dark:text-gray-400 hover:text-gray-700 dark:hover:text-gray-300"[39m
          [36m>[39m
            [36m<svg[39m
              [33mclass[39m=[32m"tabler-icon tabler-icon-chart-line transition-colors duration-200  "[39m
              [33mfill[39m=[32m"none"[39m
              [33mheight[39m=[32m"16"[39m
              [33mstroke[39m=[32m"currentColor"[39m
              [33mstroke-linecap[39m=[32m"round"[39m
              [33mstroke-linejoin[39m=[32m"round"[39m
              [33mstroke-width[39m=[32m"2"[39m
              [33mviewBox[39m=[32m"0 0 24 24"[39m
              [33mwidth[39m=[32m"16"[39m
              [33mxmlns[39m=[32m"http://www.w3.org/2000/svg"[39m
            [36m>[39m
              [36m<path[39m
                [33md[39m=[32m"M4 19l16 0"[39m
              [36m/>[39m
              [36m<path[39m
                [33md[39m=[32m"M4 15l4 -6l4 2l4 -5l4 4"[39m
              [36m/>[39m
            [36m</svg>[39m
            [0mPortfolio[0m
          [36m</button>[39m
          [36m<button[39m
            [33mclass[39m=[32m"flex-1 flex items-center justify-center gap-2 px-4 py-2 text-sm font-medium rounded-md transition-colors text-gray-500 dark:text-gray-400 hover:text-gray-700 dark:hover:text-gray-300"[39m
          [36m>[39m
            ...
   × Investment Portfolio Integration > Add Investment → Track Performance → Rebalance > should show instructions to add investment account 1022ms
     → Unable to find an element with the text: /go to accounts/i. This could be because the text is broken up by multiple elements. In this case, you can provide a function for your text matcher to make your matcher more flexible.

Ignored nodes: comments, script, style
[36m<body>[39m
  [36m<div>[39m
    [36m<div[39m
      [33mclass[39m=[32m"relative mb-6"[39m
    [36m>[39m
      [36m<div[39m
        [33mclass[39m=[32m"bg-secondary dark:bg-gray-700 rounded-2xl shadow p-4 relative "[39m
      [36m>[39m
        [36m<h1[39m
          [33mclass[39m=[32m"text-3xl font-bold text-white"[39m
        [36m>[39m
          [0mInvestments[0m
        [36m</h1>[39m
        [36m<div[39m
          [33mclass[39m=[32m"absolute right-4 top-1/2 -translate-y-1/2 z-10"[39m
        [36m>[39m
          [36m<div[39m
            [33mclass[39m=[32m"cursor-pointer"[39m
            [33mtitle[39m=[32m"Add Investment"[39m
          [36m>[39m
            [36m<svg[39m
              [33mclass[39m=[32m"transition-all duration-200 hover:scale-110 drop-shadow-lg hover:drop-shadow-xl"[39m
              [33mheight[39m=[32m"48"[39m
              [33mstyle[39m=[32m"filter: drop-shadow(0 4px 6px rgba(0, 0, 0, 0.1));"[39m
              [33mviewBox[39m=[32m"0 0 48 48"[39m
              [33mwidth[39m=[32m"48"[39m
              [33mxmlns[39m=[32m"http://www.w3.org/2000/svg"[39m
            [36m>[39m
              [36m<circle[39m
                [33mclass[39m=[32m"transition-all duration-200"[39m
                [33mcx[39m=[32m"24"[39m
                [33mcy[39m=[32m"24"[39m
                [33mfill[39m=[32m"#D9E1F2"[39m
                [33mr[39m=[32m"24"[39m
              [36m/>[39m
              [36m<g[39m
                [33mtransform[39m=[32m"translate(12, 12)"[39m
              [36m>[39m
                [36m<path[39m
                  [33md[39m=[32m"M12 5v14M5 12h14"[39m
                  [33mstroke[39m=[32m"#1F2937"[39m
                  [33mstroke-linecap[39m=[32m"round"[39m
                  [33mstroke-linejoin[39m=[32m"round"[39m
                  [33mstroke-width[39m=[32m"2"[39m
                [36m/>[39m
              [36m</g>[39m
            [36m</svg>[39m
          [36m</div>[39m
        [36m</div>[39m
      [36m</div>[39m
    [36m</div>[39m
    [36m<div[39m
      [33mclass[39m=[32m"relative pb-24 lg:pb-0"[39m
    [36m>[39m
      [36m<div[39m
        [33mclass[39m=[32m"flex space-x-1 bg-gray-100 dark:bg-gray-700 p-1 rounded-lg mb-6"[39m
      [36m>[39m
        [36m<button[39m
          [33mclass[39m=[32m"flex-1 flex items-center justify-center gap-2 px-4 py-2 text-sm font-medium rounded-md transition-colors bg-white dark:bg-gray-600 text-gray-900 dark:text-white shadow-sm"[39m
        [36m>[39m
          [36m<svg[39m
            [33mclass[39m=[32m"tabler-icon tabler-icon-chart-bar transition-colors duration-200  "[39m
            [33mfill[39m=[32m"none"[39m
            [33mheight[39m=[32m"16"[39m
            [33mstroke[39m=[32m"currentColor"[39m
            [33mstroke-linecap[39m=[32m"round"[39m
            [33mstroke-linejoin[39m=[32m"round"[39m
            [33mstroke-width[39m=[32m"2"[39m
            [33mviewBox[39m=[32m"0 0 24 24"[39m
            [33mwidth[39m=[32m"16"[39m
            [33mxmlns[39m=[32m"http://www.w3.org/2000/svg"[39m
          [36m>[39m
            [36m<path[39m
              [33md[39m=[32m"M3 13a1 1 0 0 1 1 -1h4a1 1 0 0 1 1 1v6a1 1 0 0 1 -1 1h-4a1 1 0 0 1 -1 -1z"[39m
            [36m/>[39m
            [36m<path[39m
              [33md[39m=[32m"M15 9a1 1 0 0 1 1 -1h4a1 1 0 0 1 1 1v10a1 1 0 0 1 -1 1h-4a1 1 0 0 1 -1 -1z"[39m
            [36m/>[39m
            [36m<path[39m
              [33md[39m=[32m"M9 5a1 1 0 0 1 1 -1h4a1 1 0 0 1 1 1v14a1 1 0 0 1 -1 1h-4a1 1 0 0 1 -1 -1z"[39m
            [36m/>[39m
            [36m<path[39m
              [33md[39m=[32m"M4 20h14"[39m
            [36m/>[39m
          [36m</svg>[39m
          [0mOverview[0m
        [36m</button>[39m
        [36m<button[39m
          [33mclass[39m=[32m"flex-1 flex items-center justify-center gap-2 px-4 py-2 text-sm font-medium rounded-md transition-colors text-gray-500 dark:text-gray-400 hover:text-gray-700 dark:hover:text-gray-300"[39m
        [36m>[39m
          [36m<svg[39m
            [33mclass[39m=[32m"tabler-icon tabler-icon-eye transition-colors duration-200  "[39m
            [33mfill[39m=[32m"none"[39m
            [33mheight[39m=[32m"16"[39m
            [33mstroke[39m=[32m"currentColor"[39m
            [33mstroke-linecap[39m=[32m"round"[39m
            [33mstroke-linejoin[39m=[32m"round"[39m
            [33mstroke-width[39m=[32m"2"[39m
            [33mviewBox[39m=[32m"0 0 24 24"[39m
            [33mwidth[39m=[32m"16"[39m
            [33mxmlns[39m=[32m"http://www.w3.org/2000/svg"[39m
          [36m>[39m
            [36m<path[39m
              [33md[39m=[32m"M10 12a2 2 0 1 0 4 0a2 2 0 0 0 -4 0"[39m
            [36m/>[39m
            [36m<path[39m
              [33md[39m=[32m"M21 12c-2.4 4 -5.4 6 -9 6c-3.6 0 -6.6 -2 -9 -6c2.4 -4 5.4 -6 9 -6c3.6 0 6.6 2 9 6"[39m
            [36m/>[39m
          [36m</svg>[39m
          [0mWatchlist[0m
        [36m</button>[39m
        [36m<button[39m
          [33mclass[39m=[32m"flex-1 flex items-center justify-center gap-2 px-4 py-2 text-sm font-medium rounded-md transition-colors text-gray-500 dark:text-gray-400 hover:text-gray-700 dark:hover:text-gray-300"[39m
        [36m>[39m
          [36m<svg[39m
            [33mclass[39m=[32m"tabler-icon tabler-icon-chart-line transition-colors duration-200  "[39m
            [33mfill[39m=[32m"none"[39m
            [33mheight[39m=[32m"16"[39m
            [33mstroke[39m=[32m"currentColor"[39m
            [33mstroke-linecap[39m=[32m"round"[39m
            [33mstroke-linejoin[39m=[32m"round"[39m
            [33mstroke-width[39m=[32m"2"[39m
            [33mviewBox[39m=[32m"0 0 24 24"[39m
            [33mwidth[39m=[32m"16"[39m
            [33mxmlns[39m=[32m"http://www.w3.org/2000/svg"[39m
          [36m>[39m
            [36m<path[39m
              [33md[39m=[32m"M4 19l16 0"[39m
            [36m/>[39m
            [36m<path[39m
              [33md[39m=[32m"M4 15l4 -6l4 2l4 -5l4 4"[39m
            [36m/>[39m
          [36m</svg>[39m
          [0mPortfolio[0m
        [36m</button>[39m
        [36m<button[39m
          [33mclass[39m=[32m"flex-1 flex items-center justify-center gap-2 px-4 py-2 text-sm font-medium rounded-md transition-colors text-gray-500 dark:text-gray-400 hover:text-gray-700 dark:hover:text-gray-300"[39m
        [36m>[39m
          [36m<svg[39m
            [33mclass[39m=[32m"tabler-icon tabler-icon-plus transition-colors duration-200  "[39m
            [33mfill[39m=[32m"none"[39m
            [33mheight[39m=[32m"16"[39m
            [33mstroke[39m=[32m"currentColor"[39m
            [33mstroke-linecap[39m=[32m"round"[39m
            [33mstroke-linejoin[39m=[32m"round"[39m...

Ignored nodes: comments, script, style
[36m<html[39m
  [33mclass[39m=[32m"theme-blue"[39m
[36m>[39m
  [36m<head />[39m
  [36m<body>[39m
    [36m<div>[39m
      [36m<div[39m
        [33mclass[39m=[32m"relative mb-6"[39m
      [36m>[39m
        [36m<div[39m
          [33mclass[39m=[32m"bg-secondary dark:bg-gray-700 rounded-2xl shadow p-4 relative "[39m
        [36m>[39m
          [36m<h1[39m
            [33mclass[39m=[32m"text-3xl font-bold text-white"[39m
          [36m>[39m
            [0mInvestments[0m
          [36m</h1>[39m
          [36m<div[39m
            [33mclass[39m=[32m"absolute right-4 top-1/2 -translate-y-1/2 z-10"[39m
          [36m>[39m
            [36m<div[39m
              [33mclass[39m=[32m"cursor-pointer"[39m
              [33mtitle[39m=[32m"Add Investment"[39m
            [36m>[39m
              [36m<svg[39m
                [33mclass[39m=[32m"transition-all duration-200 hover:scale-110 drop-shadow-lg hover:drop-shadow-xl"[39m
                [33mheight[39m=[32m"48"[39m
                [33mstyle[39m=[32m"filter: drop-shadow(0 4px 6px rgba(0, 0, 0, 0.1));"[39m
                [33mviewBox[39m=[32m"0 0 48 48"[39m
                [33mwidth[39m=[32m"48"[39m
                [33mxmlns[39m=[32m"http://www.w3.org/2000/svg"[39m
              [36m>[39m
                [36m<circle[39m
                  [33mclass[39m=[32m"transition-all duration-200"[39m
                  [33mcx[39m=[32m"24"[39m
                  [33mcy[39m=[32m"24"[39m
                  [33mfill[39m=[32m"#D9E1F2"[39m
                  [33mr[39m=[32m"24"[39m
                [36m/>[39m
                [36m<g[39m
                  [33mtransform[39m=[32m"translate(12, 12)"[39m
                [36m>[39m
                  [36m<path[39m
                    [33md[39m=[32m"M12 5v14M5 12h14"[39m
                    [33mstroke[39m=[32m"#1F2937"[39m
                    [33mstroke-linecap[39m=[32m"round"[39m
                    [33mstroke-linejoin[39m=[32m"round"[39m
                    [33mstroke-width[39m=[32m"2"[39m
                  [36m/>[39m
                [36m</g>[39m
              [36m</svg>[39m
            [36m</div>[39m
          [36m</div>[39m
        [36m</div>[39m
      [36m</div>[39m
      [36m<div[39m
        [33mclass[39m=[32m"relative pb-24 lg:pb-0"[39m
      [36m>[39m
        [36m<div[39m
          [33mclass[39m=[32m"flex space-x-1 bg-gray-100 dark:bg-gray-700 p-1 rounded-lg mb-6"[39m
        [36m>[39m
          [36m<button[39m
            [33mclass[39m=[32m"flex-1 flex items-center justify-center gap-2 px-4 py-2 text-sm font-medium rounded-md transition-colors bg-white dark:bg-gray-600 text-gray-900 dark:text-white shadow-sm"[39m
          [36m>[39m
            [36m<svg[39m
              [33mclass[39m=[32m"tabler-icon tabler-icon-chart-bar transition-colors duration-200  "[39m
              [33mfill[39m=[32m"none"[39m
              [33mheight[39m=[32m"16"[39m
              [33mstroke[39m=[32m"currentColor"[39m
              [33mstroke-linecap[39m=[32m"round"[39m
              [33mstroke-linejoin[39m=[32m"round"[39m
              [33mstroke-width[39m=[32m"2"[39m
              [33mviewBox[39m=[32m"0 0 24 24"[39m
              [33mwidth[39m=[32m"16"[39m
              [33mxmlns[39m=[32m"http://www.w3.org/2000/svg"[39m
            [36m>[39m
              [36m<path[39m
                [33md[39m=[32m"M3 13a1 1 0 0 1 1 -1h4a1 1 0 0 1 1 1v6a1 1 0 0 1 -1 1h-4a1 1 0 0 1 -1 -1z"[39m
              [36m/>[39m
              [36m<path[39m
                [33md[39m=[32m"M15 9a1 1 0 0 1 1 -1h4a1 1 0 0 1 1 1v10a1 1 0 0 1 -1 1h-4a1 1 0 0 1 -1 -1z"[39m
              [36m/>[39m
              [36m<path[39m
                [33md[39m=[32m"M9 5a1 1 0 0 1 1 -1h4a1 1 0 0 1 1 1v14a1 1 0 0 1 -1 1h-4a1 1 0 0 1 -1 -1z"[39m
              [36m/>[39m
              [36m<path[39m
                [33md[39m=[32m"M4 20h14"[39m
              [36m/>[39m
            [36m</svg>[39m
            [0mOverview[0m
          [36m</button>[39m
          [36m<button[39m
            [33mclass[39m=[32m"flex-1 flex items-center justify-center gap-2 px-4 py-2 text-sm font-medium rounded-md transition-colors text-gray-500 dark:text-gray-400 hover:text-gray-700 dark:hover:text-gray-300"[39m
          [36m>[39m
            [36m<svg[39m
              [33mclass[39m=[32m"tabler-icon tabler-icon-eye transition-colors duration-200  "[39m
              [33mfill[39m=[32m"none"[39m
              [33mheight[39m=[32m"16"[39m
              [33mstroke[39m=[32m"currentColor"[39m
              [33mstroke-linecap[39m=[32m"round"[39m
              [33mstroke-linejoin[39m=[32m"round"[39m
              [33mstroke-width[39m=[32m"2"[39m
              [33mviewBox[39m=[32m"0 0 24 24"[39m
              [33mwidth[39m=[32m"16"[39m
              [33mxmlns[39m=[32m"http://www.w3.org/2000/svg"[39m
            [36m>[39m
              [36m<path[39m
                [33md[39m=[32m"M10 12a2 2 0 1 0 4 0a2 2 0 0 0 -4 0"[39m
              [36m/>[39m
              [36m<path[39m
                [33md[39m=[32m"M21 12c-2.4 4 -5.4 6 -9 6c-3.6 0 -6.6 -2 -9 -6c2.4 -4 5.4 -6 9 -6c3.6 0 6.6 2 9 6"[39m
              [36m/>[39m
            [36m</svg>[39m
            [0mWatchlist[0m
          [36m</button>[39m
          [36m<button[39m
            [33mclass[39m=[32m"flex-1 flex items-center justify-center gap-2 px-4 py-2 text-sm font-medium rounded-md transition-colors text-gray-500 dark:text-gray-400 hover:text-gray-700 dark:hover:text-gray-300"[39m
          [36m>[39m
            [36m<svg[39m
              [33mclass[39m=[32m"tabler-icon tabler-icon-chart-line transition-colors duration-200  "[39m
              [33mfill[39m=[32m"none"[39m
              [33mheight[39m=[32m"16"[39m
              [33mstroke[39m=[32m"currentColor"[39m
              [33mstroke-linecap[39m=[32m"round"[39m
              [33mstroke-linejoin[39m=[32m"round"[39m
              [33mstroke-width[39m=[32m"2"[39m
              [33mviewBox[39m=[32m"0 0 24 24"[39m
              [33mwidth[39m=[32m"16"[39m
              [33mxmlns[39m=[32m"http://www.w3.org/2000/svg"[39m
            [36m>[39m
              [36m<path[39m
                [33md[39m=[32m"M4 19l16 0"[39m
              [36m/>[39m
              [36m<path[39m
                [33md[39m=[32m"M4 15l4 -6l4 2l4 -5l4 4"[39m
              [36m/>[39m
            [36m</svg>[39m
            [0mPortfolio[0m
          [36m</button>[39m
          [36m<button[39m
            [33mclass[39m=[32m"flex-1 flex items-center justify-center gap-2 px-4 py-2 text-sm font-medium rounded-md transition-colors text-gray-500 dark:text-gray-400 hover:text-gray-700 dark:hover:text-gray-300"[39m
          [36m>[39m
            ...
   ✓ Investment Portfolio Integration > Add Investment → Track Performance → Rebalance > should render investment page without errors 15ms
   × Investment Portfolio Integration > Add Investment → Track Performance → Rebalance > should display investment icon when no accounts 1010ms
     → Unable to find role="img"

Ignored nodes: comments, script, style
[36m<body>[39m
  [36m<div>[39m
    [36m<div[39m
      [33mclass[39m=[32m"relative mb-6"[39m
    [36m>[39m
      [36m<div[39m
        [33mclass[39m=[32m"bg-secondary dark:bg-gray-700 rounded-2xl shadow p-4 relative "[39m
      [36m>[39m
        [36m<h1[39m
          [33mclass[39m=[32m"text-3xl font-bold text-white"[39m
        [36m>[39m
          [0mInvestments[0m
        [36m</h1>[39m
        [36m<div[39m
          [33mclass[39m=[32m"absolute right-4 top-1/2 -translate-y-1/2 z-10"[39m
        [36m>[39m
          [36m<div[39m
            [33mclass[39m=[32m"cursor-pointer"[39m
            [33mtitle[39m=[32m"Add Investment"[39m
          [36m>[39m
            [36m<svg[39m
              [33mclass[39m=[32m"transition-all duration-200 hover:scale-110 drop-shadow-lg hover:drop-shadow-xl"[39m
              [33mheight[39m=[32m"48"[39m
              [33mstyle[39m=[32m"filter: drop-shadow(0 4px 6px rgba(0, 0, 0, 0.1));"[39m
              [33mviewBox[39m=[32m"0 0 48 48"[39m
              [33mwidth[39m=[32m"48"[39m
              [33mxmlns[39m=[32m"http://www.w3.org/2000/svg"[39m
            [36m>[39m
              [36m<circle[39m
                [33mclass[39m=[32m"transition-all duration-200"[39m
                [33mcx[39m=[32m"24"[39m
                [33mcy[39m=[32m"24"[39m
                [33mfill[39m=[32m"#D9E1F2"[39m
                [33mr[39m=[32m"24"[39m
              [36m/>[39m
              [36m<g[39m
                [33mtransform[39m=[32m"translate(12, 12)"[39m
              [36m>[39m
                [36m<path[39m
                  [33md[39m=[32m"M12 5v14M5 12h14"[39m
                  [33mstroke[39m=[32m"#1F2937"[39m
                  [33mstroke-linecap[39m=[32m"round"[39m
                  [33mstroke-linejoin[39m=[32m"round"[39m
                  [33mstroke-width[39m=[32m"2"[39m
                [36m/>[39m
              [36m</g>[39m
            [36m</svg>[39m
          [36m</div>[39m
        [36m</div>[39m
      [36m</div>[39m
    [36m</div>[39m
    [36m<div[39m
      [33mclass[39m=[32m"relative pb-24 lg:pb-0"[39m
    [36m>[39m
      [36m<div[39m
        [33mclass[39m=[32m"flex space-x-1 bg-gray-100 dark:bg-gray-700 p-1 rounded-lg mb-6"[39m
      [36m>[39m
        [36m<button[39m
          [33mclass[39m=[32m"flex-1 flex items-center justify-center gap-2 px-4 py-2 text-sm font-medium rounded-md transition-colors bg-white dark:bg-gray-600 text-gray-900 dark:text-white shadow-sm"[39m
        [36m>[39m
          [36m<svg[39m
            [33mclass[39m=[32m"tabler-icon tabler-icon-chart-bar transition-colors duration-200  "[39m
            [33mfill[39m=[32m"none"[39m
            [33mheight[39m=[32m"16"[39m
            [33mstroke[39m=[32m"currentColor"[39m
            [33mstroke-linecap[39m=[32m"round"[39m
            [33mstroke-linejoin[39m=[32m"round"[39m
            [33mstroke-width[39m=[32m"2"[39m
            [33mviewBox[39m=[32m"0 0 24 24"[39m
            [33mwidth[39m=[32m"16"[39m
            [33mxmlns[39m=[32m"http://www.w3.org/2000/svg"[39m
          [36m>[39m
            [36m<path[39m
              [33md[39m=[32m"M3 13a1 1 0 0 1 1 -1h4a1 1 0 0 1 1 1v6a1 1 0 0 1 -1 1h-4a1 1 0 0 1 -1 -1z"[39m
            [36m/>[39m
            [36m<path[39m
              [33md[39m=[32m"M15 9a1 1 0 0 1 1 -1h4a1 1 0 0 1 1 1v10a1 1 0 0 1 -1 1h-4a1 1 0 0 1 -1 -1z"[39m
            [36m/>[39m
            [36m<path[39m
              [33md[39m=[32m"M9 5a1 1 0 0 1 1 -1h4a1 1 0 0 1 1 1v14a1 1 0 0 1 -1 1h-4a1 1 0 0 1 -1 -1z"[39m
            [36m/>[39m
            [36m<path[39m
              [33md[39m=[32m"M4 20h14"[39m
            [36m/>[39m
          [36m</svg>[39m
          [0mOverview[0m
        [36m</button>[39m
        [36m<button[39m
          [33mclass[39m=[32m"flex-1 flex items-center justify-center gap-2 px-4 py-2 text-sm font-medium rounded-md transition-colors text-gray-500 dark:text-gray-400 hover:text-gray-700 dark:hover:text-gray-300"[39m
        [36m>[39m
          [36m<svg[39m
            [33mclass[39m=[32m"tabler-icon tabler-icon-eye transition-colors duration-200  "[39m
            [33mfill[39m=[32m"none"[39m
            [33mheight[39m=[32m"16"[39m
            [33mstroke[39m=[32m"currentColor"[39m
            [33mstroke-linecap[39m=[32m"round"[39m
            [33mstroke-linejoin[39m=[32m"round"[39m
            [33mstroke-width[39m=[32m"2"[39m
            [33mviewBox[39m=[32m"0 0 24 24"[39m
            [33mwidth[39m=[32m"16"[39m
            [33mxmlns[39m=[32m"http://www.w3.org/2000/svg"[39m
          [36m>[39m
            [36m<path[39m
              [33md[39m=[32m"M10 12a2 2 0 1 0 4 0a2 2 0 0 0 -4 0"[39m
            [36m/>[39m
            [36m<path[39m
              [33md[39m=[32m"M21 12c-2.4 4 -5.4 6 -9 6c-3.6 0 -6.6 -2 -9 -6c2.4 -4 5.4 -6 9 -6c3.6 0 6.6 2 9 6"[39m
            [36m/>[39m
          [36m</svg>[39m
          [0mWatchlist[0m
        [36m</button>[39m
        [36m<button[39m
          [33mclass[39m=[32m"flex-1 flex items-center justify-center gap-2 px-4 py-2 text-sm font-medium rounded-md transition-colors text-gray-500 dark:text-gray-400 hover:text-gray-700 dark:hover:text-gray-300"[39m
        [36m>[39m
          [36m<svg[39m
            [33mclass[39m=[32m"tabler-icon tabler-icon-chart-line transition-colors duration-200  "[39m
            [33mfill[39m=[32m"none"[39m
            [33mheight[39m=[32m"16"[39m
            [33mstroke[39m=[32m"currentColor"[39m
            [33mstroke-linecap[39m=[32m"round"[39m
            [33mstroke-linejoin[39m=[32m"round"[39m
            [33mstroke-width[39m=[32m"2"[39m
            [33mviewBox[39m=[32m"0 0 24 24"[39m
            [33mwidth[39m=[32m"16"[39m
            [33mxmlns[39m=[32m"http://www.w3.org/2000/svg"[39m
          [36m>[39m
            [36m<path[39m
              [33md[39m=[32m"M4 19l16 0"[39m
            [36m/>[39m
            [36m<path[39m
              [33md[39m=[32m"M4 15l4 -6l4 2l4 -5l4 4"[39m
            [36m/>[39m
          [36m</svg>[39m
          [0mPortfolio[0m
        [36m</button>[39m
        [36m<button[39m
          [33mclass[39m=[32m"flex-1 flex items-center justify-center gap-2 px-4 py-2 text-sm font-medium rounded-md transition-colors text-gray-500 dark:text-gray-400 hover:text-gray-700 dark:hover:text-gray-300"[39m
        [36m>[39m
          [36m<svg[39m
            [33mclass[39m=[32m"tabler-icon tabler-icon-plus transition-colors duration-200  "[39m
            [33mfill[39m=[32m"none"[39m
            [33mheight[39m=[32m"16"[39m
            [33mstroke[39m=[32m"currentColor"[39m
            [33mstroke-linecap[39m=[32m"round"[39m
            [33mstroke-linejoin[39m=[32m"round"[39m...

Ignored nodes: comments, script, style
[36m<html[39m
  [33mclass[39m=[32m"theme-blue"[39m
[36m>[39m
  [36m<head />[39m
  [36m<body>[39m
    [36m<div>[39m
      [36m<div[39m
        [33mclass[39m=[32m"relative mb-6"[39m
      [36m>[39m
        [36m<div[39m
          [33mclass[39m=[32m"bg-secondary dark:bg-gray-700 rounded-2xl shadow p-4 relative "[39m
        [36m>[39m
          [36m<h1[39m
            [33mclass[39m=[32m"text-3xl font-bold text-white"[39m
          [36m>[39m
            [0mInvestments[0m
          [36m</h1>[39m
          [36m<div[39m
            [33mclass[39m=[32m"absolute right-4 top-1/2 -translate-y-1/2 z-10"[39m
          [36m>[39m
            [36m<div[39m
              [33mclass[39m=[32m"cursor-pointer"[39m
              [33mtitle[39m=[32m"Add Investment"[39m
            [36m>[39m
              [36m<svg[39m
                [33mclass[39m=[32m"transition-all duration-200 hover:scale-110 drop-shadow-lg hover:drop-shadow-xl"[39m
                [33mheight[39m=[32m"48"[39m
                [33mstyle[39m=[32m"filter: drop-shadow(0 4px 6px rgba(0, 0, 0, 0.1));"[39m
                [33mviewBox[39m=[32m"0 0 48 48"[39m
                [33mwidth[39m=[32m"48"[39m
                [33mxmlns[39m=[32m"http://www.w3.org/2000/svg"[39m
              [36m>[39m
                [36m<circle[39m
                  [33mclass[39m=[32m"transition-all duration-200"[39m
                  [33mcx[39m=[32m"24"[39m
                  [33mcy[39m=[32m"24"[39m
                  [33mfill[39m=[32m"#D9E1F2"[39m
                  [33mr[39m=[32m"24"[39m
                [36m/>[39m
                [36m<g[39m
                  [33mtransform[39m=[32m"translate(12, 12)"[39m
                [36m>[39m
                  [36m<path[39m
                    [33md[39m=[32m"M12 5v14M5 12h14"[39m
                    [33mstroke[39m=[32m"#1F2937"[39m
                    [33mstroke-linecap[39m=[32m"round"[39m
                    [33mstroke-linejoin[39m=[32m"round"[39m
                    [33mstroke-width[39m=[32m"2"[39m
                  [36m/>[39m
                [36m</g>[39m
              [36m</svg>[39m
            [36m</div>[39m
          [36m</div>[39m
        [36m</div>[39m
      [36m</div>[39m
      [36m<div[39m
        [33mclass[39m=[32m"relative pb-24 lg:pb-0"[39m
      [36m>[39m
        [36m<div[39m
          [33mclass[39m=[32m"flex space-x-1 bg-gray-100 dark:bg-gray-700 p-1 rounded-lg mb-6"[39m
        [36m>[39m
          [36m<button[39m
            [33mclass[39m=[32m"flex-1 flex items-center justify-center gap-2 px-4 py-2 text-sm font-medium rounded-md transition-colors bg-white dark:bg-gray-600 text-gray-900 dark:text-white shadow-sm"[39m
          [36m>[39m
            [36m<svg[39m
              [33mclass[39m=[32m"tabler-icon tabler-icon-chart-bar transition-colors duration-200  "[39m
              [33mfill[39m=[32m"none"[39m
              [33mheight[39m=[32m"16"[39m
              [33mstroke[39m=[32m"currentColor"[39m
              [33mstroke-linecap[39m=[32m"round"[39m
              [33mstroke-linejoin[39m=[32m"round"[39m
              [33mstroke-width[39m=[32m"2"[39m
              [33mviewBox[39m=[32m"0 0 24 24"[39m
              [33mwidth[39m=[32m"16"[39m
              [33mxmlns[39m=[32m"http://www.w3.org/2000/svg"[39m
            [36m>[39m
              [36m<path[39m
                [33md[39m=[32m"M3 13a1 1 0 0 1 1 -1h4a1 1 0 0 1 1 1v6a1 1 0 0 1 -1 1h-4a1 1 0 0 1 -1 -1z"[39m
              [36m/>[39m
              [36m<path[39m
                [33md[39m=[32m"M15 9a1 1 0 0 1 1 -1h4a1 1 0 0 1 1 1v10a1 1 0 0 1 -1 1h-4a1 1 0 0 1 -1 -1z"[39m
              [36m/>[39m
              [36m<path[39m
                [33md[39m=[32m"M9 5a1 1 0 0 1 1 -1h4a1 1 0 0 1 1 1v14a1 1 0 0 1 -1 1h-4a1 1 0 0 1 -1 -1z"[39m
              [36m/>[39m
              [36m<path[39m
                [33md[39m=[32m"M4 20h14"[39m
              [36m/>[39m
            [36m</svg>[39m
            [0mOverview[0m
          [36m</button>[39m
          [36m<button[39m
            [33mclass[39m=[32m"flex-1 flex items-center justify-center gap-2 px-4 py-2 text-sm font-medium rounded-md transition-colors text-gray-500 dark:text-gray-400 hover:text-gray-700 dark:hover:text-gray-300"[39m
          [36m>[39m
            [36m<svg[39m
              [33mclass[39m=[32m"tabler-icon tabler-icon-eye transition-colors duration-200  "[39m
              [33mfill[39m=[32m"none"[39m
              [33mheight[39m=[32m"16"[39m
              [33mstroke[39m=[32m"currentColor"[39m
              [33mstroke-linecap[39m=[32m"round"[39m
              [33mstroke-linejoin[39m=[32m"round"[39m
              [33mstroke-width[39m=[32m"2"[39m
              [33mviewBox[39m=[32m"0 0 24 24"[39m
              [33mwidth[39m=[32m"16"[39m
              [33mxmlns[39m=[32m"http://www.w3.org/2000/svg"[39m
            [36m>[39m
              [36m<path[39m
                [33md[39m=[32m"M10 12a2 2 0 1 0 4 0a2 2 0 0 0 -4 0"[39m
              [36m/>[39m
              [36m<path[39m
                [33md[39m=[32m"M21 12c-2.4 4 -5.4 6 -9 6c-3.6 0 -6.6 -2 -9 -6c2.4 -4 5.4 -6 9 -6c3.6 0 6.6 2 9 6"[39m
              [36m/>[39m
            [36m</svg>[39m
            [0mWatchlist[0m
          [36m</button>[39m
          [36m<button[39m
            [33mclass[39m=[32m"flex-1 flex items-center justify-center gap-2 px-4 py-2 text-sm font-medium rounded-md transition-colors text-gray-500 dark:text-gray-400 hover:text-gray-700 dark:hover:text-gray-300"[39m
          [36m>[39m
            [36m<svg[39m
              [33mclass[39m=[32m"tabler-icon tabler-icon-chart-line transition-colors duration-200  "[39m
              [33mfill[39m=[32m"none"[39m
              [33mheight[39m=[32m"16"[39m
              [33mstroke[39m=[32m"currentColor"[39m
              [33mstroke-linecap[39m=[32m"round"[39m
              [33mstroke-linejoin[39m=[32m"round"[39m
              [33mstroke-width[39m=[32m"2"[39m
              [33mviewBox[39m=[32m"0 0 24 24"[39m
              [33mwidth[39m=[32m"16"[39m
              [33mxmlns[39m=[32m"http://www.w3.org/2000/svg"[39m
            [36m>[39m
              [36m<path[39m
                [33md[39m=[32m"M4 19l16 0"[39m
              [36m/>[39m
              [36m<path[39m
                [33md[39m=[32m"M4 15l4 -6l4 2l4 -5l4 4"[39m
              [36m/>[39m
            [36m</svg>[39m
            [0mPortfolio[0m
          [36m</button>[39m
          [36m<button[39m
            [33mclass[39m=[32m"flex-1 flex items-center justify-center gap-2 px-4 py-2 text-sm font-medium rounded-md transition-colors text-gray-500 dark:text-gray-400 hover:text-gray-700 dark:hover:text-gray-300"[39m
          [36m>[39m
            ...
